2013-06-07T16:38:34.542+0200: [GC [ParNew: 2702976K->337856K(3040832K), 0.9493630 secs] 2702976K->2493369K(30070848K), 0.9494490 secs] [Times: user=2.19 sys=9.85, real=0.95 secs] 
2013-06-07T16:38:36.268+0200: [GC [ParNew: 3040832K->337856K(3040832K), 1.0746860 secs] 5196345K->5135600K(30070848K), 1.0747450 secs] [Times: user=2.93 sys=10.92, real=1.07 secs] 
2013-06-07T16:38:38.095+0200: [GC [ParNew: 3040832K->337856K(3040832K), 1.0806180 secs] 7838576K->7831716K(30070848K), 1.0806710 secs] [Times: user=3.35 sys=10.63, real=1.08 secs] 
2013-06-07T16:38:39.829+0200: [GC [ParNew: 3040832K->337856K(3040832K), 1.0302250 secs] 10534692K->10553268K(30070848K), 1.0302720 secs] [Times: user=3.40 sys=9.93, real=1.03 secs] 
2013-06-07T16:38:41.582+0200: [GC [ParNew: 3040832K->337856K(3040832K), 1.0976000 secs] 13256244K->13273539K(30070848K), 1.0976460 secs] [Times: user=3.52 sys=10.68, real=1.10 secs] 
2013-06-07T16:38:43.391+0200: [GC [ParNew: 3040832K->337856K(3040832K), 1.4102010 secs] 15976515K->15984846K(30070848K), 1.4102480 secs] [Times: user=16.04 sys=2.25, real=1.41 secs] 
2013-06-07T16:38:45.463+0200: [GC [ParNew: 3040832K->337856K(3040832K), 1.1289930 secs] 18687822K->18717860K(30070848K), 1.1290420 secs] [Times: user=3.56 sys=11.05, real=1.14 secs] 
2013-06-07T16:38:47.314+0200: [GC [ParNew: 3040832K->337856K(3040832K), 1.1621660 secs] 21420836K->21430542K(30070848K), 1.1622120 secs] [Times: user=3.91 sys=11.12, real=1.16 secs] 
2013-06-07T16:39:00.810+0200: [GC [ParNew: 3040832K->337856K(3040832K), 1.5402520 secs] 24133518K->23507226K(30070848K), 1.5403430 secs] [Times: user=17.95 sys=2.00, real=1.54 secs] 
2013-06-07T16:39:14.379+0200: [GC [ParNew: 3040832K->147178K(3040832K), 0.0755900 secs] 26210202K->23316549K(30070848K), 0.0757470 secs] [Times: user=0.96 sys=0.00, real=0.08 secs] 
