2013-06-07T16:38:34.983+0200: [GC [ParNew: 2702976K->337856K(3040832K), 0.9207040 secs] 2702976K->2487427K(30070848K), 0.9207790 secs] [Times: user=2.17 sys=9.34, real=0.92 secs] 
2013-06-07T16:38:36.668+0200: [GC [ParNew: 3040832K->337856K(3040832K), 1.0588830 secs] 5190403K->5118172K(30070848K), 1.0589400 secs] [Times: user=2.71 sys=10.86, real=1.06 secs] 
2013-06-07T16:38:38.479+0200: [GC [ParNew: 3040832K->337856K(3040832K), 1.0335260 secs] 7821148K->7811918K(30070848K), 1.0335980 secs] [Times: user=3.47 sys=9.64, real=1.03 secs] 
2013-06-07T16:38:40.225+0200: [GC [ParNew: 3040832K->337856K(3040832K), 1.0106060 secs] 10514894K->10536064K(30070848K), 1.0106790 secs] [Times: user=3.18 sys=9.91, real=1.01 secs] 
2013-06-07T16:38:41.944+0200: [GC [ParNew: 3040832K->337856K(3040832K), 1.1016340 secs] 13239040K->13255918K(30070848K), 1.1017050 secs] [Times: user=3.60 sys=10.66, real=1.10 secs] 
2013-06-07T16:38:43.740+0200: [GC [ParNew: 3040832K->337856K(3040832K), 1.4814620 secs] 15958894K->15952818K(30070848K), 1.4815320 secs] [Times: user=16.48 sys=2.51, real=1.48 secs] 
2013-06-07T16:38:45.915+0200: [GC [ParNew: 3040832K->337856K(3040832K), 1.6717750 secs] 18655794K->18668928K(30070848K), 1.6718720 secs] [Times: user=4.24 sys=12.11, real=1.67 secs] 
2013-06-07T16:38:48.302+0200: [GC [ParNew: 3040832K->337856K(3040832K), 1.4792490 secs] 21371904K->21375751K(30070848K), 1.4793050 secs] [Times: user=4.73 sys=11.72, real=1.48 secs] 
2013-06-07T16:39:00.646+0200: [GC [ParNew: 3040832K->337856K(3040832K), 1.5849410 secs] 24078727K->23453707K(30070848K), 1.5850260 secs] [Times: user=18.31 sys=1.97, real=1.58 secs] 
2013-06-07T16:39:13.217+0200: [GC [ParNew: 3040832K->179724K(3040832K), 0.0855920 secs] 26156683K->23295576K(30070848K), 0.0857190 secs] [Times: user=1.08 sys=0.01, real=0.08 secs] 
