2013-06-07T16:38:34.079+0200: [GC [ParNew: 2702976K->337856K(3040832K), 0.9507200 secs] 2702976K->2484211K(30070848K), 0.9508000 secs] [Times: user=2.13 sys=9.96, real=0.95 secs] 
2013-06-07T16:38:35.807+0200: [GC [ParNew: 3040832K->337856K(3040832K), 1.0870090 secs] 5187187K->5125621K(30070848K), 1.0870570 secs] [Times: user=2.70 sys=11.33, real=1.09 secs] 
2013-06-07T16:38:37.660+0200: [GC [ParNew: 3040832K->337856K(3040832K), 1.1150310 secs] 7828597K->7821609K(30070848K), 1.1151070 secs] [Times: user=3.01 sys=11.15, real=1.12 secs] 
2013-06-07T16:38:39.501+0200: [GC [ParNew: 3040832K->337856K(3040832K), 1.0593200 secs] 10524585K->10552509K(30070848K), 1.0593990 secs] [Times: user=2.95 sys=10.75, real=1.06 secs] 
2013-06-07T16:38:41.283+0200: [GC [ParNew: 3040832K->337856K(3040832K), 1.1165500 secs] 13255485K->13266537K(30070848K), 1.1166240 secs] [Times: user=3.21 sys=11.24, real=1.11 secs] 
2013-06-07T16:38:43.125+0200: [GC [ParNew: 3040832K->337856K(3040832K), 1.5729190 secs] 15969513K->15988954K(30070848K), 1.5730030 secs] [Times: user=17.61 sys=2.55, real=1.57 secs] 
2013-06-07T16:38:45.414+0200: [GC [ParNew: 3040832K->337856K(3040832K), 1.2987860 secs] 18691930K->18692097K(30070848K), 1.2990160 secs] [Times: user=4.75 sys=10.66, real=1.30 secs] 
2013-06-07T16:38:47.450+0200: [GC [ParNew: 3040832K->337856K(3040832K), 1.6696840 secs] 21395073K->21380607K(30070848K), 1.6697770 secs] [Times: user=5.78 sys=11.05, real=1.67 secs] 
2013-06-07T16:39:00.713+0200: [GC [ParNew: 3040832K->337856K(3040832K), 1.5046380 secs] 24083583K->23493494K(30070848K), 1.5047570 secs] [Times: user=17.02 sys=2.37, real=1.50 secs] 
2013-06-07T16:39:13.806+0200: [GC [ParNew: 3040832K->194856K(3040832K), 0.0781580 secs] 26196470K->23350494K(30070848K), 0.0783110 secs] [Times: user=0.96 sys=0.03, real=0.08 secs] 
