2013-06-07T16:38:34.696+0200: [GC [ParNew: 2702976K->337856K(3040832K), 0.9372190 secs] 2702976K->2489392K(30070848K), 0.9377350 secs] [Times: user=2.41 sys=9.24, real=0.94 secs] 
2013-06-07T16:38:36.604+0200: [GC [ParNew: 3040832K->337856K(3040832K), 1.0800030 secs] 5192368K->5118829K(30070848K), 1.0800770 secs] [Times: user=2.86 sys=11.06, real=1.08 secs] 
2013-06-07T16:38:38.716+0200: [GC [ParNew: 3040832K->337856K(3040832K), 1.0860880 secs] 7821805K->7814336K(30070848K), 1.0861730 secs] [Times: user=3.51 sys=10.54, real=1.09 secs] 
2013-06-07T16:38:40.810+0200: [GC [ParNew: 3040832K->337856K(3040832K), 1.0180000 secs] 10517312K->10525611K(30070848K), 1.0180820 secs] [Times: user=3.40 sys=9.73, real=1.02 secs] 
2013-06-07T16:38:42.829+0200: [GC [ParNew: 3040832K->337856K(3040832K), 1.1736060 secs] 13228587K->13256415K(30070848K), 1.1737860 secs] [Times: user=4.28 sys=10.88, real=1.18 secs] 
2013-06-07T16:38:45.005+0200: [GC [ParNew: 3040832K->337856K(3040832K), 1.6747840 secs] 15959391K->15955108K(30070848K), 1.6748420 secs] [Times: user=18.75 sys=2.73, real=1.67 secs] 
2013-06-07T16:38:47.670+0200: [GC [ParNew: 3040832K->337856K(3040832K), 1.5109530 secs] 18658084K->18690235K(30070848K), 1.5111230 secs] [Times: user=4.34 sys=12.00, real=1.50 secs] 
2013-06-07T16:38:50.192+0200: [GC [ParNew: 3040832K->337856K(3040832K), 1.6683170 secs] 21393211K->21390111K(30070848K), 1.6684080 secs] [Times: user=4.61 sys=12.13, real=1.66 secs] 
2013-06-07T16:39:00.747+0200: [GC [ParNew: 3040832K->337856K(3040832K), 1.7648390 secs] 24093087K->23534052K(30070848K), 1.7648950 secs] [Times: user=20.84 sys=2.05, real=1.77 secs] 
2013-06-07T16:39:14.113+0200: [GC [ParNew: 3040832K->146856K(3040832K), 0.0763960 secs] 26237028K->23343052K(30070848K), 0.0765480 secs] [Times: user=0.94 sys=0.03, real=0.07 secs] 
