2013-06-07T16:38:34.307+0200: [GC [ParNew: 2702976K->337855K(3040832K), 0.9546130 secs] 2702976K->2484039K(30070848K), 0.9546860 secs] [Times: user=2.11 sys=10.03, real=0.96 secs] 
2013-06-07T16:38:36.029+0200: [GC [ParNew: 3040831K->337856K(3040832K), 1.0638650 secs] 5187015K->5116708K(30070848K), 1.0639270 secs] [Times: user=2.93 sys=10.79, real=1.07 secs] 
2013-06-07T16:38:37.838+0200: [GC [ParNew: 3040832K->337856K(3040832K), 1.0787260 secs] 7819684K->7808149K(30070848K), 1.0787710 secs] [Times: user=3.42 sys=10.34, real=1.08 secs] 
2013-06-07T16:38:39.607+0200: [GC [ParNew: 3040832K->337856K(3040832K), 1.0717200 secs] 10511125K->10568856K(30070848K), 1.0717650 secs] [Times: user=3.53 sys=10.32, real=1.08 secs] 
2013-06-07T16:38:41.384+0200: [GC [ParNew: 3040832K->337856K(3040832K), 1.1978650 secs] 13271832K->13273823K(30070848K), 1.1979200 secs] [Times: user=4.67 sys=10.82, real=1.20 secs] 
2013-06-07T16:38:43.294+0200: [GC [ParNew: 3040832K->337856K(3040832K), 1.7069530 secs] 15976799K->15992302K(30070848K), 1.7069980 secs] [Times: user=19.32 sys=2.71, real=1.71 secs] 
2013-06-07T16:38:45.714+0200: [GC [ParNew: 3040832K->337856K(3040832K), 1.5749390 secs] 18695278K->18710077K(30070848K), 1.5750130 secs] [Times: user=4.41 sys=11.63, real=1.57 secs] 
2013-06-07T16:38:47.964+0200: [GC [ParNew: 3040832K->337856K(3040832K), 1.5949630 secs] 21413053K->21430602K(30070848K), 1.5950180 secs] [Times: user=4.92 sys=11.03, real=1.60 secs] 
2013-06-07T16:39:00.595+0200: [GC [ParNew: 3040832K->337856K(3040832K), 1.8075280 secs] 24133578K->23517052K(30070848K), 1.8076060 secs] [Times: user=21.13 sys=2.26, real=1.81 secs] 
2013-06-07T16:39:13.021+0200: [GC [ParNew: 3040832K->147330K(3040832K), 0.0924790 secs] 26220028K->23326526K(30070848K), 0.0926240 secs] [Times: user=1.17 sys=0.01, real=0.09 secs] 
