2013-06-07T17:00:31.843+0200: [GC [ParNew: 2702976K->337855K(3040832K), 0.9176260 secs] 2702976K->2492303K(30070848K), 0.9176910 secs] [Times: user=2.34 sys=9.19, real=0.91 secs] 
2013-06-07T17:00:33.810+0200: [GC [ParNew: 3040831K->337856K(3040832K), 1.0646480 secs] 5195279K->5123278K(30070848K), 1.0647070 secs] [Times: user=2.65 sys=11.07, real=1.06 secs] 
2013-06-07T17:00:35.905+0200: [GC [ParNew: 3040832K->337856K(3040832K), 1.0516210 secs] 7826254K->7819169K(30070848K), 1.0516970 secs] [Times: user=3.28 sys=10.33, real=1.05 secs] 
2013-06-07T17:00:37.957+0200: [GC [ParNew: 3040832K->337856K(3040832K), 1.0148120 secs] 10522145K->10558105K(30070848K), 1.0148700 secs] [Times: user=3.34 sys=9.68, real=1.02 secs] 
2013-06-07T17:00:39.974+0200: [GC [ParNew: 3040832K->337856K(3040832K), 1.0887520 secs] 13261081K->13286508K(30070848K), 1.0888350 secs] [Times: user=3.49 sys=10.57, real=1.09 secs] 
2013-06-07T17:00:42.053+0200: [GC [ParNew: 3040832K->337856K(3040832K), 1.4014860 secs] 15989484K->15987954K(30070848K), 1.4015630 secs] [Times: user=15.76 sys=2.40, real=1.40 secs] 
2013-06-07T17:00:44.433+0200: [GC [ParNew: 3040832K->337856K(3040832K), 1.0988220 secs] 18690930K->18703808K(30070848K), 1.0988840 secs] [Times: user=2.94 sys=11.11, real=1.10 secs] 
2013-06-07T17:00:46.491+0200: [GC [ParNew: 3040832K->337856K(3040832K), 1.1616130 secs] 21406784K->21410119K(30070848K), 1.1616620 secs] [Times: user=4.12 sys=10.90, real=1.16 secs] 
2013-06-07T17:00:57.891+0200: [GC [ParNew: 3040832K->337856K(3040832K), 1.7332980 secs] 24113095K->23510871K(30070848K), 1.7334060 secs] [Times: user=20.45 sys=1.99, real=1.73 secs] 
2013-06-07T17:01:10.783+0200: [GC [ParNew: 3040832K->187462K(3040832K), 0.0809350 secs] 26213847K->23360478K(30070848K), 0.0810700 secs] [Times: user=1.02 sys=0.02, real=0.08 secs] 
