2013-06-07T17:00:31.533+0200: [GC [ParNew: 2702976K->337856K(3040832K), 0.9388060 secs] 2702976K->2484364K(30070848K), 0.9388870 secs] [Times: user=2.33 sys=9.28, real=0.94 secs] 
2013-06-07T17:00:33.217+0200: [GC [ParNew: 3040832K->337856K(3040832K), 1.0671680 secs] 5187340K->5122524K(30070848K), 1.0672480 secs] [Times: user=3.01 sys=10.78, real=1.07 secs] 
2013-06-07T17:00:35.029+0200: [GC [ParNew: 3040832K->337856K(3040832K), 1.0710780 secs] 7825500K->7815950K(30070848K), 1.0711500 secs] [Times: user=3.20 sys=10.67, real=1.07 secs] 
2013-06-07T17:00:36.804+0200: [GC [ParNew: 3040832K->337856K(3040832K), 1.0346250 secs] 10518926K->10543265K(30070848K), 1.0346810 secs] [Times: user=3.33 sys=10.07, real=1.04 secs] 
2013-06-07T17:00:38.514+0200: [GC [ParNew: 3040832K->337856K(3040832K), 1.1006300 secs] 13246241K->13262831K(30070848K), 1.1006850 secs] [Times: user=3.44 sys=10.70, real=1.10 secs] 
2013-06-07T17:00:40.316+0200: [GC [ParNew: 3040832K->337856K(3040832K), 1.2681060 secs] 15965807K->15954481K(30070848K), 1.2681780 secs] [Times: user=14.38 sys=2.07, real=1.27 secs] 
2013-06-07T17:00:42.267+0200: [GC [ParNew: 3040832K->337856K(3040832K), 1.0956210 secs] 18657457K->18693161K(30070848K), 1.0956910 secs] [Times: user=3.13 sys=11.05, real=1.09 secs] 
2013-06-07T17:00:44.036+0200: [GC [ParNew: 3040832K->337856K(3040832K), 1.1209580 secs] 21396137K->21383560K(30070848K), 1.1210210 secs] [Times: user=3.35 sys=11.08, real=1.12 secs] 
2013-06-07T17:00:59.327+0200: [GC [ParNew: 3040832K->337856K(3040832K), 1.4756730 secs] 24086536K->23528817K(30070848K), 1.4757540 secs] [Times: user=17.01 sys=1.94, real=1.47 secs] 
2013-06-07T17:01:11.031+0200: [GC [ParNew: 3040832K->154964K(3040832K), 0.0818870 secs] 26231793K->23345925K(30070848K), 0.0820220 secs] [Times: user=1.02 sys=0.02, real=0.08 secs] 
