2013-06-07T17:00:33.172+0200: [GC [ParNew: 2702976K->337855K(3040832K), 0.9330010 secs] 2702976K->2488872K(30070848K), 0.9330760 secs] [Times: user=2.02 sys=9.81, real=0.93 secs] 
2013-06-07T17:00:35.163+0200: [GC [ParNew: 3040831K->337856K(3040832K), 1.0368480 secs] 5191848K->5125923K(30070848K), 1.0369050 secs] [Times: user=2.72 sys=10.60, real=1.04 secs] 
2013-06-07T17:00:37.161+0200: [GC [ParNew: 3040832K->337856K(3040832K), 1.0596910 secs] 7828899K->7822070K(30070848K), 1.0597650 secs] [Times: user=3.45 sys=10.24, real=1.06 secs] 
2013-06-07T17:00:39.223+0200: [GC [ParNew: 3016667K->337856K(3040832K), 1.0202210 secs] 10500882K->10553323K(30070848K), 1.0202940 secs] [Times: user=3.06 sys=10.17, real=1.02 secs] 
2013-06-07T17:00:41.245+0200: [GC [ParNew: 3040832K->337856K(3040832K), 1.0675870 secs] 13256299K->13249006K(30070848K), 1.0676620 secs] [Times: user=3.65 sys=10.19, real=1.07 secs] 
2013-06-07T17:00:43.266+0200: [GC [ParNew: 3040832K->337856K(3040832K), 1.4701360 secs] 15951982K->15925480K(30070848K), 1.4702110 secs] [Times: user=16.94 sys=2.10, real=1.48 secs] 
2013-06-07T17:00:45.730+0200: [GC [ParNew: 3040832K->337856K(3040832K), 1.0324210 secs] 18628456K->18667682K(30070848K), 1.0325450 secs] [Times: user=2.98 sys=10.36, real=1.03 secs] 
2013-06-07T17:00:47.759+0200: [GC [ParNew: 3040832K->337856K(3040832K), 1.1061040 secs] 21370658K->21358370K(30070848K), 1.1061640 secs] [Times: user=3.39 sys=10.93, real=1.10 secs] 
2013-06-07T17:00:57.748+0200: [GC [ParNew: 3040832K->337856K(3040832K), 1.4016330 secs] 24061346K->23522854K(30070848K), 1.4017360 secs] [Times: user=16.11 sys=1.99, real=1.40 secs] 
2013-06-07T17:01:11.438+0200: [GC [ParNew: 3040832K->186694K(3040832K), 0.0769140 secs] 26225830K->23371692K(30070848K), 0.0770730 secs] [Times: user=0.94 sys=0.03, real=0.08 secs] 
