2013-06-07T17:00:32.471+0200: [GC [ParNew: 2702976K->337855K(3040832K), 0.9565130 secs] 2702976K->2484328K(30070848K), 0.9566090 secs] [Times: user=2.10 sys=10.09, real=0.96 secs] 
2013-06-07T17:00:34.204+0200: [GC [ParNew: 3040831K->337856K(3040832K), 1.0709250 secs] 5187304K->5115064K(30070848K), 1.0709960 secs] [Times: user=2.99 sys=10.84, real=1.07 secs] 
2013-06-07T17:00:35.979+0200: [GC [ParNew: 3040832K->337856K(3040832K), 1.0843730 secs] 7818040K->7804136K(30070848K), 1.0844430 secs] [Times: user=3.52 sys=10.53, real=1.09 secs] 
2013-06-07T17:00:37.778+0200: [GC [ParNew: 3040832K->337856K(3040832K), 1.0609360 secs] 10507112K->10546786K(30070848K), 1.0610070 secs] [Times: user=3.29 sys=10.43, real=1.06 secs] 
2013-06-07T17:00:39.563+0200: [GC [ParNew: 3040832K->337856K(3040832K), 1.1091310 secs] 13249762K->13277302K(30070848K), 1.1091980 secs] [Times: user=3.69 sys=10.68, real=1.10 secs] 
2013-06-07T17:00:41.387+0200: [GC [ParNew: 3040832K->337856K(3040832K), 1.4617310 secs] 15980278K->15973049K(30070848K), 1.4618020 secs] [Times: user=16.21 sys=2.76, real=1.46 secs] 
2013-06-07T17:00:43.553+0200: [GC [ParNew: 3040832K->337856K(3040832K), 1.0803710 secs] 18676025K->18686662K(30070848K), 1.0804400 secs] [Times: user=2.98 sys=11.01, real=1.08 secs] 
2013-06-07T17:00:45.307+0200: [GC [ParNew: 3040832K->337856K(3040832K), 1.1259220 secs] 21389638K->21375428K(30070848K), 1.1259940 secs] [Times: user=3.42 sys=11.17, real=1.12 secs] 
2013-06-07T17:00:57.860+0200: [GC [ParNew: 3040832K->337856K(3040832K), 1.3507060 secs] 24078404K->23530127K(30070848K), 1.3508100 secs] [Times: user=15.71 sys=1.79, real=1.36 secs] 
2013-06-07T17:01:13.356+0200: [GC [ParNew: 3040832K->187140K(3040832K), 0.0791900 secs] 26233103K->23379411K(30070848K), 0.0793370 secs] [Times: user=0.96 sys=0.05, real=0.08 secs] 
