2013-06-07T17:00:33.148+0200: [GC [ParNew: 2702976K->337856K(3040832K), 0.9310950 secs] 2702976K->2490007K(30070848K), 0.9311650 secs] [Times: user=2.04 sys=9.78, real=0.93 secs] 
2013-06-07T17:00:34.814+0200: [GC [ParNew: 3040832K->337856K(3040832K), 1.0556250 secs] 5192983K->5132973K(30070848K), 1.0556710 secs] [Times: user=2.76 sys=10.88, real=1.06 secs] 
2013-06-07T17:00:36.609+0200: [GC [ParNew: 3040832K->337856K(3040832K), 1.0637590 secs] 7835949K->7828960K(30070848K), 1.0638040 secs] [Times: user=3.08 sys=10.70, real=1.06 secs] 
2013-06-07T17:00:38.387+0200: [GC [ParNew: 3040832K->337856K(3040832K), 1.0427590 secs] 10531936K->10577085K(30070848K), 1.0428220 secs] [Times: user=3.22 sys=10.28, real=1.04 secs] 
2013-06-07T17:00:40.141+0200: [GC [ParNew: 3040832K->337856K(3040832K), 1.0779490 secs] 13280061K->13294891K(30070848K), 1.0780190 secs] [Times: user=3.45 sys=10.50, real=1.08 secs] 
2013-06-07T17:00:41.872+0200: [GC [ParNew: 3040832K->337856K(3040832K), 1.4265780 secs] 15997867K->15998674K(30070848K), 1.4266490 secs] [Times: user=16.35 sys=2.17, real=1.43 secs] 
2013-06-07T17:00:44.013+0200: [GC [ParNew: 3040832K->337856K(3040832K), 1.0886010 secs] 18701650K->18737547K(30070848K), 1.0886540 secs] [Times: user=3.01 sys=11.10, real=1.09 secs] 
2013-06-07T17:00:45.805+0200: [GC [ParNew: 3040832K->337856K(3040832K), 1.1160700 secs] 21440523K->21408256K(30070848K), 1.1161420 secs] [Times: user=3.26 sys=11.20, real=1.11 secs] 
2013-06-07T17:00:57.935+0200: [GC [ParNew: 3040832K->337856K(3040832K), 1.3944700 secs] 24111232K->23500456K(30070848K), 1.3945600 secs] [Times: user=16.22 sys=1.84, real=1.40 secs] 
2013-06-07T17:01:11.311+0200: [GC [ParNew: 3040832K->187554K(3040832K), 0.0767110 secs] 26203432K->23350154K(30070848K), 0.0768720 secs] [Times: user=0.98 sys=0.00, real=0.08 secs] 
