2013-06-07T17:00:32.008+0200: [GC [ParNew: 2702976K->337856K(3040832K), 0.9226330 secs] 2702976K->2482298K(30070848K), 0.9227210 secs] [Times: user=2.17 sys=9.45, real=0.93 secs] 
2013-06-07T17:00:33.697+0200: [GC [ParNew: 3040832K->337856K(3040832K), 1.0617850 secs] 5185274K->5110710K(30070848K), 1.0618440 secs] [Times: user=2.90 sys=10.54, real=1.06 secs] 
2013-06-07T17:00:35.470+0200: [GC [ParNew: 3040832K->337856K(3040832K), 1.0613070 secs] 7813686K->7806634K(30070848K), 1.0613830 secs] [Times: user=3.19 sys=10.55, real=1.06 secs] 
2013-06-07T17:00:37.257+0200: [GC [ParNew: 3040832K->337856K(3040832K), 1.0456350 secs] 10509610K->10552134K(30070848K), 1.0457050 secs] [Times: user=3.32 sys=10.21, real=1.05 secs] 
2013-06-07T17:00:39.031+0200: [GC [ParNew: 3040832K->337856K(3040832K), 1.0692890 secs] 13255110K->13272180K(30070848K), 1.0693460 secs] [Times: user=3.66 sys=9.91, real=1.07 secs] 
2013-06-07T17:00:40.775+0200: [GC [ParNew: 3040832K->337856K(3040832K), 1.5201520 secs] 15975156K->15964438K(30070848K), 1.5202110 secs] [Times: user=17.56 sys=2.14, real=1.52 secs] 
2013-06-07T17:00:43.009+0200: [GC [ParNew: 3040832K->337856K(3040832K), 1.0800370 secs] 18667414K->18674497K(30070848K), 1.0800860 secs] [Times: user=3.01 sys=10.96, real=1.08 secs] 
2013-06-07T17:00:44.802+0200: [GC [ParNew: 3040832K->337856K(3040832K), 1.1688120 secs] 21377473K->21372611K(30070848K), 1.1688930 secs] [Times: user=4.33 sys=10.44, real=1.17 secs] 
2013-06-07T17:00:57.845+0200: [GC [ParNew: 3040832K->337856K(3040832K), 1.5467940 secs] 24075587K->23515497K(30070848K), 1.5468870 secs] [Times: user=17.96 sys=2.06, real=1.55 secs] 
2013-06-07T17:01:13.004+0200: [GC [ParNew: 3040832K->179038K(3040832K), 0.0819320 secs] 26218473K->23356679K(30070848K), 0.0820950 secs] [Times: user=1.01 sys=0.02, real=0.09 secs] 
