2013-06-07T17:00:31.735+0200: [GC [ParNew: 2702976K->337855K(3040832K), 0.9371860 secs] 2702976K->2487377K(30070848K), 0.9372720 secs] [Times: user=2.26 sys=9.52, real=0.93 secs] 
2013-06-07T17:00:33.457+0200: [GC [ParNew: 3040831K->337856K(3040832K), 1.0692370 secs] 5190353K->5128973K(30070848K), 1.0692860 secs] [Times: user=2.66 sys=11.16, real=1.07 secs] 
2013-06-07T17:00:35.267+0200: [GC [ParNew: 3040832K->337856K(3040832K), 1.0737710 secs] 7831949K->7824992K(30070848K), 1.0738170 secs] [Times: user=3.32 sys=10.58, real=1.08 secs] 
2013-06-07T17:00:37.055+0200: [GC [ParNew: 3040832K->337856K(3040832K), 1.0366430 secs] 10527968K->10537676K(30070848K), 1.0366910 secs] [Times: user=3.26 sys=10.15, real=1.03 secs] 
2013-06-07T17:00:38.817+0200: [GC [ParNew: 3040832K->337856K(3040832K), 1.0868510 secs] 13240652K->13268704K(30070848K), 1.0869050 secs] [Times: user=3.34 sys=10.73, real=1.09 secs] 
2013-06-07T17:00:40.627+0200: [GC [ParNew: 3040832K->337856K(3040832K), 1.4259410 secs] 15971680K->15965604K(30070848K), 1.4259870 secs] [Times: user=16.00 sys=2.49, real=1.43 secs] 
2013-06-07T17:00:42.768+0200: [GC [ParNew: 3040832K->337856K(3040832K), 1.0896820 secs] 18668580K->18734443K(30070848K), 1.0897400 secs] [Times: user=3.11 sys=10.98, real=1.09 secs] 
2013-06-07T17:00:44.561+0200: [GC [ParNew: 3040832K->337856K(3040832K), 1.1534760 secs] 21437419K->21418919K(30070848K), 1.1535220 secs] [Times: user=4.19 sys=10.73, real=1.15 secs] 
2013-06-07T17:00:57.855+0200: [GC [ParNew: 3040832K->337856K(3040832K), 1.5223850 secs] 24121895K->23498125K(30070848K), 1.5224800 secs] [Times: user=17.73 sys=1.99, real=1.52 secs] 
2013-06-07T17:01:14.032+0200: [GC [ParNew: 3040832K->187626K(3040832K), 0.0828810 secs] 26201101K->23347896K(30070848K), 0.0830420 secs] [Times: user=1.04 sys=0.01, real=0.08 secs] 
