2013-06-07T17:00:32.224+0200: [GC [ParNew: 2702976K->337855K(3040832K), 0.9397670 secs] 2702976K->2493429K(30070848K), 0.9398680 secs] [Times: user=2.16 sys=9.41, real=0.94 secs] 
2013-06-07T17:00:33.927+0200: [GC [ParNew: 3040831K->337856K(3040832K), 1.0656890 secs] 5196405K->5130132K(30070848K), 1.0657640 secs] [Times: user=3.07 sys=10.68, real=1.06 secs] 
2013-06-07T17:00:35.745+0200: [GC [ParNew: 3040832K->337856K(3040832K), 1.0681240 secs] 7833108K->7824446K(30070848K), 1.0681960 secs] [Times: user=3.15 sys=10.68, real=1.06 secs] 
2013-06-07T17:00:37.525+0200: [GC [ParNew: 3040832K->337856K(3040832K), 1.0490620 secs] 10527422K->10553618K(30070848K), 1.0491130 secs] [Times: user=3.32 sys=10.01, real=1.04 secs] 
2013-06-07T17:00:39.298+0200: [GC [ParNew: 3040832K->337856K(3040832K), 1.0830260 secs] 13256594K->13281381K(30070848K), 1.0830930 secs] [Times: user=3.65 sys=10.38, real=1.08 secs] 
2013-06-07T17:00:41.102+0200: [GC [ParNew: 3040832K->337856K(3040832K), 1.6319330 secs] 15984357K->15991663K(30070848K), 1.6320000 secs] [Times: user=18.56 sys=2.63, real=1.64 secs] 
2013-06-07T17:00:43.458+0200: [GC [ParNew: 3040832K->337856K(3040832K), 1.0605580 secs] 18694639K->18733802K(30070848K), 1.0606260 secs] [Times: user=3.01 sys=10.35, real=1.06 secs] 
2013-06-07T17:00:45.231+0200: [GC [ParNew: 3040832K->337856K(3040832K), 1.1546080 secs] 21436778K->21435854K(30070848K), 1.1546770 secs] [Times: user=4.13 sys=10.82, real=1.16 secs] 
2013-06-07T17:00:57.951+0200: [GC [ParNew: 3040832K->337856K(3040832K), 1.5298520 secs] 24138830K->23513401K(30070848K), 1.5299590 secs] [Times: user=17.84 sys=1.99, real=1.53 secs] 
2013-06-07T17:01:12.929+0200: [GC [ParNew: 3040832K->181401K(3040832K), 0.0764890 secs] 26216377K->23356946K(30070848K), 0.0766450 secs] [Times: user=0.97 sys=0.00, real=0.08 secs] 
