2013-06-07T17:00:32.913+0200: [GC [ParNew: 2702976K->337856K(3040832K), 0.9391260 secs] 2702976K->2490075K(30070848K), 0.9392030 secs] [Times: user=2.04 sys=9.87, real=0.94 secs] 
2013-06-07T17:00:34.616+0200: [GC [ParNew: 3040832K->337856K(3040832K), 1.0497700 secs] 5193051K->5124984K(30070848K), 1.0498170 secs] [Times: user=2.79 sys=10.77, real=1.04 secs] 
2013-06-07T17:00:36.421+0200: [GC [ParNew: 3040832K->337856K(3040832K), 1.0575800 secs] 7827960K->7819659K(30070848K), 1.0576270 secs] [Times: user=3.36 sys=10.34, real=1.06 secs] 
2013-06-07T17:00:38.212+0200: [GC [ParNew: 3040832K->337856K(3040832K), 1.0299540 secs] 10522635K->10547134K(30070848K), 1.0300280 secs] [Times: user=3.46 sys=9.83, real=1.03 secs] 
2013-06-07T17:00:39.965+0200: [GC [ParNew: 3040832K->337856K(3040832K), 1.0785550 secs] 13250110K->13254374K(30070848K), 1.0786280 secs] [Times: user=3.52 sys=10.44, real=1.08 secs] 
2013-06-07T17:00:41.757+0200: [GC [ParNew: 3040832K->337856K(3040832K), 1.5468020 secs] 15957350K->15953324K(30070848K), 1.5468760 secs] [Times: user=17.89 sys=2.19, real=1.54 secs] 
2013-06-07T17:00:44.029+0200: [GC [ParNew: 3040832K->337856K(3040832K), 1.0869930 secs] 18656300K->18695366K(30070848K), 1.0870760 secs] [Times: user=2.96 sys=11.00, real=1.09 secs] 
2013-06-07T17:00:45.840+0200: [GC [ParNew: 3040832K->337856K(3040832K), 1.1664480 secs] 21398342K->21422679K(30070848K), 1.1665240 secs] [Times: user=3.87 sys=11.24, real=1.16 secs] 
2013-06-07T17:00:58.450+0200: [GC [ParNew: 3040832K->337856K(3040832K), 1.4956550 secs] 24125655K->23481976K(30070848K), 1.4957610 secs] [Times: user=17.45 sys=1.93, real=1.50 secs] 
2013-06-07T17:01:13.950+0200: [GC [ParNew: 3040832K->179737K(3040832K), 0.0784440 secs] 26184952K->23323857K(30070848K), 0.0785980 secs] [Times: user=0.99 sys=0.01, real=0.08 secs] 
