2013-06-07T17:00:33.408+0200: [GC [ParNew: 2702976K->337855K(3040832K), 0.9277600 secs] 2702976K->2488562K(30070848K), 0.9278310 secs] [Times: user=2.04 sys=9.48, real=0.92 secs] 
2013-06-07T17:00:35.070+0200: [GC [ParNew: 3040831K->337856K(3040832K), 1.0537060 secs] 5191538K->5131880K(30070848K), 1.0537630 secs] [Times: user=2.74 sys=10.85, real=1.05 secs] 
2013-06-07T17:00:36.862+0200: [GC [ParNew: 3040832K->337856K(3040832K), 1.0582960 secs] 7834856K->7827868K(30070848K), 1.0583500 secs] [Times: user=3.23 sys=10.48, real=1.06 secs] 
2013-06-07T17:00:38.622+0200: [GC [ParNew: 3040832K->337856K(3040832K), 0.9987450 secs] 10530844K->10554318K(30070848K), 0.9988020 secs] [Times: user=3.12 sys=9.54, real=1.00 secs] 
2013-06-07T17:00:40.547+0200: [GC [ParNew: 3040832K->337856K(3040832K), 1.0830920 secs] 13257294K->13277342K(30070848K), 1.0831390 secs] [Times: user=3.45 sys=10.57, real=1.08 secs] 
2013-06-07T17:00:42.588+0200: [GC [ParNew: 3040832K->337856K(3040832K), 1.4559580 secs] 15980318K->15986344K(30070848K), 1.4560000 secs] [Times: user=16.74 sys=2.16, real=1.45 secs] 
2013-06-07T17:00:44.941+0200: [GC [ParNew: 3040832K->337856K(3040832K), 1.1236370 secs] 18689320K->18730596K(30070848K), 1.1237070 secs] [Times: user=3.32 sys=11.19, real=1.12 secs] 
2013-06-07T17:00:46.768+0200: [GC [ParNew: 3040832K->337856K(3040832K), 1.1500540 secs] 21433572K->21421507K(30070848K), 1.1501230 secs] [Times: user=3.65 sys=11.25, real=1.15 secs] 
2013-06-07T17:00:57.820+0200: [GC [ParNew: 3040832K->337856K(3040832K), 1.2986840 secs] 24124483K->23496362K(30070848K), 1.2987670 secs] [Times: user=14.85 sys=1.99, real=1.30 secs] 
2013-06-07T17:01:10.366+0200: [GC [ParNew: 3040832K->179311K(3040832K), 0.0784530 secs] 26199338K->23337817K(30070848K), 0.0786190 secs] [Times: user=0.98 sys=0.02, real=0.08 secs] 
