2013-06-07T17:27:43.732+0200: [GC [ParNew: 2702976K->337856K(3040832K), 0.9213100 secs] 2702976K->2485895K(30070848K), 0.9213860 secs] [Times: user=1.99 sys=9.68, real=0.92 secs] 
2013-06-07T17:27:45.388+0200: [GC [ParNew: 3040832K->337856K(3040832K), 1.0535500 secs] 5188871K->5119075K(30070848K), 1.0535980 secs] [Times: user=2.63 sys=10.98, real=1.05 secs] 
2013-06-07T17:27:47.176+0200: [GC [ParNew: 3040832K->337856K(3040832K), 1.0684060 secs] 7822051K->7810676K(30070848K), 1.0684800 secs] [Times: user=3.17 sys=10.66, real=1.07 secs] 
2013-06-07T17:27:48.948+0200: [GC [ParNew: 3040832K->337856K(3040832K), 1.0048880 secs] 10513652K->10550861K(30070848K), 1.0049620 secs] [Times: user=3.11 sys=9.90, real=1.00 secs] 
2013-06-07T17:27:50.664+0200: [GC [ParNew: 3040832K->337856K(3040832K), 1.0959030 secs] 13253837K->13266682K(30070848K), 1.0959750 secs] [Times: user=2.92 sys=11.28, real=1.09 secs] 
2013-06-07T17:27:52.454+0200: [GC [ParNew: 3040832K->337856K(3040832K), 1.5023150 secs] 15969658K->15994285K(30070848K), 1.5023870 secs] [Times: user=17.06 sys=2.43, real=1.51 secs] 
2013-06-07T17:27:54.650+0200: [GC [ParNew: 3040832K->337856K(3040832K), 1.1243460 secs] 18697261K->18707449K(30070848K), 1.1244010 secs] [Times: user=3.92 sys=10.63, real=1.13 secs] 
2013-06-07T17:27:56.480+0200: [GC [ParNew: 3040832K->337856K(3040832K), 1.8335760 secs] 21410425K->21423236K(30070848K), 1.8336610 secs] [Times: user=5.08 sys=11.92, real=1.83 secs] 
2013-06-07T17:28:09.844+0200: [GC [ParNew: 3040832K->337856K(3040832K), 1.6777290 secs] 24126212K->23516644K(30070848K), 1.6778210 secs] [Times: user=19.25 sys=2.40, real=1.68 secs] 
2013-06-07T17:28:24.903+0200: [GC [ParNew: 3040832K->189036K(3040832K), 0.0782330 secs] 26219620K->23367824K(30070848K), 0.0783880 secs] [Times: user=0.97 sys=0.02, real=0.07 secs] 
