2013-06-07T17:27:41.017+0200: [GC [ParNew: 2702976K->337855K(3040832K), 0.9234480 secs] 2702976K->2491026K(30070848K), 0.9235210 secs] [Times: user=1.99 sys=9.48, real=0.92 secs] 
2013-06-07T17:27:42.654+0200: [GC [ParNew: 3040831K->337856K(3040832K), 1.0527910 secs] 5194002K->5125899K(30070848K), 1.0528500 secs] [Times: user=2.80 sys=10.79, real=1.06 secs] 
2013-06-07T17:27:44.471+0200: [GC [ParNew: 3040832K->337856K(3040832K), 1.0607640 secs] 7828875K->7822206K(30070848K), 1.0608180 secs] [Times: user=3.17 sys=10.57, real=1.06 secs] 
2013-06-07T17:27:46.212+0200: [GC [ParNew: 3040832K->337856K(3040832K), 1.0274290 secs] 10525182K->10551923K(30070848K), 1.0274950 secs] [Times: user=3.34 sys=9.84, real=1.03 secs] 
2013-06-07T17:27:47.960+0200: [GC [ParNew: 3040832K->337856K(3040832K), 1.0708140 secs] 13254899K->13281190K(30070848K), 1.0708870 secs] [Times: user=3.58 sys=10.29, real=1.07 secs] 
2013-06-07T17:27:49.755+0200: [GC [ParNew: 3040832K->337856K(3040832K), 1.3257560 secs] 15984166K->16024224K(30070848K), 1.3258290 secs] [Times: user=15.18 sys=2.00, real=1.32 secs] 
2013-06-07T17:27:51.795+0200: [GC [ParNew: 3040832K->337856K(3040832K), 1.0214360 secs] 18727200K->18701467K(30070848K), 1.0214910 secs] [Times: user=3.06 sys=10.05, real=1.02 secs] 
2013-06-07T17:27:53.519+0200: [GC [ParNew: 3040832K->337856K(3040832K), 1.1213610 secs] 21404443K->21419912K(30070848K), 1.1214080 secs] [Times: user=3.44 sys=11.08, real=1.12 secs] 
2013-06-07T17:28:09.611+0200: [GC [ParNew: 3040832K->337856K(3040832K), 1.4694960 secs] 24122888K->23503539K(30070848K), 1.4695680 secs] [Times: user=17.22 sys=1.82, real=1.47 secs] 
2013-06-07T17:28:25.093+0200: [GC [ParNew: 3040832K->169012K(3040832K), 0.0781520 secs] 26206515K->23334695K(30070848K), 0.0783130 secs] [Times: user=0.96 sys=0.03, real=0.08 secs] 
