2013-06-07T17:27:41.447+0200: [GC [ParNew: 2702976K->337856K(3040832K), 0.9386320 secs] 2702976K->2483180K(30070848K), 0.9387300 secs] [Times: user=2.19 sys=9.70, real=0.94 secs] 
2013-06-07T17:27:43.141+0200: [GC [ParNew: 3040832K->337856K(3040832K), 1.0574020 secs] 5186156K->5125084K(30070848K), 1.0574780 secs] [Times: user=2.74 sys=10.93, real=1.06 secs] 
2013-06-07T17:27:44.951+0200: [GC [ParNew: 3040832K->337856K(3040832K), 1.0677940 secs] 7828060K->7820687K(30070848K), 1.0678640 secs] [Times: user=3.45 sys=10.38, real=1.07 secs] 
2013-06-07T17:27:46.742+0200: [GC [ParNew: 3040832K->337856K(3040832K), 1.0281480 secs] 10523663K->10559143K(30070848K), 1.0282190 secs] [Times: user=3.32 sys=9.98, real=1.03 secs] 
2013-06-07T17:27:48.443+0200: [GC [ParNew: 3040832K->337856K(3040832K), 1.0885690 secs] 13262119K->13278838K(30070848K), 1.0887030 secs] [Times: user=3.39 sys=10.70, real=1.10 secs] 
2013-06-07T17:27:50.216+0200: [GC [ParNew: 3040832K->337856K(3040832K), 1.5049720 secs] 15981814K->15988320K(30070848K), 1.5050420 secs] [Times: user=16.92 sys=2.61, real=1.50 secs] 
2013-06-07T17:27:52.436+0200: [GC [ParNew: 3040832K->337856K(3040832K), 1.0621060 secs] 18691296K->18706094K(30070848K), 1.0621770 secs] [Times: user=2.97 sys=10.79, real=1.06 secs] 
2013-06-07T17:27:54.169+0200: [GC [ParNew: 3040832K->337856K(3040832K), 1.1004120 secs] 21409070K->21409428K(30070848K), 1.1004830 secs] [Times: user=3.13 sys=11.12, real=1.10 secs] 
2013-06-07T17:28:09.740+0200: [GC [ParNew: 3040832K->337856K(3040832K), 1.2640580 secs] 24112404K->23515175K(30070848K), 1.2641200 secs] [Times: user=14.64 sys=1.74, real=1.26 secs] 
2013-06-07T17:28:24.943+0200: [GC [ParNew: 3040832K->162232K(3040832K), 0.0767810 secs] 26218151K->23339551K(30070848K), 0.0769200 secs] [Times: user=0.96 sys=0.02, real=0.08 secs] 
