2013-06-07T17:27:41.962+0200: [GC [ParNew: 2702976K->337856K(3040832K), 0.8588620 secs] 2702976K->2485198K(30070848K), 0.8589370 secs] [Times: user=2.17 sys=8.10, real=0.86 secs] 
2013-06-07T17:27:43.607+0200: [GC [ParNew: 3040832K->337856K(3040832K), 1.0576350 secs] 5188174K->5122327K(30070848K), 1.0576940 secs] [Times: user=2.78 sys=10.82, real=1.05 secs] 
2013-06-07T17:27:45.417+0200: [GC [ParNew: 3040832K->337856K(3040832K), 1.0630380 secs] 7825303K->7816297K(30070848K), 1.0630860 secs] [Times: user=3.18 sys=10.59, real=1.06 secs] 
2013-06-07T17:27:47.200+0200: [GC [ParNew: 3040832K->337856K(3040832K), 1.0441150 secs] 10519273K->10545149K(30070848K), 1.0441610 secs] [Times: user=3.17 sys=10.34, real=1.04 secs] 
2013-06-07T17:27:48.971+0200: [GC [ParNew: 3040832K->337856K(3040832K), 1.0677590 secs] 13248125K->13265868K(30070848K), 1.0678330 secs] [Times: user=3.56 sys=10.19, real=1.07 secs] 
2013-06-07T17:27:50.751+0200: [GC [ParNew: 3040832K->337856K(3040832K), 1.2944670 secs] 15968844K->15949770K(30070848K), 1.2945410 secs] [Times: user=14.72 sys=2.09, real=1.29 secs] 
2013-06-07T17:27:52.749+0200: [GC [ParNew: 3040832K->337856K(3040832K), 1.0891060 secs] 18652746K->18700745K(30070848K), 1.0891810 secs] [Times: user=3.04 sys=11.06, real=1.09 secs] 
2013-06-07T17:27:54.552+0200: [GC [ParNew: 3040832K->337856K(3040832K), 1.1842480 secs] 21403721K->21387334K(30070848K), 1.1843240 secs] [Times: user=4.63 sys=10.49, real=1.19 secs] 
2013-06-07T17:28:09.753+0200: [GC [ParNew: 3040832K->337856K(3040832K), 2.4759820 secs] 24090310K->23480787K(30070848K), 2.4760870 secs] [Times: user=26.85 sys=4.08, real=2.48 secs] 
2013-06-07T17:28:25.821+0200: [GC [ParNew: 3040832K->187905K(3040832K), 0.0900930 secs] 26183763K->23330836K(30070848K), 0.0902470 secs] [Times: user=1.13 sys=0.02, real=0.09 secs] 
