2013-06-07T17:27:40.559+0200: [GC [ParNew: 2702976K->337856K(3040832K), 0.9399730 secs] 2702976K->2486021K(30070848K), 0.9400460 secs] [Times: user=2.27 sys=9.64, real=0.94 secs] 
2013-06-07T17:27:42.546+0200: [GC [ParNew: 3040832K->337856K(3040832K), 1.0614490 secs] 5188997K->5126173K(30070848K), 1.0615010 secs] [Times: user=2.83 sys=10.88, real=1.06 secs] 
2013-06-07T17:27:44.589+0200: [GC [ParNew: 3040832K->337856K(3040832K), 1.0612280 secs] 7829149K->7814508K(30070848K), 1.0612780 secs] [Times: user=3.46 sys=10.29, real=1.06 secs] 
2013-06-07T17:27:46.663+0200: [GC [ParNew: 3040832K->337856K(3040832K), 1.0395640 secs] 10517484K->10567756K(30070848K), 1.0396400 secs] [Times: user=3.55 sys=9.91, real=1.04 secs] 
2013-06-07T17:27:48.636+0200: [GC [ParNew: 3040832K->337856K(3040832K), 1.0783160 secs] 13270732K->13287322K(30070848K), 1.0783990 secs] [Times: user=3.74 sys=10.22, real=1.08 secs] 
2013-06-07T17:27:50.692+0200: [GC [ParNew: 3040832K->337856K(3040832K), 1.4742910 secs] 15990298K->15995460K(30070848K), 1.4743700 secs] [Times: user=16.97 sys=2.14, real=1.47 secs] 
2013-06-07T17:27:53.128+0200: [GC [ParNew: 3040832K->337856K(3040832K), 1.0028410 secs] 18698436K->18705295K(30070848K), 1.0029180 secs] [Times: user=3.51 sys=9.47, real=1.00 secs] 
2013-06-07T17:27:55.078+0200: [GC [ParNew: 3040832K->337856K(3040832K), 1.0988370 secs] 21408271K->21404594K(30070848K), 1.0989280 secs] [Times: user=3.76 sys=10.46, real=1.10 secs] 
2013-06-07T17:28:09.839+0200: [GC [ParNew: 3040832K->337856K(3040832K), 1.2840240 secs] 24107570K->23531697K(30070848K), 1.2841310 secs] [Times: user=15.06 sys=1.58, real=1.29 secs] 
2013-06-07T17:28:27.036+0200: [GC [ParNew: 3040832K->147910K(3040832K), 0.0832160 secs] 26234673K->23341751K(30070848K), 0.0833790 secs] [Times: user=1.03 sys=0.02, real=0.09 secs] 
