2013-06-07T17:27:40.718+0200: [GC [ParNew: 2702976K->337856K(3040832K), 0.9372830 secs] 2702976K->2490489K(30070848K), 0.9373530 secs] [Times: user=2.13 sys=9.78, real=0.94 secs] 
2013-06-07T17:27:42.421+0200: [GC [ParNew: 3040832K->337856K(3040832K), 1.0624410 secs] 5193465K->5123118K(30070848K), 1.0624870 secs] [Times: user=2.79 sys=10.93, real=1.07 secs] 
2013-06-07T17:27:44.186+0200: [GC [ParNew: 3040832K->337856K(3040832K), 1.0759870 secs] 7826094K->7814335K(30070848K), 1.0760500 secs] [Times: user=3.22 sys=10.71, real=1.07 secs] 
2013-06-07T17:27:45.984+0200: [GC [ParNew: 3040832K->337856K(3040832K), 1.0541470 secs] 10517311K->10570688K(30070848K), 1.0542200 secs] [Times: user=3.24 sys=10.41, real=1.05 secs] 
2013-06-07T17:27:47.703+0200: [GC [ParNew: 3040832K->337856K(3040832K), 1.0926810 secs] 13273664K->13281674K(30070848K), 1.0927520 secs] [Times: user=3.49 sys=10.66, real=1.09 secs] 
2013-06-07T17:27:49.520+0200: [GC [ParNew: 3040832K->337856K(3040832K), 1.4779800 secs] 15984650K->16000697K(30070848K), 1.4780520 secs] [Times: user=16.89 sys=2.30, real=1.48 secs] 
2013-06-07T17:27:51.681+0200: [GC [ParNew: 3040832K->337856K(3040832K), 1.0812350 secs] 18703673K->18733455K(30070848K), 1.0813320 secs] [Times: user=3.27 sys=10.73, real=1.09 secs] 
2013-06-07T17:27:53.487+0200: [GC [ParNew: 3040832K->337856K(3040832K), 1.1338790 secs] 21436431K->21429488K(30070848K), 1.1339500 secs] [Times: user=3.84 sys=10.84, real=1.13 secs] 
2013-06-07T17:28:09.745+0200: [GC [ParNew: 3040832K->337856K(3040832K), 1.4354420 secs] 24132464K->23500723K(30070848K), 1.4355520 secs] [Times: user=16.57 sys=2.03, real=1.44 secs] 
2013-06-07T17:28:28.013+0200: [GC [ParNew: 3040832K->188354K(3040832K), 0.0818540 secs] 26203699K->23351221K(30070848K), 0.0820180 secs] [Times: user=1.02 sys=0.02, real=0.08 secs] 
