2013-06-07T17:27:41.772+0200: [GC [ParNew: 2702976K->337856K(3040832K), 0.9465300 secs] 2702976K->2490164K(30070848K), 0.9466060 secs] [Times: user=2.12 sys=9.85, real=0.95 secs] 
2013-06-07T17:27:43.495+0200: [GC [ParNew: 3040832K->337856K(3040832K), 1.0572420 secs] 5193140K->5125112K(30070848K), 1.0573170 secs] [Times: user=2.65 sys=10.99, real=1.05 secs] 
2013-06-07T17:27:45.306+0200: [GC [ParNew: 3040832K->337856K(3040832K), 1.0834230 secs] 7828088K->7821195K(30070848K), 1.0834790 secs] [Times: user=3.45 sys=10.59, real=1.08 secs] 
2013-06-07T17:27:47.092+0200: [GC [ParNew: 3040832K->337856K(3040832K), 1.0303710 secs] 10524171K->10563077K(30070848K), 1.0304200 secs] [Times: user=3.16 sys=10.18, real=1.04 secs] 
2013-06-07T17:27:48.839+0200: [GC [ParNew: 3040832K->337856K(3040832K), 1.0860210 secs] 13266053K->13278738K(30070848K), 1.0860670 secs] [Times: user=3.53 sys=10.53, real=1.09 secs] 
2013-06-07T17:27:50.639+0200: [GC [ParNew: 3040832K->337856K(3040832K), 1.5263780 secs] 15981714K->15967698K(30070848K), 1.5264560 secs] [Times: user=17.07 sys=2.66, real=1.53 secs] 
2013-06-07T17:27:52.860+0200: [GC [ParNew: 3040832K->337856K(3040832K), 1.0761540 secs] 18670674K->18691844K(30070848K), 1.0762290 secs] [Times: user=2.85 sys=11.09, real=1.08 secs] 
2013-06-07T17:27:54.630+0200: [GC [ParNew: 3040832K->337856K(3040832K), 1.1348270 secs] 21394820K->21387205K(30070848K), 1.1348850 secs] [Times: user=3.58 sys=11.12, real=1.14 secs] 
2013-06-07T17:28:09.721+0200: [GC [ParNew: 3040832K->337856K(3040832K), 1.2940480 secs] 24090181K->23497979K(30070848K), 1.2941390 secs] [Times: user=15.03 sys=1.75, real=1.30 secs] 
2013-06-07T17:28:24.967+0200: [GC [ParNew: 3040832K->179454K(3040832K), 0.0814150 secs] 26200955K->23339577K(30070848K), 0.0815750 secs] [Times: user=1.00 sys=0.03, real=0.08 secs] 
