2013-06-07T17:27:42.605+0200: [GC [ParNew: 2702976K->337856K(3040832K), 0.9327590 secs] 2702976K->2486665K(30070848K), 0.9328280 secs] [Times: user=2.09 sys=9.80, real=0.94 secs] 
2013-06-07T17:27:44.333+0200: [GC [ParNew: 3040832K->337856K(3040832K), 1.0606460 secs] 5189641K->5119613K(30070848K), 1.0607160 secs] [Times: user=2.65 sys=11.04, real=1.06 secs] 
2013-06-07T17:27:46.138+0200: [GC [ParNew: 3040832K->337856K(3040832K), 1.0704170 secs] 7822589K->7815568K(30070848K), 1.0704830 secs] [Times: user=3.18 sys=10.68, real=1.06 secs] 
2013-06-07T17:27:47.912+0200: [GC [ParNew: 3040832K->337856K(3040832K), 1.0362610 secs] 10518544K->10540482K(30070848K), 1.0363260 secs] [Times: user=3.18 sys=10.23, real=1.03 secs] 
2013-06-07T17:27:49.652+0200: [GC [ParNew: 3040832K->337856K(3040832K), 1.0822840 secs] 13243458K->13251276K(30070848K), 1.0823520 secs] [Times: user=3.77 sys=10.21, real=1.08 secs] 
2013-06-07T17:27:51.437+0200: [GC [ParNew: 3040832K->337856K(3040832K), 1.3371910 secs] 15954252K->15939564K(30070848K), 1.3372560 secs] [Times: user=15.34 sys=2.01, real=1.33 secs] 
2013-06-07T17:27:53.478+0200: [GC [ParNew: 3040832K->337856K(3040832K), 1.0756260 secs] 18642540K->18697038K(30070848K), 1.0756930 secs] [Times: user=3.14 sys=10.79, real=1.07 secs] 
2013-06-07T17:27:55.267+0200: [GC [ParNew: 3040832K->337856K(3040832K), 1.1562900 secs] 21400014K->21394993K(30070848K), 1.1563580 secs] [Times: user=3.98 sys=10.96, real=1.15 secs] 
2013-06-07T17:28:09.756+0200: [GC [ParNew: 3040832K->337856K(3040832K), 1.3067950 secs] 24097969K->23492800K(30070848K), 1.3068930 secs] [Times: user=15.17 sys=1.76, real=1.31 secs] 
2013-06-07T17:28:27.226+0200: [GC [ParNew: 3040832K->180488K(3040832K), 0.0778530 secs] 26195776K->23335433K(30070848K), 0.0779990 secs] [Times: user=0.97 sys=0.02, real=0.07 secs] 
