2013-06-07T17:27:42.125+0200: [GC [ParNew: 2702976K->337856K(3040832K), 0.9370180 secs] 2702976K->2482926K(30070848K), 0.9370920 secs] [Times: user=2.17 sys=9.63, real=0.94 secs] 
2013-06-07T17:27:43.817+0200: [GC [ParNew: 3040832K->337856K(3040832K), 1.0647420 secs] 5185902K->5119689K(30070848K), 1.0647900 secs] [Times: user=2.89 sys=10.85, real=1.07 secs] 
2013-06-07T17:27:45.644+0200: [GC [ParNew: 3040832K->337856K(3040832K), 1.0692700 secs] 7822665K->7815996K(30070848K), 1.0693230 secs] [Times: user=3.36 sys=10.49, real=1.07 secs] 
2013-06-07T17:27:47.384+0200: [GC [ParNew: 3040832K->337856K(3040832K), 1.0240080 secs] 10518972K->10539853K(30070848K), 1.0240530 secs] [Times: user=3.37 sys=9.58, real=1.02 secs] 
2013-06-07T17:27:49.117+0200: [GC [ParNew: 3040832K->337856K(3040832K), 1.0820830 secs] 13242829K->13253657K(30070848K), 1.0821370 secs] [Times: user=3.63 sys=10.39, real=1.08 secs] 
2013-06-07T17:27:50.914+0200: [GC [ParNew: 3040832K->337856K(3040832K), 1.3963840 secs] 15956633K->15961378K(30070848K), 1.3964300 secs] [Times: user=16.22 sys=1.90, real=1.40 secs] 
2013-06-07T17:27:52.953+0200: [GC [ParNew: 3040832K->337856K(3040832K), 1.0666580 secs] 18664354K->18681746K(30070848K), 1.0667320 secs] [Times: user=2.80 sys=10.66, real=1.07 secs] 
2013-06-07T17:27:54.734+0200: [GC [ParNew: 3040832K->337856K(3040832K), 1.1687880 secs] 21384722K->21369840K(30070848K), 1.1688620 secs] [Times: user=4.31 sys=10.81, real=1.17 secs] 
2013-06-07T17:28:09.757+0200: [GC [ParNew: 3040832K->337856K(3040832K), 2.2691460 secs] 24072816K->23467807K(30070848K), 2.2692370 secs] [Times: user=25.86 sys=2.95, real=2.27 secs] 
2013-06-07T17:28:25.080+0200: [GC [ParNew: 3040832K->196834K(3040832K), 0.1416940 secs] 26170783K->23326785K(30070848K), 0.1418160 secs] [Times: user=1.13 sys=0.05, real=0.14 secs] 
