2013-06-07T17:27:39.690+0200: [GC [ParNew: 2702976K->337856K(3040832K), 0.9451030 secs] 2702976K->2483262K(30070848K), 0.9451920 secs] [Times: user=2.26 sys=9.80, real=0.94 secs] 
2013-06-07T17:27:41.420+0200: [GC [ParNew: 3040832K->337856K(3040832K), 1.0541660 secs] 5186238K->5112873K(30070848K), 1.0542500 secs] [Times: user=2.88 sys=10.65, real=1.05 secs] 
2013-06-07T17:27:43.239+0200: [GC [ParNew: 3040832K->337856K(3040832K), 1.0825860 secs] 7815849K->7808796K(30070848K), 1.0826600 secs] [Times: user=3.44 sys=10.58, real=1.08 secs] 
2013-06-07T17:27:45.042+0200: [GC [ParNew: 3040832K->337856K(3040832K), 1.0529770 secs] 10511772K->10566686K(30070848K), 1.0530500 secs] [Times: user=3.40 sys=10.23, real=1.05 secs] 
2013-06-07T17:27:46.833+0200: [GC [ParNew: 3040832K->337856K(3040832K), 1.1005450 secs] 13269662K->13284044K(30070848K), 1.1005990 secs] [Times: user=3.96 sys=10.04, real=1.10 secs] 
2013-06-07T17:27:48.655+0200: [GC [ParNew: 3040832K->337856K(3040832K), 1.2231430 secs] 15987020K->16000057K(30070848K), 1.2231890 secs] [Times: user=14.11 sys=1.73, real=1.23 secs] 
2013-06-07T17:27:50.591+0200: [GC [ParNew: 3040832K->337856K(3040832K), 1.0126170 secs] 18703033K->18719753K(30070848K), 1.0126720 secs] [Times: user=3.56 sys=9.57, real=1.01 secs] 
2013-06-07T17:27:52.316+0200: [GC [ParNew: 3040832K->337856K(3040832K), 1.1115970 secs] 21422729K->21399939K(30070848K), 1.1116510 secs] [Times: user=3.87 sys=10.15, real=1.11 secs] 
2013-06-07T17:28:09.740+0200: [GC [ParNew: 3040832K->337856K(3040832K), 1.3223960 secs] 24102915K->23506166K(30070848K), 1.3225120 secs] [Times: user=15.39 sys=1.73, real=1.32 secs] 
2013-06-07T17:28:24.348+0200: [GC [ParNew: 3040832K->179494K(3040832K), 0.0916500 secs] 26209142K->23347804K(30070848K), 0.0918040 secs] [Times: user=1.16 sys=0.01, real=0.09 secs] 
