2013-06-07T17:27:42.278+0200: [GC [ParNew: 2702976K->337856K(3040832K), 0.9379740 secs] 2702976K->2491939K(30070848K), 0.9380550 secs] [Times: user=2.34 sys=9.28, real=0.94 secs] 
2013-06-07T17:27:43.959+0200: [GC [ParNew: 3040832K->337856K(3040832K), 1.0658130 secs] 5194915K->5127964K(30070848K), 1.0658910 secs] [Times: user=3.01 sys=10.74, real=1.07 secs] 
2013-06-07T17:27:45.787+0200: [GC [ParNew: 3040832K->337856K(3040832K), 1.0729290 secs] 7830940K->7824400K(30070848K), 1.0729990 secs] [Times: user=3.38 sys=10.51, real=1.08 secs] 
2013-06-07T17:27:47.584+0200: [GC [ParNew: 3040832K->337856K(3040832K), 1.0138330 secs] 10527376K->10530296K(30070848K), 1.0138910 secs] [Times: user=3.35 sys=9.46, real=1.01 secs] 
2013-06-07T17:27:49.519+0200: [GC [ParNew: 3040832K->337856K(3040832K), 1.0875030 secs] 13233272K->13235872K(30070848K), 1.0875480 secs] [Times: user=3.66 sys=10.42, real=1.09 secs] 
2013-06-07T17:27:51.533+0200: [GC [ParNew: 3040832K->337856K(3040832K), 1.4642430 secs] 15938848K->15942537K(30070848K), 1.4642900 secs] [Times: user=16.87 sys=2.13, real=1.46 secs] 
2013-06-07T17:27:54.007+0200: [GC [ParNew: 3040832K->337856K(3040832K), 1.0486280 secs] 18645513K->18651058K(30070848K), 1.0486860 secs] [Times: user=2.86 sys=10.67, real=1.05 secs] 
2013-06-07T17:27:56.040+0200: [GC [ParNew: 3040832K->337856K(3040832K), 1.1078780 secs] 21354034K->21345844K(30070848K), 1.1079430 secs] [Times: user=3.14 sys=11.21, real=1.11 secs] 
2013-06-07T17:28:09.721+0200: [GC [ParNew: 3040832K->337856K(3040832K), 1.3160330 secs] 24048820K->23491066K(30070848K), 1.3161190 secs] [Times: user=15.05 sys=1.78, real=1.31 secs] 
2013-06-07T17:28:26.721+0200: [GC [ParNew: 3040832K->147405K(3040832K), 0.0782070 secs] 26194042K->23300616K(30070848K), 0.0783680 secs] [Times: user=0.99 sys=0.00, real=0.08 secs] 
