2013-06-07T17:27:44.254+0200: [GC [ParNew: 2702976K->337856K(3040832K), 0.9159090 secs] 2702976K->2483050K(30070848K), 0.9159830 secs] [Times: user=1.85 sys=9.61, real=0.92 secs] 
2013-06-07T17:27:45.925+0200: [GC [ParNew: 3040832K->337856K(3040832K), 1.0285900 secs] 5186026K->5118082K(30070848K), 1.0286360 secs] [Times: user=2.56 sys=10.74, real=1.03 secs] 
2013-06-07T17:27:47.705+0200: [GC [ParNew: 3040832K->337856K(3040832K), 1.0553570 secs] 7821058K->7813877K(30070848K), 1.0554170 secs] [Times: user=2.98 sys=10.69, real=1.06 secs] 
2013-06-07T17:27:49.484+0200: [GC [ParNew: 3040832K->337856K(3040832K), 1.0290100 secs] 10516853K->10560370K(30070848K), 1.0290790 secs] [Times: user=3.27 sys=10.05, real=1.03 secs] 
2013-06-07T17:27:51.239+0200: [GC [ParNew: 3040832K->337856K(3040832K), 1.0951550 secs] 13263346K->13290213K(30070848K), 1.0952220 secs] [Times: user=2.88 sys=11.31, real=1.09 secs] 
2013-06-07T17:27:53.058+0200: [GC [ParNew: 3040832K->337856K(3040832K), 1.6239020 secs] 15993189K->16002801K(30070848K), 1.6239710 secs] [Times: user=18.48 sys=2.60, real=1.62 secs] 
2013-06-07T17:27:55.396+0200: [GC [ParNew: 3040832K->337856K(3040832K), 1.6043580 secs] 18705777K->18719455K(30070848K), 1.6045020 secs] [Times: user=4.53 sys=10.55, real=1.61 secs] 
2013-06-07T17:27:57.723+0200: [GC [ParNew: 3040832K->337856K(3040832K), 1.3365870 secs] 21422431K->21427014K(30070848K), 1.3367540 secs] [Times: user=4.35 sys=11.19, real=1.34 secs] 
2013-06-07T17:28:09.886+0200: [GC [ParNew: 3040832K->337856K(3040832K), 1.3788610 secs] 24129990K->23509390K(30070848K), 1.3789490 secs] [Times: user=16.02 sys=1.85, real=1.38 secs] 
2013-06-07T17:28:25.179+0200: [GC [ParNew: 3040832K->189107K(3040832K), 0.0798310 secs] 26212366K->23360642K(30070848K), 0.0799830 secs] [Times: user=1.00 sys=0.01, real=0.08 secs] 
