2013-06-07T17:27:43.544+0200: [GC [ParNew: 2702976K->337855K(3040832K), 0.9314600 secs] 2702976K->2484372K(30070848K), 0.9315330 secs] [Times: user=2.35 sys=9.56, real=0.93 secs] 
2013-06-07T17:27:45.251+0200: [GC [ParNew: 3040831K->337856K(3040832K), 1.0539500 secs] 5187348K->5117472K(30070848K), 1.0539980 secs] [Times: user=2.80 sys=10.81, real=1.05 secs] 
2013-06-07T17:27:47.047+0200: [GC [ParNew: 3040832K->337856K(3040832K), 1.0638250 secs] 7820448K->7808913K(30070848K), 1.0638730 secs] [Times: user=3.37 sys=10.41, real=1.07 secs] 
2013-06-07T17:27:48.823+0200: [GC [ParNew: 3040832K->337856K(3040832K), 1.0319870 secs] 10511889K->10543079K(30070848K), 1.0320360 secs] [Times: user=3.20 sys=10.15, real=1.03 secs] 
2013-06-07T17:27:50.577+0200: [GC [ParNew: 3040832K->337856K(3040832K), 1.0939390 secs] 13246055K->13273499K(30070848K), 1.0939850 secs] [Times: user=3.36 sys=10.81, real=1.10 secs] 
2013-06-07T17:27:52.343+0200: [GC [ParNew: 3040832K->337856K(3040832K), 1.5011280 secs] 15976475K->15962427K(30070848K), 1.5011740 secs] [Times: user=16.98 sys=2.51, real=1.50 secs] 
2013-06-07T17:27:54.527+0200: [GC [ParNew: 3040832K->337856K(3040832K), 1.1999360 secs] 18665403K->18699731K(30070848K), 1.2000170 secs] [Times: user=4.49 sys=10.79, real=1.20 secs] 
2013-06-07T17:27:56.432+0200: [GC [ParNew: 3040832K->337856K(3040832K), 2.0058780 secs] 21402707K->21393652K(30070848K), 2.0059820 secs] [Times: user=4.87 sys=12.21, real=2.00 secs] 
2013-06-07T17:28:09.835+0200: [GC [ParNew: 3040832K->337856K(3040832K), 1.6530310 secs] 24096628K->23512018K(30070848K), 1.6531260 secs] [Times: user=18.80 sys=2.52, real=1.65 secs] 
2013-06-07T17:28:24.660+0200: [GC [ParNew: 3040832K->188824K(3040832K), 0.0785760 secs] 26214994K->23362986K(30070848K), 0.0787350 secs] [Times: user=0.97 sys=0.03, real=0.08 secs] 
