2013-06-07T17:27:40.348+0200: [GC [ParNew: 2702976K->337856K(3040832K), 0.9547680 secs] 2702976K->2491787K(30070848K), 0.9548720 secs] [Times: user=2.21 sys=9.54, real=0.96 secs] 
2013-06-07T17:27:42.060+0200: [GC [ParNew: 3040832K->337856K(3040832K), 1.0648420 secs] 5194763K->5123237K(30070848K), 1.0649230 secs] [Times: user=2.77 sys=10.95, real=1.06 secs] 
2013-06-07T17:27:43.878+0200: [GC [ParNew: 3040832K->337856K(3040832K), 1.0729060 secs] 7826213K->7819736K(30070848K), 1.0729830 secs] [Times: user=3.41 sys=10.47, real=1.07 secs] 
2013-06-07T17:27:45.677+0200: [GC [ParNew: 3040832K->337856K(3040832K), 1.0530940 secs] 10522712K->10580508K(30070848K), 1.0531690 secs] [Times: user=3.54 sys=9.87, real=1.06 secs] 
2013-06-07T17:27:47.423+0200: [GC [ParNew: 3040832K->337856K(3040832K), 1.1075860 secs] 13283484K->13309775K(30070848K), 1.1076630 secs] [Times: user=3.46 sys=10.85, real=1.11 secs] 
2013-06-07T17:27:49.257+0200: [GC [ParNew: 3040832K->337856K(3040832K), 1.5047410 secs] 16012751K->16029022K(30070848K), 1.5048110 secs] [Times: user=17.51 sys=2.00, real=1.51 secs] 
2013-06-07T17:27:51.454+0200: [GC [ParNew: 3040832K->337856K(3040832K), 1.0945740 secs] 18731998K->18769751K(30070848K), 1.0946320 secs] [Times: user=3.17 sys=10.68, real=1.10 secs] 
2013-06-07T17:27:53.271+0200: [GC [ParNew: 3040832K->337856K(3040832K), 1.1376060 secs] 21472727K->21470235K(30070848K), 1.1376570 secs] [Times: user=3.42 sys=11.30, real=1.14 secs] 
2013-06-07T17:28:11.044+0200: [GC [ParNew: 3040832K->337856K(3040832K), 1.5166500 secs] 24173211K->23545406K(30070848K), 1.5167470 secs] [Times: user=17.84 sys=1.80, real=1.52 secs] 
2013-06-07T17:28:25.799+0200: [GC [ParNew: 3040832K->155142K(3040832K), 0.0812110 secs] 26248382K->23362693K(30070848K), 0.0813710 secs] [Times: user=0.98 sys=0.00, real=0.08 secs] 
