2013-06-07T17:27:43.920+0200: [GC [ParNew: 2702976K->337855K(3040832K), 0.9066170 secs] 2702976K->2482807K(30070848K), 0.9075470 secs] [Times: user=2.10 sys=9.11, real=0.91 secs] 
2013-06-07T17:27:45.816+0200: [GC [ParNew: 3040831K->337856K(3040832K), 1.0524930 secs] 5185783K->5113758K(30070848K), 1.0525660 secs] [Times: user=2.58 sys=10.99, real=1.05 secs] 
2013-06-07T17:27:47.904+0200: [GC [ParNew: 3040832K->337856K(3040832K), 1.0489160 secs] 7816734K->7802958K(30070848K), 1.0489830 secs] [Times: user=2.91 sys=10.68, real=1.05 secs] 
2013-06-07T17:27:49.900+0200: [GC [ParNew: 3040832K->337856K(3040832K), 1.1007250 secs] 10505934K->10544552K(30070848K), 1.1007910 secs] [Times: user=3.85 sys=10.09, real=1.10 secs] 
2013-06-07T17:27:51.989+0200: [GC [ParNew: 3040832K->337856K(3040832K), 1.1786010 secs] 13247528K->13273242K(30070848K), 1.1786680 secs] [Times: user=4.12 sys=11.13, real=1.18 secs] 
2013-06-07T17:27:54.122+0200: [GC [ParNew: 3040832K->337856K(3040832K), 1.6311300 secs] 15976218K->15944562K(30070848K), 1.6311780 secs] [Times: user=18.44 sys=2.67, real=1.63 secs] 
2013-06-07T17:27:56.710+0200: [GC [ParNew: 3040832K->337856K(3040832K), 1.6237160 secs] 18647538K->18676359K(30070848K), 1.6237780 secs] [Times: user=4.02 sys=12.42, real=1.62 secs] 
2013-06-07T17:27:59.354+0200: [GC [ParNew: 3040832K->337856K(3040832K), 1.3030780 secs] 21379335K->21370568K(30070848K), 1.3031480 secs] [Times: user=4.09 sys=12.06, real=1.30 secs] 
2013-06-07T17:28:09.759+0200: [GC [ParNew: 3040832K->337856K(3040832K), 1.5417020 secs] 24073544K->23498566K(30070848K), 1.5417890 secs] [Times: user=17.65 sys=2.30, real=1.54 secs] 
2013-06-07T17:28:25.307+0200: [GC [ParNew: 3040832K->179600K(3040832K), 0.0800850 secs] 26201542K->23340311K(30070848K), 0.0802440 secs] [Times: user=1.02 sys=0.00, real=0.08 secs] 
