2013-06-07T17:27:40.532+0200: [GC [ParNew: 2702976K->337855K(3040832K), 0.9540600 secs] 2702976K->2492346K(30070848K), 0.9541290 secs] [Times: user=2.06 sys=10.05, real=0.96 secs] 
2013-06-07T17:27:42.229+0200: [GC [ParNew: 3040831K->337856K(3040832K), 1.0620330 secs] 5195322K->5132281K(30070848K), 1.0620760 secs] [Times: user=2.78 sys=10.95, real=1.06 secs] 
2013-06-07T17:27:44.045+0200: [GC [ParNew: 3040832K->337856K(3040832K), 1.0615250 secs] 7835257K->7826411K(30070848K), 1.0615660 secs] [Times: user=3.41 sys=10.10, real=1.06 secs] 
2013-06-07T17:27:46.145+0200: [GC [ParNew: 3040832K->337856K(3040832K), 1.0186430 secs] 10529387K->10576009K(30070848K), 1.0187130 secs] [Times: user=3.51 sys=9.67, real=1.01 secs] 
2013-06-07T17:27:48.191+0200: [GC [ParNew: 3040832K->337856K(3040832K), 1.0854950 secs] 13278985K->13294327K(30070848K), 1.0855610 secs] [Times: user=3.62 sys=10.44, real=1.09 secs] 
2013-06-07T17:27:50.358+0200: [GC [ParNew: 3040832K->337856K(3040832K), 1.5409050 secs] 15997303K->15986008K(30070848K), 1.5409550 secs] [Times: user=17.49 sys=2.44, real=1.54 secs] 
2013-06-07T17:27:52.857+0200: [GC [ParNew: 3040832K->337856K(3040832K), 1.0657080 secs] 18688984K->18715501K(30070848K), 1.0657740 secs] [Times: user=3.00 sys=10.80, real=1.06 secs] 
2013-06-07T17:27:54.982+0200: [GC [ParNew: 3040832K->337856K(3040832K), 1.1519050 secs] 21418477K->21403947K(30070848K), 1.1519700 secs] [Times: user=4.08 sys=10.62, real=1.15 secs] 
2013-06-07T17:28:09.802+0200: [GC [ParNew: 3040832K->337856K(3040832K), 1.6699740 secs] 24106923K->23515366K(30070848K), 1.6700690 secs] [Times: user=19.39 sys=2.26, real=1.66 secs] 
2013-06-07T17:28:26.792+0200: [GC [ParNew: 3040832K->188248K(3040832K), 0.0799070 secs] 26218342K->23365758K(30070848K), 0.0800480 secs] [Times: user=1.01 sys=0.01, real=0.08 secs] 
