2013-06-07T17:27:42.912+0200: [GC [ParNew: 2702976K->337856K(3040832K), 0.9244140 secs] 2702976K->2489361K(30070848K), 0.9244880 secs] [Times: user=2.09 sys=9.59, real=0.93 secs] 
2013-06-07T17:27:44.615+0200: [GC [ParNew: 3040832K->337856K(3040832K), 1.0458890 secs] 5192337K->5123239K(30070848K), 1.0459350 secs] [Times: user=2.66 sys=10.83, real=1.05 secs] 
2013-06-07T17:27:46.364+0200: [GC [ParNew: 3040832K->337856K(3040832K), 1.0676380 secs] 7826215K->7813143K(30070848K), 1.0676950 secs] [Times: user=3.25 sys=10.37, real=1.07 secs] 
2013-06-07T17:27:48.144+0200: [GC [ParNew: 3040832K->337856K(3040832K), 1.0378880 secs] 10516119K->10564502K(30070848K), 1.0379540 secs] [Times: user=3.53 sys=9.91, real=1.04 secs] 
2013-06-07T17:27:49.895+0200: [GC [ParNew: 3040832K->337856K(3040832K), 1.0800920 secs] 13267478K->13270654K(30070848K), 1.0801630 secs] [Times: user=3.46 sys=10.53, real=1.08 secs] 
2013-06-07T17:27:51.639+0200: [GC [ParNew: 3040832K->337856K(3040832K), 1.3644780 secs] 15973630K->15970883K(30070848K), 1.3645330 secs] [Times: user=15.40 sys=2.17, real=1.36 secs] 
2013-06-07T17:27:53.720+0200: [GC [ParNew: 3040832K->337856K(3040832K), 1.0270100 secs] 18673859K->18709884K(30070848K), 1.0270830 secs] [Times: user=3.70 sys=9.59, real=1.03 secs] 
2013-06-07T17:27:55.420+0200: [GC [ParNew: 3040832K->337856K(3040832K), 1.1507450 secs] 21412860K->21422566K(30070848K), 1.1508180 secs] [Times: user=3.98 sys=10.91, real=1.15 secs] 
2013-06-07T17:28:09.756+0200: [GC [ParNew: 3040832K->337856K(3040832K), 1.3109740 secs] 24125542K->23503725K(30070848K), 1.3110880 secs] [Times: user=15.27 sys=1.71, real=1.32 secs] 
2013-06-07T17:28:24.780+0200: [GC [ParNew: 3040832K->188394K(3040832K), 0.0801140 secs] 26206701K->23354264K(30070848K), 0.0803330 secs] [Times: user=0.99 sys=0.02, real=0.08 secs] 
