2013-06-07T17:27:39.914+0200: [GC [ParNew: 2702976K->337856K(3040832K), 0.9388440 secs] 2702976K->2488303K(30070848K), 0.9389170 secs] [Times: user=2.38 sys=9.46, real=0.94 secs] 
2013-06-07T17:27:41.681+0200: [GC [ParNew: 3040832K->337856K(3040832K), 1.0445040 secs] 5191279K->5126057K(30070848K), 1.0445680 secs] [Times: user=2.89 sys=10.59, real=1.04 secs] 
2013-06-07T17:27:43.492+0200: [GC [ParNew: 3040832K->337856K(3040832K), 1.0554200 secs] 7829033K->7817978K(30070848K), 1.0554760 secs] [Times: user=3.36 sys=10.12, real=1.06 secs] 
2013-06-07T17:27:45.316+0200: [GC [ParNew: 3040832K->337856K(3040832K), 1.0474170 secs] 10520954K->10571002K(30070848K), 1.0474740 secs] [Times: user=3.52 sys=10.05, real=1.04 secs] 
2013-06-07T17:27:47.126+0200: [GC [ParNew: 3040832K->337856K(3040832K), 1.0806580 secs] 13273978K->13290408K(30070848K), 1.0807050 secs] [Times: user=3.73 sys=10.26, real=1.09 secs] 
2013-06-07T17:27:48.914+0200: [GC [ParNew: 3040832K->337856K(3040832K), 1.4193780 secs] 15993384K->15988781K(30070848K), 1.4194370 secs] [Times: user=16.26 sys=2.05, real=1.42 secs] 
2013-06-07T17:27:51.113+0200: [GC [ParNew: 3040832K->337856K(3040832K), 1.0319010 secs] 18691757K->18740044K(30070848K), 1.0319730 secs] [Times: user=3.70 sys=9.65, real=1.03 secs] 
2013-06-07T17:27:52.892+0200: [GC [ParNew: 3040832K->337856K(3040832K), 1.1348740 secs] 21443020K->21436398K(30070848K), 1.1349450 secs] [Times: user=4.52 sys=10.17, real=1.14 secs] 
2013-06-07T17:28:09.836+0200: [GC [ParNew: 3040832K->337856K(3040832K), 1.3623130 secs] 24139374K->23516922K(30070848K), 1.3624200 secs] [Times: user=15.86 sys=1.79, real=1.36 secs] 
2013-06-07T17:28:25.822+0200: [GC [ParNew: 3040832K->178854K(3040832K), 0.0809130 secs] 26219898K->23357920K(30070848K), 0.0810560 secs] [Times: user=1.02 sys=0.01, real=0.09 secs] 
