2013-06-07T17:27:41.167+0200: [GC [ParNew: 2702976K->337856K(3040832K), 0.9167190 secs] 2702976K->2482576K(30070848K), 0.9167800 secs] [Times: user=2.06 sys=9.54, real=0.92 secs] 
2013-06-07T17:27:42.859+0200: [GC [ParNew: 3040832K->337856K(3040832K), 1.0374640 secs] 5185552K->5114349K(30070848K), 1.0375120 secs] [Times: user=2.82 sys=10.56, real=1.04 secs] 
2013-06-07T17:27:44.641+0200: [GC [ParNew: 3040832K->337856K(3040832K), 1.0613920 secs] 7817325K->7809664K(30070848K), 1.0614670 secs] [Times: user=3.11 sys=10.63, real=1.06 secs] 
2013-06-07T17:27:46.425+0200: [GC [ParNew: 3040832K->337856K(3040832K), 1.0197240 secs] 10512640K->10552250K(30070848K), 1.0198020 secs] [Times: user=3.22 sys=9.98, real=1.02 secs] 
2013-06-07T17:27:48.167+0200: [GC [ParNew: 3040832K->337856K(3040832K), 1.0821730 secs] 13255226K->13271368K(30070848K), 1.0822470 secs] [Times: user=3.43 sys=10.58, real=1.08 secs] 
2013-06-07T17:27:49.943+0200: [GC [ParNew: 3040832K->337856K(3040832K), 1.3911950 secs] 15974344K->15983540K(30070848K), 1.3912710 secs] [Times: user=15.71 sys=2.27, real=1.39 secs] 
2013-06-07T17:27:52.047+0200: [GC [ParNew: 3040832K->337856K(3040832K), 1.0723760 secs] 18686516K->18691998K(30070848K), 1.0724490 secs] [Times: user=2.63 sys=11.26, real=1.07 secs] 
2013-06-07T17:27:53.833+0200: [GC [ParNew: 3040832K->337856K(3040832K), 1.1406110 secs] 21394974K->21414028K(30070848K), 1.1406840 secs] [Times: user=3.33 sys=11.42, real=1.14 secs] 
2013-06-07T17:28:10.284+0200: [GC [ParNew: 3040832K->337856K(3040832K), 1.3835960 secs] 24117004K->23510144K(30070848K), 1.3837060 secs] [Times: user=15.93 sys=1.96, real=1.38 secs] 
2013-06-07T17:28:26.463+0200: [GC [ParNew: 3040832K->185518K(3040832K), 0.0819190 secs] 26213120K->23357807K(30070848K), 0.0820760 secs] [Times: user=1.01 sys=0.04, real=0.09 secs] 
