2013-06-07T17:27:44.032+0200: [GC [ParNew: 2702976K->337856K(3040832K), 0.9456870 secs] 2702976K->2488181K(30070848K), 0.9457830 secs] [Times: user=2.24 sys=9.73, real=0.94 secs] 
2013-06-07T17:27:45.743+0200: [GC [ParNew: 3040832K->337856K(3040832K), 1.0548390 secs] 5191157K->5128011K(30070848K), 1.0549130 secs] [Times: user=2.70 sys=10.91, real=1.05 secs] 
2013-06-07T17:27:47.542+0200: [GC [ParNew: 3040832K->337856K(3040832K), 1.0653980 secs] 7830987K->7817915K(30070848K), 1.0654820 secs] [Times: user=3.21 sys=10.58, real=1.06 secs] 
2013-06-07T17:27:49.321+0200: [GC [ParNew: 3040832K->337856K(3040832K), 1.0531140 secs] 10520891K->10562038K(30070848K), 1.0531870 secs] [Times: user=2.61 sys=11.03, real=1.05 secs] 
2013-06-07T17:27:51.097+0200: [GC [ParNew: 3040832K->337856K(3040832K), 1.1268510 secs] 13265014K->13292682K(30070848K), 1.1269240 secs] [Times: user=3.04 sys=11.57, real=1.13 secs] 
2013-06-07T17:27:52.905+0200: [GC [ParNew: 3040832K->337856K(3040832K), 1.8478990 secs] 15995658K->16002837K(30070848K), 1.8479720 secs] [Times: user=21.19 sys=2.79, real=1.85 secs] 
2013-06-07T17:27:55.456+0200: [GC [ParNew: 3040832K->337856K(3040832K), 1.6814650 secs] 18705813K->18699993K(30070848K), 1.6815230 secs] [Times: user=4.51 sys=11.45, real=1.68 secs] 
2013-06-07T17:27:57.840+0200: [GC [ParNew: 3040832K->337856K(3040832K), 1.7445940 secs] 21402969K->21382164K(30070848K), 1.7446830 secs] [Times: user=4.88 sys=11.92, real=1.74 secs] 
2013-06-07T17:28:09.660+0200: [GC [ParNew: 3040832K->337856K(3040832K), 1.3937710 secs] 24085140K->23494669K(30070848K), 1.3938800 secs] [Times: user=16.05 sys=2.01, real=1.39 secs] 
2013-06-07T17:28:25.166+0200: [GC [ParNew: 3040832K->196772K(3040832K), 0.0778810 secs] 26197645K->23353586K(30070848K), 0.0780380 secs] [Times: user=0.98 sys=0.01, real=0.08 secs] 
