2013-04-23T00:29:56.432+0200: [GC [ParNew: 2702976K->337856K(3040832K), 0.9450780 secs] 2702976K->2492998K(30070848K), 0.9451770 secs] [Times: user=2.09 sys=9.82, real=0.95 secs] 
2013-04-23T00:29:58.143+0200: [GC [ParNew: 3040832K->337856K(3040832K), 1.0535870 secs] 5195974K->5122042K(30070848K), 1.0536620 secs] [Times: user=2.66 sys=10.95, real=1.06 secs] 
2013-04-23T00:29:59.941+0200: [GC [ParNew: 3040832K->337856K(3040832K), 1.0626530 secs] 7825018K->7813099K(30070848K), 1.0627260 secs] [Times: user=3.25 sys=10.51, real=1.06 secs] 
2013-04-23T00:30:01.728+0200: [GC [ParNew: 3040832K->337856K(3040832K), 1.0180860 secs] 10516075K->10544160K(30070848K), 1.0181610 secs] [Times: user=3.13 sys=10.04, real=1.01 secs] 
2013-04-23T00:30:03.474+0200: [GC [ParNew: 3040832K->337856K(3040832K), 1.0755780 secs] 13247136K->13251976K(30070848K), 1.0756490 secs] [Times: user=3.77 sys=10.15, real=1.08 secs] 
2013-04-23T00:30:05.262+0200: [GC [ParNew: 3040832K->337856K(3040832K), 1.5075130 secs] 15954952K->15951534K(30070848K), 1.5076620 secs] [Times: user=17.07 sys=2.50, real=1.51 secs] 
2013-04-23T00:30:07.483+0200: [GC [ParNew: 3040832K->337856K(3040832K), 1.0669120 secs] 18654510K->18672349K(30070848K), 1.0669850 secs] [Times: user=2.98 sys=10.83, real=1.06 secs] 
2013-04-23T00:30:09.251+0200: [GC [ParNew: 3040832K->337856K(3040832K), 1.1430250 secs] 21375325K->21394444K(30070848K), 1.1430980 secs] [Times: user=3.27 sys=11.53, real=1.15 secs] 
2013-04-23T00:30:21.855+0200: [GC [ParNew: 3040832K->337856K(3040832K), 1.5380770 secs] 24097420K->23493505K(30070848K), 1.5381900 secs] [Times: user=17.77 sys=2.16, real=1.53 secs] 
2013-04-23T00:30:52.514+0200: [GC [ParNew: 3040832K->337856K(3040832K), 0.5347260 secs] 26196481K->23937375K(30070848K), 0.5350410 secs] [Times: user=3.76 sys=1.64, real=0.53 secs] 
BROKEN RECORDS: 0
BROKEN RECORDS: 0
BROKEN RECORDS: 0
BROKEN RECORDS: 0
BROKEN RECORDS: 0
BROKEN RECORDS: 0
BROKEN RECORDS: 0
BROKEN RECORDS: 0
BROKEN RECORDS: 0
BROKEN RECORDS: 0
BROKEN RECORDS: 0
BROKEN RECORDS: 0
BROKEN RECORDS: 0
BROKEN RECORDS: 0
BROKEN RECORDS: 0
BROKEN RECORDS: 0
BROKEN RECORDS: 0
BROKEN RECORDS: 0
BROKEN RECORDS: 0
BROKEN RECORDS: 0
BROKEN RECORDS: 0
BROKEN RECORDS: 0
BROKEN RECORDS: 0
BROKEN RECORDS: 0
2013-04-23T00:34:51.544+0200: [GC [ParNew: 3040832K->312638K(3040832K), 0.2086240 secs] 26640351K->24172321K(30070848K), 0.2088810 secs] [Times: user=2.12 sys=0.45, real=0.21 secs] 
BROKEN RECORDS: 0
BROKEN RECORDS: 0
BROKEN RECORDS: 0
BROKEN RECORDS: 0
BROKEN RECORDS: 0
BROKEN RECORDS: 0
BROKEN RECORDS: 0
BROKEN RECORDS: 0
BROKEN RECORDS: 0
BROKEN RECORDS: 0
BROKEN RECORDS: 0
BROKEN RECORDS: 0
BROKEN RECORDS: 0
BROKEN RECORDS: 0
BROKEN RECORDS: 0
BROKEN RECORDS: 0
BROKEN RECORDS: 0
BROKEN RECORDS: 0
BROKEN RECORDS: 0
BROKEN RECORDS: 0
BROKEN RECORDS: 0
BROKEN RECORDS: 0
BROKEN RECORDS: 0
BROKEN RECORDS: 0
BROKEN RECORDS: 0
BROKEN RECORDS: 0
BROKEN RECORDS: 0
BROKEN RECORDS: 0
BROKEN RECORDS: 0
BROKEN RECORDS: 0
BROKEN RECORDS: 0
BROKEN RECORDS: 0
BROKEN RECORDS: 0
BROKEN RECORDS: 0
BROKEN RECORDS: 0
BROKEN RECORDS: 0
BROKEN RECORDS: 0
BROKEN RECORDS: 0
BROKEN RECORDS: 0
BROKEN RECORDS: 0
BROKEN RECORDS: 0
BROKEN RECORDS: 0
BROKEN RECORDS: 0
BROKEN RECORDS: 0
BROKEN RECORDS: 0
BROKEN RECORDS: 0
BROKEN RECORDS: 0
BROKEN RECORDS: 0
BROKEN RECORDS: 0
BROKEN RECORDS: 0
BROKEN RECORDS: 0
BROKEN RECORDS: 0
BROKEN RECORDS: 0
BROKEN RECORDS: 0
BROKEN RECORDS: 0
BROKEN RECORDS: 0
BROKEN RECORDS: 0
BROKEN RECORDS: 0
BROKEN RECORDS: 0
BROKEN RECORDS: 0
BROKEN RECORDS: 0
BROKEN RECORDS: 0
BROKEN RECORDS: 0
BROKEN RECORDS: 0
