2013-04-23T00:29:54.564+0200: [GC [ParNew: 2702976K->337855K(3040832K), 0.9332440 secs] 2702976K->2488689K(30070848K), 0.9333180 secs] [Times: user=2.00 sys=9.74, real=0.94 secs] 
2013-04-23T00:29:56.253+0200: [GC [ParNew: 3040831K->337856K(3040832K), 1.0512210 secs] 5191665K->5124806K(30070848K), 1.0512840 secs] [Times: user=2.59 sys=10.99, real=1.05 secs] 
2013-04-23T00:29:58.191+0200: [GC [ParNew: 3040832K->337856K(3040832K), 1.0610390 secs] 7827782K->7821113K(30070848K), 1.0610900 secs] [Times: user=3.36 sys=10.35, real=1.06 secs] 
2013-04-23T00:30:00.229+0200: [GC [ParNew: 3040832K->337856K(3040832K), 1.0024500 secs] 10524089K->10528739K(30070848K), 1.0025170 secs] [Times: user=2.96 sys=9.90, real=1.00 secs] 
2013-04-23T00:30:02.220+0200: [GC [ParNew: 3040832K->337856K(3040832K), 1.0988970 secs] 13231715K->13239245K(30070848K), 1.0989510 secs] [Times: user=2.84 sys=11.30, real=1.10 secs] 
2013-04-23T00:30:04.328+0200: [GC [ParNew: 3040832K->337856K(3040832K), 1.4968780 secs] 15942221K->15916039K(30070848K), 1.4969540 secs] [Times: user=16.84 sys=2.56, real=1.49 secs] 
2013-04-23T00:30:06.813+0200: [GC [ParNew: 3040832K->337856K(3040832K), 1.0943750 secs] 18619015K->18673097K(30070848K), 1.0944530 secs] [Times: user=2.85 sys=11.32, real=1.09 secs] 
2013-04-23T00:30:08.882+0200: [GC [ParNew: 3040832K->337856K(3040832K), 1.1202670 secs] 21376073K->21367754K(30070848K), 1.1203260 secs] [Times: user=3.32 sys=11.11, real=1.12 secs] 
2013-04-23T00:30:21.922+0200: [GC [ParNew: 3040832K->337856K(3040832K), 1.4450950 secs] 24070730K->23491403K(30070848K), 1.4451820 secs] [Times: user=16.72 sys=1.94, real=1.45 secs] 
2013-04-23T00:31:09.115+0200: [GC [ParNew: 3038853K->337856K(3040832K), 0.3430450 secs] 26192400K->23758617K(30070848K), 0.3432090 secs] [Times: user=2.35 sys=1.14, real=0.34 secs] 
BROKEN RECORDS: 0
BROKEN RECORDS: 0
BROKEN RECORDS: 0
BROKEN RECORDS: 0
BROKEN RECORDS: 0
BROKEN RECORDS: 0
BROKEN RECORDS: 0
BROKEN RECORDS: 0
BROKEN RECORDS: 0
BROKEN RECORDS: 0
BROKEN RECORDS: 0
BROKEN RECORDS: 0
BROKEN RECORDS: 0
BROKEN RECORDS: 0
BROKEN RECORDS: 0
BROKEN RECORDS: 0
BROKEN RECORDS: 0
BROKEN RECORDS: 0
BROKEN RECORDS: 0
BROKEN RECORDS: 0
BROKEN RECORDS: 0
BROKEN RECORDS: 0
BROKEN RECORDS: 0
BROKEN RECORDS: 0
BROKEN RECORDS: 0
BROKEN RECORDS: 0
BROKEN RECORDS: 0
BROKEN RECORDS: 0
BROKEN RECORDS: 0
BROKEN RECORDS: 0
BROKEN RECORDS: 0
BROKEN RECORDS: 0
BROKEN RECORDS: 0
BROKEN RECORDS: 0
BROKEN RECORDS: 0
BROKEN RECORDS: 0
BROKEN RECORDS: 0
BROKEN RECORDS: 0
BROKEN RECORDS: 0
BROKEN RECORDS: 0
BROKEN RECORDS: 0
BROKEN RECORDS: 0
BROKEN RECORDS: 0
BROKEN RECORDS: 0
BROKEN RECORDS: 0
BROKEN RECORDS: 0
BROKEN RECORDS: 0
BROKEN RECORDS: 0
BROKEN RECORDS: 0
BROKEN RECORDS: 0
BROKEN RECORDS: 0
BROKEN RECORDS: 0
BROKEN RECORDS: 0
BROKEN RECORDS: 0
BROKEN RECORDS: 0
BROKEN RECORDS: 0
BROKEN RECORDS: 0
BROKEN RECORDS: 0
BROKEN RECORDS: 0
BROKEN RECORDS: 0
BROKEN RECORDS: 0
BROKEN RECORDS: 0
BROKEN RECORDS: 0
BROKEN RECORDS: 0
BROKEN RECORDS: 0
BROKEN RECORDS: 0
BROKEN RECORDS: 0
BROKEN RECORDS: 0
BROKEN RECORDS: 0
BROKEN RECORDS: 0
BROKEN RECORDS: 0
BROKEN RECORDS: 0
BROKEN RECORDS: 0
BROKEN RECORDS: 0
BROKEN RECORDS: 0
BROKEN RECORDS: 0
BROKEN RECORDS: 0
BROKEN RECORDS: 0
BROKEN RECORDS: 0
BROKEN RECORDS: 0
2013-04-23T00:35:33.165+0200: [GC [ParNew: 3040832K->210162K(3040832K), 0.2924050 secs] 26461593K->23930962K(30070848K), 0.2925790 secs] [Times: user=2.26 sys=0.77, real=0.30 secs] 
BROKEN RECORDS: 0
BROKEN RECORDS: 0
BROKEN RECORDS: 0
BROKEN RECORDS: 0
BROKEN RECORDS: 0
BROKEN RECORDS: 0
BROKEN RECORDS: 0
BROKEN RECORDS: 0
