2013-04-23T00:29:55.989+0200: [GC [ParNew: 2702976K->337855K(3040832K), 0.9449620 secs] 2702976K->2488299K(30070848K), 0.9450370 secs] [Times: user=2.10 sys=9.78, real=0.95 secs] 
2013-04-23T00:29:57.699+0200: [GC [ParNew: 3040831K->337856K(3040832K), 1.0536100 secs] 5191275K->5119949K(30070848K), 1.0536850 secs] [Times: user=2.80 sys=10.81, real=1.05 secs] 
2013-04-23T00:29:59.507+0200: [GC [ParNew: 3040832K->337856K(3040832K), 1.0743610 secs] 7822925K->7815360K(30070848K), 1.0744330 secs] [Times: user=3.42 sys=10.49, real=1.08 secs] 
2013-04-23T00:30:01.306+0200: [GC [ParNew: 3040832K->337856K(3040832K), 1.0153820 secs] 10518336K->10565438K(30070848K), 1.0154560 secs] [Times: user=3.01 sys=10.13, real=1.02 secs] 
2013-04-23T00:30:03.041+0200: [GC [ParNew: 3040832K->337856K(3040832K), 1.0887430 secs] 13268414K->13288238K(30070848K), 1.0888120 secs] [Times: user=3.36 sys=10.73, real=1.08 secs] 
2013-04-23T00:30:04.843+0200: [GC [ParNew: 3040832K->337856K(3040832K), 1.4454020 secs] 15991214K->15965064K(30070848K), 1.4454730 secs] [Times: user=16.60 sys=2.15, real=1.44 secs] 
2013-04-23T00:30:07.014+0200: [GC [ParNew: 3040832K->337856K(3040832K), 1.0757010 secs] 18668040K->18712805K(30070848K), 1.0757730 secs] [Times: user=3.01 sys=10.92, real=1.07 secs] 
2013-04-23T00:30:08.813+0200: [GC [ParNew: 3040832K->337856K(3040832K), 1.1167580 secs] 21415781K->21393696K(30070848K), 1.1168330 secs] [Times: user=3.25 sys=11.22, real=1.12 secs] 
2013-04-23T00:30:21.906+0200: [GC [ParNew: 3040832K->337856K(3040832K), 1.5202490 secs] 24096672K->23509181K(30070848K), 1.5203570 secs] [Times: user=17.64 sys=2.05, real=1.53 secs] 
2013-04-23T00:31:09.679+0200: [GC [ParNew: 3038782K->337856K(3040832K), 0.2698610 secs] 26210107K->23725977K(30070848K), 0.2700660 secs] [Times: user=2.46 sys=0.63, real=0.27 secs] 
BROKEN RECORDS: 0
BROKEN RECORDS: 0
BROKEN RECORDS: 0
BROKEN RECORDS: 0
BROKEN RECORDS: 0
BROKEN RECORDS: 0
BROKEN RECORDS: 0
BROKEN RECORDS: 0
BROKEN RECORDS: 0
BROKEN RECORDS: 0
BROKEN RECORDS: 0
BROKEN RECORDS: 0
BROKEN RECORDS: 0
BROKEN RECORDS: 0
BROKEN RECORDS: 0
BROKEN RECORDS: 0
BROKEN RECORDS: 0
BROKEN RECORDS: 0
BROKEN RECORDS: 0
BROKEN RECORDS: 0
BROKEN RECORDS: 0
BROKEN RECORDS: 0
BROKEN RECORDS: 0
BROKEN RECORDS: 0
BROKEN RECORDS: 0
BROKEN RECORDS: 0
BROKEN RECORDS: 0
BROKEN RECORDS: 0
BROKEN RECORDS: 0
BROKEN RECORDS: 0
BROKEN RECORDS: 0
BROKEN RECORDS: 0
BROKEN RECORDS: 0
BROKEN RECORDS: 0
BROKEN RECORDS: 0
BROKEN RECORDS: 0
BROKEN RECORDS: 0
BROKEN RECORDS: 0
BROKEN RECORDS: 0
BROKEN RECORDS: 0
BROKEN RECORDS: 0
BROKEN RECORDS: 0
BROKEN RECORDS: 0
BROKEN RECORDS: 0
BROKEN RECORDS: 0
BROKEN RECORDS: 0
BROKEN RECORDS: 0
BROKEN RECORDS: 0
BROKEN RECORDS: 0
BROKEN RECORDS: 0
BROKEN RECORDS: 0
BROKEN RECORDS: 0
BROKEN RECORDS: 0
BROKEN RECORDS: 0
BROKEN RECORDS: 0
BROKEN RECORDS: 0
BROKEN RECORDS: 0
BROKEN RECORDS: 0
BROKEN RECORDS: 0
BROKEN RECORDS: 0
BROKEN RECORDS: 0
BROKEN RECORDS: 0
BROKEN RECORDS: 0
BROKEN RECORDS: 0
BROKEN RECORDS: 0
BROKEN RECORDS: 0
BROKEN RECORDS: 0
BROKEN RECORDS: 0
BROKEN RECORDS: 0
BROKEN RECORDS: 0
BROKEN RECORDS: 0
BROKEN RECORDS: 0
BROKEN RECORDS: 0
BROKEN RECORDS: 0
BROKEN RECORDS: 0
BROKEN RECORDS: 0
BROKEN RECORDS: 0
BROKEN RECORDS: 0
BROKEN RECORDS: 0
BROKEN RECORDS: 0
2013-04-23T00:35:33.131+0200: [GC [ParNew: 3040832K->262768K(3040832K), 0.2000060 secs] 26428953K->23937393K(30070848K), 0.2001810 secs] [Times: user=1.90 sys=0.42, real=0.20 secs] 
BROKEN RECORDS: 0
BROKEN RECORDS: 0
BROKEN RECORDS: 0
BROKEN RECORDS: 0
BROKEN RECORDS: 0
BROKEN RECORDS: 0
BROKEN RECORDS: 0
BROKEN RECORDS: 0
