2013-04-23T00:29:53.222+0200: [GC [ParNew: 2702976K->337856K(3040832K), 0.9429990 secs] 2702976K->2485047K(30070848K), 0.9430750 secs] [Times: user=2.00 sys=9.99, real=0.95 secs] 
2013-04-23T00:29:55.195+0200: [GC [ParNew: 3040832K->337856K(3040832K), 1.0601090 secs] 5188023K->5125654K(30070848K), 1.0601830 secs] [Times: user=2.67 sys=11.01, real=1.06 secs] 
2013-04-23T00:29:57.264+0200: [GC [ParNew: 3040832K->337856K(3040832K), 1.0722970 secs] 7828630K->7816287K(30070848K), 1.0723520 secs] [Times: user=3.16 sys=10.67, real=1.07 secs] 
2013-04-23T00:29:59.325+0200: [GC [ParNew: 3040832K->337856K(3040832K), 1.0387410 secs] 10519263K->10545011K(30070848K), 1.0388050 secs] [Times: user=3.17 sys=10.27, real=1.04 secs] 
2013-04-23T00:30:01.366+0200: [GC [ParNew: 3040832K->337856K(3040832K), 1.1083360 secs] 13247987K->13263905K(30070848K), 1.1084010 secs] [Times: user=2.98 sys=11.39, real=1.11 secs] 
2013-04-23T00:30:03.441+0200: [GC [ParNew: 3040832K->337856K(3040832K), 1.5633950 secs] 15966881K->15972171K(30070848K), 1.5634600 secs] [Times: user=17.55 sys=2.73, real=1.56 secs] 
2013-04-23T00:30:05.973+0200: [GC [ParNew: 3040832K->337856K(3040832K), 1.0852670 secs] 18675147K->18701246K(30070848K), 1.0853300 secs] [Times: user=2.88 sys=11.17, real=1.08 secs] 
2013-04-23T00:30:08.027+0200: [GC [ParNew: 3040832K->337856K(3040832K), 1.1219040 secs] 21404222K->21393695K(30070848K), 1.1219500 secs] [Times: user=3.46 sys=10.97, real=1.12 secs] 
2013-04-23T00:30:21.959+0200: [GC [ParNew: 3040832K->337856K(3040832K), 1.5167470 secs] 24096671K->23501908K(30070848K), 1.5168240 secs] [Times: user=17.77 sys=1.89, real=1.52 secs] 
2013-04-23T00:30:52.477+0200: [GC [ParNew: 3029851K->337856K(3040832K), 0.4503330 secs] 26193903K->23856292K(30070848K), 0.4505370 secs] [Times: user=2.42 sys=1.78, real=0.45 secs] 
BROKEN RECORDS: 0
BROKEN RECORDS: 0
BROKEN RECORDS: 0
BROKEN RECORDS: 0
BROKEN RECORDS: 0
BROKEN RECORDS: 0
BROKEN RECORDS: 0
BROKEN RECORDS: 0
BROKEN RECORDS: 0
BROKEN RECORDS: 0
BROKEN RECORDS: 0
BROKEN RECORDS: 0
BROKEN RECORDS: 0
BROKEN RECORDS: 0
BROKEN RECORDS: 0
BROKEN RECORDS: 0
BROKEN RECORDS: 0
BROKEN RECORDS: 0
BROKEN RECORDS: 0
BROKEN RECORDS: 0
BROKEN RECORDS: 0
BROKEN RECORDS: 0
BROKEN RECORDS: 0
BROKEN RECORDS: 0
BROKEN RECORDS: 0
BROKEN RECORDS: 0
2013-04-23T00:35:24.250+0200: [GC [ParNew: 3040832K->261264K(3040832K), 0.1799770 secs] 26559268K->24024054K(30070848K), 0.1801700 secs] [Times: user=1.90 sys=0.37, real=0.18 secs] 
BROKEN RECORDS: 0
BROKEN RECORDS: 0
BROKEN RECORDS: 0
BROKEN RECORDS: 0
BROKEN RECORDS: 0
BROKEN RECORDS: 0
BROKEN RECORDS: 0
BROKEN RECORDS: 0
BROKEN RECORDS: 0
BROKEN RECORDS: 0
BROKEN RECORDS: 0
BROKEN RECORDS: 0
BROKEN RECORDS: 0
BROKEN RECORDS: 0
BROKEN RECORDS: 0
BROKEN RECORDS: 0
BROKEN RECORDS: 0
BROKEN RECORDS: 0
BROKEN RECORDS: 0
BROKEN RECORDS: 0
BROKEN RECORDS: 0
BROKEN RECORDS: 0
BROKEN RECORDS: 0
BROKEN RECORDS: 0
BROKEN RECORDS: 0
BROKEN RECORDS: 0
BROKEN RECORDS: 0
BROKEN RECORDS: 0
BROKEN RECORDS: 0
BROKEN RECORDS: 0
BROKEN RECORDS: 0
BROKEN RECORDS: 0
BROKEN RECORDS: 0
BROKEN RECORDS: 0
BROKEN RECORDS: 0
BROKEN RECORDS: 0
BROKEN RECORDS: 0
BROKEN RECORDS: 0
BROKEN RECORDS: 0
BROKEN RECORDS: 0
BROKEN RECORDS: 0
BROKEN RECORDS: 0
BROKEN RECORDS: 0
BROKEN RECORDS: 0
BROKEN RECORDS: 0
BROKEN RECORDS: 0
BROKEN RECORDS: 0
BROKEN RECORDS: 0
BROKEN RECORDS: 0
BROKEN RECORDS: 0
BROKEN RECORDS: 0
BROKEN RECORDS: 0
BROKEN RECORDS: 0
BROKEN RECORDS: 0
BROKEN RECORDS: 0
BROKEN RECORDS: 0
BROKEN RECORDS: 0
BROKEN RECORDS: 0
BROKEN RECORDS: 0
BROKEN RECORDS: 0
BROKEN RECORDS: 0
BROKEN RECORDS: 0
