2013-04-23T00:29:53.961+0200: [GC [ParNew: 2702976K->337856K(3040832K), 0.9403990 secs] 2702976K->2490665K(30070848K), 0.9404660 secs] [Times: user=2.13 sys=9.83, real=0.94 secs] 
2013-04-23T00:29:55.655+0200: [GC [ParNew: 3040832K->337856K(3040832K), 1.0594030 secs] 5193641K->5128129K(30070848K), 1.0594730 secs] [Times: user=2.73 sys=10.95, real=1.06 secs] 
2013-04-23T00:29:57.460+0200: [GC [ParNew: 3040832K->337856K(3040832K), 1.0636350 secs] 7831105K->7820979K(30070848K), 1.0636850 secs] [Times: user=3.15 sys=10.53, real=1.06 secs] 
2013-04-23T00:29:59.236+0200: [GC [ParNew: 3040832K->337856K(3040832K), 1.0355970 secs] 10523955K->10564174K(30070848K), 1.0356650 secs] [Times: user=3.31 sys=10.10, real=1.03 secs] 
2013-04-23T00:30:00.995+0200: [GC [ParNew: 3040832K->337856K(3040832K), 1.0989130 secs] 13267150K->13291584K(30070848K), 1.0989800 secs] [Times: user=3.13 sys=11.11, real=1.09 secs] 
2013-04-23T00:30:02.817+0200: [GC [ParNew: 3040832K->337856K(3040832K), 1.4547690 secs] 15994560K->16016146K(30070848K), 1.4548380 secs] [Times: user=16.42 sys=2.41, real=1.45 secs] 
2013-04-23T00:30:04.986+0200: [GC [ParNew: 3040832K->337856K(3040832K), 1.0356970 secs] 18719122K->18722042K(30070848K), 1.0357650 secs] [Times: user=2.84 sys=10.57, real=1.03 secs] 
2013-04-23T00:30:06.737+0200: [GC [ParNew: 3040832K->337856K(3040832K), 1.0990550 secs] 21425018K->21408824K(30070848K), 1.0991250 secs] [Times: user=3.35 sys=10.89, real=1.10 secs] 
2013-04-23T00:30:21.960+0200: [GC [ParNew: 3040832K->337856K(3040832K), 1.5517410 secs] 24111800K->23523476K(30070848K), 1.5518400 secs] [Times: user=18.15 sys=1.97, real=1.55 secs] 
2013-04-23T00:31:46.496+0200: [GC [ParNew: 3040832K->337856K(3040832K), 0.1900780 secs] 26226452K->23615315K(30070848K), 0.1902380 secs] [Times: user=2.31 sys=0.10, real=0.20 secs] 
BROKEN RECORDS: 0
BROKEN RECORDS: 0
BROKEN RECORDS: 0
BROKEN RECORDS: 0
BROKEN RECORDS: 0
BROKEN RECORDS: 0
BROKEN RECORDS: 0
BROKEN RECORDS: 0
BROKEN RECORDS: 0
BROKEN RECORDS: 0
BROKEN RECORDS: 0
BROKEN RECORDS: 0
BROKEN RECORDS: 0
BROKEN RECORDS: 0
BROKEN RECORDS: 0
BROKEN RECORDS: 0
BROKEN RECORDS: 0
BROKEN RECORDS: 0
BROKEN RECORDS: 0
BROKEN RECORDS: 0
BROKEN RECORDS: 0
BROKEN RECORDS: 0
BROKEN RECORDS: 0
BROKEN RECORDS: 0
BROKEN RECORDS: 0
BROKEN RECORDS: 0
BROKEN RECORDS: 0
BROKEN RECORDS: 0
BROKEN RECORDS: 0
BROKEN RECORDS: 0
BROKEN RECORDS: 0
BROKEN RECORDS: 0
BROKEN RECORDS: 0
BROKEN RECORDS: 0
BROKEN RECORDS: 0
BROKEN RECORDS: 0
BROKEN RECORDS: 0
BROKEN RECORDS: 0
BROKEN RECORDS: 0
BROKEN RECORDS: 0
BROKEN RECORDS: 0
BROKEN RECORDS: 0
BROKEN RECORDS: 0
BROKEN RECORDS: 0
BROKEN RECORDS: 0
BROKEN RECORDS: 0
BROKEN RECORDS: 0
BROKEN RECORDS: 0
BROKEN RECORDS: 0
BROKEN RECORDS: 0
BROKEN RECORDS: 0
BROKEN RECORDS: 0
BROKEN RECORDS: 0
BROKEN RECORDS: 0
BROKEN RECORDS: 0
BROKEN RECORDS: 0
BROKEN RECORDS: 0
BROKEN RECORDS: 0
BROKEN RECORDS: 0
BROKEN RECORDS: 0
BROKEN RECORDS: 0
BROKEN RECORDS: 0
BROKEN RECORDS: 0
BROKEN RECORDS: 0
BROKEN RECORDS: 0
BROKEN RECORDS: 0
BROKEN RECORDS: 0
BROKEN RECORDS: 0
BROKEN RECORDS: 0
BROKEN RECORDS: 0
BROKEN RECORDS: 0
BROKEN RECORDS: 0
BROKEN RECORDS: 0
BROKEN RECORDS: 0
BROKEN RECORDS: 0
BROKEN RECORDS: 0
BROKEN RECORDS: 0
BROKEN RECORDS: 0
BROKEN RECORDS: 0
BROKEN RECORDS: 0
2013-04-23T00:35:33.432+0200: [GC [ParNew: 3040832K->200236K(3040832K), 0.2862630 secs] 26318291K->23796884K(30070848K), 0.2864350 secs] [Times: user=2.05 sys=0.69, real=0.29 secs] 
BROKEN RECORDS: 0
BROKEN RECORDS: 0
BROKEN RECORDS: 0
BROKEN RECORDS: 0
BROKEN RECORDS: 0
BROKEN RECORDS: 0
BROKEN RECORDS: 0
BROKEN RECORDS: 0
