2013-04-23T00:29:52.594+0200: [GC [ParNew: 2702976K->337855K(3040832K), 0.9423060 secs] 2702976K->2481974K(30070848K), 0.9423930 secs] [Times: user=2.08 sys=9.71, real=0.94 secs] 
2013-04-23T00:29:54.313+0200: [GC [ParNew: 3040831K->337856K(3040832K), 1.0688780 secs] 5184950K->5117487K(30070848K), 1.0689290 secs] [Times: user=2.96 sys=10.84, real=1.07 secs] 
2013-04-23T00:29:56.148+0200: [GC [ParNew: 3040832K->337856K(3040832K), 1.0666940 secs] 7820463K->7805566K(30070848K), 1.0667760 secs] [Times: user=3.39 sys=10.41, real=1.07 secs] 
2013-04-23T00:29:57.930+0200: [GC [ParNew: 3040832K->337856K(3040832K), 1.0473160 secs] 10508542K->10538036K(30070848K), 1.0474120 secs] [Times: user=3.18 sys=10.36, real=1.05 secs] 
2013-04-23T00:29:59.688+0200: [GC [ParNew: 3040832K->337856K(3040832K), 1.1163500 secs] 13241012K->13242523K(30070848K), 1.1164270 secs] [Times: user=2.83 sys=11.61, real=1.11 secs] 
2013-04-23T00:30:01.508+0200: [GC [ParNew: 3040832K->337856K(3040832K), 1.3847600 secs] 15945499K->15944866K(30070848K), 1.3848140 secs] [Times: user=15.61 sys=2.33, real=1.38 secs] 
2013-04-23T00:30:03.618+0200: [GC [ParNew: 3040832K->337856K(3040832K), 1.1075550 secs] 18647842K->18665233K(30070848K), 1.1076330 secs] [Times: user=3.35 sys=10.90, real=1.10 secs] 
2013-04-23T00:30:05.430+0200: [GC [ParNew: 3040832K->337856K(3040832K), 1.1390410 secs] 21368209K->21359570K(30070848K), 1.1390990 secs] [Times: user=3.47 sys=11.24, real=1.14 secs] 
2013-04-23T00:30:21.933+0200: [GC [ParNew: 3040832K->337856K(3040832K), 1.2733630 secs] 24062546K->23501532K(30070848K), 1.2734260 secs] [Times: user=14.82 sys=1.66, real=1.28 secs] 
2013-04-23T00:30:50.149+0200: [GC [ParNew: 3040632K->337856K(3040832K), 0.3869430 secs] 26204309K->23850661K(30070848K), 0.3871130 secs] [Times: user=2.86 sys=1.31, real=0.39 secs] 
BROKEN RECORDS: 0
BROKEN RECORDS: 0
BROKEN RECORDS: 0
BROKEN RECORDS: 0
BROKEN RECORDS: 0
BROKEN RECORDS: 0
BROKEN RECORDS: 0
BROKEN RECORDS: 0
BROKEN RECORDS: 0
BROKEN RECORDS: 0
BROKEN RECORDS: 0
BROKEN RECORDS: 0
BROKEN RECORDS: 0
BROKEN RECORDS: 0
BROKEN RECORDS: 0
BROKEN RECORDS: 0
BROKEN RECORDS: 0
2013-04-23T00:34:37.319+0200: [GC [ParNew: 3040832K->328206K(3040832K), 0.6840000 secs] 26553637K->24088631K(30070848K), 0.6841990 secs] [Times: user=5.25 sys=0.64, real=0.68 secs] 
BROKEN RECORDS: 0
BROKEN RECORDS: 0
BROKEN RECORDS: 0
BROKEN RECORDS: 0
BROKEN RECORDS: 0
BROKEN RECORDS: 0
BROKEN RECORDS: 0
BROKEN RECORDS: 0
BROKEN RECORDS: 0
BROKEN RECORDS: 0
BROKEN RECORDS: 0
BROKEN RECORDS: 0
BROKEN RECORDS: 0
BROKEN RECORDS: 0
BROKEN RECORDS: 0
BROKEN RECORDS: 0
BROKEN RECORDS: 0
BROKEN RECORDS: 0
BROKEN RECORDS: 0
BROKEN RECORDS: 0
BROKEN RECORDS: 0
BROKEN RECORDS: 0
BROKEN RECORDS: 0
BROKEN RECORDS: 0
BROKEN RECORDS: 0
BROKEN RECORDS: 0
BROKEN RECORDS: 0
BROKEN RECORDS: 0
BROKEN RECORDS: 0
BROKEN RECORDS: 0
BROKEN RECORDS: 0
BROKEN RECORDS: 0
BROKEN RECORDS: 0
BROKEN RECORDS: 0
BROKEN RECORDS: 0
BROKEN RECORDS: 0
BROKEN RECORDS: 0
BROKEN RECORDS: 0
BROKEN RECORDS: 0
BROKEN RECORDS: 0
BROKEN RECORDS: 0
BROKEN RECORDS: 0
BROKEN RECORDS: 0
BROKEN RECORDS: 0
BROKEN RECORDS: 0
BROKEN RECORDS: 0
BROKEN RECORDS: 0
BROKEN RECORDS: 0
BROKEN RECORDS: 0
BROKEN RECORDS: 0
BROKEN RECORDS: 0
BROKEN RECORDS: 0
BROKEN RECORDS: 0
BROKEN RECORDS: 0
BROKEN RECORDS: 0
BROKEN RECORDS: 0
BROKEN RECORDS: 0
BROKEN RECORDS: 0
BROKEN RECORDS: 0
BROKEN RECORDS: 0
BROKEN RECORDS: 0
BROKEN RECORDS: 0
BROKEN RECORDS: 0
BROKEN RECORDS: 0
BROKEN RECORDS: 0
BROKEN RECORDS: 0
BROKEN RECORDS: 0
BROKEN RECORDS: 0
BROKEN RECORDS: 0
BROKEN RECORDS: 0
BROKEN RECORDS: 0
