2013-04-23T00:29:54.829+0200: [GC [ParNew: 2702976K->337856K(3040832K), 0.9396440 secs] 2702976K->2493070K(30070848K), 0.9397170 secs] [Times: user=2.16 sys=9.80, real=0.94 secs] 
2013-04-23T00:29:56.796+0200: [GC [ParNew: 3040832K->337856K(3040832K), 1.0626310 secs] 5196046K->5123573K(30070848K), 1.0626880 secs] [Times: user=2.72 sys=10.99, real=1.06 secs] 
2013-04-23T00:29:58.868+0200: [GC [ParNew: 3040832K->337856K(3040832K), 1.0634710 secs] 7826549K->7814822K(30070848K), 1.0635450 secs] [Times: user=3.53 sys=10.24, real=1.06 secs] 
2013-04-23T00:30:00.906+0200: [GC [ParNew: 3040832K->337856K(3040832K), 1.0255550 secs] 10517798K->10535797K(30070848K), 1.0256280 secs] [Times: user=3.22 sys=9.84, real=1.03 secs] 
2013-04-23T00:30:02.925+0200: [GC [ParNew: 3040832K->337856K(3040832K), 1.0950070 secs] 13238773K->13265129K(30070848K), 1.0950770 secs] [Times: user=3.05 sys=11.14, real=1.09 secs] 
2013-04-23T00:30:05.018+0200: [GC [ParNew: 3040832K->337856K(3040832K), 1.4577990 secs] 15968105K->15962829K(30070848K), 1.4578730 secs] [Times: user=16.42 sys=2.49, real=1.46 secs] 
2013-04-23T00:30:07.472+0200: [GC [ParNew: 3040832K->337856K(3040832K), 1.0697970 secs] 18665805K->18679163K(30070848K), 1.0698560 secs] [Times: user=2.94 sys=10.89, real=1.07 secs] 
2013-04-23T00:30:09.531+0200: [GC [ParNew: 3040832K->337856K(3040832K), 1.1270540 secs] 21382139K->21387715K(30070848K), 1.1271190 secs] [Times: user=3.40 sys=11.17, real=1.12 secs] 
2013-04-23T00:30:22.024+0200: [GC [ParNew: 3040832K->337856K(3040832K), 1.5381280 secs] 24090691K->23496829K(30070848K), 1.5382410 secs] [Times: user=17.81 sys=2.12, real=1.54 secs] 
2013-04-23T00:30:55.188+0200: [GC [ParNew: 3040832K->337856K(3040832K), 0.5291640 secs] 26199805K->23914156K(30070848K), 0.5293810 secs] [Times: user=3.01 sys=1.88, real=0.54 secs] 
BROKEN RECORDS: 0
BROKEN RECORDS: 0
BROKEN RECORDS: 0
BROKEN RECORDS: 0
BROKEN RECORDS: 0
BROKEN RECORDS: 0
BROKEN RECORDS: 0
BROKEN RECORDS: 0
BROKEN RECORDS: 0
BROKEN RECORDS: 0
BROKEN RECORDS: 0
BROKEN RECORDS: 0
BROKEN RECORDS: 0
BROKEN RECORDS: 0
BROKEN RECORDS: 0
BROKEN RECORDS: 0
BROKEN RECORDS: 0
BROKEN RECORDS: 0
BROKEN RECORDS: 0
BROKEN RECORDS: 0
BROKEN RECORDS: 0
BROKEN RECORDS: 0
BROKEN RECORDS: 0
BROKEN RECORDS: 0
BROKEN RECORDS: 0
BROKEN RECORDS: 0
BROKEN RECORDS: 0
BROKEN RECORDS: 0
BROKEN RECORDS: 0
BROKEN RECORDS: 0
BROKEN RECORDS: 0
BROKEN RECORDS: 0
BROKEN RECORDS: 0
BROKEN RECORDS: 0
BROKEN RECORDS: 0
BROKEN RECORDS: 0
BROKEN RECORDS: 0
BROKEN RECORDS: 0
BROKEN RECORDS: 0
BROKEN RECORDS: 0
BROKEN RECORDS: 0
BROKEN RECORDS: 0
BROKEN RECORDS: 0
BROKEN RECORDS: 0
BROKEN RECORDS: 0
BROKEN RECORDS: 0
BROKEN RECORDS: 0
BROKEN RECORDS: 0
BROKEN RECORDS: 0
BROKEN RECORDS: 0
BROKEN RECORDS: 0
BROKEN RECORDS: 0
BROKEN RECORDS: 0
BROKEN RECORDS: 0
BROKEN RECORDS: 0
BROKEN RECORDS: 0
BROKEN RECORDS: 0
BROKEN RECORDS: 0
BROKEN RECORDS: 0
BROKEN RECORDS: 0
BROKEN RECORDS: 0
BROKEN RECORDS: 0
BROKEN RECORDS: 0
2013-04-23T00:35:31.546+0200: [GC [ParNew: 3040832K->219905K(3040832K), 0.1993050 secs] 26617132K->24060416K(30070848K), 0.1996060 secs] [Times: user=1.87 sys=0.49, real=0.20 secs] 
BROKEN RECORDS: 0
BROKEN RECORDS: 0
BROKEN RECORDS: 0
BROKEN RECORDS: 0
BROKEN RECORDS: 0
BROKEN RECORDS: 0
BROKEN RECORDS: 0
BROKEN RECORDS: 0
BROKEN RECORDS: 0
BROKEN RECORDS: 0
BROKEN RECORDS: 0
BROKEN RECORDS: 0
BROKEN RECORDS: 0
BROKEN RECORDS: 0
BROKEN RECORDS: 0
BROKEN RECORDS: 0
BROKEN RECORDS: 0
BROKEN RECORDS: 0
BROKEN RECORDS: 0
BROKEN RECORDS: 0
BROKEN RECORDS: 0
BROKEN RECORDS: 0
BROKEN RECORDS: 0
BROKEN RECORDS: 0
BROKEN RECORDS: 0
