2013-04-23T00:29:52.148+0200: [GC [ParNew: 2702976K->337855K(3040832K), 0.9439260 secs] 2702976K->2491305K(30070848K), 0.9440000 secs] [Times: user=2.42 sys=9.52, real=0.94 secs] 
2013-04-23T00:29:53.857+0200: [GC [ParNew: 3040831K->337856K(3040832K), 1.0530120 secs] 5194281K->5126712K(30070848K), 1.0530680 secs] [Times: user=2.85 sys=10.76, real=1.05 secs] 
2013-04-23T00:29:55.664+0200: [GC [ParNew: 3040832K->337856K(3040832K), 1.0679370 secs] 7829688K->7818569K(30070848K), 1.0679830 secs] [Times: user=3.46 sys=10.16, real=1.07 secs] 
2013-04-23T00:29:57.456+0200: [GC [ParNew: 3040832K->337856K(3040832K), 1.0226930 secs] 10521545K->10550815K(30070848K), 1.0227500 secs] [Times: user=3.31 sys=9.75, real=1.03 secs] 
2013-04-23T00:29:59.206+0200: [GC [ParNew: 3040832K->337856K(3040832K), 1.0927760 secs] 13253791K->13260937K(30070848K), 1.0928210 secs] [Times: user=3.11 sys=11.05, real=1.09 secs] 
2013-04-23T00:30:01.001+0200: [GC [ParNew: 3040832K->337856K(3040832K), 1.5955830 secs] 15963913K->15950665K(30070848K), 1.5956470 secs] [Times: user=18.19 sys=2.38, real=1.59 secs] 
2013-04-23T00:30:03.523+0200: [GC [ParNew: 3040832K->337856K(3040832K), 1.0596880 secs] 18653641K->18669016K(30070848K), 1.0597650 secs] [Times: user=3.13 sys=10.59, real=1.06 secs] 
2013-04-23T00:30:05.541+0200: [GC [ParNew: 3040832K->337856K(3040832K), 1.1134780 secs] 21371992K->21354677K(30070848K), 1.1135510 secs] [Times: user=3.38 sys=11.04, real=1.11 secs] 
2013-04-23T00:30:21.872+0200: [GC [ParNew: 3040832K->337856K(3040832K), 1.2644100 secs] 24057653K->23481463K(30070848K), 1.2645210 secs] [Times: user=14.69 sys=1.68, real=1.26 secs] 
2013-04-23T00:30:55.482+0200: [GC [ParNew: 3034298K->337856K(3040832K), 0.4310160 secs] 26177905K->23842199K(30070848K), 0.4312180 secs] [Times: user=2.89 sys=1.59, real=0.44 secs] 
BROKEN RECORDS: 0
BROKEN RECORDS: 0
BROKEN RECORDS: 0
BROKEN RECORDS: 0
BROKEN RECORDS: 0
BROKEN RECORDS: 0
BROKEN RECORDS: 0
BROKEN RECORDS: 0
BROKEN RECORDS: 0
BROKEN RECORDS: 0
BROKEN RECORDS: 0
BROKEN RECORDS: 0
BROKEN RECORDS: 0
BROKEN RECORDS: 0
BROKEN RECORDS: 0
BROKEN RECORDS: 0
BROKEN RECORDS: 0
BROKEN RECORDS: 0
BROKEN RECORDS: 0
BROKEN RECORDS: 0
BROKEN RECORDS: 0
BROKEN RECORDS: 0
BROKEN RECORDS: 0
BROKEN RECORDS: 0
BROKEN RECORDS: 0
BROKEN RECORDS: 0
BROKEN RECORDS: 0
BROKEN RECORDS: 0
BROKEN RECORDS: 0
BROKEN RECORDS: 0
BROKEN RECORDS: 0
BROKEN RECORDS: 0
BROKEN RECORDS: 0
BROKEN RECORDS: 0
BROKEN RECORDS: 0
BROKEN RECORDS: 0
BROKEN RECORDS: 0
BROKEN RECORDS: 0
BROKEN RECORDS: 0
BROKEN RECORDS: 0
BROKEN RECORDS: 0
BROKEN RECORDS: 0
BROKEN RECORDS: 0
BROKEN RECORDS: 0
BROKEN RECORDS: 0
BROKEN RECORDS: 0
BROKEN RECORDS: 0
BROKEN RECORDS: 0
BROKEN RECORDS: 0
BROKEN RECORDS: 0
BROKEN RECORDS: 0
BROKEN RECORDS: 0
BROKEN RECORDS: 0
BROKEN RECORDS: 0
BROKEN RECORDS: 0
BROKEN RECORDS: 0
BROKEN RECORDS: 0
BROKEN RECORDS: 0
BROKEN RECORDS: 0
BROKEN RECORDS: 0
BROKEN RECORDS: 0
BROKEN RECORDS: 0
BROKEN RECORDS: 0
2013-04-23T00:35:31.506+0200: [GC [ParNew: 3040832K->233666K(3040832K), 0.2672380 secs] 26545175K->23991548K(30070848K), 0.2676380 secs] [Times: user=2.42 sys=0.58, real=0.26 secs] 
BROKEN RECORDS: 0
BROKEN RECORDS: 0
BROKEN RECORDS: 0
BROKEN RECORDS: 0
BROKEN RECORDS: 0
BROKEN RECORDS: 0
BROKEN RECORDS: 0
BROKEN RECORDS: 0
BROKEN RECORDS: 0
BROKEN RECORDS: 0
BROKEN RECORDS: 0
BROKEN RECORDS: 0
BROKEN RECORDS: 0
BROKEN RECORDS: 0
BROKEN RECORDS: 0
BROKEN RECORDS: 0
BROKEN RECORDS: 0
BROKEN RECORDS: 0
BROKEN RECORDS: 0
BROKEN RECORDS: 0
BROKEN RECORDS: 0
BROKEN RECORDS: 0
BROKEN RECORDS: 0
BROKEN RECORDS: 0
BROKEN RECORDS: 0
