2013-04-23T00:29:53.269+0200: [GC [ParNew: 2702976K->337856K(3040832K), 0.9408880 secs] 2702976K->2487406K(30070848K), 0.9409650 secs] [Times: user=2.15 sys=9.72, real=0.94 secs] 
2013-04-23T00:29:55.247+0200: [GC [ParNew: 3040832K->337856K(3040832K), 1.0670330 secs] 5190382K->5115688K(30070848K), 1.0671010 secs] [Times: user=3.03 sys=10.73, real=1.07 secs] 
2013-04-23T00:29:57.362+0200: [GC [ParNew: 3040832K->337856K(3040832K), 1.0886300 secs] 7818664K->7805977K(30070848K), 1.0887050 secs] [Times: user=3.59 sys=10.47, real=1.08 secs] 
2013-04-23T00:29:59.435+0200: [GC [ParNew: 3040832K->337856K(3040832K), 1.0398310 secs] 10508953K->10552309K(30070848K), 1.0399070 secs] [Times: user=3.22 sys=10.25, real=1.04 secs] 
2013-04-23T00:30:01.447+0200: [GC [ParNew: 3040832K->337856K(3040832K), 1.1303800 secs] 13255285K->13270211K(30070848K), 1.1304360 secs] [Times: user=3.28 sys=11.28, real=1.13 secs] 
2013-04-23T00:30:03.571+0200: [GC [ParNew: 3040832K->337856K(3040832K), 1.4816530 secs] 15973187K->15980109K(30070848K), 1.4817140 secs] [Times: user=16.75 sys=2.48, real=1.49 secs] 
2013-04-23T00:30:06.016+0200: [GC [ParNew: 3040832K->337856K(3040832K), 1.0701560 secs] 18683085K->18707712K(30070848K), 1.0702130 secs] [Times: user=3.12 sys=10.74, real=1.07 secs] 
2013-04-23T00:30:08.071+0200: [GC [ParNew: 3040832K->337856K(3040832K), 1.1289490 secs] 21410688K->21390107K(30070848K), 1.1290260 secs] [Times: user=3.72 sys=10.74, real=1.13 secs] 
2013-04-23T00:30:21.882+0200: [GC [ParNew: 3040832K->337856K(3040832K), 1.2819120 secs] 24093083K->23496468K(30070848K), 1.2819990 secs] [Times: user=14.82 sys=1.81, real=1.28 secs] 
2013-04-23T00:30:51.022+0200: [GC [ParNew: 3037207K->337856K(3040832K), 0.4613350 secs] 26195820K->23959449K(30070848K), 0.4614970 secs] [Times: user=2.83 sys=1.88, real=0.46 secs] 
BROKEN RECORDS: 0
BROKEN RECORDS: 0
BROKEN RECORDS: 0
BROKEN RECORDS: 0
BROKEN RECORDS: 0
BROKEN RECORDS: 0
BROKEN RECORDS: 0
BROKEN RECORDS: 0
BROKEN RECORDS: 0
BROKEN RECORDS: 0
BROKEN RECORDS: 0
BROKEN RECORDS: 0
BROKEN RECORDS: 0
BROKEN RECORDS: 0
BROKEN RECORDS: 0
BROKEN RECORDS: 0
BROKEN RECORDS: 0
BROKEN RECORDS: 0
BROKEN RECORDS: 0
BROKEN RECORDS: 0
BROKEN RECORDS: 0
BROKEN RECORDS: 0
BROKEN RECORDS: 0
BROKEN RECORDS: 0
BROKEN RECORDS: 0
BROKEN RECORDS: 0
BROKEN RECORDS: 0
BROKEN RECORDS: 0
BROKEN RECORDS: 0
BROKEN RECORDS: 0
BROKEN RECORDS: 0
BROKEN RECORDS: 0
BROKEN RECORDS: 0
BROKEN RECORDS: 0
BROKEN RECORDS: 0
BROKEN RECORDS: 0
BROKEN RECORDS: 0
BROKEN RECORDS: 0
BROKEN RECORDS: 0
BROKEN RECORDS: 0
BROKEN RECORDS: 0
BROKEN RECORDS: 0
BROKEN RECORDS: 0
BROKEN RECORDS: 0
BROKEN RECORDS: 0
BROKEN RECORDS: 0
BROKEN RECORDS: 0
BROKEN RECORDS: 0
BROKEN RECORDS: 0
BROKEN RECORDS: 0
BROKEN RECORDS: 0
BROKEN RECORDS: 0
BROKEN RECORDS: 0
BROKEN RECORDS: 0
BROKEN RECORDS: 0
BROKEN RECORDS: 0
BROKEN RECORDS: 0
BROKEN RECORDS: 0
BROKEN RECORDS: 0
BROKEN RECORDS: 0
BROKEN RECORDS: 0
BROKEN RECORDS: 0
BROKEN RECORDS: 0
BROKEN RECORDS: 0
BROKEN RECORDS: 0
BROKEN RECORDS: 0
BROKEN RECORDS: 0
BROKEN RECORDS: 0
BROKEN RECORDS: 0
BROKEN RECORDS: 0
BROKEN RECORDS: 0
BROKEN RECORDS: 0
BROKEN RECORDS: 0
BROKEN RECORDS: 0
BROKEN RECORDS: 0
BROKEN RECORDS: 0
BROKEN RECORDS: 0
BROKEN RECORDS: 0
BROKEN RECORDS: 0
BROKEN RECORDS: 0
2013-04-23T00:35:32.864+0200: [GC [ParNew: 3040832K->188184K(3040832K), 0.2664040 secs] 26662425K->24064177K(30070848K), 0.2666420 secs] [Times: user=2.03 sys=0.46, real=0.26 secs] 
BROKEN RECORDS: 0
BROKEN RECORDS: 0
BROKEN RECORDS: 0
BROKEN RECORDS: 0
BROKEN RECORDS: 0
BROKEN RECORDS: 0
BROKEN RECORDS: 0
BROKEN RECORDS: 0
