2013-04-23T00:29:51.820+0200: [GC [ParNew: 2702976K->337856K(3040832K), 0.9369400 secs] 2702976K->2481998K(30070848K), 0.9370140 secs] [Times: user=2.18 sys=9.64, real=0.94 secs] 
2013-04-23T00:29:53.512+0200: [GC [ParNew: 3040832K->337856K(3040832K), 1.0676640 secs] 5184974K->5113642K(30070848K), 1.0677320 secs] [Times: user=2.91 sys=10.85, real=1.07 secs] 
2013-04-23T00:29:55.313+0200: [GC [ParNew: 3040832K->337856K(3040832K), 1.0847700 secs] 7816618K->7809629K(30070848K), 1.0848250 secs] [Times: user=3.29 sys=10.69, real=1.09 secs] 
2013-04-23T00:29:57.112+0200: [GC [ParNew: 3040832K->337856K(3040832K), 1.0527480 secs] 10512605K->10537104K(30070848K), 1.0528110 secs] [Times: user=3.37 sys=10.20, real=1.06 secs] 
2013-04-23T00:29:58.887+0200: [GC [ParNew: 3040832K->337856K(3040832K), 1.1188580 secs] 13240080K->13254462K(30070848K), 1.1189060 secs] [Times: user=3.24 sys=11.24, real=1.12 secs] 
2013-04-23T00:30:00.721+0200: [GC [ParNew: 3040832K->337856K(3040832K), 1.4823530 secs] 15957438K->15972908K(30070848K), 1.4824200 secs] [Times: user=16.65 sys=2.45, real=1.48 secs] 
2013-04-23T00:30:02.917+0200: [GC [ParNew: 3040832K->337856K(3040832K), 1.0897390 secs] 18675884K->18714502K(30070848K), 1.0898160 secs] [Times: user=3.14 sys=10.96, real=1.09 secs] 
2013-04-23T00:30:04.701+0200: [GC [ParNew: 3040832K->337856K(3040832K), 1.1470050 secs] 21417478K->21414442K(30070848K), 1.1471810 secs] [Times: user=3.66 sys=11.18, real=1.15 secs] 
2013-04-23T00:30:21.888+0200: [GC [ParNew: 3040832K->337856K(3040832K), 1.7745920 secs] 24117418K->23493621K(30070848K), 1.7747150 secs] [Times: user=20.86 sys=2.11, real=1.77 secs] 
2013-04-23T00:30:50.202+0200: [GC [ParNew: 3040832K->337856K(3040832K), 0.5644660 secs] 26196597K->23948923K(30070848K), 0.5646640 secs] [Times: user=3.57 sys=1.92, real=0.56 secs] 
BROKEN RECORDS: 0
BROKEN RECORDS: 0
BROKEN RECORDS: 0
BROKEN RECORDS: 0
BROKEN RECORDS: 0
BROKEN RECORDS: 0
BROKEN RECORDS: 0
BROKEN RECORDS: 0
BROKEN RECORDS: 0
BROKEN RECORDS: 0
BROKEN RECORDS: 0
BROKEN RECORDS: 0
BROKEN RECORDS: 0
BROKEN RECORDS: 0
BROKEN RECORDS: 0
BROKEN RECORDS: 0
BROKEN RECORDS: 0
BROKEN RECORDS: 0
BROKEN RECORDS: 0
BROKEN RECORDS: 0
BROKEN RECORDS: 0
BROKEN RECORDS: 0
BROKEN RECORDS: 0
BROKEN RECORDS: 0
BROKEN RECORDS: 0
BROKEN RECORDS: 0
BROKEN RECORDS: 0
BROKEN RECORDS: 0
BROKEN RECORDS: 0
BROKEN RECORDS: 0
BROKEN RECORDS: 0
BROKEN RECORDS: 0
BROKEN RECORDS: 0
BROKEN RECORDS: 0
BROKEN RECORDS: 0
BROKEN RECORDS: 0
BROKEN RECORDS: 0
BROKEN RECORDS: 0
BROKEN RECORDS: 0
BROKEN RECORDS: 0
BROKEN RECORDS: 0
BROKEN RECORDS: 0
BROKEN RECORDS: 0
BROKEN RECORDS: 0
BROKEN RECORDS: 0
BROKEN RECORDS: 0
BROKEN RECORDS: 0
BROKEN RECORDS: 0
2013-04-23T00:35:30.432+0200: [GC [ParNew: 3040832K->238599K(3040832K), 0.2223520 secs] 26651899K->24097596K(30070848K), 0.2225200 secs] [Times: user=2.03 sys=0.40, real=0.23 secs] 
BROKEN RECORDS: 0
BROKEN RECORDS: 0
BROKEN RECORDS: 0
BROKEN RECORDS: 0
BROKEN RECORDS: 0
BROKEN RECORDS: 0
BROKEN RECORDS: 0
BROKEN RECORDS: 0
BROKEN RECORDS: 0
BROKEN RECORDS: 0
BROKEN RECORDS: 0
BROKEN RECORDS: 0
BROKEN RECORDS: 0
BROKEN RECORDS: 0
BROKEN RECORDS: 0
BROKEN RECORDS: 0
BROKEN RECORDS: 0
BROKEN RECORDS: 0
BROKEN RECORDS: 0
BROKEN RECORDS: 0
BROKEN RECORDS: 0
BROKEN RECORDS: 0
BROKEN RECORDS: 0
BROKEN RECORDS: 0
BROKEN RECORDS: 0
BROKEN RECORDS: 0
BROKEN RECORDS: 0
BROKEN RECORDS: 0
BROKEN RECORDS: 0
BROKEN RECORDS: 0
BROKEN RECORDS: 0
BROKEN RECORDS: 0
BROKEN RECORDS: 0
BROKEN RECORDS: 0
BROKEN RECORDS: 0
BROKEN RECORDS: 0
BROKEN RECORDS: 0
BROKEN RECORDS: 0
BROKEN RECORDS: 0
BROKEN RECORDS: 0
