2013-04-23T00:29:55.919+0200: [GC [ParNew: 2702976K->337856K(3040832K), 0.8850630 secs] 2702976K->2482021K(30070848K), 0.8851340 secs] [Times: user=2.11 sys=8.57, real=0.88 secs] 
2013-04-23T00:29:57.865+0200: [GC [ParNew: 3040832K->337855K(3040832K), 1.0511070 secs] 5184997K->5111068K(30070848K), 1.0511770 secs] [Times: user=2.76 sys=10.77, real=1.05 secs] 
2013-04-23T00:29:59.904+0200: [GC [ParNew: 3040831K->337856K(3040832K), 1.0607510 secs] 7814044K->7800749K(30070848K), 1.0608190 secs] [Times: user=3.19 sys=10.55, real=1.06 secs] 
2013-04-23T00:30:01.913+0200: [GC [ParNew: 3040832K->337856K(3040832K), 1.0347570 secs] 10503725K->10544328K(30070848K), 1.0348260 secs] [Times: user=3.29 sys=9.85, real=1.04 secs] 
2013-04-23T00:30:03.934+0200: [GC [ParNew: 3040832K->337856K(3040832K), 1.0868510 secs] 13247304K->13269561K(30070848K), 1.0869210 secs] [Times: user=3.07 sys=10.97, real=1.09 secs] 
2013-04-23T00:30:05.995+0200: [GC [ParNew: 3040832K->337856K(3040832K), 1.3742340 secs] 15972537K->15983654K(30070848K), 1.3742870 secs] [Times: user=15.33 sys=2.51, real=1.38 secs] 
2013-04-23T00:30:08.325+0200: [GC [ParNew: 3040832K->337856K(3040832K), 1.0732690 secs] 18686630K->18695057K(30070848K), 1.0733430 secs] [Times: user=3.02 sys=10.82, real=1.08 secs] 
2013-04-23T00:30:10.345+0200: [GC [ParNew: 3040832K->337856K(3040832K), 1.1202700 secs] 21398033K->21397750K(30070848K), 1.1203440 secs] [Times: user=3.38 sys=11.13, real=1.12 secs] 
2013-04-23T00:30:21.926+0200: [GC [ParNew: 3040832K->337856K(3040832K), 1.5557320 secs] 24100726K->23531420K(30070848K), 1.5558400 secs] [Times: user=18.24 sys=1.93, real=1.55 secs] 
2013-04-23T00:31:01.020+0200: [GC [ParNew: 3036357K->337856K(3040832K), 0.2278150 secs] 26229922K->23853951K(30070848K), 0.2280570 secs] [Times: user=2.16 sys=0.63, real=0.23 secs] 
BROKEN RECORDS: 0
BROKEN RECORDS: 0
BROKEN RECORDS: 0
BROKEN RECORDS: 0
BROKEN RECORDS: 0
BROKEN RECORDS: 0
BROKEN RECORDS: 0
BROKEN RECORDS: 0
BROKEN RECORDS: 0
BROKEN RECORDS: 0
BROKEN RECORDS: 0
BROKEN RECORDS: 0
BROKEN RECORDS: 0
BROKEN RECORDS: 0
BROKEN RECORDS: 0
BROKEN RECORDS: 0
BROKEN RECORDS: 0
BROKEN RECORDS: 0
BROKEN RECORDS: 0
BROKEN RECORDS: 0
BROKEN RECORDS: 0
BROKEN RECORDS: 0
BROKEN RECORDS: 0
BROKEN RECORDS: 0
BROKEN RECORDS: 0
BROKEN RECORDS: 0
BROKEN RECORDS: 0
BROKEN RECORDS: 0
BROKEN RECORDS: 0
BROKEN RECORDS: 0
BROKEN RECORDS: 0
BROKEN RECORDS: 0
BROKEN RECORDS: 0
BROKEN RECORDS: 0
BROKEN RECORDS: 0
BROKEN RECORDS: 0
BROKEN RECORDS: 0
BROKEN RECORDS: 0
BROKEN RECORDS: 0
BROKEN RECORDS: 0
BROKEN RECORDS: 0
BROKEN RECORDS: 0
BROKEN RECORDS: 0
BROKEN RECORDS: 0
BROKEN RECORDS: 0
BROKEN RECORDS: 0
BROKEN RECORDS: 0
BROKEN RECORDS: 0
BROKEN RECORDS: 0
BROKEN RECORDS: 0
BROKEN RECORDS: 0
BROKEN RECORDS: 0
BROKEN RECORDS: 0
BROKEN RECORDS: 0
BROKEN RECORDS: 0
BROKEN RECORDS: 0
BROKEN RECORDS: 0
BROKEN RECORDS: 0
BROKEN RECORDS: 0
BROKEN RECORDS: 0
BROKEN RECORDS: 0
BROKEN RECORDS: 0
BROKEN RECORDS: 0
BROKEN RECORDS: 0
BROKEN RECORDS: 0
BROKEN RECORDS: 0
BROKEN RECORDS: 0
BROKEN RECORDS: 0
BROKEN RECORDS: 0
BROKEN RECORDS: 0
BROKEN RECORDS: 0
BROKEN RECORDS: 0
BROKEN RECORDS: 0
BROKEN RECORDS: 0
BROKEN RECORDS: 0
BROKEN RECORDS: 0
BROKEN RECORDS: 0
BROKEN RECORDS: 0
BROKEN RECORDS: 0
BROKEN RECORDS: 0
2013-04-23T00:35:32.958+0200: [GC [ParNew: 3040832K->259355K(3040832K), 0.2293630 secs] 26556927K->24056850K(30070848K), 0.2296030 secs] [Times: user=2.04 sys=0.56, real=0.23 secs] 
BROKEN RECORDS: 0
BROKEN RECORDS: 0
BROKEN RECORDS: 0
BROKEN RECORDS: 0
BROKEN RECORDS: 0
BROKEN RECORDS: 0
BROKEN RECORDS: 0
BROKEN RECORDS: 0
