2013-04-23T00:29:56.053+0200: [GC [ParNew: 2702976K->337855K(3040832K), 0.9175230 secs] 2702976K->2483951K(30070848K), 0.9175940 secs] [Times: user=1.84 sys=9.83, real=0.92 secs] 
2013-04-23T00:29:57.745+0200: [GC [ParNew: 3040831K->337856K(3040832K), 1.0516570 secs] 5186927K->5124749K(30070848K), 1.0517060 secs] [Times: user=2.66 sys=10.93, real=1.05 secs] 
2013-04-23T00:29:59.547+0200: [GC [ParNew: 3040832K->337856K(3040832K), 1.0580460 secs] 7827725K->7820672K(30070848K), 1.0580910 secs] [Times: user=3.10 sys=10.61, real=1.05 secs] 
2013-04-23T00:30:01.328+0200: [GC [ParNew: 3040832K->337856K(3040832K), 1.0259960 secs] 10523648K->10563387K(30070848K), 1.0260520 secs] [Times: user=3.23 sys=10.06, real=1.02 secs] 
2013-04-23T00:30:03.068+0200: [GC [ParNew: 3040832K->337856K(3040832K), 1.0675990 secs] 13266363K->13269154K(30070848K), 1.0676460 secs] [Times: user=3.33 sys=10.49, real=1.06 secs] 
2013-04-23T00:30:04.829+0200: [GC [ParNew: 3040832K->337856K(3040832K), 1.4907430 secs] 15972130K->15930965K(30070848K), 1.4907890 secs] [Times: user=17.02 sys=2.33, real=1.49 secs] 
2013-04-23T00:30:07.021+0200: [GC [ParNew: 3040832K->337856K(3040832K), 1.0902220 secs] 18633941K->18699357K(30070848K), 1.0902780 secs] [Times: user=3.14 sys=10.99, real=1.09 secs] 
2013-04-23T00:30:08.815+0200: [GC [ParNew: 3040832K->337856K(3040832K), 1.1095430 secs] 21402333K->21375028K(30070848K), 1.1095980 secs] [Times: user=3.19 sys=11.18, real=1.10 secs] 
2013-04-23T00:30:21.900+0200: [GC [ParNew: 3040832K->337856K(3040832K), 1.5418820 secs] 24078004K->23478732K(30070848K), 1.5419700 secs] [Times: user=18.05 sys=1.94, real=1.54 secs] 
2013-04-23T00:30:56.102+0200: [GC [ParNew: 3031278K->337856K(3040832K), 0.4929460 secs] 26172154K->23881409K(30070848K), 0.4931660 secs] [Times: user=2.66 sys=1.81, real=0.50 secs] 
BROKEN RECORDS: 0
BROKEN RECORDS: 0
BROKEN RECORDS: 0
BROKEN RECORDS: 0
BROKEN RECORDS: 0
BROKEN RECORDS: 0
BROKEN RECORDS: 0
BROKEN RECORDS: 0
BROKEN RECORDS: 0
BROKEN RECORDS: 0
BROKEN RECORDS: 0
BROKEN RECORDS: 0
BROKEN RECORDS: 0
BROKEN RECORDS: 0
BROKEN RECORDS: 0
BROKEN RECORDS: 0
BROKEN RECORDS: 0
BROKEN RECORDS: 0
BROKEN RECORDS: 0
BROKEN RECORDS: 0
BROKEN RECORDS: 0
BROKEN RECORDS: 0
BROKEN RECORDS: 0
BROKEN RECORDS: 0
BROKEN RECORDS: 0
BROKEN RECORDS: 0
BROKEN RECORDS: 0
BROKEN RECORDS: 0
BROKEN RECORDS: 0
BROKEN RECORDS: 0
BROKEN RECORDS: 0
BROKEN RECORDS: 0
BROKEN RECORDS: 0
BROKEN RECORDS: 0
BROKEN RECORDS: 0
BROKEN RECORDS: 0
BROKEN RECORDS: 0
BROKEN RECORDS: 0
BROKEN RECORDS: 0
BROKEN RECORDS: 0
BROKEN RECORDS: 0
BROKEN RECORDS: 0
BROKEN RECORDS: 0
BROKEN RECORDS: 0
BROKEN RECORDS: 0
BROKEN RECORDS: 0
BROKEN RECORDS: 0
BROKEN RECORDS: 0
BROKEN RECORDS: 0
BROKEN RECORDS: 0
BROKEN RECORDS: 0
BROKEN RECORDS: 0
BROKEN RECORDS: 0
BROKEN RECORDS: 0
BROKEN RECORDS: 0
BROKEN RECORDS: 0
BROKEN RECORDS: 0
BROKEN RECORDS: 0
BROKEN RECORDS: 0
BROKEN RECORDS: 0
BROKEN RECORDS: 0
BROKEN RECORDS: 0
BROKEN RECORDS: 0
BROKEN RECORDS: 0
BROKEN RECORDS: 0
BROKEN RECORDS: 0
BROKEN RECORDS: 0
BROKEN RECORDS: 0
BROKEN RECORDS: 0
BROKEN RECORDS: 0
BROKEN RECORDS: 0
BROKEN RECORDS: 0
BROKEN RECORDS: 0
BROKEN RECORDS: 0
BROKEN RECORDS: 0
BROKEN RECORDS: 0
BROKEN RECORDS: 0
BROKEN RECORDS: 0
BROKEN RECORDS: 0
BROKEN RECORDS: 0
2013-04-23T00:35:32.795+0200: [GC [ParNew: 3040832K->246157K(3040832K), 0.1876550 secs] 26584385K->24023219K(30070848K), 0.1878720 secs] [Times: user=2.03 sys=0.35, real=0.18 secs] 
BROKEN RECORDS: 0
BROKEN RECORDS: 0
BROKEN RECORDS: 0
BROKEN RECORDS: 0
BROKEN RECORDS: 0
BROKEN RECORDS: 0
BROKEN RECORDS: 0
BROKEN RECORDS: 0
