2013-04-23T00:29:54.469+0200: [GC [ParNew: 2702976K->337856K(3040832K), 0.8906290 secs] 2702976K->2492776K(30070848K), 0.8906950 secs] [Times: user=1.90 sys=8.91, real=0.89 secs] 
2013-04-23T00:29:56.384+0200: [GC [ParNew: 3040832K->337856K(3040832K), 1.0579240 secs] 5195752K->5125931K(30070848K), 1.0579740 secs] [Times: user=2.63 sys=10.93, real=1.06 secs] 
2013-04-23T00:29:58.459+0200: [GC [ParNew: 3040832K->337856K(3040832K), 1.0637390 secs] 7828907K->7821878K(30070848K), 1.0637780 secs] [Times: user=3.14 sys=10.65, real=1.07 secs] 
2013-04-23T00:30:00.530+0200: [GC [ParNew: 3040832K->337856K(3040832K), 1.0448160 secs] 10524854K->10554828K(30070848K), 1.0448860 secs] [Times: user=3.12 sys=10.40, real=1.04 secs] 
2013-04-23T00:30:02.566+0200: [GC [ParNew: 3040832K->337856K(3040832K), 1.0988980 secs] 13257804K->13258835K(30070848K), 1.0989660 secs] [Times: user=3.01 sys=11.18, real=1.10 secs] 
2013-04-23T00:30:04.654+0200: [GC [ParNew: 3040832K->337856K(3040832K), 1.4220470 secs] 15961811K->15974881K(30070848K), 1.4221140 secs] [Times: user=16.01 sys=2.36, real=1.42 secs] 
2013-04-23T00:30:07.055+0200: [GC [ParNew: 3040832K->337856K(3040832K), 1.0887720 secs] 18677857K->18677544K(30070848K), 1.0888350 secs] [Times: user=3.10 sys=10.99, real=1.09 secs] 
2013-04-23T00:30:09.132+0200: [GC [ParNew: 3040832K->337856K(3040832K), 1.1141070 secs] 21380520K->21366662K(30070848K), 1.1141750 secs] [Times: user=3.25 sys=11.19, real=1.11 secs] 
2013-04-23T00:30:21.946+0200: [GC [ParNew: 3040832K->337856K(3040832K), 1.5027250 secs] 24069638K->23507760K(30070848K), 1.5028290 secs] [Times: user=17.52 sys=1.85, real=1.50 secs] 
2013-04-23T00:30:52.845+0200: [GC [ParNew: 3037873K->337856K(3040832K), 0.4081950 secs] 26207778K->23926058K(30070848K), 0.4083690 secs] [Times: user=2.35 sys=2.02, real=0.41 secs] 
BROKEN RECORDS: 0
BROKEN RECORDS: 0
BROKEN RECORDS: 0
BROKEN RECORDS: 0
BROKEN RECORDS: 0
BROKEN RECORDS: 0
BROKEN RECORDS: 0
BROKEN RECORDS: 0
BROKEN RECORDS: 0
BROKEN RECORDS: 0
BROKEN RECORDS: 0
BROKEN RECORDS: 0
BROKEN RECORDS: 0
BROKEN RECORDS: 0
BROKEN RECORDS: 0
BROKEN RECORDS: 0
BROKEN RECORDS: 0
BROKEN RECORDS: 0
BROKEN RECORDS: 0
BROKEN RECORDS: 0
BROKEN RECORDS: 0
BROKEN RECORDS: 0
BROKEN RECORDS: 0
BROKEN RECORDS: 0
BROKEN RECORDS: 0
BROKEN RECORDS: 0
BROKEN RECORDS: 0
BROKEN RECORDS: 0
BROKEN RECORDS: 0
BROKEN RECORDS: 0
BROKEN RECORDS: 0
BROKEN RECORDS: 0
BROKEN RECORDS: 0
BROKEN RECORDS: 0
BROKEN RECORDS: 0
BROKEN RECORDS: 0
BROKEN RECORDS: 0
BROKEN RECORDS: 0
BROKEN RECORDS: 0
BROKEN RECORDS: 0
BROKEN RECORDS: 0
BROKEN RECORDS: 0
BROKEN RECORDS: 0
BROKEN RECORDS: 0
BROKEN RECORDS: 0
BROKEN RECORDS: 0
BROKEN RECORDS: 0
BROKEN RECORDS: 0
BROKEN RECORDS: 0
BROKEN RECORDS: 0
BROKEN RECORDS: 0
BROKEN RECORDS: 0
BROKEN RECORDS: 0
BROKEN RECORDS: 0
2013-04-23T00:35:30.867+0200: [GC [ParNew: 3040832K->323714K(3040832K), 0.2128460 secs] 26629034K->24163926K(30070848K), 0.2132120 secs] [Times: user=2.03 sys=0.48, real=0.22 secs] 
BROKEN RECORDS: 0
BROKEN RECORDS: 0
BROKEN RECORDS: 0
BROKEN RECORDS: 0
BROKEN RECORDS: 0
BROKEN RECORDS: 0
BROKEN RECORDS: 0
BROKEN RECORDS: 0
BROKEN RECORDS: 0
BROKEN RECORDS: 0
BROKEN RECORDS: 0
BROKEN RECORDS: 0
BROKEN RECORDS: 0
BROKEN RECORDS: 0
BROKEN RECORDS: 0
BROKEN RECORDS: 0
BROKEN RECORDS: 0
BROKEN RECORDS: 0
BROKEN RECORDS: 0
BROKEN RECORDS: 0
BROKEN RECORDS: 0
BROKEN RECORDS: 0
BROKEN RECORDS: 0
BROKEN RECORDS: 0
BROKEN RECORDS: 0
BROKEN RECORDS: 0
BROKEN RECORDS: 0
BROKEN RECORDS: 0
BROKEN RECORDS: 0
BROKEN RECORDS: 0
BROKEN RECORDS: 0
BROKEN RECORDS: 0
BROKEN RECORDS: 0
BROKEN RECORDS: 0
