2013-04-23T00:29:55.709+0200: [GC [ParNew: 2702976K->337856K(3040832K), 0.9260810 secs] 2702976K->2482384K(30070848K), 0.9261540 secs] [Times: user=1.86 sys=9.92, real=0.93 secs] 
2013-04-23T00:29:57.391+0200: [GC [ParNew: 3040832K->337856K(3040832K), 1.0548830 secs] 5185360K->5123497K(30070848K), 1.0549300 secs] [Times: user=2.70 sys=10.92, real=1.05 secs] 
2013-04-23T00:29:59.179+0200: [GC [ParNew: 3040832K->337856K(3040832K), 1.0617750 secs] 7826473K->7815002K(30070848K), 1.0618220 secs] [Times: user=3.18 sys=10.58, real=1.06 secs] 
2013-04-23T00:30:00.956+0200: [GC [ParNew: 3040832K->337856K(3040832K), 1.0387800 secs] 10517978K->10560918K(30070848K), 1.0388260 secs] [Times: user=3.01 sys=10.44, real=1.04 secs] 
2013-04-23T00:30:02.708+0200: [GC [ParNew: 3040832K->337856K(3040832K), 1.0843780 secs] 13263894K->13289160K(30070848K), 1.0844240 secs] [Times: user=3.60 sys=10.44, real=1.08 secs] 
2013-04-23T00:30:04.516+0200: [GC [ParNew: 3040832K->337856K(3040832K), 1.4586580 secs] 15992136K->15999603K(30070848K), 1.4587040 secs] [Times: user=16.73 sys=2.20, real=1.46 secs] 
2013-04-23T00:30:06.697+0200: [GC [ParNew: 3040832K->337856K(3040832K), 1.0321640 secs] 18702579K->18713728K(30070848K), 1.0322110 secs] [Times: user=3.36 sys=10.00, real=1.04 secs] 
2013-04-23T00:30:08.452+0200: [GC [ParNew: 3040832K->337856K(3040832K), 1.1384520 secs] 21416704K->21434830K(30070848K), 1.1384990 secs] [Times: user=3.37 sys=11.38, real=1.14 secs] 
2013-04-23T00:30:21.896+0200: [GC [ParNew: 3040832K->337856K(3040832K), 1.2898040 secs] 24137806K->23528992K(30070848K), 1.2898920 secs] [Times: user=15.10 sys=1.63, real=1.29 secs] 
2013-04-23T00:30:53.660+0200: [GC [ParNew: 3040832K->337856K(3040832K), 0.3702380 secs] 26231968K->23884239K(30070848K), 0.3704320 secs] [Times: user=2.71 sys=1.45, real=0.37 secs] 
BROKEN RECORDS: 0
BROKEN RECORDS: 0
BROKEN RECORDS: 0
BROKEN RECORDS: 0
BROKEN RECORDS: 0
BROKEN RECORDS: 0
BROKEN RECORDS: 0
BROKEN RECORDS: 0
BROKEN RECORDS: 0
BROKEN RECORDS: 0
BROKEN RECORDS: 0
BROKEN RECORDS: 0
BROKEN RECORDS: 0
BROKEN RECORDS: 0
BROKEN RECORDS: 0
BROKEN RECORDS: 0
BROKEN RECORDS: 0
BROKEN RECORDS: 0
BROKEN RECORDS: 0
BROKEN RECORDS: 0
BROKEN RECORDS: 0
BROKEN RECORDS: 0
BROKEN RECORDS: 0
BROKEN RECORDS: 0
BROKEN RECORDS: 0
BROKEN RECORDS: 0
BROKEN RECORDS: 0
BROKEN RECORDS: 0
BROKEN RECORDS: 0
BROKEN RECORDS: 0
BROKEN RECORDS: 0
BROKEN RECORDS: 0
BROKEN RECORDS: 0
BROKEN RECORDS: 0
BROKEN RECORDS: 0
BROKEN RECORDS: 0
BROKEN RECORDS: 0
BROKEN RECORDS: 0
BROKEN RECORDS: 0
BROKEN RECORDS: 0
BROKEN RECORDS: 0
BROKEN RECORDS: 0
BROKEN RECORDS: 0
BROKEN RECORDS: 0
BROKEN RECORDS: 0
BROKEN RECORDS: 0
BROKEN RECORDS: 0
BROKEN RECORDS: 0
BROKEN RECORDS: 0
BROKEN RECORDS: 0
BROKEN RECORDS: 0
BROKEN RECORDS: 0
BROKEN RECORDS: 0
BROKEN RECORDS: 0
BROKEN RECORDS: 0
BROKEN RECORDS: 0
BROKEN RECORDS: 0
BROKEN RECORDS: 0
BROKEN RECORDS: 0
BROKEN RECORDS: 0
BROKEN RECORDS: 0
BROKEN RECORDS: 0
BROKEN RECORDS: 0
BROKEN RECORDS: 0
BROKEN RECORDS: 0
BROKEN RECORDS: 0
BROKEN RECORDS: 0
BROKEN RECORDS: 0
BROKEN RECORDS: 0
BROKEN RECORDS: 0
BROKEN RECORDS: 0
BROKEN RECORDS: 0
BROKEN RECORDS: 0
BROKEN RECORDS: 0
BROKEN RECORDS: 0
BROKEN RECORDS: 0
BROKEN RECORDS: 0
BROKEN RECORDS: 0
BROKEN RECORDS: 0
BROKEN RECORDS: 0
2013-04-23T00:35:32.745+0200: [GC [ParNew: 3040832K->204931K(3040832K), 0.1869540 secs] 26587215K->24018265K(30070848K), 0.1871500 secs] [Times: user=1.98 sys=0.41, real=0.19 secs] 
BROKEN RECORDS: 0
BROKEN RECORDS: 0
BROKEN RECORDS: 0
BROKEN RECORDS: 0
BROKEN RECORDS: 0
BROKEN RECORDS: 0
BROKEN RECORDS: 0
BROKEN RECORDS: 0
