2013-04-23T00:29:54.950+0200: [GC [ParNew: 2702976K->337856K(3040832K), 0.9424340 secs] 2702976K->2497398K(30070848K), 0.9425020 secs] [Times: user=2.32 sys=9.60, real=0.95 secs] 
2013-04-23T00:29:56.665+0200: [GC [ParNew: 3040832K->337856K(3040832K), 1.0377070 secs] 5200374K->5126160K(30070848K), 1.0377820 secs] [Times: user=2.60 sys=10.77, real=1.03 secs] 
2013-04-23T00:29:58.464+0200: [GC [ParNew: 3040832K->337856K(3040832K), 1.0553000 secs] 7829136K->7817593K(30070848K), 1.0553670 secs] [Times: user=3.09 sys=10.59, real=1.06 secs] 
2013-04-23T00:30:00.178+0200: [GC [ParNew: 3040832K->337856K(3040832K), 1.0318570 secs] 10520569K->10521793K(30070848K), 1.0319080 secs] [Times: user=3.41 sys=9.90, real=1.03 secs] 
2013-04-23T00:30:01.942+0200: [GC [ParNew: 3040832K->337856K(3040832K), 1.0954050 secs] 13224769K->13234252K(30070848K), 1.0954720 secs] [Times: user=3.84 sys=10.32, real=1.10 secs] 
2013-04-23T00:30:03.710+0200: [GC [ParNew: 3040832K->337856K(3040832K), 1.5536570 secs] 15937228K->15934482K(30070848K), 1.5537270 secs] [Times: user=17.78 sys=2.39, real=1.55 secs] 
2013-04-23T00:30:05.976+0200: [GC [ParNew: 3040832K->337856K(3040832K), 1.0566050 secs] 18637458K->18669577K(30070848K), 1.0566570 secs] [Times: user=3.47 sys=10.21, real=1.06 secs] 
2013-04-23T00:30:07.743+0200: [GC [ParNew: 3040832K->337856K(3040832K), 1.0872300 secs] 21372553K->21354085K(30070848K), 1.0872810 secs] [Times: user=3.79 sys=10.29, real=1.09 secs] 
2013-04-23T00:30:21.882+0200: [GC [ParNew: 3040832K->337856K(3040832K), 1.4150030 secs] 24057061K->23460029K(30070848K), 1.4151070 secs] [Times: user=16.39 sys=1.87, real=1.41 secs] 
2013-04-23T00:30:47.782+0200: [GC [ParNew: 3032798K->337856K(3040832K), 0.5763570 secs] 26154972K->23937595K(30070848K), 0.5766500 secs] [Times: user=2.65 sys=2.42, real=0.57 secs] 
BROKEN RECORDS: 0
BROKEN RECORDS: 0
BROKEN RECORDS: 0
BROKEN RECORDS: 0
BROKEN RECORDS: 0
BROKEN RECORDS: 0
BROKEN RECORDS: 0
BROKEN RECORDS: 0
BROKEN RECORDS: 0
BROKEN RECORDS: 0
BROKEN RECORDS: 0
BROKEN RECORDS: 0
BROKEN RECORDS: 0
BROKEN RECORDS: 0
BROKEN RECORDS: 0
BROKEN RECORDS: 0
BROKEN RECORDS: 0
BROKEN RECORDS: 0
BROKEN RECORDS: 0
BROKEN RECORDS: 0
BROKEN RECORDS: 0
BROKEN RECORDS: 0
BROKEN RECORDS: 0
BROKEN RECORDS: 0
BROKEN RECORDS: 0
BROKEN RECORDS: 0
BROKEN RECORDS: 0
BROKEN RECORDS: 0
BROKEN RECORDS: 0
BROKEN RECORDS: 0
BROKEN RECORDS: 0
BROKEN RECORDS: 0
BROKEN RECORDS: 0
BROKEN RECORDS: 0
BROKEN RECORDS: 0
BROKEN RECORDS: 0
BROKEN RECORDS: 0
BROKEN RECORDS: 0
BROKEN RECORDS: 0
BROKEN RECORDS: 0
2013-04-23T00:35:29.869+0200: [GC [ParNew: 3040832K->308781K(3040832K), 0.2032320 secs] 26640571K->24174669K(30070848K), 0.2034150 secs] [Times: user=2.03 sys=0.47, real=0.21 secs] 
BROKEN RECORDS: 0
BROKEN RECORDS: 0
BROKEN RECORDS: 0
BROKEN RECORDS: 0
BROKEN RECORDS: 0
BROKEN RECORDS: 0
BROKEN RECORDS: 0
BROKEN RECORDS: 0
BROKEN RECORDS: 0
BROKEN RECORDS: 0
BROKEN RECORDS: 0
BROKEN RECORDS: 0
BROKEN RECORDS: 0
BROKEN RECORDS: 0
BROKEN RECORDS: 0
BROKEN RECORDS: 0
BROKEN RECORDS: 0
BROKEN RECORDS: 0
BROKEN RECORDS: 0
BROKEN RECORDS: 0
BROKEN RECORDS: 0
BROKEN RECORDS: 0
BROKEN RECORDS: 0
BROKEN RECORDS: 0
BROKEN RECORDS: 0
BROKEN RECORDS: 0
BROKEN RECORDS: 0
BROKEN RECORDS: 0
BROKEN RECORDS: 0
BROKEN RECORDS: 0
BROKEN RECORDS: 0
BROKEN RECORDS: 0
BROKEN RECORDS: 0
BROKEN RECORDS: 0
BROKEN RECORDS: 0
BROKEN RECORDS: 0
BROKEN RECORDS: 0
BROKEN RECORDS: 0
BROKEN RECORDS: 0
BROKEN RECORDS: 0
BROKEN RECORDS: 0
BROKEN RECORDS: 0
BROKEN RECORDS: 0
BROKEN RECORDS: 0
BROKEN RECORDS: 0
BROKEN RECORDS: 0
BROKEN RECORDS: 0
BROKEN RECORDS: 0
