2013-04-23T00:29:52.097+0200: [GC [ParNew: 2702976K->337856K(3040832K), 0.9485560 secs] 2702976K->2482177K(30070848K), 0.9486270 secs] [Times: user=2.26 sys=9.77, real=0.95 secs] 
2013-04-23T00:29:53.791+0200: [GC [ParNew: 3040832K->337856K(3040832K), 1.0681140 secs] 5185153K->5122781K(30070848K), 1.0681870 secs] [Times: user=2.82 sys=10.98, real=1.07 secs] 
2013-04-23T00:29:55.581+0200: [GC [ParNew: 3040832K->337856K(3040832K), 1.0783370 secs] 7825757K->7814854K(30070848K), 1.0783910 secs] [Times: user=3.25 sys=10.71, real=1.08 secs] 
2013-04-23T00:29:57.373+0200: [GC [ParNew: 3040832K->337856K(3040832K), 1.0242500 secs] 10517830K->10528114K(30070848K), 1.0243240 secs] [Times: user=3.27 sys=9.92, real=1.03 secs] 
2013-04-23T00:29:59.102+0200: [GC [ParNew: 3040832K->337856K(3040832K), 1.1186900 secs] 13231090K->13258630K(30070848K), 1.1187620 secs] [Times: user=3.20 sys=11.29, real=1.12 secs] 
2013-04-23T00:30:00.924+0200: [GC [ParNew: 3040832K->337856K(3040832K), 1.6998020 secs] 15961606K->15973331K(30070848K), 1.6998590 secs] [Times: user=19.13 sys=2.85, real=1.70 secs] 
2013-04-23T00:30:03.347+0200: [GC [ParNew: 3040832K->337856K(3040832K), 1.0899370 secs] 18676307K->18711147K(30070848K), 1.0900200 secs] [Times: user=3.37 sys=10.66, real=1.09 secs] 
2013-04-23T00:30:05.142+0200: [GC [ParNew: 3040832K->337856K(3040832K), 1.1305730 secs] 21414123K->21408109K(30070848K), 1.1306290 secs] [Times: user=3.64 sys=11.01, real=1.14 secs] 
2013-04-23T00:30:21.919+0200: [GC [ParNew: 3040832K->337856K(3040832K), 1.4878910 secs] 24111085K->23492475K(30070848K), 1.4879730 secs] [Times: user=17.20 sys=2.08, real=1.49 secs] 
2013-04-23T00:31:14.408+0200: [GC [ParNew: 3031368K->337856K(3040832K), 0.3155220 secs] 26185988K->23762923K(30070848K), 0.3156940 secs] [Times: user=2.42 sys=1.04, real=0.31 secs] 
BROKEN RECORDS: 0
BROKEN RECORDS: 0
BROKEN RECORDS: 0
BROKEN RECORDS: 0
BROKEN RECORDS: 0
BROKEN RECORDS: 0
BROKEN RECORDS: 0
BROKEN RECORDS: 0
BROKEN RECORDS: 0
BROKEN RECORDS: 0
BROKEN RECORDS: 0
BROKEN RECORDS: 0
BROKEN RECORDS: 0
BROKEN RECORDS: 0
BROKEN RECORDS: 0
BROKEN RECORDS: 0
BROKEN RECORDS: 0
BROKEN RECORDS: 0
BROKEN RECORDS: 0
BROKEN RECORDS: 0
BROKEN RECORDS: 0
BROKEN RECORDS: 0
BROKEN RECORDS: 0
BROKEN RECORDS: 0
BROKEN RECORDS: 0
BROKEN RECORDS: 0
BROKEN RECORDS: 0
BROKEN RECORDS: 0
BROKEN RECORDS: 0
BROKEN RECORDS: 0
BROKEN RECORDS: 0
BROKEN RECORDS: 0
BROKEN RECORDS: 0
BROKEN RECORDS: 0
BROKEN RECORDS: 0
BROKEN RECORDS: 0
BROKEN RECORDS: 0
BROKEN RECORDS: 0
BROKEN RECORDS: 0
BROKEN RECORDS: 0
BROKEN RECORDS: 0
BROKEN RECORDS: 0
BROKEN RECORDS: 0
BROKEN RECORDS: 0
BROKEN RECORDS: 0
BROKEN RECORDS: 0
BROKEN RECORDS: 0
BROKEN RECORDS: 0
BROKEN RECORDS: 0
BROKEN RECORDS: 0
BROKEN RECORDS: 0
BROKEN RECORDS: 0
BROKEN RECORDS: 0
BROKEN RECORDS: 0
BROKEN RECORDS: 0
BROKEN RECORDS: 0
BROKEN RECORDS: 0
BROKEN RECORDS: 0
BROKEN RECORDS: 0
BROKEN RECORDS: 0
BROKEN RECORDS: 0
BROKEN RECORDS: 0
2013-04-23T00:35:31.466+0200: [GC [ParNew: 3040832K->254476K(3040832K), 0.2000730 secs] 26465899K->23934148K(30070848K), 0.2002660 secs] [Times: user=1.84 sys=0.44, real=0.20 secs] 
BROKEN RECORDS: 0
BROKEN RECORDS: 0
BROKEN RECORDS: 0
BROKEN RECORDS: 0
BROKEN RECORDS: 0
BROKEN RECORDS: 0
BROKEN RECORDS: 0
BROKEN RECORDS: 0
BROKEN RECORDS: 0
BROKEN RECORDS: 0
BROKEN RECORDS: 0
BROKEN RECORDS: 0
BROKEN RECORDS: 0
BROKEN RECORDS: 0
BROKEN RECORDS: 0
BROKEN RECORDS: 0
BROKEN RECORDS: 0
BROKEN RECORDS: 0
BROKEN RECORDS: 0
BROKEN RECORDS: 0
BROKEN RECORDS: 0
BROKEN RECORDS: 0
BROKEN RECORDS: 0
BROKEN RECORDS: 0
BROKEN RECORDS: 0
BROKEN RECORDS: 0
