2013-04-23T00:29:54.631+0200: [GC [ParNew: 2702976K->337855K(3040832K), 0.9328350 secs] 2702976K->2482927K(30070848K), 0.9329310 secs] [Times: user=2.29 sys=9.55, real=0.93 secs] 
2013-04-23T00:29:56.349+0200: [GC [ParNew: 3040831K->337856K(3040832K), 1.0382510 secs] 5185903K->5112718K(30070848K), 1.0383270 secs] [Times: user=2.82 sys=10.48, real=1.04 secs] 
2013-04-23T00:29:58.131+0200: [GC [ParNew: 3040832K->337856K(3040832K), 1.0601940 secs] 7815694K->7808033K(30070848K), 1.0602660 secs] [Times: user=3.28 sys=10.45, real=1.06 secs] 
2013-04-23T00:29:59.901+0200: [GC [ParNew: 3040832K->337856K(3040832K), 1.0153780 secs] 10511009K->10538965K(30070848K), 1.0154470 secs] [Times: user=3.43 sys=9.72, real=1.01 secs] 
2013-04-23T00:30:01.636+0200: [GC [ParNew: 3040832K->337856K(3040832K), 1.0979680 secs] 13241941K->13244893K(30070848K), 1.0980240 secs] [Times: user=3.21 sys=10.94, real=1.10 secs] 
2013-04-23T00:30:03.446+0200: [GC [ParNew: 3040832K->337856K(3040832K), 1.4862240 secs] 15947869K->15935198K(30070848K), 1.4862700 secs] [Times: user=16.60 sys=2.70, real=1.48 secs] 
2013-04-23T00:30:05.646+0200: [GC [ParNew: 3040832K->337856K(3040832K), 1.0568590 secs] 18638174K->18651148K(30070848K), 1.0569150 secs] [Times: user=2.75 sys=10.93, real=1.05 secs] 
2013-04-23T00:30:07.436+0200: [GC [ParNew: 3040832K->337856K(3040832K), 1.1254290 secs] 21354124K->21341387K(30070848K), 1.1254860 secs] [Times: user=3.38 sys=11.12, real=1.13 secs] 
2013-04-23T00:30:21.884+0200: [GC [ParNew: 3040832K->337856K(3040832K), 1.5462230 secs] 24044363K->23480179K(30070848K), 1.5463330 secs] [Times: user=18.11 sys=1.94, real=1.55 secs] 
2013-04-23T00:30:42.690+0200: [GC [ParNew: 3038519K->337856K(3040832K), 0.5679450 secs] 26180842K->23970639K(30070848K), 0.5681330 secs] [Times: user=3.37 sys=2.36, real=0.57 secs] 
BROKEN RECORDS: 0
BROKEN RECORDS: 0
BROKEN RECORDS: 0
BROKEN RECORDS: 0
BROKEN RECORDS: 0
BROKEN RECORDS: 0
BROKEN RECORDS: 0
BROKEN RECORDS: 0
BROKEN RECORDS: 0
BROKEN RECORDS: 0
BROKEN RECORDS: 0
BROKEN RECORDS: 0
BROKEN RECORDS: 0
BROKEN RECORDS: 0
BROKEN RECORDS: 0
BROKEN RECORDS: 0
BROKEN RECORDS: 0
BROKEN RECORDS: 0
BROKEN RECORDS: 0
BROKEN RECORDS: 0
BROKEN RECORDS: 0
BROKEN RECORDS: 0
BROKEN RECORDS: 0
BROKEN RECORDS: 0
BROKEN RECORDS: 0
BROKEN RECORDS: 0
BROKEN RECORDS: 0
BROKEN RECORDS: 0
BROKEN RECORDS: 0
BROKEN RECORDS: 0
2013-04-23T00:35:24.481+0200: [GC [ParNew: 3040832K->337856K(3040832K), 0.4059450 secs] 26673615K->24228271K(30070848K), 0.4061840 secs] [Times: user=3.42 sys=0.53, real=0.41 secs] 
BROKEN RECORDS: 0
BROKEN RECORDS: 0
BROKEN RECORDS: 0
BROKEN RECORDS: 0
BROKEN RECORDS: 0
BROKEN RECORDS: 0
BROKEN RECORDS: 0
BROKEN RECORDS: 0
BROKEN RECORDS: 0
BROKEN RECORDS: 0
BROKEN RECORDS: 0
BROKEN RECORDS: 0
BROKEN RECORDS: 0
BROKEN RECORDS: 0
BROKEN RECORDS: 0
BROKEN RECORDS: 0
BROKEN RECORDS: 0
BROKEN RECORDS: 0
BROKEN RECORDS: 0
BROKEN RECORDS: 0
BROKEN RECORDS: 0
BROKEN RECORDS: 0
BROKEN RECORDS: 0
BROKEN RECORDS: 0
BROKEN RECORDS: 0
BROKEN RECORDS: 0
BROKEN RECORDS: 0
BROKEN RECORDS: 0
BROKEN RECORDS: 0
BROKEN RECORDS: 0
BROKEN RECORDS: 0
BROKEN RECORDS: 0
BROKEN RECORDS: 0
BROKEN RECORDS: 0
BROKEN RECORDS: 0
BROKEN RECORDS: 0
BROKEN RECORDS: 0
BROKEN RECORDS: 0
BROKEN RECORDS: 0
BROKEN RECORDS: 0
BROKEN RECORDS: 0
BROKEN RECORDS: 0
BROKEN RECORDS: 0
BROKEN RECORDS: 0
BROKEN RECORDS: 0
BROKEN RECORDS: 0
BROKEN RECORDS: 0
BROKEN RECORDS: 0
BROKEN RECORDS: 0
BROKEN RECORDS: 0
BROKEN RECORDS: 0
BROKEN RECORDS: 0
BROKEN RECORDS: 0
BROKEN RECORDS: 0
BROKEN RECORDS: 0
BROKEN RECORDS: 0
BROKEN RECORDS: 0
BROKEN RECORDS: 0
