2013-04-23T00:29:53.063+0200: [GC [ParNew: 2702976K->337856K(3040832K), 0.9361470 secs] 2702976K->2495899K(30070848K), 0.9362230 secs] [Times: user=2.21 sys=9.54, real=0.93 secs] 
2013-04-23T00:29:55.029+0200: [GC [ParNew: 3040832K->337856K(3040832K), 1.0611710 secs] 5198875K->5125191K(30070848K), 1.0612290 secs] [Times: user=2.73 sys=10.95, real=1.06 secs] 
2013-04-23T00:29:57.103+0200: [GC [ParNew: 3040832K->337856K(3040832K), 1.0654190 secs] 7828167K->7820954K(30070848K), 1.0654640 secs] [Times: user=3.27 sys=10.49, real=1.06 secs] 
2013-04-23T00:29:59.167+0200: [GC [ParNew: 3040832K->337856K(3040832K), 1.0215620 secs] 10523930K->10556914K(30070848K), 1.0216170 secs] [Times: user=3.32 sys=9.85, real=1.02 secs] 
2013-04-23T00:30:01.177+0200: [GC [ParNew: 3040832K->337856K(3040832K), 1.0899080 secs] 13259890K->13264474K(30070848K), 1.0899820 secs] [Times: user=3.13 sys=10.99, real=1.09 secs] 
2013-04-23T00:30:03.263+0200: [GC [ParNew: 3040832K->337856K(3040832K), 1.4749730 secs] 15967450K->15979783K(30070848K), 1.4750460 secs] [Times: user=16.57 sys=2.50, real=1.47 secs] 
2013-04-23T00:30:05.736+0200: [GC [ParNew: 3040832K->337856K(3040832K), 1.0759420 secs] 18682759K->18701271K(30070848K), 1.0760000 secs] [Times: user=3.10 sys=10.83, real=1.08 secs] 
2013-04-23T00:30:07.799+0200: [GC [ParNew: 3040832K->337856K(3040832K), 1.1456840 secs] 21404247K->21384915K(30070848K), 1.1457310 secs] [Times: user=3.74 sys=11.03, real=1.15 secs] 
2013-04-23T00:30:21.986+0200: [GC [ParNew: 3040832K->337856K(3040832K), 1.9437420 secs] 24087891K->23484649K(30070848K), 1.9438330 secs] [Times: user=22.76 sys=2.43, real=1.95 secs] 
2013-04-23T00:30:53.777+0200: [GC [ParNew: 3015912K->337856K(3040832K), 0.4327590 secs] 26162705K->23896926K(30070848K), 0.4329670 secs] [Times: user=2.92 sys=1.71, real=0.43 secs] 
BROKEN RECORDS: 0
BROKEN RECORDS: 0
BROKEN RECORDS: 0
BROKEN RECORDS: 0
BROKEN RECORDS: 0
BROKEN RECORDS: 0
BROKEN RECORDS: 0
BROKEN RECORDS: 0
BROKEN RECORDS: 0
BROKEN RECORDS: 0
BROKEN RECORDS: 0
BROKEN RECORDS: 0
BROKEN RECORDS: 0
BROKEN RECORDS: 0
BROKEN RECORDS: 0
BROKEN RECORDS: 0
BROKEN RECORDS: 0
BROKEN RECORDS: 0
BROKEN RECORDS: 0
BROKEN RECORDS: 0
BROKEN RECORDS: 0
BROKEN RECORDS: 0
BROKEN RECORDS: 0
BROKEN RECORDS: 0
BROKEN RECORDS: 0
BROKEN RECORDS: 0
BROKEN RECORDS: 0
BROKEN RECORDS: 0
BROKEN RECORDS: 0
BROKEN RECORDS: 0
BROKEN RECORDS: 0
BROKEN RECORDS: 0
BROKEN RECORDS: 0
BROKEN RECORDS: 0
BROKEN RECORDS: 0
BROKEN RECORDS: 0
BROKEN RECORDS: 0
BROKEN RECORDS: 0
BROKEN RECORDS: 0
BROKEN RECORDS: 0
BROKEN RECORDS: 0
BROKEN RECORDS: 0
BROKEN RECORDS: 0
BROKEN RECORDS: 0
BROKEN RECORDS: 0
BROKEN RECORDS: 0
BROKEN RECORDS: 0
BROKEN RECORDS: 0
BROKEN RECORDS: 0
BROKEN RECORDS: 0
BROKEN RECORDS: 0
BROKEN RECORDS: 0
BROKEN RECORDS: 0
BROKEN RECORDS: 0
BROKEN RECORDS: 0
BROKEN RECORDS: 0
BROKEN RECORDS: 0
BROKEN RECORDS: 0
BROKEN RECORDS: 0
BROKEN RECORDS: 0
BROKEN RECORDS: 0
BROKEN RECORDS: 0
BROKEN RECORDS: 0
BROKEN RECORDS: 0
BROKEN RECORDS: 0
BROKEN RECORDS: 0
BROKEN RECORDS: 0
BROKEN RECORDS: 0
BROKEN RECORDS: 0
BROKEN RECORDS: 0
BROKEN RECORDS: 0
BROKEN RECORDS: 0
BROKEN RECORDS: 0
BROKEN RECORDS: 0
BROKEN RECORDS: 0
BROKEN RECORDS: 0
BROKEN RECORDS: 0
BROKEN RECORDS: 0
BROKEN RECORDS: 0
BROKEN RECORDS: 0
2013-04-23T00:35:32.672+0200: [GC [ParNew: 3040832K->291359K(3040832K), 0.3061760 secs] 26665439K->24184473K(30070848K), 0.3063680 secs] [Times: user=2.74 sys=0.51, real=0.30 secs] 
BROKEN RECORDS: 0
BROKEN RECORDS: 0
BROKEN RECORDS: 0
BROKEN RECORDS: 0
BROKEN RECORDS: 0
BROKEN RECORDS: 0
BROKEN RECORDS: 0
BROKEN RECORDS: 0
