2013-04-23T00:29:53.286+0200: [GC [ParNew: 2702976K->337855K(3040832K), 0.9036110 secs] 2702976K->2482842K(30070848K), 0.9036870 secs] [Times: user=1.91 sys=9.42, real=0.90 secs] 
2013-04-23T00:29:55.199+0200: [GC [ParNew: 3040831K->337856K(3040832K), 1.0269740 secs] 5185818K->5114522K(30070848K), 1.0270450 secs] [Times: user=2.63 sys=10.65, real=1.03 secs] 
2013-04-23T00:29:57.245+0200: [GC [ParNew: 3040832K->337856K(3040832K), 1.0403310 secs] 7817498K->7805707K(30070848K), 1.0404070 secs] [Times: user=3.23 sys=10.20, real=1.04 secs] 
2013-04-23T00:29:59.250+0200: [GC [ParNew: 3040832K->337856K(3040832K), 1.0116390 secs] 10508683K->10527163K(30070848K), 1.0117130 secs] [Times: user=3.28 sys=9.82, real=1.01 secs] 
2013-04-23T00:30:01.232+0200: [GC [ParNew: 3040832K->337856K(3040832K), 1.0874680 secs] 13230139K->13258607K(30070848K), 1.0875390 secs] [Times: user=3.19 sys=10.83, real=1.08 secs] 
2013-04-23T00:30:03.306+0200: [GC [ParNew: 3040832K->337856K(3040832K), 1.4252920 secs] 15961583K->15960118K(30070848K), 1.4253680 secs] [Times: user=16.10 sys=2.39, real=1.43 secs] 
2013-04-23T00:30:05.727+0200: [GC [ParNew: 3040832K->337856K(3040832K), 1.0566030 secs] 18663094K->18680806K(30070848K), 1.0566760 secs] [Times: user=3.04 sys=10.65, real=1.06 secs] 
2013-04-23T00:30:07.781+0200: [GC [ParNew: 3040832K->337856K(3040832K), 1.1115250 secs] 21383782K->21371557K(30070848K), 1.1115820 secs] [Times: user=3.38 sys=10.94, real=1.12 secs] 
2013-04-23T00:30:21.949+0200: [GC [ParNew: 3040832K->337856K(3040832K), 1.5035470 secs] 24074533K->23505035K(30070848K), 1.5036150 secs] [Times: user=17.61 sys=1.89, real=1.51 secs] 
2013-04-23T00:31:14.735+0200: [GC [ParNew: 3040507K->337856K(3040832K), 0.3004560 secs] 26207686K->23824737K(30070848K), 0.3006700 secs] [Times: user=2.16 sys=1.08, real=0.30 secs] 
BROKEN RECORDS: 0
BROKEN RECORDS: 0
BROKEN RECORDS: 0
BROKEN RECORDS: 0
BROKEN RECORDS: 0
BROKEN RECORDS: 0
BROKEN RECORDS: 0
BROKEN RECORDS: 0
BROKEN RECORDS: 0
BROKEN RECORDS: 0
BROKEN RECORDS: 0
BROKEN RECORDS: 0
BROKEN RECORDS: 0
BROKEN RECORDS: 0
BROKEN RECORDS: 0
BROKEN RECORDS: 0
BROKEN RECORDS: 0
BROKEN RECORDS: 0
BROKEN RECORDS: 0
BROKEN RECORDS: 0
BROKEN RECORDS: 0
BROKEN RECORDS: 0
BROKEN RECORDS: 0
BROKEN RECORDS: 0
BROKEN RECORDS: 0
BROKEN RECORDS: 0
BROKEN RECORDS: 0
BROKEN RECORDS: 0
BROKEN RECORDS: 0
BROKEN RECORDS: 0
BROKEN RECORDS: 0
BROKEN RECORDS: 0
BROKEN RECORDS: 0
BROKEN RECORDS: 0
BROKEN RECORDS: 0
BROKEN RECORDS: 0
BROKEN RECORDS: 0
BROKEN RECORDS: 0
BROKEN RECORDS: 0
BROKEN RECORDS: 0
BROKEN RECORDS: 0
BROKEN RECORDS: 0
BROKEN RECORDS: 0
BROKEN RECORDS: 0
BROKEN RECORDS: 0
BROKEN RECORDS: 0
BROKEN RECORDS: 0
BROKEN RECORDS: 0
BROKEN RECORDS: 0
BROKEN RECORDS: 0
BROKEN RECORDS: 0
BROKEN RECORDS: 0
BROKEN RECORDS: 0
BROKEN RECORDS: 0
BROKEN RECORDS: 0
BROKEN RECORDS: 0
BROKEN RECORDS: 0
BROKEN RECORDS: 0
BROKEN RECORDS: 0
BROKEN RECORDS: 0
BROKEN RECORDS: 0
BROKEN RECORDS: 0
BROKEN RECORDS: 0
BROKEN RECORDS: 0
BROKEN RECORDS: 0
BROKEN RECORDS: 0
BROKEN RECORDS: 0
BROKEN RECORDS: 0
BROKEN RECORDS: 0
BROKEN RECORDS: 0
BROKEN RECORDS: 0
BROKEN RECORDS: 0
BROKEN RECORDS: 0
BROKEN RECORDS: 0
BROKEN RECORDS: 0
BROKEN RECORDS: 0
BROKEN RECORDS: 0
BROKEN RECORDS: 0
BROKEN RECORDS: 0
BROKEN RECORDS: 0
2013-04-23T00:35:32.983+0200: [GC [ParNew: 3040832K->216998K(3040832K), 0.2098290 secs] 26527713K->23962060K(30070848K), 0.2100560 secs] [Times: user=1.90 sys=0.52, real=0.21 secs] 
BROKEN RECORDS: 0
BROKEN RECORDS: 0
BROKEN RECORDS: 0
BROKEN RECORDS: 0
BROKEN RECORDS: 0
BROKEN RECORDS: 0
BROKEN RECORDS: 0
BROKEN RECORDS: 0
