2013-04-23T00:29:55.071+0200: [GC [ParNew: 2702976K->337856K(3040832K), 0.9353840 secs] 2702976K->2483712K(30070848K), 0.9354560 secs] [Times: user=2.16 sys=9.67, real=0.94 secs] 
2013-04-23T00:29:56.782+0200: [GC [ParNew: 3040832K->337856K(3040832K), 1.0477530 secs] 5186688K->5122431K(30070848K), 1.0478100 secs] [Times: user=2.59 sys=10.75, real=1.05 secs] 
2013-04-23T00:29:58.581+0200: [GC [ParNew: 3040832K->337856K(3040832K), 1.0767410 secs] 7825407K->7816273K(30070848K), 1.0768060 secs] [Times: user=3.32 sys=10.62, real=1.08 secs] 
2013-04-23T00:30:00.371+0200: [GC [ParNew: 3040832K->337856K(3040832K), 1.0415440 secs] 10519249K->10541091K(30070848K), 1.0416220 secs] [Times: user=3.35 sys=10.09, real=1.04 secs] 
2013-04-23T00:30:02.135+0200: [GC [ParNew: 3040832K->337856K(3040832K), 1.0983650 secs] 13244067K->13248107K(30070848K), 1.0984370 secs] [Times: user=3.17 sys=10.85, real=1.10 secs] 
2013-04-23T00:30:03.937+0200: [GC [ParNew: 3040832K->337856K(3040832K), 1.5090050 secs] 15951083K->15945071K(30070848K), 1.5090780 secs] [Times: user=17.13 sys=2.46, real=1.51 secs] 
2013-04-23T00:30:06.170+0200: [GC [ParNew: 3040832K->337856K(3040832K), 1.0756100 secs] 18648047K->18689643K(30070848K), 1.0756910 secs] [Times: user=2.88 sys=11.05, real=1.08 secs] 
2013-04-23T00:30:07.947+0200: [GC [ParNew: 3040832K->337856K(3040832K), 1.1232180 secs] 21392619K->21409368K(30070848K), 1.1232920 secs] [Times: user=3.26 sys=11.13, real=1.12 secs] 
2013-04-23T00:30:22.052+0200: [GC [ParNew: 3040832K->337856K(3040832K), 1.5830850 secs] 24112344K->23495303K(30070848K), 1.5831940 secs] [Times: user=18.34 sys=2.16, real=1.59 secs] 
2013-04-23T00:30:51.910+0200: [GC [ParNew: 3023415K->337856K(3040832K), 0.3210380 secs] 26199864K->23791527K(30070848K), 0.3212330 secs] [Times: user=2.40 sys=1.11, real=0.32 secs] 
BROKEN RECORDS: 0
BROKEN RECORDS: 0
BROKEN RECORDS: 0
BROKEN RECORDS: 0
BROKEN RECORDS: 0
BROKEN RECORDS: 0
BROKEN RECORDS: 0
BROKEN RECORDS: 0
BROKEN RECORDS: 0
BROKEN RECORDS: 0
BROKEN RECORDS: 0
BROKEN RECORDS: 0
BROKEN RECORDS: 0
BROKEN RECORDS: 0
BROKEN RECORDS: 0
BROKEN RECORDS: 0
BROKEN RECORDS: 0
BROKEN RECORDS: 0
BROKEN RECORDS: 0
BROKEN RECORDS: 0
BROKEN RECORDS: 0
BROKEN RECORDS: 0
BROKEN RECORDS: 0
BROKEN RECORDS: 0
BROKEN RECORDS: 0
BROKEN RECORDS: 0
BROKEN RECORDS: 0
BROKEN RECORDS: 0
BROKEN RECORDS: 0
BROKEN RECORDS: 0
BROKEN RECORDS: 0
BROKEN RECORDS: 0
BROKEN RECORDS: 0
BROKEN RECORDS: 0
BROKEN RECORDS: 0
BROKEN RECORDS: 0
BROKEN RECORDS: 0
BROKEN RECORDS: 0
BROKEN RECORDS: 0
BROKEN RECORDS: 0
BROKEN RECORDS: 0
BROKEN RECORDS: 0
BROKEN RECORDS: 0
BROKEN RECORDS: 0
BROKEN RECORDS: 0
BROKEN RECORDS: 0
BROKEN RECORDS: 0
BROKEN RECORDS: 0
BROKEN RECORDS: 0
BROKEN RECORDS: 0
BROKEN RECORDS: 0
BROKEN RECORDS: 0
BROKEN RECORDS: 0
BROKEN RECORDS: 0
BROKEN RECORDS: 0
BROKEN RECORDS: 0
BROKEN RECORDS: 0
2013-04-23T00:35:31.407+0200: [GC [ParNew: 3040832K->305503K(3040832K), 0.1860660 secs] 26494503K->23969586K(30070848K), 0.1862650 secs] [Times: user=1.90 sys=0.30, real=0.19 secs] 
BROKEN RECORDS: 0
BROKEN RECORDS: 0
BROKEN RECORDS: 0
BROKEN RECORDS: 0
BROKEN RECORDS: 0
BROKEN RECORDS: 0
BROKEN RECORDS: 0
BROKEN RECORDS: 0
BROKEN RECORDS: 0
BROKEN RECORDS: 0
BROKEN RECORDS: 0
BROKEN RECORDS: 0
BROKEN RECORDS: 0
BROKEN RECORDS: 0
BROKEN RECORDS: 0
BROKEN RECORDS: 0
BROKEN RECORDS: 0
BROKEN RECORDS: 0
BROKEN RECORDS: 0
BROKEN RECORDS: 0
BROKEN RECORDS: 0
BROKEN RECORDS: 0
BROKEN RECORDS: 0
BROKEN RECORDS: 0
BROKEN RECORDS: 0
BROKEN RECORDS: 0
BROKEN RECORDS: 0
BROKEN RECORDS: 0
BROKEN RECORDS: 0
BROKEN RECORDS: 0
BROKEN RECORDS: 0
