2013-04-19T20:41:39.104+0200: [GC [ParNew: 2702976K->337855K(3040832K), 1.0153580 secs] 2702976K->2482411K(30070848K), 1.0154440 secs] [Times: user=2.60 sys=10.14, real=1.01 secs] 
2013-04-19T20:41:41.027+0200: [GC [ParNew: 3040831K->337856K(3040832K), 1.1707310 secs] 5185387K->5122573K(30070848K), 1.1707850 secs] [Times: user=2.95 sys=11.95, real=1.17 secs] 
2013-04-19T20:41:43.070+0200: [GC [ParNew: 3040832K->337856K(3040832K), 1.1831430 secs] 7825549K->7818625K(30070848K), 1.1831960 secs] [Times: user=3.70 sys=11.39, real=1.18 secs] 
2013-04-19T20:41:45.086+0200: [GC [ParNew: 3040832K->337856K(3040832K), 1.1488730 secs] 10521601K->10573473K(30070848K), 1.1489440 secs] [Times: user=3.75 sys=11.10, real=1.15 secs] 
2013-04-19T20:41:47.052+0200: [GC [ParNew: 3040832K->337856K(3040832K), 1.1829910 secs] 13276449K->13304213K(30070848K), 1.1830660 secs] [Times: user=3.97 sys=11.15, real=1.18 secs] 
2013-04-19T20:41:49.367+0200: [GC [ParNew: 3040832K->337856K(3040832K), 1.8044010 secs] 16007189K->15999929K(30070848K), 1.8044570 secs] [Times: user=20.49 sys=2.67, real=1.81 secs] 
2013-04-19T20:41:52.281+0200: [GC [ParNew: 3040832K->337856K(3040832K), 1.1146500 secs] 18702905K->18725227K(30070848K), 1.1147450 secs] [Times: user=4.01 sys=10.27, real=1.12 secs] 
2013-04-19T20:41:54.526+0200: [GC [ParNew: 3040832K->337856K(3040832K), 1.1943460 secs] 21428203K->21430801K(30070848K), 1.1944050 secs] [Times: user=4.17 sys=10.79, real=1.19 secs] 
2013-04-19T20:42:06.587+0200: [GC [ParNew: 3040832K->337856K(3040832K), 1.3703750 secs] 24133777K->23541388K(30070848K), 1.3704830 secs] [Times: user=15.88 sys=1.82, real=1.38 secs] 
BROKEN RECORDS: 0
BROKEN RECORDS: 0
BROKEN RECORDS: 0
BROKEN RECORDS: 0
BROKEN RECORDS: 0
BROKEN RECORDS: 0
BROKEN RECORDS: 0
BROKEN RECORDS: 0
2013-04-19T20:43:26.252+0200: [GC [ParNew: 3040832K->241501K(3040832K), 0.1113790 secs] 26244364K->23445033K(30070848K), 0.1116010 secs] [Times: user=1.39 sys=0.01, real=0.11 secs] 
