2013-04-19T20:41:38.975+0200: [GC [ParNew: 2702976K->337856K(3040832K), 1.0070730 secs] 2702976K->2493800K(30070848K), 1.0071680 secs] [Times: user=2.25 sys=10.56, real=1.01 secs] 
2013-04-19T20:41:40.918+0200: [GC [ParNew: 3040832K->337856K(3040832K), 1.1343750 secs] 5196776K->5129362K(30070848K), 1.1344460 secs] [Times: user=3.01 sys=11.32, real=1.13 secs] 
2013-04-19T20:41:42.999+0200: [GC [ParNew: 3040832K->337856K(3040832K), 1.1628030 secs] 7832338K->7824132K(30070848K), 1.1628770 secs] [Times: user=3.60 sys=11.47, real=1.17 secs] 
2013-04-19T20:41:45.084+0200: [GC [ParNew: 3040832K->337856K(3040832K), 1.1397620 secs] 10527108K->10576932K(30070848K), 1.1398180 secs] [Times: user=3.72 sys=11.05, real=1.14 secs] 
2013-04-19T20:41:47.127+0200: [GC [ParNew: 3040832K->337856K(3040832K), 1.1565480 secs] 13279908K->13305431K(30070848K), 1.1566260 secs] [Times: user=4.03 sys=10.66, real=1.16 secs] 
2013-04-19T20:41:49.195+0200: [GC [ParNew: 3040832K->337856K(3040832K), 1.6092740 secs] 16008407K->16003003K(30070848K), 1.6093310 secs] [Times: user=18.17 sys=2.71, real=1.61 secs] 
2013-04-19T20:41:51.720+0200: [GC [ParNew: 3040832K->337856K(3040832K), 1.0978860 secs] 18705979K->18720713K(30070848K), 1.0979420 secs] [Times: user=3.58 sys=10.29, real=1.10 secs] 
2013-04-19T20:41:53.722+0200: [GC [ParNew: 3040832K->337856K(3040832K), 1.1696080 secs] 21423689K->21436917K(30070848K), 1.1696880 secs] [Times: user=3.99 sys=11.11, real=1.16 secs] 
2013-04-19T20:42:06.618+0200: [GC [ParNew: 3040832K->337856K(3040832K), 1.6114540 secs] 24139893K->23530119K(30070848K), 1.6115640 secs] [Times: user=18.86 sys=2.03, real=1.62 secs] 
BROKEN RECORDS: 0
BROKEN RECORDS: 0
BROKEN RECORDS: 0
BROKEN RECORDS: 0
BROKEN RECORDS: 0
BROKEN RECORDS: 0
BROKEN RECORDS: 0
BROKEN RECORDS: 0
2013-04-19T20:43:28.899+0200: [GC [ParNew: 3040832K->266263K(3040832K), 0.1243720 secs] 26233096K->23458528K(30070848K), 0.1246220 secs] [Times: user=1.37 sys=0.03, real=0.12 secs] 
