2013-04-19T20:41:38.673+0200: [GC [ParNew: 2702976K->337856K(3040832K), 1.0171260 secs] 2702976K->2481898K(30070848K), 1.0172280 secs] [Times: user=2.26 sys=10.70, real=1.02 secs] 
2013-04-19T20:41:41.007+0200: [GC [ParNew: 3040832K->337856K(3040832K), 1.1459780 secs] 5184874K->5116450K(30070848K), 1.1460400 secs] [Times: user=2.99 sys=11.60, real=1.15 secs] 
2013-04-19T20:41:43.448+0200: [GC [ParNew: 3040832K->337856K(3040832K), 1.1722770 secs] 7819426K->7805618K(30070848K), 1.1723380 secs] [Times: user=3.72 sys=11.44, real=1.17 secs] 
2013-04-19T20:41:45.869+0200: [GC [ParNew: 3040832K->337856K(3040832K), 1.1552500 secs] 10508594K->10539304K(30070848K), 1.1553040 secs] [Times: user=3.77 sys=11.15, real=1.16 secs] 
2013-04-19T20:41:48.299+0200: [GC [ParNew: 3040832K->337856K(3040832K), 1.1855780 secs] 13242280K->13268699K(30070848K), 1.1856630 secs] [Times: user=4.11 sys=11.14, real=1.19 secs] 
2013-04-19T20:41:50.693+0200: [GC [ParNew: 3040832K->337856K(3040832K), 1.5545640 secs] 15971675K->15961309K(30070848K), 1.5546420 secs] [Times: user=17.77 sys=2.37, real=1.55 secs] 
2013-04-19T20:41:53.459+0200: [GC [ParNew: 3040832K->337856K(3040832K), 1.1099510 secs] 18664285K->18689040K(30070848K), 1.1100140 secs] [Times: user=3.31 sys=10.74, real=1.12 secs] 
2013-04-19T20:41:55.800+0200: [GC [ParNew: 3040832K->337856K(3040832K), 1.1593330 secs] 21392016K->21387347K(30070848K), 1.1594120 secs] [Times: user=4.27 sys=10.73, real=1.16 secs] 
2013-04-19T20:42:06.630+0200: [GC [ParNew: 3040832K->337856K(3040832K), 1.3547100 secs] 24090323K->23532479K(30070848K), 1.3549070 secs] [Times: user=15.80 sys=1.72, real=1.35 secs] 
BROKEN RECORDS: 0
BROKEN RECORDS: 0
BROKEN RECORDS: 0
BROKEN RECORDS: 0
BROKEN RECORDS: 0
BROKEN RECORDS: 0
BROKEN RECORDS: 0
BROKEN RECORDS: 0
2013-04-19T20:43:31.279+0200: [GC [ParNew: 3040832K->274496K(3040832K), 0.1114690 secs] 26235455K->23469119K(30070848K), 0.1116900 secs] [Times: user=1.38 sys=0.00, real=0.11 secs] 
