2013-04-19T20:41:38.615+0200: [GC [ParNew: 2702976K->337855K(3040832K), 0.9805870 secs] 2702976K->2493475K(30070848K), 0.9806590 secs] [Times: user=2.10 sys=10.22, real=0.98 secs] 
2013-04-19T20:41:40.522+0200: [GC [ParNew: 3040831K->337856K(3040832K), 1.1528210 secs] 5196451K->5125971K(30070848K), 1.1528740 secs] [Times: user=2.97 sys=11.76, real=1.15 secs] 
2013-04-19T20:41:42.652+0200: [GC [ParNew: 3040832K->337856K(3040832K), 1.1705370 secs] 7828947K->7821286K(30070848K), 1.1705980 secs] [Times: user=3.83 sys=11.31, real=1.17 secs] 
2013-04-19T20:41:44.796+0200: [GC [ParNew: 3040832K->337856K(3040832K), 1.1354260 secs] 10524262K->10565633K(30070848K), 1.1354830 secs] [Times: user=3.82 sys=10.87, real=1.14 secs] 
2013-04-19T20:41:46.898+0200: [GC [ParNew: 3040832K->337856K(3040832K), 1.1770640 secs] 13268609K->13293748K(30070848K), 1.1771340 secs] [Times: user=4.07 sys=11.03, real=1.18 secs] 
2013-04-19T20:41:49.031+0200: [GC [ParNew: 3040832K->337856K(3040832K), 1.4119470 secs] 15996724K->15965131K(30070848K), 1.4120020 secs] [Times: user=15.50 sys=2.60, real=1.41 secs] 
2013-04-19T20:41:51.325+0200: [GC [ParNew: 3040832K->337856K(3040832K), 1.1260030 secs] 18668107K->18732082K(30070848K), 1.1260770 secs] [Times: user=3.74 sys=10.81, real=1.13 secs] 
2013-04-19T20:41:53.336+0200: [GC [ParNew: 3040832K->337856K(3040832K), 1.1567740 secs] 21435058K->21419728K(30070848K), 1.1568470 secs] [Times: user=4.00 sys=10.97, real=1.16 secs] 
2013-04-19T20:42:06.615+0200: [GC [ParNew: 3040832K->337856K(3040832K), 1.3486950 secs] 24122704K->23545458K(30070848K), 1.3487820 secs] [Times: user=15.85 sys=1.63, real=1.35 secs] 
BROKEN RECORDS: 0
BROKEN RECORDS: 0
BROKEN RECORDS: 0
BROKEN RECORDS: 0
BROKEN RECORDS: 0
BROKEN RECORDS: 0
BROKEN RECORDS: 0
BROKEN RECORDS: 0
2013-04-19T20:43:27.771+0200: [GC [ParNew: 3040832K->225348K(3040832K), 0.1095250 secs] 26248434K->23432950K(30070848K), 0.1097210 secs] [Times: user=1.27 sys=0.01, real=0.10 secs] 
