2013-04-19T20:41:39.404+0200: [GC [ParNew: 2702976K->337856K(3040832K), 0.9651000 secs] 2702976K->2484872K(30070848K), 0.9651760 secs] [Times: user=2.07 sys=9.88, real=0.97 secs] 
2013-04-19T20:41:41.438+0200: [GC [ParNew: 3040832K->337856K(3040832K), 1.1434400 secs] 5187848K->5126617K(30070848K), 1.1434970 secs] [Times: user=3.11 sys=11.51, real=1.14 secs] 
2013-04-19T20:41:43.629+0200: [GC [ParNew: 3040832K->337856K(3040832K), 1.1641160 secs] 7829593K->7821420K(30070848K), 1.1642430 secs] [Times: user=3.77 sys=11.30, real=1.16 secs] 
2013-04-19T20:41:45.737+0200: [GC [ParNew: 3040832K->337856K(3040832K), 1.1398190 secs] 10524396K->10577901K(30070848K), 1.1398740 secs] [Times: user=3.64 sys=10.99, real=1.14 secs] 
2013-04-19T20:41:47.789+0200: [GC [ParNew: 3040832K->337856K(3040832K), 1.1498810 secs] 13280877K->13292889K(30070848K), 1.1499550 secs] [Times: user=3.88 sys=10.98, real=1.15 secs] 
2013-04-19T20:41:49.834+0200: [GC [ParNew: 3040832K->337856K(3040832K), 1.4696990 secs] 15995865K->15984026K(30070848K), 1.4697580 secs] [Times: user=16.47 sys=2.44, real=1.47 secs] 
2013-04-19T20:41:52.280+0200: [GC [ParNew: 3040832K->337856K(3040832K), 1.1224710 secs] 18687002K->18720242K(30070848K), 1.1225310 secs] [Times: user=3.77 sys=10.54, real=1.12 secs] 
2013-04-19T20:41:54.405+0200: [GC [ParNew: 3040832K->337856K(3040832K), 1.1566390 secs] 21423218K->21406639K(30070848K), 1.1566970 secs] [Times: user=4.21 sys=10.77, real=1.15 secs] 
2013-04-19T20:42:06.587+0200: [GC [ParNew: 3040832K->337856K(3040832K), 1.6164660 secs] 24109615K->23517834K(30070848K), 1.6165790 secs] [Times: user=18.63 sys=2.07, real=1.61 secs] 
BROKEN RECORDS: 0
BROKEN RECORDS: 0
BROKEN RECORDS: 0
BROKEN RECORDS: 0
BROKEN RECORDS: 0
BROKEN RECORDS: 0
BROKEN RECORDS: 0
BROKEN RECORDS: 0
2013-04-19T20:43:23.392+0200: [GC [ParNew: 3040832K->250937K(3040832K), 0.1068860 secs] 26220811K->23430917K(30070848K), 0.1071330 secs] [Times: user=1.32 sys=0.00, real=0.10 secs] 
