2013-04-22T23:13:03.033+0200: [GC [ParNew: 2702976K->337856K(3040832K), 0.9387820 secs] 2702976K->2483114K(30070848K), 0.9388580 secs] [Times: user=2.18 sys=9.74, real=0.93 secs] 
2013-04-22T23:13:04.747+0200: [GC [ParNew: 3040832K->337856K(3040832K), 1.0859560 secs] 5186090K->5120928K(30070848K), 1.0860290 secs] [Times: user=2.23 sys=11.80, real=1.09 secs] 
2013-04-22T23:13:06.597+0200: [GC [ParNew: 3040832K->337856K(3040832K), 1.1193840 secs] 7823904K->7814130K(30070848K), 1.1194580 secs] [Times: user=3.16 sys=11.08, real=1.12 secs] 
2013-04-22T23:13:08.441+0200: [GC [ParNew: 3040832K->337856K(3040832K), 1.1386070 secs] 10517106K->10571219K(30070848K), 1.1386910 secs] [Times: user=3.89 sys=10.84, real=1.13 secs] 
2013-04-22T23:13:10.310+0200: [GC [ParNew: 3040832K->337856K(3040832K), 1.1958170 secs] 13274195K->13300807K(30070848K), 1.1959240 secs] [Times: user=3.96 sys=11.49, real=1.20 secs] 
2013-04-22T23:13:12.220+0200: [GC [ParNew: 3040832K->337856K(3040832K), 1.7225790 secs] 16003783K->16008240K(30070848K), 1.7226520 secs] [Times: user=19.39 sys=2.77, real=1.73 secs] 
2013-04-22T23:13:14.667+0200: [GC [ParNew: 3040832K->337856K(3040832K), 1.1257470 secs] 18711216K->18732193K(30070848K), 1.1258050 secs] [Times: user=4.04 sys=10.51, real=1.13 secs] 
2013-04-22T23:13:16.496+0200: [GC [ParNew: 3040832K->337856K(3040832K), 1.1404640 secs] 21435169K->21428579K(30070848K), 1.1405240 secs] [Times: user=3.80 sys=10.83, real=1.14 secs] 
2013-04-22T23:13:29.638+0200: [GC [ParNew: 3040832K->337856K(3040832K), 1.4008390 secs] 24131555K->23545697K(30070848K), 1.4009330 secs] [Times: user=16.23 sys=1.92, real=1.40 secs] 
2013-04-22T23:14:06.505+0200: [GC [ParNew: 3040176K->337856K(3040832K), 0.2158220 secs] 26248018K->23925818K(30070848K), 0.2160060 secs] [Times: user=2.23 sys=0.52, real=0.22 secs] 
BROKEN RECORDS: 0
BROKEN RECORDS: 0
BROKEN RECORDS: 0
BROKEN RECORDS: 0
BROKEN RECORDS: 0
BROKEN RECORDS: 0
BROKEN RECORDS: 0
BROKEN RECORDS: 0
BROKEN RECORDS: 0
BROKEN RECORDS: 0
BROKEN RECORDS: 0
BROKEN RECORDS: 0
BROKEN RECORDS: 0
BROKEN RECORDS: 0
BROKEN RECORDS: 0
BROKEN RECORDS: 0
2013-04-22T23:18:00.516+0200: [GC [ParNew: 3040832K->321395K(3040832K), 0.1591550 secs] 26628794K->24124764K(30070848K), 0.1593730 secs] [Times: user=1.61 sys=0.42, real=0.16 secs] 
BROKEN RECORDS: 0
BROKEN RECORDS: 0
BROKEN RECORDS: 0
BROKEN RECORDS: 0
BROKEN RECORDS: 0
BROKEN RECORDS: 0
BROKEN RECORDS: 0
BROKEN RECORDS: 0
BROKEN RECORDS: 0
BROKEN RECORDS: 0
BROKEN RECORDS: 0
BROKEN RECORDS: 0
BROKEN RECORDS: 0
BROKEN RECORDS: 0
BROKEN RECORDS: 0
BROKEN RECORDS: 0
BROKEN RECORDS: 0
BROKEN RECORDS: 0
BROKEN RECORDS: 0
BROKEN RECORDS: 0
BROKEN RECORDS: 0
BROKEN RECORDS: 0
BROKEN RECORDS: 0
BROKEN RECORDS: 0
BROKEN RECORDS: 0
BROKEN RECORDS: 0
BROKEN RECORDS: 0
BROKEN RECORDS: 0
BROKEN RECORDS: 0
BROKEN RECORDS: 0
BROKEN RECORDS: 0
BROKEN RECORDS: 0
BROKEN RECORDS: 0
BROKEN RECORDS: 0
BROKEN RECORDS: 0
BROKEN RECORDS: 0
BROKEN RECORDS: 0
BROKEN RECORDS: 0
BROKEN RECORDS: 0
BROKEN RECORDS: 0
BROKEN RECORDS: 0
BROKEN RECORDS: 0
BROKEN RECORDS: 0
BROKEN RECORDS: 0
BROKEN RECORDS: 0
BROKEN RECORDS: 0
BROKEN RECORDS: 0
BROKEN RECORDS: 0
BROKEN RECORDS: 0
BROKEN RECORDS: 0
BROKEN RECORDS: 0
BROKEN RECORDS: 0
BROKEN RECORDS: 0
BROKEN RECORDS: 0
BROKEN RECORDS: 0
BROKEN RECORDS: 0
BROKEN RECORDS: 0
BROKEN RECORDS: 0
BROKEN RECORDS: 0
BROKEN RECORDS: 0
BROKEN RECORDS: 0
BROKEN RECORDS: 0
BROKEN RECORDS: 0
BROKEN RECORDS: 0
BROKEN RECORDS: 0
BROKEN RECORDS: 0
BROKEN RECORDS: 0
BROKEN RECORDS: 0
BROKEN RECORDS: 0
BROKEN RECORDS: 0
BROKEN RECORDS: 0
BROKEN RECORDS: 0
