2013-04-22T23:13:00.635+0200: [GC [ParNew: 2702976K->337856K(3040832K), 1.0311170 secs] 2702976K->2495954K(30070848K), 1.0311920 secs] [Times: user=3.00 sys=10.12, real=1.03 secs] 
2013-04-22T23:13:02.661+0200: [GC [ParNew: 3040832K->337856K(3040832K), 1.2010890 secs] 5198930K->5135684K(30070848K), 1.2011480 secs] [Times: user=3.85 sys=11.64, real=1.21 secs] 
2013-04-22T23:13:04.927+0200: [GC [ParNew: 3040832K->337856K(3040832K), 1.1730440 secs] 7838660K->7824148K(30070848K), 1.1731060 secs] [Times: user=4.09 sys=11.05, real=1.17 secs] 
2013-04-22T23:13:07.047+0200: [GC [ParNew: 3040832K->337856K(3040832K), 1.0893180 secs] 10527124K->10578228K(30070848K), 1.0893780 secs] [Times: user=3.87 sys=10.14, real=1.09 secs] 
2013-04-22T23:13:09.138+0200: [GC [ParNew: 3040832K->337856K(3040832K), 1.1965570 secs] 13281204K->13285916K(30070848K), 1.1966410 secs] [Times: user=4.57 sys=10.49, real=1.20 secs] 
2013-04-22T23:13:11.291+0200: [GC [ParNew: 3040832K->337856K(3040832K), 1.8113440 secs] 15988892K->16008141K(30070848K), 1.8114140 secs] [Times: user=20.60 sys=2.85, real=1.82 secs] 
2013-04-22T23:13:14.109+0200: [GC [ParNew: 3040832K->337856K(3040832K), 1.1819290 secs] 18711117K->18716023K(30070848K), 1.1819890 secs] [Times: user=4.70 sys=10.56, real=1.18 secs] 
2013-04-22T23:13:16.248+0200: [GC [ParNew: 3040832K->337856K(3040832K), 1.3610730 secs] 21418999K->21401075K(30070848K), 1.3651020 secs] [Times: user=4.64 sys=12.58, real=1.36 secs] 
2013-04-22T23:13:29.981+0200: [GC [ParNew: 3040832K->337856K(3040832K), 1.6523750 secs] 24104051K->23492356K(30070848K), 1.6524900 secs] [Times: user=18.89 sys=2.26, real=1.66 secs] 
2013-04-22T23:14:09.567+0200: [GC [ParNew: 3025012K->337856K(3040832K), 0.2952720 secs] 26179513K->23870962K(30070848K), 0.2954930 secs] [Times: user=2.45 sys=1.19, real=0.30 secs] 
BROKEN RECORDS: 0
BROKEN RECORDS: 0
BROKEN RECORDS: 0
BROKEN RECORDS: 0
BROKEN RECORDS: 0
BROKEN RECORDS: 0
BROKEN RECORDS: 0
BROKEN RECORDS: 0
BROKEN RECORDS: 0
BROKEN RECORDS: 0
BROKEN RECORDS: 0
BROKEN RECORDS: 0
BROKEN RECORDS: 0
BROKEN RECORDS: 0
BROKEN RECORDS: 0
BROKEN RECORDS: 0
2013-04-22T23:18:46.004+0200: [GC [ParNew: 3040832K->325800K(3040832K), 0.2099660 secs] 26573938K->24082906K(30070848K), 0.2193200 secs] [Times: user=1.98 sys=0.34, real=0.22 secs] 
BROKEN RECORDS: 0
BROKEN RECORDS: 0
BROKEN RECORDS: 0
BROKEN RECORDS: 0
BROKEN RECORDS: 0
BROKEN RECORDS: 0
BROKEN RECORDS: 0
BROKEN RECORDS: 0
BROKEN RECORDS: 0
BROKEN RECORDS: 0
BROKEN RECORDS: 0
BROKEN RECORDS: 0
BROKEN RECORDS: 0
BROKEN RECORDS: 0
BROKEN RECORDS: 0
BROKEN RECORDS: 0
BROKEN RECORDS: 0
BROKEN RECORDS: 0
BROKEN RECORDS: 0
BROKEN RECORDS: 0
BROKEN RECORDS: 0
BROKEN RECORDS: 0
BROKEN RECORDS: 0
BROKEN RECORDS: 0
BROKEN RECORDS: 0
BROKEN RECORDS: 0
BROKEN RECORDS: 0
BROKEN RECORDS: 0
BROKEN RECORDS: 0
BROKEN RECORDS: 0
BROKEN RECORDS: 0
BROKEN RECORDS: 0
BROKEN RECORDS: 0
BROKEN RECORDS: 0
BROKEN RECORDS: 0
BROKEN RECORDS: 0
BROKEN RECORDS: 0
BROKEN RECORDS: 0
BROKEN RECORDS: 0
BROKEN RECORDS: 0
BROKEN RECORDS: 0
BROKEN RECORDS: 0
BROKEN RECORDS: 0
BROKEN RECORDS: 0
BROKEN RECORDS: 0
BROKEN RECORDS: 0
BROKEN RECORDS: 0
BROKEN RECORDS: 0
BROKEN RECORDS: 0
BROKEN RECORDS: 0
BROKEN RECORDS: 0
BROKEN RECORDS: 0
BROKEN RECORDS: 0
BROKEN RECORDS: 0
BROKEN RECORDS: 0
BROKEN RECORDS: 0
BROKEN RECORDS: 0
BROKEN RECORDS: 0
BROKEN RECORDS: 0
BROKEN RECORDS: 0
BROKEN RECORDS: 0
BROKEN RECORDS: 0
BROKEN RECORDS: 0
BROKEN RECORDS: 0
BROKEN RECORDS: 0
BROKEN RECORDS: 0
BROKEN RECORDS: 0
BROKEN RECORDS: 0
BROKEN RECORDS: 0
BROKEN RECORDS: 0
BROKEN RECORDS: 0
BROKEN RECORDS: 0
