2013-04-22T23:13:01.701+0200: [GC [ParNew: 2702976K->337856K(3040832K), 0.9904130 secs] 2702976K->2492791K(30070848K), 0.9904880 secs] [Times: user=2.43 sys=10.07, real=0.99 secs] 
2013-04-22T23:13:03.649+0200: [GC [ParNew: 3040832K->337856K(3040832K), 1.1263900 secs] 5195767K->5122336K(30070848K), 1.1264680 secs] [Times: user=3.24 sys=11.24, real=1.13 secs] 
2013-04-22T23:13:05.743+0200: [GC [ParNew: 3040832K->337856K(3040832K), 1.1109860 secs] 7825312K->7816242K(30070848K), 1.1110810 secs] [Times: user=3.17 sys=11.21, real=1.11 secs] 
2013-04-22T23:13:07.801+0200: [GC [ParNew: 3040832K->337856K(3040832K), 1.1081500 secs] 10519218K->10565680K(30070848K), 1.1082110 secs] [Times: user=3.32 sys=11.00, real=1.11 secs] 
2013-04-22T23:13:09.803+0200: [GC [ParNew: 3040832K->337856K(3040832K), 1.1760690 secs] 13268656K->13295555K(30070848K), 1.1761480 secs] [Times: user=3.85 sys=11.29, real=1.17 secs] 
2013-04-22T23:13:11.922+0200: [GC [ParNew: 3040832K->337856K(3040832K), 1.6547850 secs] 15998531K->16003821K(30070848K), 1.6548620 secs] [Times: user=18.94 sys=2.48, real=1.65 secs] 
2013-04-22T23:13:14.544+0200: [GC [ParNew: 3040832K->337856K(3040832K), 1.1473700 secs] 18706797K->18730464K(30070848K), 1.1474360 secs] [Times: user=4.26 sys=10.38, real=1.15 secs] 
2013-04-22T23:13:16.629+0200: [GC [ParNew: 3040832K->337856K(3040832K), 1.1412550 secs] 21433440K->21442281K(30070848K), 1.1413170 secs] [Times: user=3.96 sys=10.81, real=1.14 secs] 
2013-04-22T23:13:29.968+0200: [GC [ParNew: 3040832K->337856K(3040832K), 1.5027640 secs] 24145257K->23532858K(30070848K), 1.5028430 secs] [Times: user=17.43 sys=2.01, real=1.51 secs] 
2013-04-22T23:14:10.546+0200: [GC [ParNew: 3040832K->337856K(3040832K), 0.2629750 secs] 26235834K->23788789K(30070848K), 0.2632140 secs] [Times: user=2.75 sys=0.52, real=0.26 secs] 
BROKEN RECORDS: 0
BROKEN RECORDS: 0
BROKEN RECORDS: 0
BROKEN RECORDS: 0
BROKEN RECORDS: 0
BROKEN RECORDS: 0
BROKEN RECORDS: 0
BROKEN RECORDS: 0
BROKEN RECORDS: 0
BROKEN RECORDS: 0
BROKEN RECORDS: 0
BROKEN RECORDS: 0
BROKEN RECORDS: 0
BROKEN RECORDS: 0
BROKEN RECORDS: 0
BROKEN RECORDS: 0
BROKEN RECORDS: 0
BROKEN RECORDS: 0
BROKEN RECORDS: 0
BROKEN RECORDS: 0
BROKEN RECORDS: 0
BROKEN RECORDS: 0
BROKEN RECORDS: 0
BROKEN RECORDS: 0
2013-04-22T23:19:15.940+0200: [GC [ParNew: 3040832K->264898K(3040832K), 0.1728170 secs] 26491765K->23952187K(30070848K), 0.1732390 secs] [Times: user=1.84 sys=0.34, real=0.17 secs] 
BROKEN RECORDS: 0
BROKEN RECORDS: 0
BROKEN RECORDS: 0
BROKEN RECORDS: 0
BROKEN RECORDS: 0
BROKEN RECORDS: 0
BROKEN RECORDS: 0
BROKEN RECORDS: 0
BROKEN RECORDS: 0
BROKEN RECORDS: 0
BROKEN RECORDS: 0
BROKEN RECORDS: 0
BROKEN RECORDS: 0
BROKEN RECORDS: 0
BROKEN RECORDS: 0
BROKEN RECORDS: 0
BROKEN RECORDS: 0
BROKEN RECORDS: 0
BROKEN RECORDS: 0
BROKEN RECORDS: 0
BROKEN RECORDS: 0
BROKEN RECORDS: 0
BROKEN RECORDS: 0
BROKEN RECORDS: 0
BROKEN RECORDS: 0
BROKEN RECORDS: 0
BROKEN RECORDS: 0
BROKEN RECORDS: 0
BROKEN RECORDS: 0
BROKEN RECORDS: 0
BROKEN RECORDS: 0
BROKEN RECORDS: 0
BROKEN RECORDS: 0
BROKEN RECORDS: 0
BROKEN RECORDS: 0
BROKEN RECORDS: 0
BROKEN RECORDS: 0
BROKEN RECORDS: 0
BROKEN RECORDS: 0
BROKEN RECORDS: 0
BROKEN RECORDS: 0
BROKEN RECORDS: 0
BROKEN RECORDS: 0
BROKEN RECORDS: 0
BROKEN RECORDS: 0
BROKEN RECORDS: 0
BROKEN RECORDS: 0
BROKEN RECORDS: 0
BROKEN RECORDS: 0
BROKEN RECORDS: 0
BROKEN RECORDS: 0
BROKEN RECORDS: 0
BROKEN RECORDS: 0
BROKEN RECORDS: 0
BROKEN RECORDS: 0
BROKEN RECORDS: 0
BROKEN RECORDS: 0
BROKEN RECORDS: 0
BROKEN RECORDS: 0
BROKEN RECORDS: 0
BROKEN RECORDS: 0
BROKEN RECORDS: 0
BROKEN RECORDS: 0
BROKEN RECORDS: 0
