2013-04-22T23:13:00.424+0200: [GC [ParNew: 2702976K->337856K(3040832K), 0.9862720 secs] 2702976K->2484809K(30070848K), 0.9863460 secs] [Times: user=2.96 sys=9.51, real=0.99 secs] 
2013-04-22T23:13:02.374+0200: [GC [ParNew: 3040832K->337856K(3040832K), 1.1527720 secs] 5187785K->5122173K(30070848K), 1.1528290 secs] [Times: user=3.59 sys=11.32, real=1.16 secs] 
2013-04-22T23:13:04.554+0200: [GC [ParNew: 3040832K->337856K(3040832K), 1.1209380 secs] 7825149K->7813102K(30070848K), 1.1209970 secs] [Times: user=3.59 sys=10.88, real=1.12 secs] 
2013-04-22T23:13:06.599+0200: [GC [ParNew: 3040832K->337856K(3040832K), 1.1047410 secs] 10516078K->10560395K(30070848K), 1.1047900 secs] [Times: user=3.52 sys=10.77, real=1.10 secs] 
2013-04-22T23:13:08.715+0200: [GC [ParNew: 3040832K->337856K(3040832K), 1.1670070 secs] 13263371K->13283707K(30070848K), 1.1670640 secs] [Times: user=4.03 sys=11.09, real=1.16 secs] 
2013-04-22T23:13:10.838+0200: [GC [ParNew: 3040832K->337856K(3040832K), 1.4594620 secs] 15986683K->15975261K(30070848K), 1.4595380 secs] [Times: user=16.58 sys=2.36, real=1.46 secs] 
2013-04-22T23:13:13.299+0200: [GC [ParNew: 3040832K->337856K(3040832K), 1.1113400 secs] 18678237K->18690378K(30070848K), 1.1114140 secs] [Times: user=4.32 sys=9.96, real=1.11 secs] 
2013-04-22T23:13:15.337+0200: [GC [ParNew: 3040832K->337856K(3040832K), 1.1554040 secs] 21393354K->21398353K(30070848K), 1.1554640 secs] [Times: user=4.31 sys=9.98, real=1.15 secs] 
2013-04-22T23:13:29.868+0200: [GC [ParNew: 3040832K->337856K(3040832K), 1.4284060 secs] 24101329K->23516656K(30070848K), 1.4285160 secs] [Times: user=16.60 sys=1.86, real=1.43 secs] 
2013-04-22T23:14:02.472+0200: [GC [ParNew: 3038371K->337856K(3040832K), 0.2469250 secs] 26217172K->23858330K(30070848K), 0.2470840 secs] [Times: user=2.64 sys=0.50, real=0.25 secs] 
BROKEN RECORDS: 0
BROKEN RECORDS: 0
BROKEN RECORDS: 0
BROKEN RECORDS: 0
BROKEN RECORDS: 0
BROKEN RECORDS: 0
BROKEN RECORDS: 0
BROKEN RECORDS: 0
BROKEN RECORDS: 0
BROKEN RECORDS: 0
2013-04-22T23:17:18.837+0200: [GC [ParNew: 3040832K->337856K(3040832K), 0.2800530 secs] 26561306K->24250203K(30070848K), 0.2802270 secs] [Times: user=2.59 sys=0.85, real=0.28 secs] 
BROKEN RECORDS: 0
BROKEN RECORDS: 0
BROKEN RECORDS: 0
BROKEN RECORDS: 0
BROKEN RECORDS: 0
BROKEN RECORDS: 0
BROKEN RECORDS: 0
BROKEN RECORDS: 0
BROKEN RECORDS: 0
BROKEN RECORDS: 0
BROKEN RECORDS: 0
BROKEN RECORDS: 0
BROKEN RECORDS: 0
BROKEN RECORDS: 0
BROKEN RECORDS: 0
BROKEN RECORDS: 0
BROKEN RECORDS: 0
BROKEN RECORDS: 0
BROKEN RECORDS: 0
BROKEN RECORDS: 0
BROKEN RECORDS: 0
BROKEN RECORDS: 0
BROKEN RECORDS: 0
BROKEN RECORDS: 0
BROKEN RECORDS: 0
BROKEN RECORDS: 0
BROKEN RECORDS: 0
BROKEN RECORDS: 0
BROKEN RECORDS: 0
BROKEN RECORDS: 0
BROKEN RECORDS: 0
BROKEN RECORDS: 0
BROKEN RECORDS: 0
BROKEN RECORDS: 0
BROKEN RECORDS: 0
BROKEN RECORDS: 0
BROKEN RECORDS: 0
BROKEN RECORDS: 0
BROKEN RECORDS: 0
BROKEN RECORDS: 0
BROKEN RECORDS: 0
BROKEN RECORDS: 0
BROKEN RECORDS: 0
BROKEN RECORDS: 0
BROKEN RECORDS: 0
BROKEN RECORDS: 0
BROKEN RECORDS: 0
BROKEN RECORDS: 0
BROKEN RECORDS: 0
BROKEN RECORDS: 0
BROKEN RECORDS: 0
BROKEN RECORDS: 0
BROKEN RECORDS: 0
BROKEN RECORDS: 0
BROKEN RECORDS: 0
BROKEN RECORDS: 0
BROKEN RECORDS: 0
BROKEN RECORDS: 0
BROKEN RECORDS: 0
BROKEN RECORDS: 0
BROKEN RECORDS: 0
BROKEN RECORDS: 0
BROKEN RECORDS: 0
BROKEN RECORDS: 0
BROKEN RECORDS: 0
BROKEN RECORDS: 0
BROKEN RECORDS: 0
BROKEN RECORDS: 0
BROKEN RECORDS: 0
BROKEN RECORDS: 0
BROKEN RECORDS: 0
BROKEN RECORDS: 0
BROKEN RECORDS: 0
BROKEN RECORDS: 0
BROKEN RECORDS: 0
BROKEN RECORDS: 0
BROKEN RECORDS: 0
BROKEN RECORDS: 0
