2013-04-22T23:13:02.015+0200: [GC [ParNew: 2702976K->337856K(3040832K), 0.9810730 secs] 2702976K->2488394K(30070848K), 0.9811730 secs] [Times: user=2.67 sys=9.50, real=0.98 secs] 
2013-04-22T23:13:03.955+0200: [GC [ParNew: 3040832K->337856K(3040832K), 1.1485710 secs] 5191370K->5122178K(30070848K), 1.1486490 secs] [Times: user=3.10 sys=11.76, real=1.15 secs] 
2013-04-22T23:13:06.070+0200: [GC [ParNew: 3040832K->337856K(3040832K), 1.1084310 secs] 7825154K->7813844K(30070848K), 1.1085080 secs] [Times: user=3.31 sys=10.91, real=1.11 secs] 
2013-04-22T23:13:08.157+0200: [GC [ParNew: 3040832K->337856K(3040832K), 1.1035170 secs] 10516820K->10559920K(30070848K), 1.1035760 secs] [Times: user=3.36 sys=10.90, real=1.11 secs] 
2013-04-22T23:13:10.176+0200: [GC [ParNew: 3040832K->337856K(3040832K), 1.1772800 secs] 13262896K->13289923K(30070848K), 1.1773540 secs] [Times: user=4.02 sys=11.23, real=1.18 secs] 
2013-04-22T23:13:12.342+0200: [GC [ParNew: 3040832K->337856K(3040832K), 1.6270320 secs] 15992899K->16001999K(30070848K), 1.6271080 secs] [Times: user=18.43 sys=2.56, real=1.62 secs] 
2013-04-22T23:13:14.885+0200: [GC [ParNew: 3040832K->337856K(3040832K), 1.1320280 secs] 18704975K->18729602K(30070848K), 1.1320870 secs] [Times: user=4.07 sys=10.55, real=1.13 secs] 
2013-04-22T23:13:16.974+0200: [GC [ParNew: 3040832K->337856K(3040832K), 1.1639600 secs] 21432578K->21437225K(30070848K), 1.1640230 secs] [Times: user=4.25 sys=10.64, real=1.17 secs] 
2013-04-22T23:13:29.969+0200: [GC [ParNew: 3040832K->337856K(3040832K), 1.3669960 secs] 24140201K->23555080K(30070848K), 1.3671080 secs] [Times: user=15.88 sys=1.79, real=1.36 secs] 
2013-04-22T23:14:00.057+0200: [GC [ParNew: 3040832K->337856K(3040832K), 0.2681630 secs] 26258056K->23953721K(30070848K), 0.2683910 secs] [Times: user=2.81 sys=0.56, real=0.26 secs] 
BROKEN RECORDS: 0
BROKEN RECORDS: 0
BROKEN RECORDS: 0
BROKEN RECORDS: 0
BROKEN RECORDS: 0
BROKEN RECORDS: 0
BROKEN RECORDS: 0
BROKEN RECORDS: 0
BROKEN RECORDS: 0
BROKEN RECORDS: 0
BROKEN RECORDS: 0
BROKEN RECORDS: 0
BROKEN RECORDS: 0
BROKEN RECORDS: 0
BROKEN RECORDS: 0
BROKEN RECORDS: 0
2013-04-22T23:17:32.869+0200: [GC [ParNew: 3040832K->322480K(3040832K), 0.1799430 secs] 26656697K->24183256K(30070848K), 0.1801450 secs] [Times: user=2.02 sys=0.30, real=0.18 secs] 
BROKEN RECORDS: 0
BROKEN RECORDS: 0
BROKEN RECORDS: 0
BROKEN RECORDS: 0
BROKEN RECORDS: 0
BROKEN RECORDS: 0
BROKEN RECORDS: 0
BROKEN RECORDS: 0
BROKEN RECORDS: 0
BROKEN RECORDS: 0
BROKEN RECORDS: 0
BROKEN RECORDS: 0
BROKEN RECORDS: 0
BROKEN RECORDS: 0
BROKEN RECORDS: 0
BROKEN RECORDS: 0
BROKEN RECORDS: 0
BROKEN RECORDS: 0
BROKEN RECORDS: 0
BROKEN RECORDS: 0
BROKEN RECORDS: 0
BROKEN RECORDS: 0
BROKEN RECORDS: 0
BROKEN RECORDS: 0
BROKEN RECORDS: 0
BROKEN RECORDS: 0
BROKEN RECORDS: 0
BROKEN RECORDS: 0
BROKEN RECORDS: 0
BROKEN RECORDS: 0
BROKEN RECORDS: 0
BROKEN RECORDS: 0
BROKEN RECORDS: 0
BROKEN RECORDS: 0
BROKEN RECORDS: 0
BROKEN RECORDS: 0
BROKEN RECORDS: 0
BROKEN RECORDS: 0
BROKEN RECORDS: 0
BROKEN RECORDS: 0
BROKEN RECORDS: 0
BROKEN RECORDS: 0
BROKEN RECORDS: 0
BROKEN RECORDS: 0
BROKEN RECORDS: 0
BROKEN RECORDS: 0
BROKEN RECORDS: 0
BROKEN RECORDS: 0
BROKEN RECORDS: 0
BROKEN RECORDS: 0
BROKEN RECORDS: 0
BROKEN RECORDS: 0
BROKEN RECORDS: 0
BROKEN RECORDS: 0
BROKEN RECORDS: 0
BROKEN RECORDS: 0
BROKEN RECORDS: 0
BROKEN RECORDS: 0
BROKEN RECORDS: 0
BROKEN RECORDS: 0
BROKEN RECORDS: 0
BROKEN RECORDS: 0
BROKEN RECORDS: 0
BROKEN RECORDS: 0
BROKEN RECORDS: 0
BROKEN RECORDS: 0
BROKEN RECORDS: 0
BROKEN RECORDS: 0
BROKEN RECORDS: 0
BROKEN RECORDS: 0
BROKEN RECORDS: 0
BROKEN RECORDS: 0
