2013-04-22T23:13:00.248+0200: [GC [ParNew: 2702976K->337855K(3040832K), 1.0030370 secs] 2702976K->2490572K(30070848K), 1.0031360 secs] [Times: user=2.84 sys=9.85, real=1.00 secs] 
2013-04-22T23:13:02.309+0200: [GC [ParNew: 3040831K->337856K(3040832K), 1.1676730 secs] 5193548K->5121704K(30070848K), 1.1677560 secs] [Times: user=3.64 sys=11.34, real=1.17 secs] 
2013-04-22T23:13:04.842+0200: [GC [ParNew: 3040832K->337856K(3040832K), 1.1251840 secs] 7824680K->7811160K(30070848K), 1.1252690 secs] [Times: user=3.34 sys=11.22, real=1.12 secs] 
2013-04-22T23:13:07.261+0200: [GC [ParNew: 3040832K->337856K(3040832K), 1.1069170 secs] 10514136K->10532008K(30070848K), 1.1069770 secs] [Times: user=3.86 sys=10.10, real=1.10 secs] 
2013-04-22T23:13:09.661+0200: [GC [ParNew: 3040832K->337856K(3040832K), 1.1842560 secs] 13234984K->13257433K(30070848K), 1.1843420 secs] [Times: user=4.26 sys=11.06, real=1.18 secs] 
2013-04-22T23:13:12.137+0200: [GC [ParNew: 3040832K->337856K(3040832K), 1.6611810 secs] 15960409K->15948090K(30070848K), 1.6612410 secs] [Times: user=18.87 sys=2.34, real=1.66 secs] 
2013-04-22T23:13:15.121+0200: [GC [ParNew: 3040832K->337856K(3040832K), 1.1201840 secs] 18651066K->18655331K(30070848K), 1.1202590 secs] [Times: user=4.25 sys=10.10, real=1.12 secs] 
2013-04-22T23:13:17.536+0200: [GC [ParNew: 3040832K->337856K(3040832K), 1.1886310 secs] 21358307K->21344674K(30070848K), 1.1886930 secs] [Times: user=4.58 sys=10.77, real=1.19 secs] 
2013-04-22T23:13:29.859+0200: [GC [ParNew: 3040832K->337856K(3040832K), 1.4445210 secs] 24047650K->23498286K(30070848K), 1.4446390 secs] [Times: user=16.48 sys=1.98, real=1.45 secs] 
2013-04-22T23:14:02.138+0200: [GC [ParNew: 3029615K->337856K(3040832K), 0.2760910 secs] 26190045K->23830250K(30070848K), 0.2763770 secs] [Times: user=2.77 sys=0.65, real=0.28 secs] 
BROKEN RECORDS: 0
BROKEN RECORDS: 0
BROKEN RECORDS: 0
BROKEN RECORDS: 0
BROKEN RECORDS: 0
BROKEN RECORDS: 0
BROKEN RECORDS: 0
BROKEN RECORDS: 0
BROKEN RECORDS: 0
BROKEN RECORDS: 0
BROKEN RECORDS: 0
BROKEN RECORDS: 0
BROKEN RECORDS: 0
BROKEN RECORDS: 0
BROKEN RECORDS: 0
BROKEN RECORDS: 0
2013-04-22T23:17:42.033+0200: [GC [ParNew: 3040832K->337856K(3040832K), 3.4466200 secs] 26533226K->24077586K(30070848K), 3.4468070 secs] [Times: user=12.64 sys=0.94, real=3.45 secs] 
BROKEN RECORDS: 0
BROKEN RECORDS: 0
BROKEN RECORDS: 0
BROKEN RECORDS: 0
BROKEN RECORDS: 0
BROKEN RECORDS: 0
BROKEN RECORDS: 0
BROKEN RECORDS: 0
BROKEN RECORDS: 0
BROKEN RECORDS: 0
BROKEN RECORDS: 0
BROKEN RECORDS: 0
BROKEN RECORDS: 0
BROKEN RECORDS: 0
BROKEN RECORDS: 0
BROKEN RECORDS: 0
BROKEN RECORDS: 0
BROKEN RECORDS: 0
BROKEN RECORDS: 0
BROKEN RECORDS: 0
BROKEN RECORDS: 0
BROKEN RECORDS: 0
BROKEN RECORDS: 0
BROKEN RECORDS: 0
BROKEN RECORDS: 0
BROKEN RECORDS: 0
BROKEN RECORDS: 0
BROKEN RECORDS: 0
BROKEN RECORDS: 0
BROKEN RECORDS: 0
BROKEN RECORDS: 0
BROKEN RECORDS: 0
BROKEN RECORDS: 0
BROKEN RECORDS: 0
BROKEN RECORDS: 0
BROKEN RECORDS: 0
BROKEN RECORDS: 0
BROKEN RECORDS: 0
BROKEN RECORDS: 0
BROKEN RECORDS: 0
BROKEN RECORDS: 0
BROKEN RECORDS: 0
BROKEN RECORDS: 0
BROKEN RECORDS: 0
BROKEN RECORDS: 0
BROKEN RECORDS: 0
BROKEN RECORDS: 0
BROKEN RECORDS: 0
BROKEN RECORDS: 0
BROKEN RECORDS: 0
BROKEN RECORDS: 0
BROKEN RECORDS: 0
BROKEN RECORDS: 0
BROKEN RECORDS: 0
BROKEN RECORDS: 0
BROKEN RECORDS: 0
BROKEN RECORDS: 0
BROKEN RECORDS: 0
BROKEN RECORDS: 0
BROKEN RECORDS: 0
BROKEN RECORDS: 0
BROKEN RECORDS: 0
BROKEN RECORDS: 0
BROKEN RECORDS: 0
BROKEN RECORDS: 0
BROKEN RECORDS: 0
BROKEN RECORDS: 0
BROKEN RECORDS: 0
BROKEN RECORDS: 0
BROKEN RECORDS: 0
BROKEN RECORDS: 0
BROKEN RECORDS: 0
