2013-04-22T23:13:00.856+0200: [GC [ParNew: 2702976K->337856K(3040832K), 0.9344390 secs] 2702976K->2485589K(30070848K), 0.9345100 secs] [Times: user=2.29 sys=9.51, real=0.93 secs] 
2013-04-22T23:13:02.554+0200: [GC [ParNew: 3040832K->337856K(3040832K), 1.1297810 secs] 5188565K->5119077K(30070848K), 1.1298480 secs] [Times: user=3.70 sys=10.88, real=1.13 secs] 
2013-04-22T23:13:04.442+0200: [GC [ParNew: 3040832K->337856K(3040832K), 1.1440750 secs] 7822053K->7814744K(30070848K), 1.1441220 secs] [Times: user=3.69 sys=10.94, real=1.14 secs] 
2013-04-22T23:13:06.622+0200: [GC [ParNew: 3040832K->337856K(3040832K), 1.0819340 secs] 10517720K->10560724K(30070848K), 1.0819860 secs] [Times: user=3.12 sys=10.89, real=1.08 secs] 
2013-04-22T23:13:08.758+0200: [GC [ParNew: 3040832K->337856K(3040832K), 1.1807340 secs] 13263700K->13295274K(30070848K), 1.1808330 secs] [Times: user=4.12 sys=11.00, real=1.18 secs] 
2013-04-22T23:13:10.962+0200: [GC [ParNew: 3040832K->337856K(3040832K), 1.7580590 secs] 15998250K->15998481K(30070848K), 1.7581150 secs] [Times: user=20.09 sys=2.70, real=1.75 secs] 
2013-04-22T23:13:13.769+0200: [GC [ParNew: 3040832K->337856K(3040832K), 1.0745860 secs] 18701457K->18714015K(30070848K), 1.0746510 secs] [Times: user=4.14 sys=9.61, real=1.08 secs] 
2013-04-22T23:13:15.846+0200: [GC [ParNew: 3040832K->337856K(3040832K), 1.1449850 secs] 21416991K->21415939K(30070848K), 1.1450430 secs] [Times: user=4.46 sys=9.94, real=1.15 secs] 
2013-04-22T23:13:29.836+0200: [GC [ParNew: 3040832K->337856K(3040832K), 1.3308820 secs] 24118915K->23528927K(30070848K), 1.3309930 secs] [Times: user=15.47 sys=1.77, real=1.33 secs] 
2013-04-22T23:14:03.146+0200: [GC [ParNew: 3039779K->337856K(3040832K), 0.2062240 secs] 26230851K->23786350K(30070848K), 0.2065080 secs] [Times: user=2.18 sys=0.38, real=0.21 secs] 
BROKEN RECORDS: 0
BROKEN RECORDS: 0
BROKEN RECORDS: 0
BROKEN RECORDS: 0
BROKEN RECORDS: 0
BROKEN RECORDS: 0
BROKEN RECORDS: 0
BROKEN RECORDS: 0
BROKEN RECORDS: 0
BROKEN RECORDS: 0
BROKEN RECORDS: 0
BROKEN RECORDS: 0
BROKEN RECORDS: 0
BROKEN RECORDS: 0
BROKEN RECORDS: 0
BROKEN RECORDS: 0
BROKEN RECORDS: 0
BROKEN RECORDS: 0
BROKEN RECORDS: 0
BROKEN RECORDS: 0
BROKEN RECORDS: 0
BROKEN RECORDS: 0
BROKEN RECORDS: 0
2013-04-22T23:18:53.881+0200: [GC [ParNew: 3040832K->316420K(3040832K), 0.1655500 secs] 26489326K->24014764K(30070848K), 0.1657590 secs] [Times: user=1.78 sys=0.34, real=0.16 secs] 
BROKEN RECORDS: 0
BROKEN RECORDS: 0
BROKEN RECORDS: 0
BROKEN RECORDS: 0
BROKEN RECORDS: 0
BROKEN RECORDS: 0
BROKEN RECORDS: 0
BROKEN RECORDS: 0
BROKEN RECORDS: 0
BROKEN RECORDS: 0
BROKEN RECORDS: 0
BROKEN RECORDS: 0
BROKEN RECORDS: 0
BROKEN RECORDS: 0
BROKEN RECORDS: 0
BROKEN RECORDS: 0
BROKEN RECORDS: 0
BROKEN RECORDS: 0
BROKEN RECORDS: 0
BROKEN RECORDS: 0
BROKEN RECORDS: 0
BROKEN RECORDS: 0
BROKEN RECORDS: 0
BROKEN RECORDS: 0
BROKEN RECORDS: 0
BROKEN RECORDS: 0
BROKEN RECORDS: 0
BROKEN RECORDS: 0
BROKEN RECORDS: 0
BROKEN RECORDS: 0
BROKEN RECORDS: 0
BROKEN RECORDS: 0
BROKEN RECORDS: 0
BROKEN RECORDS: 0
BROKEN RECORDS: 0
BROKEN RECORDS: 0
BROKEN RECORDS: 0
BROKEN RECORDS: 0
BROKEN RECORDS: 0
BROKEN RECORDS: 0
BROKEN RECORDS: 0
BROKEN RECORDS: 0
BROKEN RECORDS: 0
BROKEN RECORDS: 0
BROKEN RECORDS: 0
BROKEN RECORDS: 0
BROKEN RECORDS: 0
BROKEN RECORDS: 0
BROKEN RECORDS: 0
BROKEN RECORDS: 0
BROKEN RECORDS: 0
BROKEN RECORDS: 0
BROKEN RECORDS: 0
BROKEN RECORDS: 0
BROKEN RECORDS: 0
BROKEN RECORDS: 0
BROKEN RECORDS: 0
BROKEN RECORDS: 0
BROKEN RECORDS: 0
BROKEN RECORDS: 0
BROKEN RECORDS: 0
BROKEN RECORDS: 0
BROKEN RECORDS: 0
BROKEN RECORDS: 0
BROKEN RECORDS: 0
