2013-04-22T23:13:02.537+0200: [GC [ParNew: 2702976K->337856K(3040832K), 0.9354070 secs] 2702976K->2491834K(30070848K), 0.9354720 secs] [Times: user=2.02 sys=9.80, real=0.93 secs] 
2013-04-22T23:13:04.239+0200: [GC [ParNew: 3040832K->337856K(3040832K), 1.0742850 secs] 5194810K->5125872K(30070848K), 1.0743530 secs] [Times: user=2.36 sys=11.51, real=1.07 secs] 
2013-04-22T23:13:06.058+0200: [GC [ParNew: 3040832K->337856K(3040832K), 1.1037780 secs] 7828848K->7816641K(30070848K), 1.1038460 secs] [Times: user=3.10 sys=11.19, real=1.10 secs] 
2013-04-22T23:13:07.875+0200: [GC [ParNew: 3040832K->337856K(3040832K), 1.1458970 secs] 10519617K->10547574K(30070848K), 1.1459710 secs] [Times: user=3.72 sys=11.07, real=1.15 secs] 
2013-04-22T23:13:09.731+0200: [GC [ParNew: 3040832K->337856K(3040832K), 1.1804970 secs] 13250550K->13277897K(30070848K), 1.1805620 secs] [Times: user=4.02 sys=11.26, real=1.18 secs] 
2013-04-22T23:13:11.624+0200: [GC [ParNew: 3040832K->337856K(3040832K), 1.5480330 secs] 15980873K->15987956K(30070848K), 1.5480890 secs] [Times: user=17.42 sys=2.65, real=1.54 secs] 
2013-04-22T23:13:13.897+0200: [GC [ParNew: 3040832K->337856K(3040832K), 1.1121780 secs] 18690932K->18716776K(30070848K), 1.1122390 secs] [Times: user=3.66 sys=10.69, real=1.11 secs] 
2013-04-22T23:13:15.733+0200: [GC [ParNew: 3040832K->337856K(3040832K), 1.1675550 secs] 21419752K->21412745K(30070848K), 1.1676030 secs] [Times: user=4.08 sys=10.90, real=1.17 secs] 
2013-04-22T23:13:29.910+0200: [GC [ParNew: 3040832K->337856K(3040832K), 1.3409960 secs] 24115721K->23514272K(30070848K), 1.3411040 secs] [Times: user=15.40 sys=1.84, real=1.34 secs] 
2013-04-22T23:14:07.194+0200: [GC [ParNew: 3033701K->337856K(3040832K), 0.2251500 secs] 26226501K->23832207K(30070848K), 0.2253710 secs] [Times: user=2.20 sys=0.57, real=0.22 secs] 
BROKEN RECORDS: 0
BROKEN RECORDS: 0
BROKEN RECORDS: 0
BROKEN RECORDS: 0
BROKEN RECORDS: 0
BROKEN RECORDS: 0
BROKEN RECORDS: 0
BROKEN RECORDS: 0
BROKEN RECORDS: 0
BROKEN RECORDS: 0
BROKEN RECORDS: 0
BROKEN RECORDS: 0
BROKEN RECORDS: 0
BROKEN RECORDS: 0
BROKEN RECORDS: 0
BROKEN RECORDS: 0
BROKEN RECORDS: 0
BROKEN RECORDS: 0
BROKEN RECORDS: 0
BROKEN RECORDS: 0
BROKEN RECORDS: 0
BROKEN RECORDS: 0
BROKEN RECORDS: 0
BROKEN RECORDS: 0
2013-04-22T23:19:00.318+0200: [GC [ParNew: 3040832K->284701K(3040832K), 1.6336450 secs] 26535183K->24025280K(30070848K), 1.6338290 secs] [Times: user=8.31 sys=0.42, real=1.64 secs] 
BROKEN RECORDS: 0
BROKEN RECORDS: 0
BROKEN RECORDS: 0
BROKEN RECORDS: 0
BROKEN RECORDS: 0
BROKEN RECORDS: 0
BROKEN RECORDS: 0
BROKEN RECORDS: 0
BROKEN RECORDS: 0
BROKEN RECORDS: 0
BROKEN RECORDS: 0
BROKEN RECORDS: 0
BROKEN RECORDS: 0
BROKEN RECORDS: 0
BROKEN RECORDS: 0
BROKEN RECORDS: 0
BROKEN RECORDS: 0
BROKEN RECORDS: 0
BROKEN RECORDS: 0
BROKEN RECORDS: 0
BROKEN RECORDS: 0
BROKEN RECORDS: 0
BROKEN RECORDS: 0
BROKEN RECORDS: 0
BROKEN RECORDS: 0
BROKEN RECORDS: 0
BROKEN RECORDS: 0
BROKEN RECORDS: 0
BROKEN RECORDS: 0
BROKEN RECORDS: 0
BROKEN RECORDS: 0
BROKEN RECORDS: 0
BROKEN RECORDS: 0
BROKEN RECORDS: 0
BROKEN RECORDS: 0
BROKEN RECORDS: 0
BROKEN RECORDS: 0
BROKEN RECORDS: 0
BROKEN RECORDS: 0
BROKEN RECORDS: 0
BROKEN RECORDS: 0
BROKEN RECORDS: 0
BROKEN RECORDS: 0
BROKEN RECORDS: 0
BROKEN RECORDS: 0
BROKEN RECORDS: 0
BROKEN RECORDS: 0
BROKEN RECORDS: 0
BROKEN RECORDS: 0
BROKEN RECORDS: 0
BROKEN RECORDS: 0
BROKEN RECORDS: 0
BROKEN RECORDS: 0
BROKEN RECORDS: 0
BROKEN RECORDS: 0
BROKEN RECORDS: 0
BROKEN RECORDS: 0
BROKEN RECORDS: 0
BROKEN RECORDS: 0
BROKEN RECORDS: 0
BROKEN RECORDS: 0
BROKEN RECORDS: 0
BROKEN RECORDS: 0
BROKEN RECORDS: 0
