2013-04-22T23:13:01.523+0200: [GC [ParNew: 2702976K->337855K(3040832K), 0.9946000 secs] 2702976K->2482670K(30070848K), 0.9946730 secs] [Times: user=2.49 sys=9.96, real=0.99 secs] 
2013-04-22T23:13:03.594+0200: [GC [ParNew: 3040831K->337856K(3040832K), 1.1404100 secs] 5185646K->5125134K(30070848K), 1.1404850 secs] [Times: user=3.50 sys=11.20, real=1.14 secs] 
2013-04-22T23:13:05.783+0200: [GC [ParNew: 3040832K->337856K(3040832K), 1.1101320 secs] 7828110K->7818272K(30070848K), 1.1102070 secs] [Times: user=3.26 sys=11.12, real=1.11 secs] 
2013-04-22T23:13:07.900+0200: [GC [ParNew: 3040832K->337856K(3040832K), 1.0778190 secs] 10521248K->10519270K(30070848K), 1.0778860 secs] [Times: user=3.25 sys=10.68, real=1.07 secs] 
2013-04-22T23:13:10.000+0200: [GC [ParNew: 3040832K->337856K(3040832K), 1.1687480 secs] 13222246K->13250234K(30070848K), 1.1688270 secs] [Times: user=4.15 sys=10.98, real=1.16 secs] 
2013-04-22T23:13:12.123+0200: [GC [ParNew: 3040832K->337856K(3040832K), 1.6503690 secs] 15953210K->15926900K(30070848K), 1.6504240 secs] [Times: user=18.68 sys=2.60, real=1.65 secs] 
2013-04-22T23:13:14.766+0200: [GC [ParNew: 3040832K->337856K(3040832K), 1.1301090 secs] 18629876K->18692026K(30070848K), 1.1301840 secs] [Times: user=4.11 sys=10.34, real=1.13 secs] 
2013-04-22T23:13:16.873+0200: [GC [ParNew: 3040832K->337856K(3040832K), 1.1275970 secs] 21395002K->21379319K(30070848K), 1.1276720 secs] [Times: user=4.05 sys=10.55, real=1.13 secs] 
2013-04-22T23:13:29.819+0200: [GC [ParNew: 3040832K->337856K(3040832K), 1.4044310 secs] 24082295K->23524931K(30070848K), 1.4045010 secs] [Times: user=16.34 sys=1.86, real=1.40 secs] 
2013-04-22T23:14:12.979+0200: [GC [ParNew: 3032955K->337856K(3040832K), 0.2898000 secs] 26220031K->23927219K(30070848K), 0.2899560 secs] [Times: user=2.91 sys=0.73, real=0.29 secs] 
BROKEN RECORDS: 0
BROKEN RECORDS: 0
BROKEN RECORDS: 0
BROKEN RECORDS: 0
BROKEN RECORDS: 0
BROKEN RECORDS: 0
BROKEN RECORDS: 0
BROKEN RECORDS: 0
BROKEN RECORDS: 0
BROKEN RECORDS: 0
BROKEN RECORDS: 0
BROKEN RECORDS: 0
BROKEN RECORDS: 0
BROKEN RECORDS: 0
BROKEN RECORDS: 0
BROKEN RECORDS: 0
BROKEN RECORDS: 0
BROKEN RECORDS: 0
2013-04-22T23:18:47.980+0200: [GC [ParNew: 3040832K->233040K(3040832K), 0.1657690 secs] 26630195K->24059357K(30070848K), 0.1660040 secs] [Times: user=1.83 sys=0.30, real=0.16 secs] 
BROKEN RECORDS: 0
BROKEN RECORDS: 0
BROKEN RECORDS: 0
BROKEN RECORDS: 0
BROKEN RECORDS: 0
BROKEN RECORDS: 0
BROKEN RECORDS: 0
BROKEN RECORDS: 0
BROKEN RECORDS: 0
BROKEN RECORDS: 0
BROKEN RECORDS: 0
BROKEN RECORDS: 0
BROKEN RECORDS: 0
BROKEN RECORDS: 0
BROKEN RECORDS: 0
BROKEN RECORDS: 0
BROKEN RECORDS: 0
BROKEN RECORDS: 0
BROKEN RECORDS: 0
BROKEN RECORDS: 0
BROKEN RECORDS: 0
BROKEN RECORDS: 0
BROKEN RECORDS: 0
BROKEN RECORDS: 0
BROKEN RECORDS: 0
BROKEN RECORDS: 0
BROKEN RECORDS: 0
BROKEN RECORDS: 0
BROKEN RECORDS: 0
BROKEN RECORDS: 0
BROKEN RECORDS: 0
BROKEN RECORDS: 0
BROKEN RECORDS: 0
BROKEN RECORDS: 0
BROKEN RECORDS: 0
BROKEN RECORDS: 0
BROKEN RECORDS: 0
BROKEN RECORDS: 0
BROKEN RECORDS: 0
BROKEN RECORDS: 0
BROKEN RECORDS: 0
BROKEN RECORDS: 0
BROKEN RECORDS: 0
BROKEN RECORDS: 0
BROKEN RECORDS: 0
BROKEN RECORDS: 0
BROKEN RECORDS: 0
BROKEN RECORDS: 0
BROKEN RECORDS: 0
BROKEN RECORDS: 0
BROKEN RECORDS: 0
BROKEN RECORDS: 0
BROKEN RECORDS: 0
BROKEN RECORDS: 0
BROKEN RECORDS: 0
BROKEN RECORDS: 0
BROKEN RECORDS: 0
BROKEN RECORDS: 0
BROKEN RECORDS: 0
BROKEN RECORDS: 0
BROKEN RECORDS: 0
BROKEN RECORDS: 0
BROKEN RECORDS: 0
BROKEN RECORDS: 0
BROKEN RECORDS: 0
BROKEN RECORDS: 0
BROKEN RECORDS: 0
BROKEN RECORDS: 0
BROKEN RECORDS: 0
BROKEN RECORDS: 0
