2013-04-22T23:13:02.154+0200: [GC [ParNew: 2702976K->337856K(3040832K), 0.9557560 secs] 2702976K->2490505K(30070848K), 0.9564940 secs] [Times: user=1.90 sys=10.15, real=0.96 secs] 
2013-04-22T23:13:04.160+0200: [GC [ParNew: 3040832K->337856K(3040832K), 1.1070430 secs] 5193481K->5128874K(30070848K), 1.1071210 secs] [Times: user=2.28 sys=12.00, real=1.11 secs] 
2013-04-22T23:13:06.306+0200: [GC [ParNew: 3040832K->337856K(3040832K), 1.1530300 secs] 7831850K->7818202K(30070848K), 1.1531060 secs] [Times: user=3.82 sys=10.93, real=1.15 secs] 
2013-04-22T23:13:08.445+0200: [GC [ParNew: 3040832K->337856K(3040832K), 1.1190150 secs] 10521178K->10558675K(30070848K), 1.1190850 secs] [Times: user=3.83 sys=10.47, real=1.12 secs] 
2013-04-22T23:13:10.542+0200: [GC [ParNew: 3040832K->337856K(3040832K), 1.1551620 secs] 13261651K->13272863K(30070848K), 1.1552390 secs] [Times: user=4.02 sys=10.94, real=1.15 secs] 
2013-04-22T23:13:12.685+0200: [GC [ParNew: 3040832K->337856K(3040832K), 1.5347950 secs] 15975839K->15958878K(30070848K), 1.5348690 secs] [Times: user=17.17 sys=2.42, real=1.54 secs] 
2013-04-22T23:13:15.196+0200: [GC [ParNew: 3040832K->337856K(3040832K), 1.1331720 secs] 18661854K->18698070K(30070848K), 1.1332310 secs] [Times: user=3.64 sys=11.01, real=1.13 secs] 
2013-04-22T23:13:17.307+0200: [GC [ParNew: 3040832K->337856K(3040832K), 1.1444740 secs] 21401046K->21379025K(30070848K), 1.1445490 secs] [Times: user=3.92 sys=10.64, real=1.15 secs] 
2013-04-22T23:13:29.737+0200: [GC [ParNew: 3040832K->337856K(3040832K), 1.4081550 secs] 24082001K->23505459K(30070848K), 1.4082670 secs] [Times: user=16.30 sys=1.88, real=1.41 secs] 
2013-04-22T23:13:59.260+0200: [GC [ParNew: 3040832K->337856K(3040832K), 0.2661260 secs] 26273971K->23977696K(30070848K), 0.2663040 secs] [Times: user=2.77 sys=0.46, real=0.27 secs] 
BROKEN RECORDS: 0
BROKEN RECORDS: 0
BROKEN RECORDS: 0
BROKEN RECORDS: 0
BROKEN RECORDS: 0
BROKEN RECORDS: 0
BROKEN RECORDS: 0
BROKEN RECORDS: 0
2013-04-22T23:17:17.447+0200: [GC [ParNew: 3036280K->330996K(3040832K), 0.2328150 secs] 26676120K->24322529K(30070848K), 0.2329950 secs] [Times: user=2.44 sys=0.46, real=0.23 secs] 
BROKEN RECORDS: 0
BROKEN RECORDS: 0
BROKEN RECORDS: 0
BROKEN RECORDS: 0
BROKEN RECORDS: 0
BROKEN RECORDS: 0
BROKEN RECORDS: 0
BROKEN RECORDS: 0
BROKEN RECORDS: 0
BROKEN RECORDS: 0
BROKEN RECORDS: 0
BROKEN RECORDS: 0
BROKEN RECORDS: 0
BROKEN RECORDS: 0
BROKEN RECORDS: 0
BROKEN RECORDS: 0
BROKEN RECORDS: 0
BROKEN RECORDS: 0
BROKEN RECORDS: 0
BROKEN RECORDS: 0
BROKEN RECORDS: 0
BROKEN RECORDS: 0
BROKEN RECORDS: 0
BROKEN RECORDS: 0
BROKEN RECORDS: 0
BROKEN RECORDS: 0
BROKEN RECORDS: 0
BROKEN RECORDS: 0
BROKEN RECORDS: 0
BROKEN RECORDS: 0
BROKEN RECORDS: 0
BROKEN RECORDS: 0
BROKEN RECORDS: 0
BROKEN RECORDS: 0
BROKEN RECORDS: 0
BROKEN RECORDS: 0
BROKEN RECORDS: 0
BROKEN RECORDS: 0
BROKEN RECORDS: 0
BROKEN RECORDS: 0
BROKEN RECORDS: 0
BROKEN RECORDS: 0
BROKEN RECORDS: 0
BROKEN RECORDS: 0
BROKEN RECORDS: 0
BROKEN RECORDS: 0
BROKEN RECORDS: 0
BROKEN RECORDS: 0
BROKEN RECORDS: 0
BROKEN RECORDS: 0
BROKEN RECORDS: 0
BROKEN RECORDS: 0
BROKEN RECORDS: 0
BROKEN RECORDS: 0
BROKEN RECORDS: 0
BROKEN RECORDS: 0
BROKEN RECORDS: 0
BROKEN RECORDS: 0
BROKEN RECORDS: 0
BROKEN RECORDS: 0
BROKEN RECORDS: 0
BROKEN RECORDS: 0
BROKEN RECORDS: 0
BROKEN RECORDS: 0
BROKEN RECORDS: 0
BROKEN RECORDS: 0
BROKEN RECORDS: 0
BROKEN RECORDS: 0
BROKEN RECORDS: 0
BROKEN RECORDS: 0
BROKEN RECORDS: 0
BROKEN RECORDS: 0
BROKEN RECORDS: 0
BROKEN RECORDS: 0
BROKEN RECORDS: 0
BROKEN RECORDS: 0
BROKEN RECORDS: 0
BROKEN RECORDS: 0
BROKEN RECORDS: 0
BROKEN RECORDS: 0
2013-04-22T23:20:11.408+0200: [GC [ParNew: 3033972K->80230K(3040832K), 0.1519390 secs] 27025505K->24317489K(30070848K), 0.1520710 secs] [Times: user=1.60 sys=0.28, real=0.15 secs] 
