2013-04-22T23:13:01.587+0200: [GC [ParNew: 2702976K->337856K(3040832K), 1.0208810 secs] 2702976K->2489042K(30070848K), 1.0209510 secs] [Times: user=2.63 sys=10.15, real=1.02 secs] 
2013-04-22T23:13:03.596+0200: [GC [ParNew: 3040832K->337856K(3040832K), 1.1530190 secs] 5192018K->5128330K(30070848K), 1.1530770 secs] [Times: user=3.26 sys=11.64, real=1.15 secs] 
2013-04-22T23:13:05.786+0200: [GC [ParNew: 3040832K->337856K(3040832K), 1.1216270 secs] 7831306K->7821788K(30070848K), 1.1216760 secs] [Times: user=3.24 sys=11.29, real=1.12 secs] 
2013-04-22T23:13:07.863+0200: [GC [ParNew: 3040832K->337856K(3040832K), 1.0677540 secs] 10524764K->10575356K(30070848K), 1.0678000 secs] [Times: user=3.03 sys=10.61, real=1.06 secs] 
2013-04-22T23:13:09.912+0200: [GC [ParNew: 3040832K->337856K(3040832K), 1.1794700 secs] 13278332K->13303662K(30070848K), 1.1795430 secs] [Times: user=4.06 sys=11.22, real=1.18 secs] 
2013-04-22T23:13:12.076+0200: [GC [ParNew: 3040832K->337856K(3040832K), 1.6620540 secs] 16006638K->16009591K(30070848K), 1.6621290 secs] [Times: user=18.73 sys=2.67, real=1.66 secs] 
2013-04-22T23:13:14.753+0200: [GC [ParNew: 3040832K->337856K(3040832K), 1.0885830 secs] 18712567K->18732904K(30070848K), 1.0886610 secs] [Times: user=3.69 sys=10.40, real=1.09 secs] 
2013-04-22T23:13:16.806+0200: [GC [ParNew: 3040832K->337856K(3040832K), 1.1437540 secs] 21435880K->21443857K(30070848K), 1.1438050 secs] [Times: user=4.15 sys=10.67, real=1.15 secs] 
2013-04-22T23:13:29.834+0200: [GC [ParNew: 3040832K->337856K(3040832K), 1.6351480 secs] 24146833K->23522524K(30070848K), 1.6352560 secs] [Times: user=18.69 sys=2.35, real=1.64 secs] 
2013-04-22T23:14:03.849+0200: [GC [ParNew: 3035584K->337856K(3040832K), 0.2767350 secs] 26220253K->23908033K(30070848K), 0.2769570 secs] [Times: user=2.44 sys=0.99, real=0.27 secs] 
BROKEN RECORDS: 0
BROKEN RECORDS: 0
BROKEN RECORDS: 0
BROKEN RECORDS: 0
BROKEN RECORDS: 0
BROKEN RECORDS: 0
BROKEN RECORDS: 0
BROKEN RECORDS: 0
BROKEN RECORDS: 0
BROKEN RECORDS: 0
BROKEN RECORDS: 0
BROKEN RECORDS: 0
BROKEN RECORDS: 0
BROKEN RECORDS: 0
BROKEN RECORDS: 0
BROKEN RECORDS: 0
2013-04-22T23:18:03.222+0200: [GC [ParNew: 3040832K->296914K(3040832K), 0.1748490 secs] 26611009K->24122418K(30070848K), 0.1750920 secs] [Times: user=1.86 sys=0.34, real=0.17 secs] 
BROKEN RECORDS: 0
BROKEN RECORDS: 0
BROKEN RECORDS: 0
BROKEN RECORDS: 0
BROKEN RECORDS: 0
BROKEN RECORDS: 0
BROKEN RECORDS: 0
BROKEN RECORDS: 0
BROKEN RECORDS: 0
BROKEN RECORDS: 0
BROKEN RECORDS: 0
BROKEN RECORDS: 0
BROKEN RECORDS: 0
BROKEN RECORDS: 0
BROKEN RECORDS: 0
BROKEN RECORDS: 0
BROKEN RECORDS: 0
BROKEN RECORDS: 0
BROKEN RECORDS: 0
BROKEN RECORDS: 0
BROKEN RECORDS: 0
BROKEN RECORDS: 0
BROKEN RECORDS: 0
BROKEN RECORDS: 0
BROKEN RECORDS: 0
BROKEN RECORDS: 0
BROKEN RECORDS: 0
BROKEN RECORDS: 0
BROKEN RECORDS: 0
BROKEN RECORDS: 0
BROKEN RECORDS: 0
BROKEN RECORDS: 0
BROKEN RECORDS: 0
BROKEN RECORDS: 0
BROKEN RECORDS: 0
BROKEN RECORDS: 0
BROKEN RECORDS: 0
BROKEN RECORDS: 0
BROKEN RECORDS: 0
BROKEN RECORDS: 0
BROKEN RECORDS: 0
BROKEN RECORDS: 0
BROKEN RECORDS: 0
BROKEN RECORDS: 0
BROKEN RECORDS: 0
BROKEN RECORDS: 0
BROKEN RECORDS: 0
BROKEN RECORDS: 0
BROKEN RECORDS: 0
BROKEN RECORDS: 0
BROKEN RECORDS: 0
BROKEN RECORDS: 0
BROKEN RECORDS: 0
BROKEN RECORDS: 0
BROKEN RECORDS: 0
BROKEN RECORDS: 0
BROKEN RECORDS: 0
BROKEN RECORDS: 0
BROKEN RECORDS: 0
BROKEN RECORDS: 0
BROKEN RECORDS: 0
BROKEN RECORDS: 0
BROKEN RECORDS: 0
BROKEN RECORDS: 0
BROKEN RECORDS: 0
BROKEN RECORDS: 0
BROKEN RECORDS: 0
BROKEN RECORDS: 0
BROKEN RECORDS: 0
BROKEN RECORDS: 0
BROKEN RECORDS: 0
BROKEN RECORDS: 0
