2013-04-22T23:13:00.875+0200: [GC [ParNew: 2702976K->337855K(3040832K), 0.9912710 secs] 2702976K->2482626K(30070848K), 0.9913370 secs] [Times: user=2.47 sys=10.13, real=0.99 secs] 
2013-04-22T23:13:02.828+0200: [GC [ParNew: 3040831K->337856K(3040832K), 1.1387170 secs] 5185602K->5112660K(30070848K), 1.1387860 secs] [Times: user=3.37 sys=11.33, real=1.14 secs] 
2013-04-22T23:13:04.865+0200: [GC [ParNew: 3040832K->337856K(3040832K), 1.1143040 secs] 7815636K->7805734K(30070848K), 1.1143530 secs] [Times: user=3.43 sys=10.95, real=1.12 secs] 
2013-04-22T23:13:06.919+0200: [GC [ParNew: 3040832K->337856K(3040832K), 1.0721330 secs] 10508710K->10556133K(30070848K), 1.0721970 secs] [Times: user=3.55 sys=10.15, real=1.07 secs] 
2013-04-22T23:13:08.871+0200: [GC [ParNew: 3040832K->337856K(3040832K), 1.1728600 secs] 13259109K->13286456K(30070848K), 1.1729090 secs] [Times: user=4.08 sys=11.11, real=1.17 secs] 
2013-04-22T23:13:10.929+0200: [GC [ParNew: 3040832K->337856K(3040832K), 1.5615910 secs] 15989432K->15984925K(30070848K), 1.5616420 secs] [Times: user=17.81 sys=2.43, real=1.56 secs] 
2013-04-22T23:13:13.429+0200: [GC [ParNew: 3040832K->337856K(3040832K), 1.1131350 secs] 18687901K->18715762K(30070848K), 1.1132020 secs] [Times: user=4.22 sys=10.16, real=1.11 secs] 
2013-04-22T23:13:15.439+0200: [GC [ParNew: 3040832K->337856K(3040832K), 1.1682720 secs] 21418738K->21406225K(30070848K), 1.1683400 secs] [Times: user=4.45 sys=10.59, real=1.16 secs] 
2013-04-22T23:13:29.884+0200: [GC [ParNew: 3040832K->337856K(3040832K), 1.3652260 secs] 24109201K->23533044K(30070848K), 1.3653140 secs] [Times: user=15.91 sys=1.72, real=1.37 secs] 
2013-04-22T23:14:26.436+0200: [GC [ParNew: 3040832K->337856K(3040832K), 0.2463830 secs] 26236020K->23836402K(30070848K), 0.2465900 secs] [Times: user=2.60 sys=0.46, real=0.24 secs] 
BROKEN RECORDS: 0
BROKEN RECORDS: 0
BROKEN RECORDS: 0
BROKEN RECORDS: 0
BROKEN RECORDS: 0
BROKEN RECORDS: 0
BROKEN RECORDS: 0
BROKEN RECORDS: 0
BROKEN RECORDS: 0
BROKEN RECORDS: 0
BROKEN RECORDS: 0
BROKEN RECORDS: 0
BROKEN RECORDS: 0
BROKEN RECORDS: 0
BROKEN RECORDS: 0
BROKEN RECORDS: 0
BROKEN RECORDS: 0
BROKEN RECORDS: 0
BROKEN RECORDS: 0
BROKEN RECORDS: 0
BROKEN RECORDS: 0
BROKEN RECORDS: 0
BROKEN RECORDS: 0
BROKEN RECORDS: 0
BROKEN RECORDS: 0
BROKEN RECORDS: 0
BROKEN RECORDS: 0
BROKEN RECORDS: 0
BROKEN RECORDS: 0
BROKEN RECORDS: 0
BROKEN RECORDS: 0
BROKEN RECORDS: 0
BROKEN RECORDS: 0
BROKEN RECORDS: 0
BROKEN RECORDS: 0
BROKEN RECORDS: 0
BROKEN RECORDS: 0
BROKEN RECORDS: 0
BROKEN RECORDS: 0
BROKEN RECORDS: 0
BROKEN RECORDS: 0
BROKEN RECORDS: 0
BROKEN RECORDS: 0
BROKEN RECORDS: 0
BROKEN RECORDS: 0
BROKEN RECORDS: 0
BROKEN RECORDS: 0
BROKEN RECORDS: 0
BROKEN RECORDS: 0
BROKEN RECORDS: 0
BROKEN RECORDS: 0
BROKEN RECORDS: 0
BROKEN RECORDS: 0
BROKEN RECORDS: 0
2013-04-22T23:19:56.075+0200: [GC [ParNew: 3040832K->212462K(3040832K), 0.1560210 secs] 26539378K->23982366K(30070848K), 0.1562120 secs] [Times: user=1.57 sys=0.42, real=0.15 secs] 
BROKEN RECORDS: 0
BROKEN RECORDS: 0
BROKEN RECORDS: 0
BROKEN RECORDS: 0
BROKEN RECORDS: 0
BROKEN RECORDS: 0
BROKEN RECORDS: 0
BROKEN RECORDS: 0
BROKEN RECORDS: 0
BROKEN RECORDS: 0
BROKEN RECORDS: 0
BROKEN RECORDS: 0
BROKEN RECORDS: 0
BROKEN RECORDS: 0
BROKEN RECORDS: 0
BROKEN RECORDS: 0
BROKEN RECORDS: 0
BROKEN RECORDS: 0
BROKEN RECORDS: 0
BROKEN RECORDS: 0
BROKEN RECORDS: 0
BROKEN RECORDS: 0
BROKEN RECORDS: 0
BROKEN RECORDS: 0
BROKEN RECORDS: 0
BROKEN RECORDS: 0
BROKEN RECORDS: 0
BROKEN RECORDS: 0
BROKEN RECORDS: 0
BROKEN RECORDS: 0
BROKEN RECORDS: 0
BROKEN RECORDS: 0
BROKEN RECORDS: 0
BROKEN RECORDS: 0
