2013-04-22T23:13:02.742+0200: [GC [ParNew: 2702976K->337856K(3040832K), 0.9399820 secs] 2702976K->2490385K(30070848K), 0.9400560 secs] [Times: user=2.28 sys=9.69, real=0.94 secs] 
2013-04-22T23:13:04.446+0200: [GC [ParNew: 3040832K->337856K(3040832K), 1.0784600 secs] 5193361K->5122546K(30070848K), 1.0785250 secs] [Times: user=2.52 sys=11.42, real=1.08 secs] 
2013-04-22T23:13:06.296+0200: [GC [ParNew: 3040832K->337856K(3040832K), 1.1070000 secs] 7825522K->7818277K(30070848K), 1.1070730 secs] [Times: user=2.85 sys=11.50, real=1.11 secs] 
2013-04-22T23:13:08.149+0200: [GC [ParNew: 3040832K->337856K(3040832K), 1.1334420 secs] 10521253K->10541654K(30070848K), 1.1335180 secs] [Times: user=3.89 sys=10.69, real=1.14 secs] 
2013-04-22T23:13:09.986+0200: [GC [ParNew: 3040832K->337856K(3040832K), 1.1758400 secs] 13244630K->13271433K(30070848K), 1.1759140 secs] [Times: user=3.76 sys=11.42, real=1.18 secs] 
2013-04-22T23:13:11.876+0200: [GC [ParNew: 3040832K->337856K(3040832K), 1.6581530 secs] 15974409K->15967853K(30070848K), 1.6582080 secs] [Times: user=18.59 sys=2.76, real=1.66 secs] 
2013-04-22T23:13:14.268+0200: [GC [ParNew: 3040832K->337856K(3040832K), 1.1035190 secs] 18670829K->18676087K(30070848K), 1.1035770 secs] [Times: user=3.30 sys=10.89, real=1.10 secs] 
2013-04-22T23:13:16.086+0200: [GC [ParNew: 3040832K->337856K(3040832K), 1.1604650 secs] 21379063K->21362324K(30070848K), 1.1605110 secs] [Times: user=3.94 sys=10.95, real=1.16 secs] 
2013-04-22T23:13:29.628+0200: [GC [ParNew: 3040832K->337856K(3040832K), 1.5196030 secs] 24065300K->23495930K(30070848K), 1.5197110 secs] [Times: user=17.35 sys=2.20, real=1.52 secs] 
2013-04-22T23:14:14.586+0200: [GC [ParNew: 3037172K->337856K(3040832K), 0.2369440 secs] 26195246K->23864968K(30070848K), 0.2371280 secs] [Times: user=2.16 sys=0.57, real=0.24 secs] 
BROKEN RECORDS: 0
BROKEN RECORDS: 0
BROKEN RECORDS: 0
BROKEN RECORDS: 0
BROKEN RECORDS: 0
BROKEN RECORDS: 0
BROKEN RECORDS: 0
BROKEN RECORDS: 0
BROKEN RECORDS: 0
BROKEN RECORDS: 0
BROKEN RECORDS: 0
BROKEN RECORDS: 0
BROKEN RECORDS: 0
BROKEN RECORDS: 0
BROKEN RECORDS: 0
BROKEN RECORDS: 0
BROKEN RECORDS: 0
BROKEN RECORDS: 0
BROKEN RECORDS: 0
BROKEN RECORDS: 0
BROKEN RECORDS: 0
BROKEN RECORDS: 0
BROKEN RECORDS: 0
BROKEN RECORDS: 0
2013-04-22T23:19:32.930+0200: [GC [ParNew: 3040832K->316940K(3040832K), 0.1782300 secs] 26567944K->24084298K(30070848K), 0.1785640 secs] [Times: user=1.87 sys=0.32, real=0.17 secs] 
BROKEN RECORDS: 0
BROKEN RECORDS: 0
BROKEN RECORDS: 0
BROKEN RECORDS: 0
BROKEN RECORDS: 0
BROKEN RECORDS: 0
BROKEN RECORDS: 0
BROKEN RECORDS: 0
BROKEN RECORDS: 0
BROKEN RECORDS: 0
BROKEN RECORDS: 0
BROKEN RECORDS: 0
BROKEN RECORDS: 0
BROKEN RECORDS: 0
BROKEN RECORDS: 0
BROKEN RECORDS: 0
BROKEN RECORDS: 0
BROKEN RECORDS: 0
BROKEN RECORDS: 0
BROKEN RECORDS: 0
BROKEN RECORDS: 0
BROKEN RECORDS: 0
BROKEN RECORDS: 0
BROKEN RECORDS: 0
BROKEN RECORDS: 0
BROKEN RECORDS: 0
BROKEN RECORDS: 0
BROKEN RECORDS: 0
BROKEN RECORDS: 0
BROKEN RECORDS: 0
BROKEN RECORDS: 0
BROKEN RECORDS: 0
BROKEN RECORDS: 0
BROKEN RECORDS: 0
BROKEN RECORDS: 0
BROKEN RECORDS: 0
BROKEN RECORDS: 0
BROKEN RECORDS: 0
BROKEN RECORDS: 0
BROKEN RECORDS: 0
BROKEN RECORDS: 0
BROKEN RECORDS: 0
BROKEN RECORDS: 0
BROKEN RECORDS: 0
BROKEN RECORDS: 0
BROKEN RECORDS: 0
BROKEN RECORDS: 0
BROKEN RECORDS: 0
BROKEN RECORDS: 0
BROKEN RECORDS: 0
BROKEN RECORDS: 0
BROKEN RECORDS: 0
BROKEN RECORDS: 0
BROKEN RECORDS: 0
BROKEN RECORDS: 0
BROKEN RECORDS: 0
