2013-04-22T23:12:59.978+0200: [GC [ParNew: 2702976K->337856K(3040832K), 0.9967850 secs] 2702976K->2486093K(30070848K), 0.9968830 secs] [Times: user=2.35 sys=10.20, real=1.00 secs] 
2013-04-22T23:13:02.045+0200: [GC [ParNew: 3040832K->337856K(3040832K), 1.1438500 secs] 5189069K->5114431K(30070848K), 1.1439250 secs] [Times: user=3.26 sys=11.51, real=1.14 secs] 
2013-04-22T23:13:04.361+0200: [GC [ParNew: 3040832K->337856K(3040832K), 1.1510630 secs] 7817407K->7803823K(30070848K), 1.1511360 secs] [Times: user=3.76 sys=11.08, real=1.16 secs] 
2013-04-22T23:13:06.683+0200: [GC [ParNew: 3040832K->337856K(3040832K), 1.1290150 secs] 10506799K->10538822K(30070848K), 1.1290930 secs] [Times: user=3.80 sys=10.81, real=1.13 secs] 
2013-04-22T23:13:08.677+0200: [GC [ParNew: 3040832K->337856K(3040832K), 1.1702750 secs] 13241798K->13250769K(30070848K), 1.1703380 secs] [Times: user=3.94 sys=10.92, real=1.17 secs] 
2013-04-22T23:13:10.711+0200: [GC [ParNew: 3040832K->337856K(3040832K), 1.6851010 secs] 15953745K->15954008K(30070848K), 1.6851680 secs] [Times: user=19.21 sys=2.54, real=1.68 secs] 
2013-04-22T23:13:13.331+0200: [GC [ParNew: 3040832K->337856K(3040832K), 1.1374660 secs] 18656984K->18698419K(30070848K), 1.1375150 secs] [Times: user=4.13 sys=10.57, real=1.13 secs] 
2013-04-22T23:13:15.310+0200: [GC [ParNew: 3040832K->337856K(3040832K), 1.1674900 secs] 21401395K->21389395K(30070848K), 1.1675590 secs] [Times: user=4.19 sys=10.84, real=1.17 secs] 
2013-04-22T23:13:29.961+0200: [GC [ParNew: 3040832K->337856K(3040832K), 1.6686250 secs] 24092371K->23530716K(30070848K), 1.6687370 secs] [Times: user=19.57 sys=1.98, real=1.66 secs] 
2013-04-22T23:14:02.147+0200: [GC [ParNew: 3040832K->337856K(3040832K), 0.2196620 secs] 26233883K->23798344K(30070848K), 0.2198120 secs] [Times: user=2.43 sys=0.35, real=0.22 secs] 
BROKEN RECORDS: 0
BROKEN RECORDS: 0
BROKEN RECORDS: 0
BROKEN RECORDS: 0
BROKEN RECORDS: 0
BROKEN RECORDS: 0
BROKEN RECORDS: 0
BROKEN RECORDS: 0
BROKEN RECORDS: 0
2013-04-22T23:17:14.788+0200: [GC [ParNew: 3039980K->332603K(3040832K), 0.1930480 secs] 26500468K->24075776K(30070848K), 0.1932160 secs] [Times: user=1.97 sys=0.42, real=0.19 secs] 
BROKEN RECORDS: 0
BROKEN RECORDS: 0
BROKEN RECORDS: 0
BROKEN RECORDS: 0
BROKEN RECORDS: 0
BROKEN RECORDS: 0
BROKEN RECORDS: 0
BROKEN RECORDS: 0
BROKEN RECORDS: 0
BROKEN RECORDS: 0
BROKEN RECORDS: 0
BROKEN RECORDS: 0
BROKEN RECORDS: 0
BROKEN RECORDS: 0
BROKEN RECORDS: 0
BROKEN RECORDS: 0
BROKEN RECORDS: 0
BROKEN RECORDS: 0
BROKEN RECORDS: 0
BROKEN RECORDS: 0
BROKEN RECORDS: 0
BROKEN RECORDS: 0
BROKEN RECORDS: 0
BROKEN RECORDS: 0
BROKEN RECORDS: 0
BROKEN RECORDS: 0
BROKEN RECORDS: 0
BROKEN RECORDS: 0
BROKEN RECORDS: 0
BROKEN RECORDS: 0
BROKEN RECORDS: 0
BROKEN RECORDS: 0
BROKEN RECORDS: 0
BROKEN RECORDS: 0
BROKEN RECORDS: 0
BROKEN RECORDS: 0
BROKEN RECORDS: 0
BROKEN RECORDS: 0
BROKEN RECORDS: 0
BROKEN RECORDS: 0
BROKEN RECORDS: 0
BROKEN RECORDS: 0
BROKEN RECORDS: 0
BROKEN RECORDS: 0
BROKEN RECORDS: 0
BROKEN RECORDS: 0
BROKEN RECORDS: 0
BROKEN RECORDS: 0
BROKEN RECORDS: 0
BROKEN RECORDS: 0
BROKEN RECORDS: 0
BROKEN RECORDS: 0
BROKEN RECORDS: 0
BROKEN RECORDS: 0
BROKEN RECORDS: 0
BROKEN RECORDS: 0
BROKEN RECORDS: 0
BROKEN RECORDS: 0
BROKEN RECORDS: 0
BROKEN RECORDS: 0
BROKEN RECORDS: 0
BROKEN RECORDS: 0
BROKEN RECORDS: 0
BROKEN RECORDS: 0
BROKEN RECORDS: 0
BROKEN RECORDS: 0
BROKEN RECORDS: 0
BROKEN RECORDS: 0
BROKEN RECORDS: 0
BROKEN RECORDS: 0
BROKEN RECORDS: 0
BROKEN RECORDS: 0
BROKEN RECORDS: 0
BROKEN RECORDS: 0
BROKEN RECORDS: 0
BROKEN RECORDS: 0
BROKEN RECORDS: 0
BROKEN RECORDS: 0
BROKEN RECORDS: 0
2013-04-22T23:20:11.125+0200: [GC [ParNew: 3035579K->76918K(3040832K), 0.1255130 secs] 26778752K->24068817K(30070848K), 0.1256550 secs] [Times: user=1.19 sys=0.39, real=0.12 secs] 
