2013-04-22T23:13:02.340+0200: [GC [ParNew: 2702976K->337856K(3040832K), 0.9546280 secs] 2702976K->2487535K(30070848K), 0.9547030 secs] [Times: user=1.87 sys=10.12, real=0.96 secs] 
2013-04-22T23:13:04.080+0200: [GC [ParNew: 3040832K->337856K(3040832K), 1.1060320 secs] 5190511K->5117795K(30070848K), 1.1061080 secs] [Times: user=2.34 sys=11.95, real=1.11 secs] 
2013-04-22T23:13:05.981+0200: [GC [ParNew: 3040832K->337856K(3040832K), 1.1517500 secs] 7820771K->7812181K(30070848K), 1.1518240 secs] [Times: user=3.83 sys=11.07, real=1.15 secs] 
2013-04-22T23:13:07.877+0200: [GC [ParNew: 3040832K->337856K(3040832K), 1.1120580 secs] 10515157K->10567254K(30070848K), 1.1121160 secs] [Times: user=3.56 sys=10.78, real=1.11 secs] 
2013-04-22T23:13:09.723+0200: [GC [ParNew: 3040832K->337856K(3040832K), 1.1658380 secs] 13270230K->13282530K(30070848K), 1.1658940 secs] [Times: user=4.01 sys=11.05, real=1.17 secs] 
2013-04-22T23:13:11.622+0200: [GC [ParNew: 3040832K->337856K(3040832K), 1.7000050 secs] 15985506K->15982728K(30070848K), 1.7000820 secs] [Times: user=19.33 sys=2.45, real=1.70 secs] 
2013-04-22T23:13:14.055+0200: [GC [ParNew: 3040832K->337856K(3040832K), 1.1346460 secs] 18685704K->18705753K(30070848K), 1.1347250 secs] [Times: user=3.59 sys=11.06, real=1.13 secs] 
2013-04-22T23:13:15.934+0200: [GC [ParNew: 3040832K->337856K(3040832K), 1.1837490 secs] 21408729K->21413856K(30070848K), 1.1838110 secs] [Times: user=3.87 sys=11.35, real=1.18 secs] 
2013-04-22T23:13:29.984+0200: [GC [ParNew: 3040832K->337856K(3040832K), 1.5290620 secs] 24116832K->23517240K(30070848K), 1.5291440 secs] [Times: user=17.82 sys=1.97, real=1.52 secs] 
2013-04-22T23:14:14.596+0200: [GC [ParNew: 3035757K->337856K(3040832K), 0.1919680 secs] 26221324K->23834888K(30070848K), 0.1921300 secs] [Times: user=1.96 sys=0.45, real=0.19 secs] 
BROKEN RECORDS: 0
BROKEN RECORDS: 0
BROKEN RECORDS: 0
BROKEN RECORDS: 0
BROKEN RECORDS: 0
BROKEN RECORDS: 0
BROKEN RECORDS: 0
BROKEN RECORDS: 0
BROKEN RECORDS: 0
BROKEN RECORDS: 0
BROKEN RECORDS: 0
BROKEN RECORDS: 0
BROKEN RECORDS: 0
BROKEN RECORDS: 0
BROKEN RECORDS: 0
BROKEN RECORDS: 0
BROKEN RECORDS: 0
BROKEN RECORDS: 0
BROKEN RECORDS: 0
BROKEN RECORDS: 0
BROKEN RECORDS: 0
BROKEN RECORDS: 0
2013-04-22T23:18:53.645+0200: [GC [ParNew: 3040832K->314225K(3040832K), 0.1940320 secs] 26537864K->24042364K(30070848K), 0.1942820 secs] [Times: user=1.91 sys=0.38, real=0.19 secs] 
BROKEN RECORDS: 0
BROKEN RECORDS: 0
BROKEN RECORDS: 0
BROKEN RECORDS: 0
BROKEN RECORDS: 0
BROKEN RECORDS: 0
BROKEN RECORDS: 0
BROKEN RECORDS: 0
BROKEN RECORDS: 0
BROKEN RECORDS: 0
BROKEN RECORDS: 0
BROKEN RECORDS: 0
BROKEN RECORDS: 0
BROKEN RECORDS: 0
BROKEN RECORDS: 0
BROKEN RECORDS: 0
BROKEN RECORDS: 0
BROKEN RECORDS: 0
BROKEN RECORDS: 0
BROKEN RECORDS: 0
BROKEN RECORDS: 0
BROKEN RECORDS: 0
BROKEN RECORDS: 0
BROKEN RECORDS: 0
BROKEN RECORDS: 0
BROKEN RECORDS: 0
BROKEN RECORDS: 0
BROKEN RECORDS: 0
BROKEN RECORDS: 0
BROKEN RECORDS: 0
BROKEN RECORDS: 0
BROKEN RECORDS: 0
BROKEN RECORDS: 0
BROKEN RECORDS: 0
BROKEN RECORDS: 0
BROKEN RECORDS: 0
BROKEN RECORDS: 0
BROKEN RECORDS: 0
BROKEN RECORDS: 0
BROKEN RECORDS: 0
BROKEN RECORDS: 0
BROKEN RECORDS: 0
BROKEN RECORDS: 0
BROKEN RECORDS: 0
BROKEN RECORDS: 0
BROKEN RECORDS: 0
BROKEN RECORDS: 0
BROKEN RECORDS: 0
BROKEN RECORDS: 0
BROKEN RECORDS: 0
BROKEN RECORDS: 0
BROKEN RECORDS: 0
BROKEN RECORDS: 0
BROKEN RECORDS: 0
BROKEN RECORDS: 0
BROKEN RECORDS: 0
BROKEN RECORDS: 0
BROKEN RECORDS: 0
BROKEN RECORDS: 0
BROKEN RECORDS: 0
BROKEN RECORDS: 0
BROKEN RECORDS: 0
BROKEN RECORDS: 0
BROKEN RECORDS: 0
BROKEN RECORDS: 0
BROKEN RECORDS: 0
