2013-04-23T01:24:53.265+0200: [GC [ParNew: 2702976K->337855K(3040832K), 0.9247110 secs] 2702976K->2482632K(30070848K), 0.9248070 secs] [Times: user=2.10 sys=9.66, real=0.92 secs] 
2013-04-23T01:24:54.965+0200: [GC [ParNew: 3040831K->337856K(3040832K), 1.0429960 secs] 5185608K->5121529K(30070848K), 1.0430700 secs] [Times: user=2.76 sys=10.69, real=1.04 secs] 
2013-04-23T01:24:56.760+0200: [GC [ParNew: 3040832K->337856K(3040832K), 1.0581350 secs] 7824505K->7813450K(30070848K), 1.0582110 secs] [Times: user=2.96 sys=10.76, real=1.06 secs] 
2013-04-23T01:24:58.530+0200: [GC [ParNew: 3040832K->337856K(3040832K), 1.0057660 secs] 10516426K->10540061K(30070848K), 1.0058400 secs] [Times: user=3.02 sys=10.00, real=1.01 secs] 
2013-04-23T01:25:00.261+0200: [GC [ParNew: 3040832K->337856K(3040832K), 1.0958150 secs] 13243037K->13271601K(30070848K), 1.0958860 secs] [Times: user=2.89 sys=11.31, real=1.10 secs] 
2013-04-23T01:25:02.082+0200: [GC [ParNew: 3040832K->337856K(3040832K), 1.4191640 secs] 15974577K->15993089K(30070848K), 1.4192360 secs] [Times: user=15.82 sys=2.60, real=1.41 secs] 
2013-04-23T01:25:04.217+0200: [GC [ParNew: 3040832K->337856K(3040832K), 1.0646580 secs] 18696065K->18732955K(30070848K), 1.0647310 secs] [Times: user=3.01 sys=10.78, real=1.07 secs] 
2013-04-23T01:25:06.007+0200: [GC [ParNew: 3040832K->337856K(3040832K), 1.1283450 secs] 21435931K->21448006K(30070848K), 1.1284170 secs] [Times: user=3.59 sys=11.02, real=1.13 secs] 
2013-04-23T01:25:20.935+0200: [GC [ParNew: 3040832K->337856K(3040832K), 1.5949860 secs] 24150982K->23528306K(30070848K), 1.5950950 secs] [Times: user=18.74 sys=1.96, real=1.59 secs] 
2013-04-23T01:26:04.386+0200: [GC [ParNew: 3040832K->337856K(3040832K), 0.5533140 secs] 26231282K->23870693K(30070848K), 0.5978930 secs] [Times: user=2.47 sys=2.24, real=0.60 secs] 
BROKEN RECORDS: 0
BROKEN RECORDS: 0
BROKEN RECORDS: 0
BROKEN RECORDS: 0
BROKEN RECORDS: 0
BROKEN RECORDS: 0
BROKEN RECORDS: 0
BROKEN RECORDS: 0
BROKEN RECORDS: 0
BROKEN RECORDS: 0
BROKEN RECORDS: 0
BROKEN RECORDS: 0
BROKEN RECORDS: 0
BROKEN RECORDS: 0
BROKEN RECORDS: 0
BROKEN RECORDS: 0
BROKEN RECORDS: 0
BROKEN RECORDS: 0
BROKEN RECORDS: 0
BROKEN RECORDS: 0
BROKEN RECORDS: 0
BROKEN RECORDS: 0
BROKEN RECORDS: 0
BROKEN RECORDS: 0
BROKEN RECORDS: 0
BROKEN RECORDS: 0
BROKEN RECORDS: 0
BROKEN RECORDS: 0
BROKEN RECORDS: 0
BROKEN RECORDS: 0
BROKEN RECORDS: 0
BROKEN RECORDS: 0
BROKEN RECORDS: 0
BROKEN RECORDS: 0
BROKEN RECORDS: 0
BROKEN RECORDS: 0
BROKEN RECORDS: 0
BROKEN RECORDS: 0
BROKEN RECORDS: 0
BROKEN RECORDS: 0
BROKEN RECORDS: 0
BROKEN RECORDS: 0
BROKEN RECORDS: 0
BROKEN RECORDS: 0
BROKEN RECORDS: 0
BROKEN RECORDS: 0
BROKEN RECORDS: 0
BROKEN RECORDS: 0
BROKEN RECORDS: 0
BROKEN RECORDS: 0
BROKEN RECORDS: 0
BROKEN RECORDS: 0
BROKEN RECORDS: 0
BROKEN RECORDS: 0
BROKEN RECORDS: 0
BROKEN RECORDS: 0
BROKEN RECORDS: 0
BROKEN RECORDS: 0
BROKEN RECORDS: 0
BROKEN RECORDS: 0
BROKEN RECORDS: 0
BROKEN RECORDS: 0
BROKEN RECORDS: 0
BROKEN RECORDS: 0
BROKEN RECORDS: 0
BROKEN RECORDS: 0
BROKEN RECORDS: 0
BROKEN RECORDS: 0
BROKEN RECORDS: 0
BROKEN RECORDS: 0
BROKEN RECORDS: 0
BROKEN RECORDS: 0
BROKEN RECORDS: 0
BROKEN RECORDS: 0
BROKEN RECORDS: 0
BROKEN RECORDS: 0
BROKEN RECORDS: 0
BROKEN RECORDS: 0
BROKEN RECORDS: 0
BROKEN RECORDS: 0
2013-04-23T01:29:52.689+0200: [GC [ParNew: 3040832K->248226K(3040832K), 0.4457550 secs] 26573669K->24030645K(30070848K), 0.4460490 secs] [Times: user=2.91 sys=0.64, real=0.45 secs] 
BROKEN RECORDS: 0
BROKEN RECORDS: 0
BROKEN RECORDS: 0
BROKEN RECORDS: 0
BROKEN RECORDS: 0
BROKEN RECORDS: 0
BROKEN RECORDS: 0
BROKEN RECORDS: 0
