2013-04-23T01:24:49.889+0200: [GC [ParNew: 2702976K->337856K(3040832K), 0.9548230 secs] 2702976K->2494864K(30070848K), 0.9548960 secs] [Times: user=2.33 sys=9.84, real=0.95 secs] 
2013-04-23T01:24:51.610+0200: [GC [ParNew: 3040832K->337856K(3040832K), 1.0697240 secs] 5197840K->5136516K(30070848K), 1.0697690 secs] [Times: user=3.04 sys=10.78, real=1.07 secs] 
2013-04-23T01:24:53.422+0200: [GC [ParNew: 3040832K->337856K(3040832K), 1.0625570 secs] 7839492K->7824531K(30070848K), 1.0625960 secs] [Times: user=3.43 sys=10.05, real=1.06 secs] 
2013-04-23T01:24:55.208+0200: [GC [ParNew: 3040832K->337856K(3040832K), 1.0628380 secs] 10527507K->10550437K(30070848K), 1.0629070 secs] [Times: user=3.48 sys=10.27, real=1.06 secs] 
2013-04-23T01:24:56.979+0200: [GC [ParNew: 3040832K->337856K(3040832K), 1.1137590 secs] 13253413K->13256461K(30070848K), 1.1138230 secs] [Times: user=3.21 sys=11.21, real=1.11 secs] 
2013-04-23T01:24:58.797+0200: [GC [ParNew: 3040832K->337856K(3040832K), 1.5692470 secs] 15959437K->15962166K(30070848K), 1.5692960 secs] [Times: user=17.45 sys=2.79, real=1.57 secs] 
2013-04-23T01:25:01.344+0200: [GC [ParNew: 3040832K->337856K(3040832K), 1.0770900 secs] 18665142K->18696332K(30070848K), 1.0771570 secs] [Times: user=3.18 sys=10.77, real=1.08 secs] 
2013-04-23T01:25:03.389+0200: [GC [ParNew: 3040832K->337856K(3040832K), 1.1295020 secs] 21399308K->21369571K(30070848K), 1.1295670 secs] [Times: user=3.96 sys=10.66, real=1.13 secs] 
2013-04-23T01:25:20.960+0200: [GC [ParNew: 3040832K->337856K(3040832K), 1.3581690 secs] 24072547K->23468248K(30070848K), 1.3582430 secs] [Times: user=15.79 sys=1.71, real=1.36 secs] 
2013-04-23T01:26:48.914+0200: [GC [ParNew: 3040832K->337856K(3040832K), 0.1852880 secs] 26171224K->23598171K(30070848K), 0.1855480 secs] [Times: user=2.08 sys=0.16, real=0.19 secs] 
BROKEN RECORDS: 0
BROKEN RECORDS: 0
BROKEN RECORDS: 0
BROKEN RECORDS: 0
BROKEN RECORDS: 0
BROKEN RECORDS: 0
BROKEN RECORDS: 0
BROKEN RECORDS: 0
BROKEN RECORDS: 0
BROKEN RECORDS: 0
BROKEN RECORDS: 0
BROKEN RECORDS: 0
BROKEN RECORDS: 0
BROKEN RECORDS: 0
BROKEN RECORDS: 0
BROKEN RECORDS: 0
BROKEN RECORDS: 0
BROKEN RECORDS: 0
BROKEN RECORDS: 0
BROKEN RECORDS: 0
BROKEN RECORDS: 0
BROKEN RECORDS: 0
BROKEN RECORDS: 0
BROKEN RECORDS: 0
BROKEN RECORDS: 0
BROKEN RECORDS: 0
BROKEN RECORDS: 0
BROKEN RECORDS: 0
BROKEN RECORDS: 0
BROKEN RECORDS: 0
BROKEN RECORDS: 0
BROKEN RECORDS: 0
BROKEN RECORDS: 0
BROKEN RECORDS: 0
BROKEN RECORDS: 0
BROKEN RECORDS: 0
BROKEN RECORDS: 0
BROKEN RECORDS: 0
BROKEN RECORDS: 0
BROKEN RECORDS: 0
BROKEN RECORDS: 0
BROKEN RECORDS: 0
BROKEN RECORDS: 0
BROKEN RECORDS: 0
BROKEN RECORDS: 0
BROKEN RECORDS: 0
BROKEN RECORDS: 0
BROKEN RECORDS: 0
BROKEN RECORDS: 0
BROKEN RECORDS: 0
BROKEN RECORDS: 0
BROKEN RECORDS: 0
BROKEN RECORDS: 0
BROKEN RECORDS: 0
BROKEN RECORDS: 0
BROKEN RECORDS: 0
BROKEN RECORDS: 0
BROKEN RECORDS: 0
BROKEN RECORDS: 0
BROKEN RECORDS: 0
BROKEN RECORDS: 0
BROKEN RECORDS: 0
BROKEN RECORDS: 0
BROKEN RECORDS: 0
BROKEN RECORDS: 0
BROKEN RECORDS: 0
BROKEN RECORDS: 0
BROKEN RECORDS: 0
BROKEN RECORDS: 0
BROKEN RECORDS: 0
BROKEN RECORDS: 0
BROKEN RECORDS: 0
BROKEN RECORDS: 0
BROKEN RECORDS: 0
BROKEN RECORDS: 0
BROKEN RECORDS: 0
BROKEN RECORDS: 0
BROKEN RECORDS: 0
BROKEN RECORDS: 0
BROKEN RECORDS: 0
2013-04-23T01:29:53.313+0200: [GC [ParNew: 3040832K->189390K(3040832K), 0.3625420 secs] 26301147K->23765750K(30070848K), 0.3628110 secs] [Times: user=2.73 sys=0.65, real=0.36 secs] 
BROKEN RECORDS: 0
BROKEN RECORDS: 0
BROKEN RECORDS: 0
BROKEN RECORDS: 0
BROKEN RECORDS: 0
BROKEN RECORDS: 0
BROKEN RECORDS: 0
BROKEN RECORDS: 0
