2013-04-23T01:24:53.333+0200: [GC [ParNew: 2702976K->337856K(3040832K), 0.9087270 secs] 2702976K->2485111K(30070848K), 0.9087930 secs] [Times: user=2.10 sys=9.30, real=0.91 secs] 
2013-04-23T01:24:55.008+0200: [GC [ParNew: 3040832K->337856K(3040832K), 1.0551610 secs] 5188087K->5119605K(30070848K), 1.0552280 secs] [Times: user=2.64 sys=10.98, real=1.06 secs] 
2013-04-23T01:24:56.798+0200: [GC [ParNew: 3040832K->337856K(3040832K), 1.0584210 secs] 7822581K->7809029K(30070848K), 1.0584860 secs] [Times: user=3.09 sys=10.62, real=1.06 secs] 
2013-04-23T01:24:58.571+0200: [GC [ParNew: 3040832K->337856K(3040832K), 1.0230090 secs] 10512005K->10540794K(30070848K), 1.0230770 secs] [Times: user=3.19 sys=10.01, real=1.02 secs] 
2013-04-23T01:25:00.306+0200: [GC [ParNew: 3040832K->337856K(3040832K), 1.1002570 secs] 13243770K->13264619K(30070848K), 1.1003240 secs] [Times: user=2.85 sys=11.41, real=1.10 secs] 
2013-04-23T01:25:02.098+0200: [GC [ParNew: 3040832K->337856K(3040832K), 1.5419670 secs] 15967595K->15957869K(30070848K), 1.5420140 secs] [Times: user=17.30 sys=2.62, real=1.54 secs] 
2013-04-23T01:25:04.343+0200: [GC [ParNew: 3040832K->337856K(3040832K), 1.0856110 secs] 18660845K->18699207K(30070848K), 1.0856800 secs] [Times: user=2.84 sys=11.16, real=1.08 secs] 
2013-04-23T01:25:06.120+0200: [GC [ParNew: 3040832K->337856K(3040832K), 1.1452870 secs] 21402183K->21418228K(30070848K), 1.1453530 secs] [Times: user=3.69 sys=11.14, real=1.15 secs] 
2013-04-23T01:25:21.042+0200: [GC [ParNew: 3040832K->337856K(3040832K), 1.4484730 secs] 24121204K->23538579K(30070848K), 1.4485490 secs] [Times: user=16.72 sys=2.04, real=1.45 secs] 
2013-04-23T01:26:22.858+0200: [GC [ParNew: 3040832K->337856K(3040832K), 0.2744720 secs] 26241555K->23822551K(30070848K), 0.2746540 secs] [Times: user=2.44 sys=0.83, real=0.27 secs] 
BROKEN RECORDS: 0
BROKEN RECORDS: 0
BROKEN RECORDS: 0
BROKEN RECORDS: 0
BROKEN RECORDS: 0
BROKEN RECORDS: 0
BROKEN RECORDS: 0
BROKEN RECORDS: 0
BROKEN RECORDS: 0
BROKEN RECORDS: 0
BROKEN RECORDS: 0
BROKEN RECORDS: 0
BROKEN RECORDS: 0
BROKEN RECORDS: 0
BROKEN RECORDS: 0
BROKEN RECORDS: 0
BROKEN RECORDS: 0
BROKEN RECORDS: 0
BROKEN RECORDS: 0
BROKEN RECORDS: 0
BROKEN RECORDS: 0
BROKEN RECORDS: 0
BROKEN RECORDS: 0
BROKEN RECORDS: 0
BROKEN RECORDS: 0
BROKEN RECORDS: 0
BROKEN RECORDS: 0
BROKEN RECORDS: 0
BROKEN RECORDS: 0
BROKEN RECORDS: 0
BROKEN RECORDS: 0
BROKEN RECORDS: 0
BROKEN RECORDS: 0
BROKEN RECORDS: 0
BROKEN RECORDS: 0
BROKEN RECORDS: 0
BROKEN RECORDS: 0
BROKEN RECORDS: 0
BROKEN RECORDS: 0
BROKEN RECORDS: 0
BROKEN RECORDS: 0
BROKEN RECORDS: 0
BROKEN RECORDS: 0
BROKEN RECORDS: 0
BROKEN RECORDS: 0
BROKEN RECORDS: 0
BROKEN RECORDS: 0
BROKEN RECORDS: 0
BROKEN RECORDS: 0
BROKEN RECORDS: 0
BROKEN RECORDS: 0
BROKEN RECORDS: 0
BROKEN RECORDS: 0
BROKEN RECORDS: 0
BROKEN RECORDS: 0
BROKEN RECORDS: 0
BROKEN RECORDS: 0
BROKEN RECORDS: 0
BROKEN RECORDS: 0
BROKEN RECORDS: 0
BROKEN RECORDS: 0
BROKEN RECORDS: 0
BROKEN RECORDS: 0
BROKEN RECORDS: 0
BROKEN RECORDS: 0
BROKEN RECORDS: 0
BROKEN RECORDS: 0
BROKEN RECORDS: 0
BROKEN RECORDS: 0
BROKEN RECORDS: 0
BROKEN RECORDS: 0
BROKEN RECORDS: 0
BROKEN RECORDS: 0
BROKEN RECORDS: 0
BROKEN RECORDS: 0
BROKEN RECORDS: 0
BROKEN RECORDS: 0
BROKEN RECORDS: 0
BROKEN RECORDS: 0
BROKEN RECORDS: 0
2013-04-23T01:29:53.048+0200: [GC [ParNew: 3040832K->181350K(3040832K), 0.2747230 secs] 26525591K->23957292K(30070848K), 0.2749540 secs] [Times: user=2.03 sys=0.60, real=0.28 secs] 
BROKEN RECORDS: 0
BROKEN RECORDS: 0
BROKEN RECORDS: 0
BROKEN RECORDS: 0
BROKEN RECORDS: 0
BROKEN RECORDS: 0
BROKEN RECORDS: 0
BROKEN RECORDS: 0
