2013-04-23T01:24:52.047+0200: [GC [ParNew: 2702976K->337856K(3040832K), 0.9380860 secs] 2702976K->2481947K(30070848K), 0.9381570 secs] [Times: user=2.17 sys=9.72, real=0.94 secs] 
2013-04-23T01:24:53.749+0200: [GC [ParNew: 3040832K->337856K(3040832K), 1.0477050 secs] 5184923K->5120663K(30070848K), 1.0477700 secs] [Times: user=3.07 sys=10.46, real=1.05 secs] 
2013-04-23T01:24:55.549+0200: [GC [ParNew: 3040832K->337856K(3040832K), 1.0693660 secs] 7823639K->7816586K(30070848K), 1.0694400 secs] [Times: user=3.24 sys=10.61, real=1.07 secs] 
2013-04-23T01:24:57.321+0200: [GC [ParNew: 3040832K->337856K(3040832K), 1.0473020 secs] 10519562K->10568425K(30070848K), 1.0473750 secs] [Times: user=2.90 sys=10.60, real=1.04 secs] 
2013-04-23T01:24:59.080+0200: [GC [ParNew: 3040832K->337856K(3040832K), 1.1151330 secs] 13271401K->13300254K(30070848K), 1.1152040 secs] [Times: user=2.94 sys=11.51, real=1.12 secs] 
2013-04-23T01:25:00.919+0200: [GC [ParNew: 3040832K->337856K(3040832K), 1.5393480 secs] 16003230K->16021870K(30070848K), 1.5394240 secs] [Times: user=17.50 sys=2.46, real=1.54 secs] 
2013-04-23T01:25:03.183+0200: [GC [ParNew: 3040832K->337856K(3040832K), 1.0795010 secs] 18724846K->18762728K(30070848K), 1.0795720 secs] [Times: user=3.08 sys=10.89, real=1.08 secs] 
2013-04-23T01:25:04.987+0200: [GC [ParNew: 3040832K->337856K(3040832K), 1.1602430 secs] 21465704K->21481717K(30070848K), 1.1602970 secs] [Times: user=3.78 sys=11.02, real=1.16 secs] 
2013-04-23T01:25:20.918+0200: [GC [ParNew: 3040832K->337856K(3040832K), 1.5334590 secs] 24184693K->23537140K(30070848K), 1.5335480 secs] [Times: user=17.96 sys=1.93, real=1.54 secs] 
2013-04-23T01:25:53.675+0200: [GC [ParNew: 3040832K->337856K(3040832K), 0.4397040 secs] 26240116K->23970911K(30070848K), 0.4399200 secs] [Times: user=3.19 sys=1.58, real=0.44 secs] 
BROKEN RECORDS: 0
BROKEN RECORDS: 0
BROKEN RECORDS: 0
BROKEN RECORDS: 0
BROKEN RECORDS: 0
BROKEN RECORDS: 0
BROKEN RECORDS: 0
BROKEN RECORDS: 0
BROKEN RECORDS: 0
BROKEN RECORDS: 0
BROKEN RECORDS: 0
BROKEN RECORDS: 0
BROKEN RECORDS: 0
BROKEN RECORDS: 0
BROKEN RECORDS: 0
BROKEN RECORDS: 0
BROKEN RECORDS: 0
BROKEN RECORDS: 0
BROKEN RECORDS: 0
BROKEN RECORDS: 0
BROKEN RECORDS: 0
BROKEN RECORDS: 0
BROKEN RECORDS: 0
BROKEN RECORDS: 0
BROKEN RECORDS: 0
BROKEN RECORDS: 0
BROKEN RECORDS: 0
BROKEN RECORDS: 0
BROKEN RECORDS: 0
BROKEN RECORDS: 0
BROKEN RECORDS: 0
BROKEN RECORDS: 0
BROKEN RECORDS: 0
BROKEN RECORDS: 0
BROKEN RECORDS: 0
BROKEN RECORDS: 0
BROKEN RECORDS: 0
BROKEN RECORDS: 0
BROKEN RECORDS: 0
BROKEN RECORDS: 0
BROKEN RECORDS: 0
BROKEN RECORDS: 0
BROKEN RECORDS: 0
BROKEN RECORDS: 0
BROKEN RECORDS: 0
BROKEN RECORDS: 0
BROKEN RECORDS: 0
BROKEN RECORDS: 0
BROKEN RECORDS: 0
BROKEN RECORDS: 0
BROKEN RECORDS: 0
BROKEN RECORDS: 0
BROKEN RECORDS: 0
BROKEN RECORDS: 0
BROKEN RECORDS: 0
BROKEN RECORDS: 0
BROKEN RECORDS: 0
BROKEN RECORDS: 0
BROKEN RECORDS: 0
BROKEN RECORDS: 0
BROKEN RECORDS: 0
BROKEN RECORDS: 0
BROKEN RECORDS: 0
BROKEN RECORDS: 0
BROKEN RECORDS: 0
BROKEN RECORDS: 0
BROKEN RECORDS: 0
BROKEN RECORDS: 0
BROKEN RECORDS: 0
BROKEN RECORDS: 0
BROKEN RECORDS: 0
BROKEN RECORDS: 0
BROKEN RECORDS: 0
BROKEN RECORDS: 0
BROKEN RECORDS: 0
BROKEN RECORDS: 0
BROKEN RECORDS: 0
BROKEN RECORDS: 0
BROKEN RECORDS: 0
BROKEN RECORDS: 0
2013-04-23T01:29:51.700+0200: [GC [ParNew: 3040832K->225654K(3040832K), 0.2180610 secs] 26673887K->24103634K(30070848K), 0.2183020 secs] [Times: user=2.08 sys=0.54, real=0.22 secs] 
BROKEN RECORDS: 0
BROKEN RECORDS: 0
BROKEN RECORDS: 0
BROKEN RECORDS: 0
BROKEN RECORDS: 0
BROKEN RECORDS: 0
BROKEN RECORDS: 0
BROKEN RECORDS: 0
