2013-04-23T01:24:52.095+0200: [GC [ParNew: 2702976K->337855K(3040832K), 0.9430770 secs] 2702976K->2484341K(30070848K), 0.9431460 secs] [Times: user=2.12 sys=9.79, real=0.94 secs] 
2013-04-23T01:24:53.824+0200: [GC [ParNew: 3040831K->337856K(3040832K), 1.0642300 secs] 5187317K->5125236K(30070848K), 1.0643020 secs] [Times: user=2.81 sys=10.91, real=1.07 secs] 
2013-04-23T01:24:55.649+0200: [GC [ParNew: 3040832K->337856K(3040832K), 1.0816840 secs] 7828212K->7821415K(30070848K), 1.0817490 secs] [Times: user=3.28 sys=10.72, real=1.08 secs] 
2013-04-23T01:24:57.457+0200: [GC [ParNew: 3040832K->337856K(3040832K), 1.0462780 secs] 10524391K->10572005K(30070848K), 1.0463450 secs] [Times: user=2.76 sys=10.78, real=1.04 secs] 
2013-04-23T01:24:59.241+0200: [GC [ParNew: 3040832K->337856K(3040832K), 1.1203620 secs] 13274981K->13293685K(30070848K), 1.1204300 secs] [Times: user=3.23 sys=11.26, real=1.12 secs] 
2013-04-23T01:25:01.066+0200: [GC [ParNew: 3040832K->337856K(3040832K), 1.5309980 secs] 15996661K->16014148K(30070848K), 1.5310470 secs] [Times: user=17.06 sys=2.80, real=1.53 secs] 
2013-04-23T01:25:03.289+0200: [GC [ParNew: 3040832K->337856K(3040832K), 1.0488510 secs] 18717124K->18725168K(30070848K), 1.0489110 secs] [Times: user=2.93 sys=10.62, real=1.05 secs] 
2013-04-23T01:25:05.052+0200: [GC [ParNew: 3040832K->337856K(3040832K), 1.1582000 secs] 21428144K->21439706K(30070848K), 1.1583440 secs] [Times: user=3.65 sys=11.35, real=1.16 secs] 
2013-04-23T01:25:20.976+0200: [GC [ParNew: 3040832K->337856K(3040832K), 1.4425280 secs] 24142682K->23548916K(30070848K), 1.4426360 secs] [Times: user=16.66 sys=1.90, real=1.44 secs] 
2013-04-23T01:26:10.241+0200: [GC [ParNew: 3022453K->337856K(3040832K), 0.3409950 secs] 26233514K->23770975K(30070848K), 0.3412080 secs] [Times: user=2.76 sys=0.85, real=0.35 secs] 
BROKEN RECORDS: 0
BROKEN RECORDS: 0
BROKEN RECORDS: 0
BROKEN RECORDS: 0
BROKEN RECORDS: 0
BROKEN RECORDS: 0
BROKEN RECORDS: 0
BROKEN RECORDS: 0
BROKEN RECORDS: 0
BROKEN RECORDS: 0
BROKEN RECORDS: 0
BROKEN RECORDS: 0
BROKEN RECORDS: 0
BROKEN RECORDS: 0
BROKEN RECORDS: 0
BROKEN RECORDS: 0
BROKEN RECORDS: 0
BROKEN RECORDS: 0
BROKEN RECORDS: 0
BROKEN RECORDS: 0
BROKEN RECORDS: 0
BROKEN RECORDS: 0
BROKEN RECORDS: 0
BROKEN RECORDS: 0
BROKEN RECORDS: 0
BROKEN RECORDS: 0
BROKEN RECORDS: 0
BROKEN RECORDS: 0
BROKEN RECORDS: 0
BROKEN RECORDS: 0
BROKEN RECORDS: 0
BROKEN RECORDS: 0
BROKEN RECORDS: 0
BROKEN RECORDS: 0
BROKEN RECORDS: 0
BROKEN RECORDS: 0
BROKEN RECORDS: 0
BROKEN RECORDS: 0
BROKEN RECORDS: 0
BROKEN RECORDS: 0
BROKEN RECORDS: 0
BROKEN RECORDS: 0
BROKEN RECORDS: 0
BROKEN RECORDS: 0
BROKEN RECORDS: 0
BROKEN RECORDS: 0
BROKEN RECORDS: 0
BROKEN RECORDS: 0
BROKEN RECORDS: 0
BROKEN RECORDS: 0
BROKEN RECORDS: 0
BROKEN RECORDS: 0
BROKEN RECORDS: 0
BROKEN RECORDS: 0
BROKEN RECORDS: 0
BROKEN RECORDS: 0
BROKEN RECORDS: 0
BROKEN RECORDS: 0
BROKEN RECORDS: 0
BROKEN RECORDS: 0
BROKEN RECORDS: 0
BROKEN RECORDS: 0
BROKEN RECORDS: 0
BROKEN RECORDS: 0
BROKEN RECORDS: 0
BROKEN RECORDS: 0
BROKEN RECORDS: 0
BROKEN RECORDS: 0
BROKEN RECORDS: 0
BROKEN RECORDS: 0
BROKEN RECORDS: 0
BROKEN RECORDS: 0
BROKEN RECORDS: 0
BROKEN RECORDS: 0
BROKEN RECORDS: 0
BROKEN RECORDS: 0
BROKEN RECORDS: 0
BROKEN RECORDS: 0
BROKEN RECORDS: 0
BROKEN RECORDS: 0
2013-04-23T01:29:52.886+0200: [GC [ParNew: 3040832K->161097K(3040832K), 0.2888200 secs] 26473951K->23892402K(30070848K), 0.2890560 secs] [Times: user=2.50 sys=0.51, real=0.28 secs] 
BROKEN RECORDS: 0
BROKEN RECORDS: 0
BROKEN RECORDS: 0
BROKEN RECORDS: 0
BROKEN RECORDS: 0
BROKEN RECORDS: 0
BROKEN RECORDS: 0
BROKEN RECORDS: 0
