2013-04-23T01:24:51.272+0200: [GC [ParNew: 2702976K->337855K(3040832K), 0.9120120 secs] 2702976K->2484587K(30070848K), 0.9121260 secs] [Times: user=2.44 sys=8.80, real=0.92 secs] 
2013-04-23T01:24:53.199+0200: [GC [ParNew: 3040831K->337856K(3040832K), 1.0444670 secs] 5187563K->5120618K(30070848K), 1.0445420 secs] [Times: user=2.79 sys=10.69, real=1.04 secs] 
2013-04-23T01:24:55.241+0200: [GC [ParNew: 3040832K->337856K(3040832K), 1.0538740 secs] 7823594K->7811066K(30070848K), 1.0539530 secs] [Times: user=3.19 sys=10.40, real=1.06 secs] 
2013-04-23T01:24:57.252+0200: [GC [ParNew: 3040832K->337856K(3040832K), 1.0187430 secs] 10514042K->10537357K(30070848K), 1.0188210 secs] [Times: user=3.15 sys=9.91, real=1.02 secs] 
2013-04-23T01:24:59.230+0200: [GC [ParNew: 3040832K->337856K(3040832K), 1.0874800 secs] 13240333K->13255835K(30070848K), 1.0875510 secs] [Times: user=3.14 sys=10.96, real=1.09 secs] 
2013-04-23T01:25:01.293+0200: [GC [ParNew: 3040832K->337856K(3040832K), 1.6623020 secs] 15958811K->15966886K(30070848K), 1.6623780 secs] [Times: user=18.68 sys=2.84, real=1.66 secs] 
2013-04-23T01:25:03.911+0200: [GC [ParNew: 3040832K->337856K(3040832K), 1.0700290 secs] 18669862K->18676560K(30070848K), 1.0701030 secs] [Times: user=3.05 sys=10.80, real=1.07 secs] 
2013-04-23T01:25:05.929+0200: [GC [ParNew: 3040832K->337856K(3040832K), 1.1427860 secs] 21379536K->21387289K(30070848K), 1.1428430 secs] [Times: user=4.12 sys=10.51, real=1.14 secs] 
2013-04-23T01:25:20.961+0200: [GC [ParNew: 3040832K->337856K(3040832K), 1.6003310 secs] 24090265K->23492945K(30070848K), 1.6004210 secs] [Times: user=18.54 sys=2.19, real=1.60 secs] 
2013-04-23T01:26:06.405+0200: [GC [ParNew: 3021998K->337856K(3040832K), 0.4883010 secs] 26177088K->23953633K(30070848K), 0.4885120 secs] [Times: user=3.16 sys=2.03, real=0.49 secs] 
BROKEN RECORDS: 0
BROKEN RECORDS: 0
BROKEN RECORDS: 0
BROKEN RECORDS: 0
BROKEN RECORDS: 0
BROKEN RECORDS: 0
BROKEN RECORDS: 0
BROKEN RECORDS: 0
BROKEN RECORDS: 0
BROKEN RECORDS: 0
BROKEN RECORDS: 0
BROKEN RECORDS: 0
BROKEN RECORDS: 0
BROKEN RECORDS: 0
BROKEN RECORDS: 0
BROKEN RECORDS: 0
BROKEN RECORDS: 0
BROKEN RECORDS: 0
BROKEN RECORDS: 0
BROKEN RECORDS: 0
BROKEN RECORDS: 0
BROKEN RECORDS: 0
BROKEN RECORDS: 0
BROKEN RECORDS: 0
BROKEN RECORDS: 0
BROKEN RECORDS: 0
BROKEN RECORDS: 0
BROKEN RECORDS: 0
BROKEN RECORDS: 0
BROKEN RECORDS: 0
BROKEN RECORDS: 0
BROKEN RECORDS: 0
BROKEN RECORDS: 0
BROKEN RECORDS: 0
BROKEN RECORDS: 0
BROKEN RECORDS: 0
BROKEN RECORDS: 0
BROKEN RECORDS: 0
BROKEN RECORDS: 0
BROKEN RECORDS: 0
BROKEN RECORDS: 0
BROKEN RECORDS: 0
BROKEN RECORDS: 0
BROKEN RECORDS: 0
BROKEN RECORDS: 0
BROKEN RECORDS: 0
BROKEN RECORDS: 0
BROKEN RECORDS: 0
BROKEN RECORDS: 0
BROKEN RECORDS: 0
BROKEN RECORDS: 0
BROKEN RECORDS: 0
BROKEN RECORDS: 0
BROKEN RECORDS: 0
BROKEN RECORDS: 0
BROKEN RECORDS: 0
BROKEN RECORDS: 0
BROKEN RECORDS: 0
BROKEN RECORDS: 0
BROKEN RECORDS: 0
BROKEN RECORDS: 0
BROKEN RECORDS: 0
BROKEN RECORDS: 0
BROKEN RECORDS: 0
BROKEN RECORDS: 0
BROKEN RECORDS: 0
BROKEN RECORDS: 0
BROKEN RECORDS: 0
BROKEN RECORDS: 0
BROKEN RECORDS: 0
BROKEN RECORDS: 0
BROKEN RECORDS: 0
BROKEN RECORDS: 0
BROKEN RECORDS: 0
BROKEN RECORDS: 0
BROKEN RECORDS: 0
BROKEN RECORDS: 0
BROKEN RECORDS: 0
BROKEN RECORDS: 0
BROKEN RECORDS: 0
2013-04-23T01:29:52.684+0200: [GC [ParNew: 3040832K->231349K(3040832K), 0.2424440 secs] 26656610K->24103926K(30070848K), 0.2426680 secs] [Times: user=2.28 sys=0.48, real=0.25 secs] 
BROKEN RECORDS: 0
BROKEN RECORDS: 0
BROKEN RECORDS: 0
BROKEN RECORDS: 0
BROKEN RECORDS: 0
BROKEN RECORDS: 0
BROKEN RECORDS: 0
BROKEN RECORDS: 0
