2013-04-23T01:24:52.347+0200: [GC [ParNew: 2702976K->337855K(3040832K), 0.9337190 secs] 2702976K->2495088K(30070848K), 0.9337930 secs] [Times: user=1.89 sys=9.99, real=0.94 secs] 
2013-04-23T01:24:54.066+0200: [GC [ParNew: 3040831K->337856K(3040832K), 1.0582570 secs] 5198064K->5132227K(30070848K), 1.0583340 secs] [Times: user=2.74 sys=10.90, real=1.06 secs] 
2013-04-23T01:24:55.888+0200: [GC [ParNew: 3040832K->337856K(3040832K), 1.0602510 secs] 7835203K->7825525K(30070848K), 1.0603250 secs] [Times: user=3.12 sys=10.59, real=1.06 secs] 
2013-04-23T01:24:57.653+0200: [GC [ParNew: 3040832K->337856K(3040832K), 1.0112170 secs] 10528501K->10537761K(30070848K), 1.0112910 secs] [Times: user=3.11 sys=9.98, real=1.01 secs] 
2013-04-23T01:24:59.391+0200: [GC [ParNew: 3040832K->337856K(3040832K), 1.1123340 secs] 13240737K->13256079K(30070848K), 1.1124070 secs] [Times: user=2.89 sys=11.51, real=1.11 secs] 
2013-04-23T01:25:01.216+0200: [GC [ParNew: 3040832K->337856K(3040832K), 1.4641750 secs] 15959055K->15977023K(30070848K), 1.4642480 secs] [Times: user=16.37 sys=2.61, real=1.47 secs] 
2013-04-23T01:25:03.402+0200: [GC [ParNew: 3040832K->337856K(3040832K), 1.0452130 secs] 18679999K->18691307K(30070848K), 1.0452880 secs] [Times: user=2.84 sys=10.71, real=1.04 secs] 
2013-04-23T01:25:05.160+0200: [GC [ParNew: 3040832K->337856K(3040832K), 1.1366280 secs] 21394283K->21388910K(30070848K), 1.1366940 secs] [Times: user=3.75 sys=10.94, real=1.13 secs] 
2013-04-23T01:25:20.955+0200: [GC [ParNew: 3040832K->337856K(3040832K), 1.4171110 secs] 24091886K->23502951K(30070848K), 1.4172210 secs] [Times: user=16.24 sys=1.99, real=1.42 secs] 
2013-04-23T01:25:44.800+0200: [GC [ParNew: 3034480K->337856K(3040832K), 0.4626090 secs] 26199576K->23811945K(30070848K), 0.4735590 secs] [Times: user=2.50 sys=1.58, real=0.48 secs] 
BROKEN RECORDS: 0
BROKEN RECORDS: 0
BROKEN RECORDS: 0
BROKEN RECORDS: 0
BROKEN RECORDS: 0
BROKEN RECORDS: 0
BROKEN RECORDS: 0
BROKEN RECORDS: 0
BROKEN RECORDS: 0
BROKEN RECORDS: 0
BROKEN RECORDS: 0
BROKEN RECORDS: 0
BROKEN RECORDS: 0
BROKEN RECORDS: 0
BROKEN RECORDS: 0
BROKEN RECORDS: 0
BROKEN RECORDS: 0
BROKEN RECORDS: 0
BROKEN RECORDS: 0
BROKEN RECORDS: 0
BROKEN RECORDS: 0
BROKEN RECORDS: 0
BROKEN RECORDS: 0
BROKEN RECORDS: 0
BROKEN RECORDS: 0
BROKEN RECORDS: 0
BROKEN RECORDS: 0
BROKEN RECORDS: 0
BROKEN RECORDS: 0
BROKEN RECORDS: 0
BROKEN RECORDS: 0
BROKEN RECORDS: 0
BROKEN RECORDS: 0
BROKEN RECORDS: 0
BROKEN RECORDS: 0
BROKEN RECORDS: 0
BROKEN RECORDS: 0
BROKEN RECORDS: 0
BROKEN RECORDS: 0
BROKEN RECORDS: 0
BROKEN RECORDS: 0
BROKEN RECORDS: 0
BROKEN RECORDS: 0
BROKEN RECORDS: 0
BROKEN RECORDS: 0
BROKEN RECORDS: 0
BROKEN RECORDS: 0
BROKEN RECORDS: 0
BROKEN RECORDS: 0
BROKEN RECORDS: 0
BROKEN RECORDS: 0
BROKEN RECORDS: 0
BROKEN RECORDS: 0
BROKEN RECORDS: 0
BROKEN RECORDS: 0
BROKEN RECORDS: 0
BROKEN RECORDS: 0
BROKEN RECORDS: 0
BROKEN RECORDS: 0
BROKEN RECORDS: 0
BROKEN RECORDS: 0
BROKEN RECORDS: 0
BROKEN RECORDS: 0
BROKEN RECORDS: 0
BROKEN RECORDS: 0
BROKEN RECORDS: 0
BROKEN RECORDS: 0
BROKEN RECORDS: 0
BROKEN RECORDS: 0
BROKEN RECORDS: 0
BROKEN RECORDS: 0
BROKEN RECORDS: 0
BROKEN RECORDS: 0
BROKEN RECORDS: 0
BROKEN RECORDS: 0
BROKEN RECORDS: 0
BROKEN RECORDS: 0
BROKEN RECORDS: 0
2013-04-23T01:29:51.655+0200: [GC [ParNew: 3040832K->225313K(3040832K), 0.5000750 secs] 26514921K->23955542K(30070848K), 0.5002190 secs] [Times: user=4.98 sys=0.48, real=0.50 secs] 
BROKEN RECORDS: 0
BROKEN RECORDS: 0
BROKEN RECORDS: 0
BROKEN RECORDS: 0
BROKEN RECORDS: 0
BROKEN RECORDS: 0
BROKEN RECORDS: 0
BROKEN RECORDS: 0
BROKEN RECORDS: 0
BROKEN RECORDS: 0
