2013-04-23T01:24:51.548+0200: [GC [ParNew: 2702976K->337856K(3040832K), 0.9349600 secs] 2702976K->2490418K(30070848K), 0.9350340 secs] [Times: user=2.37 sys=9.45, real=0.94 secs] 
2013-04-23T01:24:53.541+0200: [GC [ParNew: 3040832K->337856K(3040832K), 1.0671500 secs] 5193394K->5129186K(30070848K), 1.0672090 secs] [Times: user=2.96 sys=10.76, real=1.06 secs] 
2013-04-23T01:24:55.627+0200: [GC [ParNew: 3040832K->337856K(3040832K), 1.0801630 secs] 7832162K->7820050K(30070848K), 1.0802180 secs] [Times: user=3.43 sys=10.56, real=1.09 secs] 
2013-04-23T01:24:57.684+0200: [GC [ParNew: 3040832K->337856K(3040832K), 1.0249720 secs] 10523026K->10555241K(30070848K), 1.0250380 secs] [Times: user=2.86 sys=10.35, real=1.03 secs] 
2013-04-23T01:24:59.704+0200: [GC [ParNew: 3040832K->337856K(3040832K), 1.1279790 secs] 13258217K->13271958K(30070848K), 1.1280520 secs] [Times: user=3.28 sys=11.35, real=1.13 secs] 
2013-04-23T01:25:01.821+0200: [GC [ParNew: 3040832K->337856K(3040832K), 1.4737090 secs] 15974934K->15944463K(30070848K), 1.4737840 secs] [Times: user=16.51 sys=2.63, real=1.47 secs] 
2013-04-23T01:25:04.242+0200: [GC [ParNew: 3040832K->337856K(3040832K), 1.0706660 secs] 18647439K->18697422K(30070848K), 1.0707260 secs] [Times: user=2.79 sys=10.97, real=1.07 secs] 
2013-04-23T01:25:06.269+0200: [GC [ParNew: 3040832K->337856K(3040832K), 1.1375260 secs] 21400398K->21411801K(30070848K), 1.1375870 secs] [Times: user=3.63 sys=11.10, real=1.14 secs] 
2013-04-23T01:25:20.974+0200: [GC [ParNew: 3040832K->337856K(3040832K), 1.5830940 secs] 24114777K->23514896K(30070848K), 1.5831990 secs] [Times: user=18.56 sys=1.88, real=1.58 secs] 
2013-04-23T01:25:42.528+0200: [GC [ParNew: 3034226K->337856K(3040832K), 0.4288010 secs] 26211266K->23965906K(30070848K), 0.4290410 secs] [Times: user=2.48 sys=1.83, real=0.43 secs] 
BROKEN RECORDS: 0
BROKEN RECORDS: 0
BROKEN RECORDS: 0
BROKEN RECORDS: 0
BROKEN RECORDS: 0
BROKEN RECORDS: 0
BROKEN RECORDS: 0
BROKEN RECORDS: 0
BROKEN RECORDS: 0
BROKEN RECORDS: 0
BROKEN RECORDS: 0
BROKEN RECORDS: 0
BROKEN RECORDS: 0
BROKEN RECORDS: 0
BROKEN RECORDS: 0
BROKEN RECORDS: 0
BROKEN RECORDS: 0
BROKEN RECORDS: 0
BROKEN RECORDS: 0
BROKEN RECORDS: 0
BROKEN RECORDS: 0
BROKEN RECORDS: 0
BROKEN RECORDS: 0
BROKEN RECORDS: 0
BROKEN RECORDS: 0
BROKEN RECORDS: 0
BROKEN RECORDS: 0
BROKEN RECORDS: 0
BROKEN RECORDS: 0
BROKEN RECORDS: 0
BROKEN RECORDS: 0
BROKEN RECORDS: 0
BROKEN RECORDS: 0
BROKEN RECORDS: 0
BROKEN RECORDS: 0
BROKEN RECORDS: 0
BROKEN RECORDS: 0
BROKEN RECORDS: 0
BROKEN RECORDS: 0
BROKEN RECORDS: 0
BROKEN RECORDS: 0
BROKEN RECORDS: 0
BROKEN RECORDS: 0
BROKEN RECORDS: 0
BROKEN RECORDS: 0
BROKEN RECORDS: 0
BROKEN RECORDS: 0
BROKEN RECORDS: 0
BROKEN RECORDS: 0
BROKEN RECORDS: 0
BROKEN RECORDS: 0
BROKEN RECORDS: 0
BROKEN RECORDS: 0
BROKEN RECORDS: 0
2013-04-23T01:29:49.935+0200: [GC [ParNew: 3040832K->328350K(3040832K), 0.2885860 secs] 26668882K->24251849K(30070848K), 0.2887600 secs] [Times: user=2.95 sys=0.54, real=0.29 secs] 
BROKEN RECORDS: 0
BROKEN RECORDS: 0
BROKEN RECORDS: 0
BROKEN RECORDS: 0
BROKEN RECORDS: 0
BROKEN RECORDS: 0
BROKEN RECORDS: 0
BROKEN RECORDS: 0
BROKEN RECORDS: 0
BROKEN RECORDS: 0
BROKEN RECORDS: 0
BROKEN RECORDS: 0
BROKEN RECORDS: 0
BROKEN RECORDS: 0
BROKEN RECORDS: 0
BROKEN RECORDS: 0
BROKEN RECORDS: 0
BROKEN RECORDS: 0
BROKEN RECORDS: 0
BROKEN RECORDS: 0
BROKEN RECORDS: 0
BROKEN RECORDS: 0
BROKEN RECORDS: 0
BROKEN RECORDS: 0
BROKEN RECORDS: 0
BROKEN RECORDS: 0
BROKEN RECORDS: 0
BROKEN RECORDS: 0
BROKEN RECORDS: 0
BROKEN RECORDS: 0
BROKEN RECORDS: 0
BROKEN RECORDS: 0
BROKEN RECORDS: 0
BROKEN RECORDS: 0
