2013-04-23T01:24:55.476+0200: [GC [ParNew: 2702976K->337856K(3040832K), 0.9348170 secs] 2702976K->2487096K(30070848K), 0.9348900 secs] [Times: user=1.92 sys=9.92, real=0.94 secs] 
2013-04-23T01:24:57.188+0200: [GC [ParNew: 3040832K->337856K(3040832K), 1.0431100 secs] 5190072K->5126424K(30070848K), 1.0431580 secs] [Times: user=2.71 sys=10.77, real=1.05 secs] 
2013-04-23T01:24:58.956+0200: [GC [ParNew: 3040832K->337856K(3040832K), 1.0483300 secs] 7829400K->7814856K(30070848K), 1.0483780 secs] [Times: user=3.26 sys=10.33, real=1.05 secs] 
2013-04-23T01:25:00.709+0200: [GC [ParNew: 3040832K->337856K(3040832K), 1.0241970 secs] 10517832K->10551167K(30070848K), 1.0242440 secs] [Times: user=3.16 sys=10.11, real=1.03 secs] 
2013-04-23T01:25:02.428+0200: [GC [ParNew: 3040832K->337856K(3040832K), 1.0897990 secs] 13254143K->13267404K(30070848K), 1.0898640 secs] [Times: user=2.93 sys=11.19, real=1.09 secs] 
2013-04-23T01:25:04.233+0200: [GC [ParNew: 3040832K->337856K(3040832K), 1.3766100 secs] 15970380K->15968146K(30070848K), 1.3766830 secs] [Times: user=15.54 sys=2.33, real=1.37 secs] 
2013-04-23T01:25:06.315+0200: [GC [ParNew: 3040832K->337856K(3040832K), 1.0598790 secs] 18671122K->18697894K(30070848K), 1.0599540 secs] [Times: user=2.91 sys=10.82, real=1.06 secs] 
2013-04-23T01:25:08.070+0200: [GC [ParNew: 2999948K->337856K(3040832K), 1.1096210 secs] 21359986K->21384771K(30070848K), 1.1096940 secs] [Times: user=3.62 sys=10.76, real=1.12 secs] 
2013-04-23T01:25:20.963+0200: [GC [ParNew: 3040832K->337856K(3040832K), 1.3043970 secs] 24087747K->23505379K(30070848K), 1.3045070 secs] [Times: user=15.04 sys=1.85, real=1.30 secs] 
2013-04-23T01:25:54.851+0200: [GC [ParNew: 3040832K->337856K(3040832K), 0.4075720 secs] 26208358K->23814686K(30070848K), 0.4078370 secs] [Times: user=3.13 sys=1.20, real=0.41 secs] 
2013-04-23T01:25:55.260+0200: [GC [ParNew: 345578K->30369K(3040832K), 0.3301070 secs] 23822409K->23852632K(30070848K), 0.3302500 secs] [Times: user=1.90 sys=1.39, real=0.33 secs] 
BROKEN RECORDS: 0
BROKEN RECORDS: 0
BROKEN RECORDS: 0
BROKEN RECORDS: 0
BROKEN RECORDS: 0
BROKEN RECORDS: 0
BROKEN RECORDS: 0
BROKEN RECORDS: 0
BROKEN RECORDS: 0
BROKEN RECORDS: 0
BROKEN RECORDS: 0
BROKEN RECORDS: 0
BROKEN RECORDS: 0
BROKEN RECORDS: 0
BROKEN RECORDS: 0
BROKEN RECORDS: 0
BROKEN RECORDS: 0
BROKEN RECORDS: 0
BROKEN RECORDS: 0
BROKEN RECORDS: 0
BROKEN RECORDS: 0
BROKEN RECORDS: 0
BROKEN RECORDS: 0
BROKEN RECORDS: 0
BROKEN RECORDS: 0
BROKEN RECORDS: 0
BROKEN RECORDS: 0
BROKEN RECORDS: 0
BROKEN RECORDS: 0
BROKEN RECORDS: 0
BROKEN RECORDS: 0
BROKEN RECORDS: 0
BROKEN RECORDS: 0
BROKEN RECORDS: 0
BROKEN RECORDS: 0
BROKEN RECORDS: 0
BROKEN RECORDS: 0
BROKEN RECORDS: 0
BROKEN RECORDS: 0
BROKEN RECORDS: 0
BROKEN RECORDS: 0
BROKEN RECORDS: 0
BROKEN RECORDS: 0
BROKEN RECORDS: 0
BROKEN RECORDS: 0
BROKEN RECORDS: 0
BROKEN RECORDS: 0
BROKEN RECORDS: 0
BROKEN RECORDS: 0
BROKEN RECORDS: 0
BROKEN RECORDS: 0
BROKEN RECORDS: 0
BROKEN RECORDS: 0
BROKEN RECORDS: 0
BROKEN RECORDS: 0
BROKEN RECORDS: 0
BROKEN RECORDS: 0
BROKEN RECORDS: 0
BROKEN RECORDS: 0
BROKEN RECORDS: 0
BROKEN RECORDS: 0
BROKEN RECORDS: 0
BROKEN RECORDS: 0
BROKEN RECORDS: 0
BROKEN RECORDS: 0
BROKEN RECORDS: 0
BROKEN RECORDS: 0
BROKEN RECORDS: 0
BROKEN RECORDS: 0
BROKEN RECORDS: 0
BROKEN RECORDS: 0
BROKEN RECORDS: 0
BROKEN RECORDS: 0
BROKEN RECORDS: 0
BROKEN RECORDS: 0
BROKEN RECORDS: 0
BROKEN RECORDS: 0
BROKEN RECORDS: 0
BROKEN RECORDS: 0
BROKEN RECORDS: 0
2013-04-23T01:29:52.699+0200: [GC [ParNew: 2733346K->127552K(3040832K), 0.0835310 secs] 26555608K->23949815K(30070848K), 0.0837670 secs] [Times: user=1.06 sys=0.01, real=0.09 secs] 
BROKEN RECORDS: 0
BROKEN RECORDS: 0
BROKEN RECORDS: 0
BROKEN RECORDS: 0
BROKEN RECORDS: 0
BROKEN RECORDS: 0
BROKEN RECORDS: 0
BROKEN RECORDS: 0
