2013-04-23T01:24:51.342+0200: [GC [ParNew: 2702976K->337856K(3040832K), 0.9441280 secs] 2702976K->2489575K(30070848K), 0.9442050 secs] [Times: user=2.24 sys=9.69, real=0.94 secs] 
2013-04-23T01:24:53.062+0200: [GC [ParNew: 3040832K->337856K(3040832K), 1.0572280 secs] 5192551K->5128860K(30070848K), 1.0572880 secs] [Times: user=2.75 sys=10.86, real=1.06 secs] 
2013-04-23T01:24:54.872+0200: [GC [ParNew: 3040832K->337856K(3040832K), 1.0787260 secs] 7831836K->7822446K(30070848K), 1.0788010 secs] [Times: user=3.45 sys=10.51, real=1.08 secs] 
2013-04-23T01:24:56.669+0200: [GC [ParNew: 3040832K->337856K(3040832K), 1.0659020 secs] 10525422K->10576846K(30070848K), 1.0659740 secs] [Times: user=3.03 sys=10.78, real=1.06 secs] 
2013-04-23T01:24:58.437+0200: [GC [ParNew: 3040832K->337856K(3040832K), 1.1097010 secs] 13279822K->13282710K(30070848K), 1.1097760 secs] [Times: user=3.16 sys=11.20, real=1.11 secs] 
2013-04-23T01:25:00.260+0200: [GC [ParNew: 3040832K->337856K(3040832K), 1.5178400 secs] 15985686K->15993408K(30070848K), 1.5179140 secs] [Times: user=17.05 sys=2.65, real=1.52 secs] 
2013-04-23T01:25:02.488+0200: [GC [ParNew: 3040832K->337856K(3040832K), 1.0486120 secs] 18696384K->18724565K(30070848K), 1.0486700 secs] [Times: user=2.82 sys=10.76, real=1.05 secs] 
2013-04-23T01:25:04.250+0200: [GC [ParNew: 3040832K->337856K(3040832K), 1.1432090 secs] 21427541K->21438368K(30070848K), 1.1432800 secs] [Times: user=3.60 sys=11.19, real=1.14 secs] 
2013-04-23T01:25:21.062+0200: [GC [ParNew: 3040832K->337856K(3040832K), 1.4924830 secs] 24141344K->23507686K(30070848K), 1.4925650 secs] [Times: user=17.36 sys=1.98, real=1.49 secs] 
2013-04-23T01:25:52.837+0200: [GC [ParNew: 3040832K->337856K(3040832K), 0.4437570 secs] 26210662K->23866696K(30070848K), 0.4439310 secs] [Times: user=3.02 sys=1.46, real=0.44 secs] 
BROKEN RECORDS: 0
BROKEN RECORDS: 0
BROKEN RECORDS: 0
BROKEN RECORDS: 0
BROKEN RECORDS: 0
BROKEN RECORDS: 0
BROKEN RECORDS: 0
BROKEN RECORDS: 0
BROKEN RECORDS: 0
BROKEN RECORDS: 0
BROKEN RECORDS: 0
BROKEN RECORDS: 0
BROKEN RECORDS: 0
BROKEN RECORDS: 0
BROKEN RECORDS: 0
BROKEN RECORDS: 0
BROKEN RECORDS: 0
BROKEN RECORDS: 0
BROKEN RECORDS: 0
BROKEN RECORDS: 0
BROKEN RECORDS: 0
BROKEN RECORDS: 0
BROKEN RECORDS: 0
BROKEN RECORDS: 0
BROKEN RECORDS: 0
BROKEN RECORDS: 0
BROKEN RECORDS: 0
BROKEN RECORDS: 0
BROKEN RECORDS: 0
BROKEN RECORDS: 0
BROKEN RECORDS: 0
BROKEN RECORDS: 0
BROKEN RECORDS: 0
BROKEN RECORDS: 0
BROKEN RECORDS: 0
BROKEN RECORDS: 0
BROKEN RECORDS: 0
BROKEN RECORDS: 0
BROKEN RECORDS: 0
BROKEN RECORDS: 0
BROKEN RECORDS: 0
BROKEN RECORDS: 0
BROKEN RECORDS: 0
BROKEN RECORDS: 0
BROKEN RECORDS: 0
BROKEN RECORDS: 0
BROKEN RECORDS: 0
BROKEN RECORDS: 0
BROKEN RECORDS: 0
BROKEN RECORDS: 0
BROKEN RECORDS: 0
BROKEN RECORDS: 0
BROKEN RECORDS: 0
BROKEN RECORDS: 0
BROKEN RECORDS: 0
BROKEN RECORDS: 0
BROKEN RECORDS: 0
BROKEN RECORDS: 0
BROKEN RECORDS: 0
BROKEN RECORDS: 0
BROKEN RECORDS: 0
BROKEN RECORDS: 0
BROKEN RECORDS: 0
BROKEN RECORDS: 0
BROKEN RECORDS: 0
BROKEN RECORDS: 0
BROKEN RECORDS: 0
BROKEN RECORDS: 0
2013-04-23T01:29:51.060+0200: [GC [ParNew: 3040832K->236148K(3040832K), 0.1992910 secs] 26569672K->24053260K(30070848K), 0.1994710 secs] [Times: user=1.97 sys=0.51, real=0.20 secs] 
BROKEN RECORDS: 0
BROKEN RECORDS: 0
BROKEN RECORDS: 0
BROKEN RECORDS: 0
BROKEN RECORDS: 0
BROKEN RECORDS: 0
BROKEN RECORDS: 0
BROKEN RECORDS: 0
BROKEN RECORDS: 0
BROKEN RECORDS: 0
BROKEN RECORDS: 0
BROKEN RECORDS: 0
BROKEN RECORDS: 0
BROKEN RECORDS: 0
BROKEN RECORDS: 0
BROKEN RECORDS: 0
BROKEN RECORDS: 0
BROKEN RECORDS: 0
BROKEN RECORDS: 0
BROKEN RECORDS: 0
