2013-04-23T01:24:50.100+0200: [GC [ParNew: 2702976K->337856K(3040832K), 0.9656250 secs] 2702976K->2489123K(30070848K), 0.9657110 secs] [Times: user=2.19 sys=10.04, real=0.96 secs] 
2013-04-23T01:24:51.832+0200: [GC [ParNew: 3040832K->337856K(3040832K), 1.0724850 secs] 5192099K->5123304K(30070848K), 1.0725450 secs] [Times: user=2.69 sys=11.09, real=1.07 secs] 
2013-04-23T01:24:53.638+0200: [GC [ParNew: 3040832K->337856K(3040832K), 1.0867610 secs] 7826280K->7815225K(30070848K), 1.0868100 secs] [Times: user=3.30 sys=10.77, real=1.08 secs] 
2013-04-23T01:24:55.430+0200: [GC [ParNew: 3040832K->337856K(3040832K), 1.0490220 secs] 10518201K->10522626K(30070848K), 1.0490690 secs] [Times: user=3.71 sys=9.60, real=1.05 secs] 
2013-04-23T01:24:57.189+0200: [GC [ParNew: 3040832K->337856K(3040832K), 1.1463460 secs] 13225602K->13247123K(30070848K), 1.1464260 secs] [Times: user=3.43 sys=11.41, real=1.15 secs] 
2013-04-23T01:24:59.051+0200: [GC [ParNew: 3040832K->337856K(3040832K), 1.4354760 secs] 15950099K->15940342K(30070848K), 1.4355320 secs] [Times: user=15.99 sys=2.61, real=1.43 secs] 
2013-04-23T01:25:01.202+0200: [GC [ParNew: 3040832K->337856K(3040832K), 1.0880370 secs] 18643318K->18681039K(30070848K), 1.0881160 secs] [Times: user=2.99 sys=10.81, real=1.09 secs] 
2013-04-23T01:25:03.025+0200: [GC [ParNew: 3040832K->337856K(3040832K), 1.1672530 secs] 21384015K->21387734K(30070848K), 1.1673130 secs] [Times: user=4.18 sys=10.90, real=1.17 secs] 
2013-04-23T01:25:20.956+0200: [GC [ParNew: 3040832K->337856K(3040832K), 1.5032490 secs] 24090710K->23490893K(30070848K), 1.5033700 secs] [Times: user=17.62 sys=1.82, real=1.51 secs] 
2013-04-23T01:26:18.243+0200: [GC [ParNew: 3040832K->337856K(3040832K), 0.3352690 secs] 26193869K->23810784K(30070848K), 0.3354470 secs] [Times: user=2.27 sys=1.29, real=0.33 secs] 
BROKEN RECORDS: 0
BROKEN RECORDS: 0
BROKEN RECORDS: 0
BROKEN RECORDS: 0
BROKEN RECORDS: 0
BROKEN RECORDS: 0
BROKEN RECORDS: 0
BROKEN RECORDS: 0
BROKEN RECORDS: 0
BROKEN RECORDS: 0
BROKEN RECORDS: 0
BROKEN RECORDS: 0
BROKEN RECORDS: 0
BROKEN RECORDS: 0
BROKEN RECORDS: 0
BROKEN RECORDS: 0
BROKEN RECORDS: 0
BROKEN RECORDS: 0
BROKEN RECORDS: 0
BROKEN RECORDS: 0
BROKEN RECORDS: 0
BROKEN RECORDS: 0
BROKEN RECORDS: 0
BROKEN RECORDS: 0
BROKEN RECORDS: 0
BROKEN RECORDS: 0
BROKEN RECORDS: 0
BROKEN RECORDS: 0
BROKEN RECORDS: 0
BROKEN RECORDS: 0
BROKEN RECORDS: 0
BROKEN RECORDS: 0
BROKEN RECORDS: 0
BROKEN RECORDS: 0
BROKEN RECORDS: 0
BROKEN RECORDS: 0
BROKEN RECORDS: 0
BROKEN RECORDS: 0
BROKEN RECORDS: 0
BROKEN RECORDS: 0
BROKEN RECORDS: 0
BROKEN RECORDS: 0
BROKEN RECORDS: 0
BROKEN RECORDS: 0
BROKEN RECORDS: 0
BROKEN RECORDS: 0
BROKEN RECORDS: 0
BROKEN RECORDS: 0
BROKEN RECORDS: 0
BROKEN RECORDS: 0
BROKEN RECORDS: 0
BROKEN RECORDS: 0
BROKEN RECORDS: 0
BROKEN RECORDS: 0
BROKEN RECORDS: 0
BROKEN RECORDS: 0
BROKEN RECORDS: 0
BROKEN RECORDS: 0
BROKEN RECORDS: 0
BROKEN RECORDS: 0
BROKEN RECORDS: 0
BROKEN RECORDS: 0
BROKEN RECORDS: 0
BROKEN RECORDS: 0
BROKEN RECORDS: 0
BROKEN RECORDS: 0
BROKEN RECORDS: 0
BROKEN RECORDS: 0
BROKEN RECORDS: 0
BROKEN RECORDS: 0
BROKEN RECORDS: 0
BROKEN RECORDS: 0
BROKEN RECORDS: 0
BROKEN RECORDS: 0
BROKEN RECORDS: 0
BROKEN RECORDS: 0
BROKEN RECORDS: 0
BROKEN RECORDS: 0
BROKEN RECORDS: 0
BROKEN RECORDS: 0
2013-04-23T01:29:53.155+0200: [GC [ParNew: 3040832K->200968K(3040832K), 0.2029060 secs] 26513760K->23960838K(30070848K), 0.2031440 secs] [Times: user=1.86 sys=0.56, real=0.20 secs] 
BROKEN RECORDS: 0
BROKEN RECORDS: 0
BROKEN RECORDS: 0
BROKEN RECORDS: 0
BROKEN RECORDS: 0
BROKEN RECORDS: 0
BROKEN RECORDS: 0
BROKEN RECORDS: 0
