2013-04-23T01:24:55.371+0200: [GC [ParNew: 2702976K->337856K(3040832K), 0.9147030 secs] 2702976K->2484914K(30070848K), 0.9147760 secs] [Times: user=1.96 sys=9.56, real=0.92 secs] 
2013-04-23T01:24:57.041+0200: [GC [ParNew: 3040832K->337856K(3040832K), 1.0281860 secs] 5187890K->5115443K(30070848K), 1.0282320 secs] [Times: user=2.63 sys=10.67, real=1.03 secs] 
2013-04-23T01:24:58.832+0200: [GC [ParNew: 3040832K->337856K(3040832K), 1.0638860 secs] 7818419K->7810726K(30070848K), 1.0639390 secs] [Times: user=3.35 sys=10.43, real=1.07 secs] 
2013-04-23T01:25:00.617+0200: [GC [ParNew: 3040832K->337856K(3040832K), 1.0322360 secs] 10513702K->10567720K(30070848K), 1.0322980 secs] [Times: user=3.32 sys=10.05, real=1.03 secs] 
2013-04-23T01:25:02.369+0200: [GC [ParNew: 3040832K->337856K(3040832K), 1.0765440 secs] 13270696K->13277777K(30070848K), 1.0766150 secs] [Times: user=3.18 sys=10.76, real=1.08 secs] 
2013-04-23T01:25:04.161+0200: [GC [ParNew: 3040832K->337856K(3040832K), 1.4953710 secs] 15980753K->16001795K(30070848K), 1.4954420 secs] [Times: user=16.79 sys=2.63, real=1.50 secs] 
2013-04-23T01:25:06.380+0200: [GC [ParNew: 3040832K->337856K(3040832K), 1.0583000 secs] 18704771K->18691075K(30070848K), 1.0583700 secs] [Times: user=3.27 sys=10.43, real=1.06 secs] 
2013-04-23T01:25:08.153+0200: [GC [ParNew: 3040832K->337856K(3040832K), 1.1275440 secs] 21394051K->21365723K(30070848K), 1.1276170 secs] [Times: user=3.56 sys=11.04, real=1.13 secs] 
2013-04-23T01:25:20.956+0200: [GC [ParNew: 3040832K->337856K(3040832K), 1.5112040 secs] 24068699K->23491197K(30070848K), 1.5113030 secs] [Times: user=17.52 sys=2.06, real=1.51 secs] 
2013-04-23T01:26:18.600+0200: [GC [ParNew: 3040832K->337856K(3040832K), 0.2602010 secs] 26194173K->23778048K(30070848K), 0.2604160 secs] [Times: user=2.42 sys=0.79, real=0.26 secs] 
BROKEN RECORDS: 0
BROKEN RECORDS: 0
BROKEN RECORDS: 0
BROKEN RECORDS: 0
BROKEN RECORDS: 0
BROKEN RECORDS: 0
BROKEN RECORDS: 0
BROKEN RECORDS: 0
BROKEN RECORDS: 0
BROKEN RECORDS: 0
BROKEN RECORDS: 0
BROKEN RECORDS: 0
BROKEN RECORDS: 0
BROKEN RECORDS: 0
BROKEN RECORDS: 0
BROKEN RECORDS: 0
BROKEN RECORDS: 0
BROKEN RECORDS: 0
BROKEN RECORDS: 0
BROKEN RECORDS: 0
BROKEN RECORDS: 0
BROKEN RECORDS: 0
BROKEN RECORDS: 0
BROKEN RECORDS: 0
BROKEN RECORDS: 0
BROKEN RECORDS: 0
BROKEN RECORDS: 0
BROKEN RECORDS: 0
BROKEN RECORDS: 0
BROKEN RECORDS: 0
BROKEN RECORDS: 0
BROKEN RECORDS: 0
BROKEN RECORDS: 0
BROKEN RECORDS: 0
BROKEN RECORDS: 0
BROKEN RECORDS: 0
BROKEN RECORDS: 0
BROKEN RECORDS: 0
BROKEN RECORDS: 0
BROKEN RECORDS: 0
BROKEN RECORDS: 0
BROKEN RECORDS: 0
BROKEN RECORDS: 0
BROKEN RECORDS: 0
BROKEN RECORDS: 0
BROKEN RECORDS: 0
BROKEN RECORDS: 0
BROKEN RECORDS: 0
BROKEN RECORDS: 0
BROKEN RECORDS: 0
BROKEN RECORDS: 0
BROKEN RECORDS: 0
BROKEN RECORDS: 0
BROKEN RECORDS: 0
BROKEN RECORDS: 0
BROKEN RECORDS: 0
BROKEN RECORDS: 0
BROKEN RECORDS: 0
BROKEN RECORDS: 0
BROKEN RECORDS: 0
BROKEN RECORDS: 0
BROKEN RECORDS: 0
BROKEN RECORDS: 0
BROKEN RECORDS: 0
BROKEN RECORDS: 0
BROKEN RECORDS: 0
BROKEN RECORDS: 0
BROKEN RECORDS: 0
BROKEN RECORDS: 0
BROKEN RECORDS: 0
BROKEN RECORDS: 0
BROKEN RECORDS: 0
BROKEN RECORDS: 0
BROKEN RECORDS: 0
BROKEN RECORDS: 0
BROKEN RECORDS: 0
BROKEN RECORDS: 0
BROKEN RECORDS: 0
BROKEN RECORDS: 0
BROKEN RECORDS: 0
2013-04-23T01:29:53.015+0200: [GC [ParNew: 3040832K->181610K(3040832K), 0.2247990 secs] 26481024K->23909985K(30070848K), 0.2249760 secs] [Times: user=1.89 sys=0.67, real=0.22 secs] 
BROKEN RECORDS: 0
BROKEN RECORDS: 0
BROKEN RECORDS: 0
BROKEN RECORDS: 0
BROKEN RECORDS: 0
BROKEN RECORDS: 0
BROKEN RECORDS: 0
BROKEN RECORDS: 0
