2013-04-23T01:24:51.311+0200: [GC [ParNew: 2702976K->337856K(3040832K), 0.9214270 secs] 2702976K->2488335K(30070848K), 0.9215300 secs] [Times: user=2.04 sys=9.32, real=0.92 secs] 
2013-04-23T01:24:52.987+0200: [GC [ParNew: 3040832K->337856K(3040832K), 1.0545870 secs] 5191311K->5130113K(30070848K), 1.0546770 secs] [Times: user=2.56 sys=11.05, real=1.05 secs] 
2013-04-23T01:24:54.776+0200: [GC [ParNew: 3040832K->337856K(3040832K), 1.0501180 secs] 7833089K->7824499K(30070848K), 1.0501910 secs] [Times: user=3.18 sys=10.27, real=1.05 secs] 
2013-04-23T01:24:56.547+0200: [GC [ParNew: 3040832K->337856K(3040832K), 1.0520980 secs] 10527475K->10551910K(30070848K), 1.0521730 secs] [Times: user=2.69 sys=10.88, real=1.05 secs] 
2013-04-23T01:24:58.320+0200: [GC [ParNew: 3040832K->337856K(3040832K), 1.1072240 secs] 13254886K->13262960K(30070848K), 1.1072950 secs] [Times: user=2.79 sys=11.56, real=1.11 secs] 
2013-04-23T01:25:00.130+0200: [GC [ParNew: 3040832K->337856K(3040832K), 1.4888620 secs] 15965936K->15958068K(30070848K), 1.4889320 secs] [Times: user=16.69 sys=2.54, real=1.49 secs] 
2013-04-23T01:25:02.323+0200: [GC [ParNew: 3040832K->337856K(3040832K), 1.0675770 secs] 18661044K->18696204K(30070848K), 1.0676340 secs] [Times: user=3.04 sys=10.71, real=1.07 secs] 
2013-04-23T01:25:04.093+0200: [GC [ParNew: 3040832K->337856K(3040832K), 1.1598090 secs] 21399180K->21404468K(30070848K), 1.1598750 secs] [Times: user=4.15 sys=10.87, real=1.16 secs] 
2013-04-23T01:25:20.879+0200: [GC [ParNew: 3040832K->337856K(3040832K), 1.4937720 secs] 24107444K->23480990K(30070848K), 1.4938590 secs] [Times: user=17.53 sys=1.82, real=1.49 secs] 
2013-04-23T01:26:48.055+0200: [GC [ParNew: 3040832K->337856K(3040832K), 0.1797920 secs] 26183966K->23575292K(30070848K), 0.1800590 secs] [Times: user=2.08 sys=0.10, real=0.18 secs] 
BROKEN RECORDS: 0
BROKEN RECORDS: 0
BROKEN RECORDS: 0
BROKEN RECORDS: 0
BROKEN RECORDS: 0
BROKEN RECORDS: 0
BROKEN RECORDS: 0
BROKEN RECORDS: 0
BROKEN RECORDS: 0
BROKEN RECORDS: 0
BROKEN RECORDS: 0
BROKEN RECORDS: 0
BROKEN RECORDS: 0
BROKEN RECORDS: 0
BROKEN RECORDS: 0
BROKEN RECORDS: 0
BROKEN RECORDS: 0
BROKEN RECORDS: 0
BROKEN RECORDS: 0
BROKEN RECORDS: 0
BROKEN RECORDS: 0
BROKEN RECORDS: 0
BROKEN RECORDS: 0
BROKEN RECORDS: 0
BROKEN RECORDS: 0
BROKEN RECORDS: 0
BROKEN RECORDS: 0
BROKEN RECORDS: 0
BROKEN RECORDS: 0
BROKEN RECORDS: 0
BROKEN RECORDS: 0
BROKEN RECORDS: 0
BROKEN RECORDS: 0
BROKEN RECORDS: 0
BROKEN RECORDS: 0
BROKEN RECORDS: 0
BROKEN RECORDS: 0
BROKEN RECORDS: 0
BROKEN RECORDS: 0
BROKEN RECORDS: 0
BROKEN RECORDS: 0
BROKEN RECORDS: 0
BROKEN RECORDS: 0
BROKEN RECORDS: 0
BROKEN RECORDS: 0
BROKEN RECORDS: 0
BROKEN RECORDS: 0
BROKEN RECORDS: 0
BROKEN RECORDS: 0
BROKEN RECORDS: 0
BROKEN RECORDS: 0
BROKEN RECORDS: 0
BROKEN RECORDS: 0
BROKEN RECORDS: 0
BROKEN RECORDS: 0
BROKEN RECORDS: 0
BROKEN RECORDS: 0
BROKEN RECORDS: 0
BROKEN RECORDS: 0
BROKEN RECORDS: 0
BROKEN RECORDS: 0
BROKEN RECORDS: 0
BROKEN RECORDS: 0
BROKEN RECORDS: 0
BROKEN RECORDS: 0
BROKEN RECORDS: 0
BROKEN RECORDS: 0
BROKEN RECORDS: 0
BROKEN RECORDS: 0
BROKEN RECORDS: 0
BROKEN RECORDS: 0
BROKEN RECORDS: 0
BROKEN RECORDS: 0
BROKEN RECORDS: 0
BROKEN RECORDS: 0
BROKEN RECORDS: 0
BROKEN RECORDS: 0
BROKEN RECORDS: 0
BROKEN RECORDS: 0
BROKEN RECORDS: 0
BROKEN RECORDS: 0
BROKEN RECORDS: 0
BROKEN RECORDS: 0
BROKEN RECORDS: 0
BROKEN RECORDS: 0
BROKEN RECORDS: 0
BROKEN RECORDS: 0
BROKEN RECORDS: 0
2013-04-23T01:29:54.288+0200: [GC [ParNew: 3040832K->201932K(3040832K), 0.1703570 secs] 26278268K->23756530K(30070848K), 0.1704970 secs] [Times: user=1.67 sys=0.52, real=0.17 secs] 
