2013-04-23T01:24:49.730+0200: [GC [ParNew: 2702976K->337855K(3040832K), 0.9517520 secs] 2702976K->2489954K(30070848K), 0.9518430 secs] [Times: user=2.25 sys=9.80, real=0.95 secs] 
2013-04-23T01:24:51.570+0200: [GC [ParNew: 3040831K->337856K(3040832K), 1.0538050 secs] 5192930K->5125340K(30070848K), 1.0538780 secs] [Times: user=2.72 sys=10.90, real=1.05 secs] 
2013-04-23T01:24:53.626+0200: [GC [ParNew: 3040832K->337856K(3040832K), 1.0520260 secs] 7828316K->7819151K(30070848K), 1.0521000 secs] [Times: user=3.45 sys=9.89, real=1.05 secs] 
2013-04-23T01:24:55.636+0200: [GC [ParNew: 3040832K->337856K(3040832K), 1.0359170 secs] 10522127K->10569261K(30070848K), 1.0359880 secs] [Times: user=2.98 sys=10.33, real=1.04 secs] 
2013-04-23T01:24:57.638+0200: [GC [ParNew: 3040832K->337856K(3040832K), 1.1040440 secs] 13272237K->13287162K(30070848K), 1.1041150 secs] [Times: user=3.01 sys=11.29, real=1.11 secs] 
2013-04-23T01:24:59.722+0200: [GC [ParNew: 3040832K->337856K(3040832K), 1.5578520 secs] 15990138K->15988128K(30070848K), 1.5579230 secs] [Times: user=17.61 sys=2.46, real=1.55 secs] 
2013-04-23T01:25:02.257+0200: [GC [ParNew: 3040832K->337856K(3040832K), 1.0964110 secs] 18691104K->18724440K(30070848K), 1.0964830 secs] [Times: user=3.34 sys=10.86, real=1.10 secs] 
2013-04-23T01:25:04.319+0200: [GC [ParNew: 3040832K->337856K(3040832K), 1.1556240 secs] 21427416K->21425308K(30070848K), 1.1556950 secs] [Times: user=4.20 sys=10.75, real=1.16 secs] 
2013-04-23T01:25:20.944+0200: [GC [ParNew: 3040832K->337856K(3040832K), 1.4413350 secs] 24128284K->23517966K(30070848K), 1.4413980 secs] [Times: user=16.51 sys=1.90, real=1.44 secs] 
2013-04-23T01:25:58.189+0200: [GC [ParNew: 3040832K->337856K(3040832K), 0.4786960 secs] 26220942K->23941137K(30070848K), 0.4789100 secs] [Times: user=2.61 sys=2.14, real=0.48 secs] 
BROKEN RECORDS: 0
BROKEN RECORDS: 0
BROKEN RECORDS: 0
BROKEN RECORDS: 0
BROKEN RECORDS: 0
BROKEN RECORDS: 0
BROKEN RECORDS: 0
BROKEN RECORDS: 0
BROKEN RECORDS: 0
BROKEN RECORDS: 0
BROKEN RECORDS: 0
BROKEN RECORDS: 0
BROKEN RECORDS: 0
BROKEN RECORDS: 0
BROKEN RECORDS: 0
BROKEN RECORDS: 0
BROKEN RECORDS: 0
BROKEN RECORDS: 0
BROKEN RECORDS: 0
BROKEN RECORDS: 0
BROKEN RECORDS: 0
BROKEN RECORDS: 0
BROKEN RECORDS: 0
BROKEN RECORDS: 0
BROKEN RECORDS: 0
BROKEN RECORDS: 0
BROKEN RECORDS: 0
BROKEN RECORDS: 0
BROKEN RECORDS: 0
BROKEN RECORDS: 0
BROKEN RECORDS: 0
BROKEN RECORDS: 0
BROKEN RECORDS: 0
BROKEN RECORDS: 0
BROKEN RECORDS: 0
BROKEN RECORDS: 0
BROKEN RECORDS: 0
BROKEN RECORDS: 0
BROKEN RECORDS: 0
BROKEN RECORDS: 0
BROKEN RECORDS: 0
BROKEN RECORDS: 0
BROKEN RECORDS: 0
BROKEN RECORDS: 0
BROKEN RECORDS: 0
BROKEN RECORDS: 0
BROKEN RECORDS: 0
BROKEN RECORDS: 0
BROKEN RECORDS: 0
BROKEN RECORDS: 0
BROKEN RECORDS: 0
BROKEN RECORDS: 0
BROKEN RECORDS: 0
BROKEN RECORDS: 0
BROKEN RECORDS: 0
BROKEN RECORDS: 0
BROKEN RECORDS: 0
BROKEN RECORDS: 0
BROKEN RECORDS: 0
BROKEN RECORDS: 0
BROKEN RECORDS: 0
BROKEN RECORDS: 0
BROKEN RECORDS: 0
BROKEN RECORDS: 0
BROKEN RECORDS: 0
BROKEN RECORDS: 0
BROKEN RECORDS: 0
BROKEN RECORDS: 0
BROKEN RECORDS: 0
BROKEN RECORDS: 0
BROKEN RECORDS: 0
BROKEN RECORDS: 0
BROKEN RECORDS: 0
BROKEN RECORDS: 0
BROKEN RECORDS: 0
BROKEN RECORDS: 0
BROKEN RECORDS: 0
BROKEN RECORDS: 0
BROKEN RECORDS: 0
BROKEN RECORDS: 0
2013-04-23T01:29:52.815+0200: [GC [ParNew: 3040832K->207525K(3040832K), 0.2727170 secs] 26644113K->24076156K(30070848K), 0.2728960 secs] [Times: user=1.99 sys=0.52, real=0.27 secs] 
BROKEN RECORDS: 0
BROKEN RECORDS: 0
BROKEN RECORDS: 0
BROKEN RECORDS: 0
BROKEN RECORDS: 0
BROKEN RECORDS: 0
BROKEN RECORDS: 0
BROKEN RECORDS: 0
