2013-04-23T01:24:55.079+0200: [GC [ParNew: 2702976K->337856K(3040832K), 0.9296850 secs] 2702976K->2483659K(30070848K), 0.9297560 secs] [Times: user=2.11 sys=9.63, real=0.94 secs] 
2013-04-23T01:24:56.764+0200: [GC [ParNew: 3040832K->337856K(3040832K), 1.0437490 secs] 5186635K->5119241K(30070848K), 1.0437960 secs] [Times: user=2.68 sys=10.80, real=1.04 secs] 
2013-04-23T01:24:58.572+0200: [GC [ParNew: 3040832K->337856K(3040832K), 1.0505080 secs] 7822217K->7814068K(30070848K), 1.0505810 secs] [Times: user=3.14 sys=10.47, real=1.05 secs] 
2013-04-23T01:25:00.313+0200: [GC [ParNew: 3040832K->337856K(3040832K), 1.0276880 secs] 10517044K->10533091K(30070848K), 1.0277620 secs] [Times: user=3.16 sys=10.14, real=1.03 secs] 
2013-04-23T01:25:02.040+0200: [GC [ParNew: 3040832K->337856K(3040832K), 1.0925740 secs] 13236067K->13237322K(30070848K), 1.0926450 secs] [Times: user=2.87 sys=11.29, real=1.10 secs] 
2013-04-23T01:25:03.857+0200: [GC [ParNew: 3040832K->337856K(3040832K), 1.5064490 secs] 15940298K->15961755K(30070848K), 1.5065220 secs] [Times: user=16.93 sys=2.62, real=1.50 secs] 
2013-04-23T01:25:06.048+0200: [GC [ParNew: 3040832K->337856K(3040832K), 1.0502770 secs] 18664731K->18674055K(30070848K), 1.0503490 secs] [Times: user=2.95 sys=10.65, real=1.06 secs] 
2013-04-23T01:25:07.791+0200: [GC [ParNew: 3040832K->337856K(3040832K), 1.1366130 secs] 21377031K->21372490K(30070848K), 1.1366860 secs] [Times: user=3.77 sys=10.94, real=1.13 secs] 
2013-04-23T01:25:20.926+0200: [GC [ParNew: 3040832K->337856K(3040832K), 1.3018080 secs] 24075466K->23459673K(30070848K), 1.3019200 secs] [Times: user=15.06 sys=1.81, real=1.30 secs] 
2013-04-23T01:26:28.369+0200: [GC [ParNew: 3040832K->337856K(3040832K), 0.1784830 secs] 26162649K->23591034K(30070848K), 0.1786920 secs] [Times: user=1.88 sys=0.26, real=0.18 secs] 
BROKEN RECORDS: 0
BROKEN RECORDS: 0
BROKEN RECORDS: 0
BROKEN RECORDS: 0
BROKEN RECORDS: 0
BROKEN RECORDS: 0
BROKEN RECORDS: 0
BROKEN RECORDS: 0
BROKEN RECORDS: 0
BROKEN RECORDS: 0
BROKEN RECORDS: 0
BROKEN RECORDS: 0
BROKEN RECORDS: 0
BROKEN RECORDS: 0
BROKEN RECORDS: 0
BROKEN RECORDS: 0
BROKEN RECORDS: 0
BROKEN RECORDS: 0
BROKEN RECORDS: 0
BROKEN RECORDS: 0
BROKEN RECORDS: 0
BROKEN RECORDS: 0
BROKEN RECORDS: 0
BROKEN RECORDS: 0
BROKEN RECORDS: 0
BROKEN RECORDS: 0
BROKEN RECORDS: 0
BROKEN RECORDS: 0
BROKEN RECORDS: 0
BROKEN RECORDS: 0
BROKEN RECORDS: 0
BROKEN RECORDS: 0
BROKEN RECORDS: 0
BROKEN RECORDS: 0
BROKEN RECORDS: 0
BROKEN RECORDS: 0
BROKEN RECORDS: 0
BROKEN RECORDS: 0
BROKEN RECORDS: 0
BROKEN RECORDS: 0
BROKEN RECORDS: 0
BROKEN RECORDS: 0
BROKEN RECORDS: 0
BROKEN RECORDS: 0
BROKEN RECORDS: 0
BROKEN RECORDS: 0
BROKEN RECORDS: 0
BROKEN RECORDS: 0
BROKEN RECORDS: 0
BROKEN RECORDS: 0
BROKEN RECORDS: 0
BROKEN RECORDS: 0
BROKEN RECORDS: 0
BROKEN RECORDS: 0
BROKEN RECORDS: 0
BROKEN RECORDS: 0
BROKEN RECORDS: 0
BROKEN RECORDS: 0
BROKEN RECORDS: 0
BROKEN RECORDS: 0
BROKEN RECORDS: 0
BROKEN RECORDS: 0
BROKEN RECORDS: 0
BROKEN RECORDS: 0
BROKEN RECORDS: 0
BROKEN RECORDS: 0
BROKEN RECORDS: 0
BROKEN RECORDS: 0
BROKEN RECORDS: 0
BROKEN RECORDS: 0
BROKEN RECORDS: 0
BROKEN RECORDS: 0
BROKEN RECORDS: 0
BROKEN RECORDS: 0
BROKEN RECORDS: 0
BROKEN RECORDS: 0
BROKEN RECORDS: 0
BROKEN RECORDS: 0
BROKEN RECORDS: 0
BROKEN RECORDS: 0
2013-04-23T01:29:53.185+0200: [GC [ParNew: 3040832K->217193K(3040832K), 0.2114620 secs] 26294010K->23775888K(30070848K), 0.2117320 secs] [Times: user=1.88 sys=0.57, real=0.21 secs] 
BROKEN RECORDS: 0
BROKEN RECORDS: 0
BROKEN RECORDS: 0
BROKEN RECORDS: 0
BROKEN RECORDS: 0
BROKEN RECORDS: 0
BROKEN RECORDS: 0
BROKEN RECORDS: 0
