2013-04-23T01:24:54.093+0200: [GC [ParNew: 2702976K->337855K(3040832K), 0.9284710 secs] 2702976K->2484269K(30070848K), 0.9285490 secs] [Times: user=1.97 sys=9.63, real=0.93 secs] 
2013-04-23T01:24:55.797+0200: [GC [ParNew: 3040831K->337856K(3040832K), 1.0406240 secs] 5187245K->5116294K(30070848K), 1.0406940 secs] [Times: user=2.72 sys=10.70, real=1.04 secs] 
2013-04-23T01:24:57.597+0200: [GC [ParNew: 3040832K->337856K(3040832K), 1.0430920 secs] 7819270K->7812089K(30070848K), 1.0431640 secs] [Times: user=2.98 sys=10.54, real=1.04 secs] 
2013-04-23T01:24:59.354+0200: [GC [ParNew: 3040832K->337856K(3040832K), 1.0312100 secs] 10515065K->10546256K(30070848K), 1.0312860 secs] [Times: user=3.20 sys=10.16, real=1.03 secs] 
2013-04-23T01:25:01.094+0200: [GC [ParNew: 3040832K->337856K(3040832K), 1.0936330 secs] 13249232K->13277123K(30070848K), 1.0937070 secs] [Times: user=2.83 sys=11.34, real=1.10 secs] 
2013-04-23T01:25:02.892+0200: [GC [ParNew: 3040832K->337856K(3040832K), 1.4655360 secs] 15980099K->15991824K(30070848K), 1.4656100 secs] [Times: user=16.52 sys=2.49, real=1.47 secs] 
2013-04-23T01:25:05.070+0200: [GC [ParNew: 3040832K->337856K(3040832K), 1.0552080 secs] 18694800K->18718691K(30070848K), 1.0552820 secs] [Times: user=2.89 sys=10.78, real=1.05 secs] 
2013-04-23T01:25:06.829+0200: [GC [ParNew: 3040832K->337856K(3040832K), 1.1307300 secs] 21421667K->21432526K(30070848K), 1.1308050 secs] [Times: user=3.64 sys=11.00, real=1.13 secs] 
2013-04-23T01:25:20.869+0200: [GC [ParNew: 3040832K->337856K(3040832K), 1.4529140 secs] 24135502K->23548459K(30070848K), 1.4530270 secs] [Times: user=16.96 sys=1.86, real=1.45 secs] 
2013-04-23T01:26:28.508+0200: [GC [ParNew: 3040832K->337856K(3040832K), 0.2185890 secs] 26251435K->23712862K(30070848K), 0.2187570 secs] [Times: user=2.49 sys=0.28, real=0.22 secs] 
BROKEN RECORDS: 0
BROKEN RECORDS: 0
BROKEN RECORDS: 0
BROKEN RECORDS: 0
BROKEN RECORDS: 0
BROKEN RECORDS: 0
BROKEN RECORDS: 0
BROKEN RECORDS: 0
BROKEN RECORDS: 0
BROKEN RECORDS: 0
BROKEN RECORDS: 0
BROKEN RECORDS: 0
BROKEN RECORDS: 0
BROKEN RECORDS: 0
BROKEN RECORDS: 0
BROKEN RECORDS: 0
BROKEN RECORDS: 0
BROKEN RECORDS: 0
BROKEN RECORDS: 0
BROKEN RECORDS: 0
BROKEN RECORDS: 0
BROKEN RECORDS: 0
BROKEN RECORDS: 0
BROKEN RECORDS: 0
BROKEN RECORDS: 0
BROKEN RECORDS: 0
BROKEN RECORDS: 0
BROKEN RECORDS: 0
BROKEN RECORDS: 0
BROKEN RECORDS: 0
BROKEN RECORDS: 0
BROKEN RECORDS: 0
BROKEN RECORDS: 0
BROKEN RECORDS: 0
BROKEN RECORDS: 0
BROKEN RECORDS: 0
BROKEN RECORDS: 0
BROKEN RECORDS: 0
BROKEN RECORDS: 0
BROKEN RECORDS: 0
BROKEN RECORDS: 0
BROKEN RECORDS: 0
BROKEN RECORDS: 0
BROKEN RECORDS: 0
BROKEN RECORDS: 0
BROKEN RECORDS: 0
BROKEN RECORDS: 0
BROKEN RECORDS: 0
BROKEN RECORDS: 0
BROKEN RECORDS: 0
BROKEN RECORDS: 0
BROKEN RECORDS: 0
BROKEN RECORDS: 0
BROKEN RECORDS: 0
BROKEN RECORDS: 0
BROKEN RECORDS: 0
BROKEN RECORDS: 0
BROKEN RECORDS: 0
BROKEN RECORDS: 0
BROKEN RECORDS: 0
BROKEN RECORDS: 0
BROKEN RECORDS: 0
BROKEN RECORDS: 0
BROKEN RECORDS: 0
BROKEN RECORDS: 0
BROKEN RECORDS: 0
BROKEN RECORDS: 0
BROKEN RECORDS: 0
BROKEN RECORDS: 0
BROKEN RECORDS: 0
BROKEN RECORDS: 0
BROKEN RECORDS: 0
BROKEN RECORDS: 0
BROKEN RECORDS: 0
BROKEN RECORDS: 0
BROKEN RECORDS: 0
BROKEN RECORDS: 0
BROKEN RECORDS: 0
BROKEN RECORDS: 0
BROKEN RECORDS: 0
2013-04-23T01:29:53.045+0200: [GC [ParNew: 3040832K->183271K(3040832K), 0.2275310 secs] 26415838K->23873854K(30070848K), 0.2277010 secs] [Times: user=1.96 sys=0.70, real=0.23 secs] 
BROKEN RECORDS: 0
BROKEN RECORDS: 0
BROKEN RECORDS: 0
BROKEN RECORDS: 0
BROKEN RECORDS: 0
BROKEN RECORDS: 0
BROKEN RECORDS: 0
BROKEN RECORDS: 0
