2013-04-23T01:24:53.100+0200: [GC [ParNew: 2702976K->337856K(3040832K), 0.9284640 secs] 2702976K->2490084K(30070848K), 0.9285350 secs] [Times: user=1.84 sys=9.96, real=0.93 secs] 
2013-04-23T01:24:54.795+0200: [GC [ParNew: 3040832K->337856K(3040832K), 1.0467270 secs] 5193060K->5128413K(30070848K), 1.0467830 secs] [Times: user=2.58 sys=10.94, real=1.04 secs] 
2013-04-23T01:24:56.584+0200: [GC [ParNew: 3040832K->337856K(3040832K), 1.0562730 secs] 7831389K->7825040K(30070848K), 1.0563180 secs] [Times: user=2.94 sys=10.75, real=1.05 secs] 
2013-04-23T01:24:58.355+0200: [GC [ParNew: 3040832K->337856K(3040832K), 1.0037390 secs] 10528016K->10542334K(30070848K), 1.0037850 secs] [Times: user=3.14 sys=9.86, real=1.00 secs] 
2013-04-23T01:25:00.079+0200: [GC [ParNew: 3040832K->337856K(3040832K), 1.0989390 secs] 13245310K->13257386K(30070848K), 1.0989840 secs] [Times: user=2.98 sys=11.26, real=1.10 secs] 
2013-04-23T01:25:01.893+0200: [GC [ParNew: 3040832K->337856K(3040832K), 1.3005160 secs] 15960362K->15958129K(30070848K), 1.3005710 secs] [Times: user=14.76 sys=2.12, real=1.30 secs] 
2013-04-23T01:25:03.918+0200: [GC [ParNew: 3040832K->337856K(3040832K), 1.0649490 secs] 18661105K->18714258K(30070848K), 1.0650230 secs] [Times: user=2.91 sys=10.87, real=1.07 secs] 
2013-04-23T01:25:05.697+0200: [GC [ParNew: 3040832K->337856K(3040832K), 1.1381270 secs] 21417234K->21424987K(30070848K), 1.1382000 secs] [Times: user=3.73 sys=11.01, real=1.14 secs] 
2013-04-23T01:25:20.911+0200: [GC [ParNew: 3040832K->337856K(3040832K), 1.5015980 secs] 24127963K->23483004K(30070848K), 1.5016880 secs] [Times: user=17.66 sys=1.82, real=1.50 secs] 
2013-04-23T01:25:55.982+0200: [GC [ParNew: 3035805K->337856K(3040832K), 0.3980400 secs] 26198361K->23840267K(30070848K), 0.3982860 secs] [Times: user=2.75 sys=1.39, real=0.40 secs] 
BROKEN RECORDS: 0
BROKEN RECORDS: 0
BROKEN RECORDS: 0
BROKEN RECORDS: 0
BROKEN RECORDS: 0
BROKEN RECORDS: 0
BROKEN RECORDS: 0
BROKEN RECORDS: 0
BROKEN RECORDS: 0
BROKEN RECORDS: 0
BROKEN RECORDS: 0
BROKEN RECORDS: 0
BROKEN RECORDS: 0
BROKEN RECORDS: 0
BROKEN RECORDS: 0
BROKEN RECORDS: 0
BROKEN RECORDS: 0
BROKEN RECORDS: 0
BROKEN RECORDS: 0
BROKEN RECORDS: 0
BROKEN RECORDS: 0
BROKEN RECORDS: 0
BROKEN RECORDS: 0
BROKEN RECORDS: 0
BROKEN RECORDS: 0
BROKEN RECORDS: 0
BROKEN RECORDS: 0
BROKEN RECORDS: 0
BROKEN RECORDS: 0
BROKEN RECORDS: 0
BROKEN RECORDS: 0
BROKEN RECORDS: 0
BROKEN RECORDS: 0
BROKEN RECORDS: 0
BROKEN RECORDS: 0
BROKEN RECORDS: 0
BROKEN RECORDS: 0
BROKEN RECORDS: 0
BROKEN RECORDS: 0
BROKEN RECORDS: 0
BROKEN RECORDS: 0
BROKEN RECORDS: 0
BROKEN RECORDS: 0
BROKEN RECORDS: 0
BROKEN RECORDS: 0
BROKEN RECORDS: 0
BROKEN RECORDS: 0
BROKEN RECORDS: 0
BROKEN RECORDS: 0
BROKEN RECORDS: 0
BROKEN RECORDS: 0
BROKEN RECORDS: 0
BROKEN RECORDS: 0
BROKEN RECORDS: 0
BROKEN RECORDS: 0
BROKEN RECORDS: 0
BROKEN RECORDS: 0
BROKEN RECORDS: 0
BROKEN RECORDS: 0
BROKEN RECORDS: 0
BROKEN RECORDS: 0
BROKEN RECORDS: 0
BROKEN RECORDS: 0
BROKEN RECORDS: 0
BROKEN RECORDS: 0
BROKEN RECORDS: 0
BROKEN RECORDS: 0
BROKEN RECORDS: 0
BROKEN RECORDS: 0
BROKEN RECORDS: 0
BROKEN RECORDS: 0
BROKEN RECORDS: 0
BROKEN RECORDS: 0
BROKEN RECORDS: 0
BROKEN RECORDS: 0
BROKEN RECORDS: 0
BROKEN RECORDS: 0
BROKEN RECORDS: 0
BROKEN RECORDS: 0
BROKEN RECORDS: 0
2013-04-23T01:29:52.801+0200: [GC [ParNew: 3040832K->169540K(3040832K), 0.2474040 secs] 26543244K->23956175K(30070848K), 0.2475910 secs] [Times: user=2.27 sys=0.51, real=0.25 secs] 
BROKEN RECORDS: 0
BROKEN RECORDS: 0
BROKEN RECORDS: 0
BROKEN RECORDS: 0
BROKEN RECORDS: 0
BROKEN RECORDS: 0
BROKEN RECORDS: 0
BROKEN RECORDS: 0
