2013-04-23T01:24:52.610+0200: [GC [ParNew: 2702976K->337856K(3040832K), 0.9259050 secs] 2702976K->2492810K(30070848K), 0.9260050 secs] [Times: user=2.18 sys=9.24, real=0.93 secs] 
2013-04-23T01:24:54.310+0200: [GC [ParNew: 3040832K->337855K(3040832K), 1.0546180 secs] 5195786K->5128412K(30070848K), 1.0546930 secs] [Times: user=2.84 sys=10.75, real=1.05 secs] 
2013-04-23T01:24:56.115+0200: [GC [ParNew: 3040831K->337856K(3040832K), 1.0430330 secs] 7831388K->7824657K(30070848K), 1.0431030 secs] [Times: user=3.18 sys=10.33, real=1.05 secs] 
2013-04-23T01:24:57.871+0200: [GC [ParNew: 3040832K->337856K(3040832K), 1.0083580 secs] 10527633K->10548258K(30070848K), 1.0084130 secs] [Times: user=3.24 sys=9.68, real=1.01 secs] 
2013-04-23T01:24:59.577+0200: [GC [ParNew: 3040832K->337856K(3040832K), 1.1093180 secs] 13251234K->13278485K(30070848K), 1.1093800 secs] [Times: user=2.83 sys=11.52, real=1.10 secs] 
2013-04-23T01:25:01.380+0200: [GC [ParNew: 3040832K->337856K(3040832K), 1.4786160 secs] 15981461K->15979996K(30070848K), 1.4786870 secs] [Times: user=16.42 sys=2.76, real=1.48 secs] 
2013-04-23T01:25:03.543+0200: [GC [ParNew: 3040832K->337856K(3040832K), 1.0742930 secs] 18682972K->18714931K(30070848K), 1.0743660 secs] [Times: user=2.81 sys=10.96, real=1.08 secs] 
2013-04-23T01:25:05.311+0200: [GC [ParNew: 3040832K->337856K(3040832K), 1.1522280 secs] 21417907K->21429854K(30070848K), 1.1523020 secs] [Times: user=3.70 sys=11.19, real=1.15 secs] 
2013-04-23T01:25:20.943+0200: [GC [ParNew: 3040832K->337856K(3040832K), 1.5240010 secs] 24132830K->23540312K(30070848K), 1.5241110 secs] [Times: user=17.57 sys=2.13, real=1.53 secs] 
2013-04-23T01:26:49.089+0200: [GC [ParNew: 3040832K->337856K(3040832K), 0.1952510 secs] 26243288K->23654836K(30070848K), 0.1955120 secs] [Times: user=2.30 sys=0.15, real=0.19 secs] 
BROKEN RECORDS: 0
BROKEN RECORDS: 0
BROKEN RECORDS: 0
BROKEN RECORDS: 0
BROKEN RECORDS: 0
BROKEN RECORDS: 0
BROKEN RECORDS: 0
BROKEN RECORDS: 0
BROKEN RECORDS: 0
BROKEN RECORDS: 0
BROKEN RECORDS: 0
BROKEN RECORDS: 0
BROKEN RECORDS: 0
BROKEN RECORDS: 0
BROKEN RECORDS: 0
BROKEN RECORDS: 0
BROKEN RECORDS: 0
BROKEN RECORDS: 0
BROKEN RECORDS: 0
BROKEN RECORDS: 0
BROKEN RECORDS: 0
BROKEN RECORDS: 0
BROKEN RECORDS: 0
BROKEN RECORDS: 0
BROKEN RECORDS: 0
BROKEN RECORDS: 0
BROKEN RECORDS: 0
BROKEN RECORDS: 0
BROKEN RECORDS: 0
BROKEN RECORDS: 0
BROKEN RECORDS: 0
BROKEN RECORDS: 0
BROKEN RECORDS: 0
BROKEN RECORDS: 0
BROKEN RECORDS: 0
BROKEN RECORDS: 0
BROKEN RECORDS: 0
BROKEN RECORDS: 0
BROKEN RECORDS: 0
BROKEN RECORDS: 0
BROKEN RECORDS: 0
BROKEN RECORDS: 0
BROKEN RECORDS: 0
BROKEN RECORDS: 0
BROKEN RECORDS: 0
BROKEN RECORDS: 0
BROKEN RECORDS: 0
BROKEN RECORDS: 0
BROKEN RECORDS: 0
BROKEN RECORDS: 0
BROKEN RECORDS: 0
BROKEN RECORDS: 0
BROKEN RECORDS: 0
BROKEN RECORDS: 0
BROKEN RECORDS: 0
BROKEN RECORDS: 0
BROKEN RECORDS: 0
BROKEN RECORDS: 0
BROKEN RECORDS: 0
BROKEN RECORDS: 0
BROKEN RECORDS: 0
BROKEN RECORDS: 0
BROKEN RECORDS: 0
BROKEN RECORDS: 0
BROKEN RECORDS: 0
BROKEN RECORDS: 0
BROKEN RECORDS: 0
BROKEN RECORDS: 0
BROKEN RECORDS: 0
BROKEN RECORDS: 0
BROKEN RECORDS: 0
BROKEN RECORDS: 0
BROKEN RECORDS: 0
BROKEN RECORDS: 0
BROKEN RECORDS: 0
BROKEN RECORDS: 0
BROKEN RECORDS: 0
BROKEN RECORDS: 0
BROKEN RECORDS: 0
BROKEN RECORDS: 0
2013-04-23T01:29:53.344+0200: [GC [ParNew: 3040832K->189667K(3040832K), 0.2695500 secs] 26357812K->23821405K(30070848K), 0.2697460 secs] [Times: user=2.05 sys=0.72, real=0.27 secs] 
BROKEN RECORDS: 0
BROKEN RECORDS: 0
BROKEN RECORDS: 0
BROKEN RECORDS: 0
BROKEN RECORDS: 0
BROKEN RECORDS: 0
BROKEN RECORDS: 0
BROKEN RECORDS: 0
