2013-04-23T01:24:50.073+0200: [GC [ParNew: 2702976K->337856K(3040832K), 0.9592180 secs] 2702976K->2495277K(30070848K), 0.9592940 secs] [Times: user=2.42 sys=9.76, real=0.96 secs] 
2013-04-23T01:24:51.818+0200: [GC [ParNew: 3040832K->337856K(3040832K), 1.0753910 secs] 5198253K->5135460K(30070848K), 1.0754520 secs] [Times: user=2.92 sys=10.93, real=1.07 secs] 
2013-04-23T01:24:53.639+0200: [GC [ParNew: 3040832K->337856K(3040832K), 1.0807880 secs] 7838436K->7829910K(30070848K), 1.0808360 secs] [Times: user=3.35 sys=10.63, real=1.08 secs] 
2013-04-23T01:24:55.434+0200: [GC [ParNew: 3040832K->337856K(3040832K), 1.0255000 secs] 10532886K->10556713K(30070848K), 1.0255470 secs] [Times: user=3.28 sys=9.98, real=1.03 secs] 
2013-04-23T01:24:57.164+0200: [GC [ParNew: 3040832K->337856K(3040832K), 1.1271580 secs] 13259689K->13282971K(30070848K), 1.1272380 secs] [Times: user=3.15 sys=11.36, real=1.13 secs] 
2013-04-23T01:24:58.996+0200: [GC [ParNew: 3040832K->337856K(3040832K), 1.6024480 secs] 15985947K->15978686K(30070848K), 1.6025210 secs] [Times: user=18.22 sys=2.53, real=1.61 secs] 
2013-04-23T01:25:01.303+0200: [GC [ParNew: 3040832K->337856K(3040832K), 1.0907490 secs] 18681662K->18742499K(30070848K), 1.0908070 secs] [Times: user=3.19 sys=10.86, real=1.09 secs] 
2013-04-23T01:25:03.108+0200: [GC [ParNew: 3040832K->337856K(3040832K), 1.1487770 secs] 21445475K->21436964K(30070848K), 1.1488520 secs] [Times: user=3.72 sys=11.10, real=1.16 secs] 
2013-04-23T01:25:20.965+0200: [GC [ParNew: 3040832K->337856K(3040832K), 1.2662000 secs] 24139940K->23490979K(30070848K), 1.2663160 secs] [Times: user=14.77 sys=1.60, real=1.27 secs] 
2013-04-23T01:25:55.454+0200: [GC [ParNew: 3040832K->337856K(3040832K), 0.3940320 secs] 26259491K->23886144K(30070848K), 0.3942010 secs] [Times: user=2.82 sys=1.41, real=0.39 secs] 
BROKEN RECORDS: 0
BROKEN RECORDS: 0
BROKEN RECORDS: 0
BROKEN RECORDS: 0
BROKEN RECORDS: 0
BROKEN RECORDS: 0
BROKEN RECORDS: 0
BROKEN RECORDS: 0
BROKEN RECORDS: 0
BROKEN RECORDS: 0
BROKEN RECORDS: 0
BROKEN RECORDS: 0
BROKEN RECORDS: 0
BROKEN RECORDS: 0
BROKEN RECORDS: 0
BROKEN RECORDS: 0
BROKEN RECORDS: 0
BROKEN RECORDS: 0
BROKEN RECORDS: 0
BROKEN RECORDS: 0
BROKEN RECORDS: 0
BROKEN RECORDS: 0
BROKEN RECORDS: 0
BROKEN RECORDS: 0
BROKEN RECORDS: 0
BROKEN RECORDS: 0
BROKEN RECORDS: 0
BROKEN RECORDS: 0
BROKEN RECORDS: 0
BROKEN RECORDS: 0
BROKEN RECORDS: 0
BROKEN RECORDS: 0
BROKEN RECORDS: 0
BROKEN RECORDS: 0
BROKEN RECORDS: 0
BROKEN RECORDS: 0
BROKEN RECORDS: 0
BROKEN RECORDS: 0
BROKEN RECORDS: 0
BROKEN RECORDS: 0
BROKEN RECORDS: 0
BROKEN RECORDS: 0
BROKEN RECORDS: 0
BROKEN RECORDS: 0
BROKEN RECORDS: 0
BROKEN RECORDS: 0
BROKEN RECORDS: 0
BROKEN RECORDS: 0
BROKEN RECORDS: 0
BROKEN RECORDS: 0
BROKEN RECORDS: 0
BROKEN RECORDS: 0
BROKEN RECORDS: 0
BROKEN RECORDS: 0
BROKEN RECORDS: 0
BROKEN RECORDS: 0
BROKEN RECORDS: 0
BROKEN RECORDS: 0
BROKEN RECORDS: 0
BROKEN RECORDS: 0
BROKEN RECORDS: 0
BROKEN RECORDS: 0
BROKEN RECORDS: 0
BROKEN RECORDS: 0
BROKEN RECORDS: 0
BROKEN RECORDS: 0
BROKEN RECORDS: 0
BROKEN RECORDS: 0
BROKEN RECORDS: 0
BROKEN RECORDS: 0
BROKEN RECORDS: 0
BROKEN RECORDS: 0
BROKEN RECORDS: 0
BROKEN RECORDS: 0
BROKEN RECORDS: 0
BROKEN RECORDS: 0
BROKEN RECORDS: 0
BROKEN RECORDS: 0
BROKEN RECORDS: 0
BROKEN RECORDS: 0
2013-04-23T01:29:52.746+0200: [GC [ParNew: 3040832K->221041K(3040832K), 0.2064530 secs] 26589120K->24056687K(30070848K), 0.2066320 secs] [Times: user=1.88 sys=0.53, real=0.21 secs] 
BROKEN RECORDS: 0
BROKEN RECORDS: 0
BROKEN RECORDS: 0
BROKEN RECORDS: 0
BROKEN RECORDS: 0
BROKEN RECORDS: 0
BROKEN RECORDS: 0
BROKEN RECORDS: 0
