2013-04-23T01:24:52.366+0200: [GC [ParNew: 2702976K->337855K(3040832K), 0.9349490 secs] 2702976K->2483087K(30070848K), 0.9350220 secs] [Times: user=2.24 sys=9.56, real=0.94 secs] 
2013-04-23T01:24:54.064+0200: [GC [ParNew: 3040831K->337856K(3040832K), 1.0487740 secs] 5186063K->5120719K(30070848K), 1.0488530 secs] [Times: user=2.64 sys=10.92, real=1.05 secs] 
2013-04-23T01:24:55.854+0200: [GC [ParNew: 3040832K->337856K(3040832K), 1.0605510 secs] 7823695K->7817155K(30070848K), 1.0606220 secs] [Times: user=3.11 sys=10.61, real=1.06 secs] 
2013-04-23T01:24:57.619+0200: [GC [ParNew: 3040832K->337856K(3040832K), 1.0110820 secs] 10520131K->10569506K(30070848K), 1.0111540 secs] [Times: user=2.94 sys=9.99, real=1.02 secs] 
2013-04-23T01:24:59.340+0200: [GC [ParNew: 3040832K->337856K(3040832K), 1.0995450 secs] 13272482K->13298645K(30070848K), 1.0995990 secs] [Times: user=2.78 sys=11.46, real=1.10 secs] 
2013-04-23T01:25:01.133+0200: [GC [ParNew: 3040832K->337856K(3040832K), 1.4086060 secs] 16001621K->15987893K(30070848K), 1.4086800 secs] [Times: user=15.98 sys=2.27, real=1.41 secs] 
2013-04-23T01:25:03.245+0200: [GC [ParNew: 3040832K->337856K(3040832K), 1.0702020 secs] 18690869K->18741525K(30070848K), 1.0702580 secs] [Times: user=2.98 sys=10.61, real=1.07 secs] 
2013-04-23T01:25:05.019+0200: [GC [ParNew: 3040832K->337856K(3040832K), 1.1375660 secs] 21444501K->21429587K(30070848K), 1.1376140 secs] [Times: user=3.80 sys=10.94, real=1.13 secs] 
2013-04-23T01:25:21.007+0200: [GC [ParNew: 3040832K->337856K(3040832K), 1.5531150 secs] 24132563K->23529000K(30070848K), 1.5532240 secs] [Times: user=18.20 sys=1.94, real=1.56 secs] 
2013-04-23T01:26:05.618+0200: [GC [ParNew: 3039539K->337856K(3040832K), 0.5180300 secs] 26230684K->23942724K(30070848K), 0.5182550 secs] [Times: user=2.73 sys=1.99, real=0.51 secs] 
BROKEN RECORDS: 0
BROKEN RECORDS: 0
BROKEN RECORDS: 0
BROKEN RECORDS: 0
BROKEN RECORDS: 0
BROKEN RECORDS: 0
BROKEN RECORDS: 0
BROKEN RECORDS: 0
BROKEN RECORDS: 0
BROKEN RECORDS: 0
BROKEN RECORDS: 0
BROKEN RECORDS: 0
BROKEN RECORDS: 0
BROKEN RECORDS: 0
BROKEN RECORDS: 0
BROKEN RECORDS: 0
BROKEN RECORDS: 0
BROKEN RECORDS: 0
BROKEN RECORDS: 0
BROKEN RECORDS: 0
BROKEN RECORDS: 0
BROKEN RECORDS: 0
BROKEN RECORDS: 0
BROKEN RECORDS: 0
BROKEN RECORDS: 0
BROKEN RECORDS: 0
BROKEN RECORDS: 0
BROKEN RECORDS: 0
BROKEN RECORDS: 0
BROKEN RECORDS: 0
BROKEN RECORDS: 0
BROKEN RECORDS: 0
BROKEN RECORDS: 0
BROKEN RECORDS: 0
BROKEN RECORDS: 0
BROKEN RECORDS: 0
BROKEN RECORDS: 0
BROKEN RECORDS: 0
BROKEN RECORDS: 0
BROKEN RECORDS: 0
BROKEN RECORDS: 0
BROKEN RECORDS: 0
BROKEN RECORDS: 0
BROKEN RECORDS: 0
BROKEN RECORDS: 0
BROKEN RECORDS: 0
BROKEN RECORDS: 0
BROKEN RECORDS: 0
BROKEN RECORDS: 0
BROKEN RECORDS: 0
BROKEN RECORDS: 0
BROKEN RECORDS: 0
BROKEN RECORDS: 0
BROKEN RECORDS: 0
BROKEN RECORDS: 0
BROKEN RECORDS: 0
BROKEN RECORDS: 0
BROKEN RECORDS: 0
BROKEN RECORDS: 0
BROKEN RECORDS: 0
BROKEN RECORDS: 0
BROKEN RECORDS: 0
BROKEN RECORDS: 0
BROKEN RECORDS: 0
BROKEN RECORDS: 0
BROKEN RECORDS: 0
BROKEN RECORDS: 0
BROKEN RECORDS: 0
BROKEN RECORDS: 0
BROKEN RECORDS: 0
BROKEN RECORDS: 0
BROKEN RECORDS: 0
BROKEN RECORDS: 0
BROKEN RECORDS: 0
BROKEN RECORDS: 0
BROKEN RECORDS: 0
BROKEN RECORDS: 0
BROKEN RECORDS: 0
BROKEN RECORDS: 0
BROKEN RECORDS: 0
2013-04-23T01:29:52.685+0200: [GC [ParNew: 3040832K->196271K(3040832K), 0.1741530 secs] 26645700K->24079269K(30070848K), 0.1743960 secs] [Times: user=1.70 sys=0.44, real=0.17 secs] 
BROKEN RECORDS: 0
BROKEN RECORDS: 0
BROKEN RECORDS: 0
BROKEN RECORDS: 0
BROKEN RECORDS: 0
BROKEN RECORDS: 0
BROKEN RECORDS: 0
BROKEN RECORDS: 0
