2013-04-23T01:24:53.524+0200: [GC [ParNew: 2702976K->337855K(3040832K), 0.9368220 secs] 2702976K->2489795K(30070848K), 0.9368940 secs] [Times: user=2.13 sys=9.78, real=0.93 secs] 
2013-04-23T01:24:55.243+0200: [GC [ParNew: 3040831K->337856K(3040832K), 1.0510280 secs] 5192771K->5130289K(30070848K), 1.0510840 secs] [Times: user=2.87 sys=10.72, real=1.05 secs] 
2013-04-23T01:24:57.029+0200: [GC [ParNew: 3040832K->337856K(3040832K), 1.0671310 secs] 7833265K->7823555K(30070848K), 1.0671760 secs] [Times: user=3.29 sys=10.54, real=1.07 secs] 
2013-04-23T01:24:58.788+0200: [GC [ParNew: 3040832K->337856K(3040832K), 1.0374820 secs] 10526531K->10569151K(30070848K), 1.0375280 secs] [Times: user=3.12 sys=10.31, real=1.04 secs] 
2013-04-23T01:25:00.517+0200: [GC [ParNew: 3040832K->337856K(3040832K), 1.1134780 secs] 13272127K->13297650K(30070848K), 1.1135420 secs] [Times: user=3.14 sys=11.28, real=1.11 secs] 
2013-04-23T01:25:02.333+0200: [GC [ParNew: 3040832K->337856K(3040832K), 1.4330140 secs] 16000626K->16016385K(30070848K), 1.4330840 secs] [Times: user=16.30 sys=2.29, real=1.43 secs] 
2013-04-23T01:25:04.490+0200: [GC [ParNew: 3040832K->337856K(3040832K), 1.0777140 secs] 18719361K->18770433K(30070848K), 1.0777860 secs] [Times: user=2.88 sys=11.08, real=1.08 secs] 
2013-04-23T01:25:06.271+0200: [GC [ParNew: 3040832K->337856K(3040832K), 1.1321290 secs] 21473409K->21461312K(30070848K), 1.1323140 secs] [Times: user=3.64 sys=11.01, real=1.14 secs] 
2013-04-23T01:25:20.920+0200: [GC [ParNew: 2997098K->337856K(3040832K), 1.5240850 secs] 24120554K->23527877K(30070848K), 1.5241570 secs] [Times: user=17.78 sys=2.00, real=1.52 secs] 
2013-04-23T01:26:50.073+0200: [GC [ParNew: 3040832K->337856K(3040832K), 0.1621900 secs] 26230853K->23622387K(30070848K), 0.1623990 secs] [Times: user=1.91 sys=0.09, real=0.17 secs] 
BROKEN RECORDS: 0
BROKEN RECORDS: 0
BROKEN RECORDS: 0
BROKEN RECORDS: 0
BROKEN RECORDS: 0
BROKEN RECORDS: 0
BROKEN RECORDS: 0
BROKEN RECORDS: 0
BROKEN RECORDS: 0
BROKEN RECORDS: 0
BROKEN RECORDS: 0
BROKEN RECORDS: 0
BROKEN RECORDS: 0
BROKEN RECORDS: 0
BROKEN RECORDS: 0
BROKEN RECORDS: 0
BROKEN RECORDS: 0
BROKEN RECORDS: 0
BROKEN RECORDS: 0
BROKEN RECORDS: 0
BROKEN RECORDS: 0
BROKEN RECORDS: 0
BROKEN RECORDS: 0
BROKEN RECORDS: 0
BROKEN RECORDS: 0
BROKEN RECORDS: 0
BROKEN RECORDS: 0
BROKEN RECORDS: 0
BROKEN RECORDS: 0
BROKEN RECORDS: 0
BROKEN RECORDS: 0
BROKEN RECORDS: 0
BROKEN RECORDS: 0
BROKEN RECORDS: 0
BROKEN RECORDS: 0
BROKEN RECORDS: 0
BROKEN RECORDS: 0
BROKEN RECORDS: 0
BROKEN RECORDS: 0
BROKEN RECORDS: 0
BROKEN RECORDS: 0
BROKEN RECORDS: 0
BROKEN RECORDS: 0
BROKEN RECORDS: 0
BROKEN RECORDS: 0
BROKEN RECORDS: 0
BROKEN RECORDS: 0
BROKEN RECORDS: 0
BROKEN RECORDS: 0
BROKEN RECORDS: 0
BROKEN RECORDS: 0
BROKEN RECORDS: 0
BROKEN RECORDS: 0
BROKEN RECORDS: 0
BROKEN RECORDS: 0
BROKEN RECORDS: 0
BROKEN RECORDS: 0
BROKEN RECORDS: 0
BROKEN RECORDS: 0
BROKEN RECORDS: 0
BROKEN RECORDS: 0
BROKEN RECORDS: 0
BROKEN RECORDS: 0
BROKEN RECORDS: 0
BROKEN RECORDS: 0
BROKEN RECORDS: 0
BROKEN RECORDS: 0
BROKEN RECORDS: 0
BROKEN RECORDS: 0
BROKEN RECORDS: 0
BROKEN RECORDS: 0
BROKEN RECORDS: 0
BROKEN RECORDS: 0
BROKEN RECORDS: 0
BROKEN RECORDS: 0
BROKEN RECORDS: 0
BROKEN RECORDS: 0
BROKEN RECORDS: 0
BROKEN RECORDS: 0
BROKEN RECORDS: 0
2013-04-23T01:29:53.410+0200: [GC [ParNew: 3040832K->229559K(3040832K), 0.2303200 secs] 26325363K->23817709K(30070848K), 0.2306160 secs] [Times: user=1.95 sys=0.74, real=0.23 secs] 
BROKEN RECORDS: 0
BROKEN RECORDS: 0
BROKEN RECORDS: 0
BROKEN RECORDS: 0
BROKEN RECORDS: 0
BROKEN RECORDS: 0
BROKEN RECORDS: 0
BROKEN RECORDS: 0
