2013-04-23T01:24:50.645+0200: [GC [ParNew: 2702976K->337856K(3040832K), 0.9407440 secs] 2702976K->2490693K(30070848K), 0.9408360 secs] [Times: user=2.42 sys=9.43, real=0.95 secs] 
2013-04-23T01:24:52.484+0200: [GC [ParNew: 3040832K->337856K(3040832K), 1.0459390 secs] 5193669K->5122747K(30070848K), 1.0460180 secs] [Times: user=2.79 sys=10.70, real=1.05 secs] 
2013-04-23T01:24:54.532+0200: [GC [ParNew: 3040832K->337856K(3040832K), 1.0472190 secs] 7825723K->7811459K(30070848K), 1.0472920 secs] [Times: user=3.30 sys=10.27, real=1.05 secs] 
2013-04-23T01:24:56.565+0200: [GC [ParNew: 3040832K->337856K(3040832K), 1.0131260 secs] 10514435K->10541303K(30070848K), 1.0131990 secs] [Times: user=3.05 sys=9.95, real=1.02 secs] 
2013-04-23T01:24:58.566+0200: [GC [ParNew: 3040832K->337856K(3040832K), 1.1093020 secs] 13244279K->13251681K(30070848K), 1.1093790 secs] [Times: user=3.11 sys=11.25, real=1.12 secs] 
2013-04-23T01:25:00.651+0200: [GC [ParNew: 3040832K->337856K(3040832K), 1.4446680 secs] 15954657K->15932445K(30070848K), 1.4447390 secs] [Times: user=16.12 sys=2.63, real=1.45 secs] 
2013-04-23T01:25:03.062+0200: [GC [ParNew: 3040832K->337856K(3040832K), 1.0626840 secs] 18635421K->18683612K(30070848K), 1.0627600 secs] [Times: user=2.88 sys=10.88, real=1.06 secs] 
2013-04-23T01:25:05.092+0200: [GC [ParNew: 3040832K->337856K(3040832K), 1.1278090 secs] 21386588K->21393636K(30070848K), 1.1278840 secs] [Times: user=3.57 sys=11.03, real=1.13 secs] 
2013-04-23T01:25:20.944+0200: [GC [ParNew: 3040832K->337856K(3040832K), 1.5531460 secs] 24096612K->23511427K(30070848K), 1.5532560 secs] [Times: user=18.05 sys=2.09, real=1.55 secs] 
2013-04-23T01:26:22.268+0200: [GC [ParNew: 3040832K->337856K(3040832K), 0.2401990 secs] 26214403K->23689547K(30070848K), 0.2403640 secs] [Times: user=2.53 sys=0.41, real=0.24 secs] 
BROKEN RECORDS: 0
BROKEN RECORDS: 0
BROKEN RECORDS: 0
BROKEN RECORDS: 0
BROKEN RECORDS: 0
BROKEN RECORDS: 0
BROKEN RECORDS: 0
BROKEN RECORDS: 0
BROKEN RECORDS: 0
BROKEN RECORDS: 0
BROKEN RECORDS: 0
BROKEN RECORDS: 0
BROKEN RECORDS: 0
BROKEN RECORDS: 0
BROKEN RECORDS: 0
BROKEN RECORDS: 0
BROKEN RECORDS: 0
BROKEN RECORDS: 0
BROKEN RECORDS: 0
BROKEN RECORDS: 0
BROKEN RECORDS: 0
BROKEN RECORDS: 0
BROKEN RECORDS: 0
BROKEN RECORDS: 0
BROKEN RECORDS: 0
BROKEN RECORDS: 0
BROKEN RECORDS: 0
BROKEN RECORDS: 0
BROKEN RECORDS: 0
BROKEN RECORDS: 0
BROKEN RECORDS: 0
BROKEN RECORDS: 0
BROKEN RECORDS: 0
BROKEN RECORDS: 0
BROKEN RECORDS: 0
BROKEN RECORDS: 0
BROKEN RECORDS: 0
BROKEN RECORDS: 0
BROKEN RECORDS: 0
BROKEN RECORDS: 0
BROKEN RECORDS: 0
BROKEN RECORDS: 0
BROKEN RECORDS: 0
BROKEN RECORDS: 0
BROKEN RECORDS: 0
BROKEN RECORDS: 0
BROKEN RECORDS: 0
BROKEN RECORDS: 0
BROKEN RECORDS: 0
BROKEN RECORDS: 0
BROKEN RECORDS: 0
BROKEN RECORDS: 0
BROKEN RECORDS: 0
BROKEN RECORDS: 0
BROKEN RECORDS: 0
BROKEN RECORDS: 0
BROKEN RECORDS: 0
BROKEN RECORDS: 0
BROKEN RECORDS: 0
BROKEN RECORDS: 0
BROKEN RECORDS: 0
BROKEN RECORDS: 0
BROKEN RECORDS: 0
BROKEN RECORDS: 0
BROKEN RECORDS: 0
BROKEN RECORDS: 0
BROKEN RECORDS: 0
BROKEN RECORDS: 0
BROKEN RECORDS: 0
BROKEN RECORDS: 0
BROKEN RECORDS: 0
BROKEN RECORDS: 0
BROKEN RECORDS: 0
BROKEN RECORDS: 0
BROKEN RECORDS: 0
BROKEN RECORDS: 0
BROKEN RECORDS: 0
BROKEN RECORDS: 0
BROKEN RECORDS: 0
BROKEN RECORDS: 0
2013-04-23T01:29:53.057+0200: [GC [ParNew: 3040832K->198860K(3040832K), 0.1952060 secs] 26392523K->23869048K(30070848K), 0.1953800 secs] [Times: user=1.54 sys=0.64, real=0.20 secs] 
BROKEN RECORDS: 0
BROKEN RECORDS: 0
BROKEN RECORDS: 0
BROKEN RECORDS: 0
BROKEN RECORDS: 0
BROKEN RECORDS: 0
BROKEN RECORDS: 0
BROKEN RECORDS: 0
