2013-04-23T01:24:53.786+0200: [GC [ParNew: 2702976K->337856K(3040832K), 0.9288390 secs] 2702976K->2484797K(30070848K), 0.9289130 secs] [Times: user=2.16 sys=9.66, real=0.93 secs] 
2013-04-23T01:24:55.491+0200: [GC [ParNew: 3040832K->337856K(3040832K), 1.0516580 secs] 5187773K->5118838K(30070848K), 1.0517080 secs] [Times: user=2.77 sys=10.81, real=1.05 secs] 
2013-04-23T01:24:57.287+0200: [GC [ParNew: 3040832K->337856K(3040832K), 1.0591360 secs] 7821814K->7808518K(30070848K), 1.0591830 secs] [Times: user=3.19 sys=10.53, real=1.06 secs] 
2013-04-23T01:24:59.070+0200: [GC [ParNew: 3040832K->337856K(3040832K), 1.0139820 secs] 10511494K->10539515K(30070848K), 1.0140300 secs] [Times: user=3.10 sys=10.03, real=1.01 secs] 
2013-04-23T01:25:00.805+0200: [GC [ParNew: 3040832K->337856K(3040832K), 1.0910750 secs] 13242491K->13250341K(30070848K), 1.0911290 secs] [Times: user=2.96 sys=11.18, real=1.09 secs] 
2013-04-23T01:25:02.608+0200: [GC [ParNew: 3040832K->337856K(3040832K), 1.5442850 secs] 15953317K->15942631K(30070848K), 1.5443270 secs] [Times: user=17.35 sys=2.69, real=1.54 secs] 
2013-04-23T01:25:04.866+0200: [GC [ParNew: 3040832K->337856K(3040832K), 1.0665550 secs] 18645607K->18678398K(30070848K), 1.0666230 secs] [Times: user=2.89 sys=10.92, real=1.07 secs] 
2013-04-23T01:25:06.646+0200: [GC [ParNew: 3040832K->337856K(3040832K), 1.1246200 secs] 21381374K->21377954K(30070848K), 1.1246890 secs] [Times: user=3.41 sys=11.17, real=1.13 secs] 
2013-04-23T01:25:20.896+0200: [GC [ParNew: 3040832K->337856K(3040832K), 1.5429990 secs] 24080930K->23519116K(30070848K), 1.5430770 secs] [Times: user=18.16 sys=1.86, real=1.55 secs] 
2013-04-23T01:25:59.636+0200: [GC [ParNew: 3040832K->337856K(3040832K), 0.4060580 secs] 26222092K->23871330K(30070848K), 0.4063140 secs] [Times: user=3.30 sys=1.23, real=0.40 secs] 
BROKEN RECORDS: 0
BROKEN RECORDS: 0
BROKEN RECORDS: 0
BROKEN RECORDS: 0
BROKEN RECORDS: 0
BROKEN RECORDS: 0
BROKEN RECORDS: 0
BROKEN RECORDS: 0
BROKEN RECORDS: 0
BROKEN RECORDS: 0
BROKEN RECORDS: 0
BROKEN RECORDS: 0
BROKEN RECORDS: 0
BROKEN RECORDS: 0
BROKEN RECORDS: 0
BROKEN RECORDS: 0
BROKEN RECORDS: 0
BROKEN RECORDS: 0
BROKEN RECORDS: 0
BROKEN RECORDS: 0
BROKEN RECORDS: 0
BROKEN RECORDS: 0
BROKEN RECORDS: 0
BROKEN RECORDS: 0
BROKEN RECORDS: 0
BROKEN RECORDS: 0
BROKEN RECORDS: 0
BROKEN RECORDS: 0
BROKEN RECORDS: 0
BROKEN RECORDS: 0
BROKEN RECORDS: 0
BROKEN RECORDS: 0
BROKEN RECORDS: 0
BROKEN RECORDS: 0
BROKEN RECORDS: 0
BROKEN RECORDS: 0
BROKEN RECORDS: 0
BROKEN RECORDS: 0
BROKEN RECORDS: 0
BROKEN RECORDS: 0
BROKEN RECORDS: 0
BROKEN RECORDS: 0
BROKEN RECORDS: 0
BROKEN RECORDS: 0
BROKEN RECORDS: 0
BROKEN RECORDS: 0
BROKEN RECORDS: 0
BROKEN RECORDS: 0
BROKEN RECORDS: 0
BROKEN RECORDS: 0
BROKEN RECORDS: 0
BROKEN RECORDS: 0
BROKEN RECORDS: 0
BROKEN RECORDS: 0
BROKEN RECORDS: 0
BROKEN RECORDS: 0
BROKEN RECORDS: 0
BROKEN RECORDS: 0
BROKEN RECORDS: 0
BROKEN RECORDS: 0
BROKEN RECORDS: 0
BROKEN RECORDS: 0
BROKEN RECORDS: 0
BROKEN RECORDS: 0
BROKEN RECORDS: 0
BROKEN RECORDS: 0
BROKEN RECORDS: 0
BROKEN RECORDS: 0
BROKEN RECORDS: 0
BROKEN RECORDS: 0
BROKEN RECORDS: 0
BROKEN RECORDS: 0
BROKEN RECORDS: 0
BROKEN RECORDS: 0
BROKEN RECORDS: 0
BROKEN RECORDS: 0
BROKEN RECORDS: 0
BROKEN RECORDS: 0
BROKEN RECORDS: 0
BROKEN RECORDS: 0
2013-04-23T01:29:52.949+0200: [GC [ParNew: 3040832K->192894K(3040832K), 0.1680510 secs] 26574306K->23985349K(30070848K), 0.1683140 secs] [Times: user=1.52 sys=0.53, real=0.17 secs] 
BROKEN RECORDS: 0
BROKEN RECORDS: 0
BROKEN RECORDS: 0
BROKEN RECORDS: 0
BROKEN RECORDS: 0
BROKEN RECORDS: 0
BROKEN RECORDS: 0
BROKEN RECORDS: 0
