2013-04-23T01:24:50.980+0200: [GC [ParNew: 2702976K->337855K(3040832K), 0.9476330 secs] 2702976K->2483118K(30070848K), 0.9477070 secs] [Times: user=2.19 sys=9.77, real=0.94 secs] 
2013-04-23T01:24:52.683+0200: [GC [ParNew: 3040831K->337856K(3040832K), 1.0670320 secs] 5186094K->5120137K(30070848K), 1.0670790 secs] [Times: user=2.93 sys=10.75, real=1.07 secs] 
2013-04-23T01:24:54.505+0200: [GC [ParNew: 3040832K->337856K(3040832K), 1.0540910 secs] 7823113K->7812346K(30070848K), 1.0541620 secs] [Times: user=3.34 sys=10.30, real=1.05 secs] 
2013-04-23T01:24:56.282+0200: [GC [ParNew: 3040832K->337856K(3040832K), 1.0630330 secs] 10515322K->10528552K(30070848K), 1.0631110 secs] [Times: user=3.18 sys=10.50, real=1.07 secs] 
2013-04-23T01:24:58.068+0200: [GC [ParNew: 3040832K->337856K(3040832K), 1.1142550 secs] 13231528K->13230478K(30070848K), 1.1143260 secs] [Times: user=3.05 sys=11.34, real=1.11 secs] 
2013-04-23T01:24:59.906+0200: [GC [ParNew: 3040832K->337856K(3040832K), 1.7555870 secs] 15933454K->15921487K(30070848K), 1.7556430 secs] [Times: user=19.74 sys=2.94, real=1.75 secs] 
2013-04-23T01:25:02.385+0200: [GC [ParNew: 3040832K->337856K(3040832K), 1.0843470 secs] 18624463K->18686612K(30070848K), 1.0844030 secs] [Times: user=3.17 sys=10.87, real=1.08 secs] 
2013-04-23T01:25:04.183+0200: [GC [ParNew: 3040832K->337856K(3040832K), 1.1544660 secs] 21389588K->21390938K(30070848K), 1.1545300 secs] [Times: user=4.05 sys=10.83, real=1.16 secs] 
2013-04-23T01:25:21.052+0200: [GC [ParNew: 3040832K->337856K(3040832K), 2.0497180 secs] 24093914K->23480459K(30070848K), 2.0498310 secs] [Times: user=24.03 sys=2.52, real=2.05 secs] 
2013-04-23T01:26:02.623+0200: [GC [ParNew: 3035983K->337856K(3040832K), 0.4277060 secs] 26178586K->23843102K(30070848K), 0.4279250 secs] [Times: user=2.50 sys=2.07, real=0.42 secs] 
BROKEN RECORDS: 0
BROKEN RECORDS: 0
BROKEN RECORDS: 0
BROKEN RECORDS: 0
BROKEN RECORDS: 0
BROKEN RECORDS: 0
BROKEN RECORDS: 0
BROKEN RECORDS: 0
BROKEN RECORDS: 0
BROKEN RECORDS: 0
BROKEN RECORDS: 0
BROKEN RECORDS: 0
BROKEN RECORDS: 0
BROKEN RECORDS: 0
BROKEN RECORDS: 0
BROKEN RECORDS: 0
BROKEN RECORDS: 0
BROKEN RECORDS: 0
BROKEN RECORDS: 0
BROKEN RECORDS: 0
BROKEN RECORDS: 0
BROKEN RECORDS: 0
BROKEN RECORDS: 0
BROKEN RECORDS: 0
BROKEN RECORDS: 0
BROKEN RECORDS: 0
BROKEN RECORDS: 0
BROKEN RECORDS: 0
BROKEN RECORDS: 0
BROKEN RECORDS: 0
BROKEN RECORDS: 0
BROKEN RECORDS: 0
BROKEN RECORDS: 0
BROKEN RECORDS: 0
BROKEN RECORDS: 0
BROKEN RECORDS: 0
BROKEN RECORDS: 0
BROKEN RECORDS: 0
BROKEN RECORDS: 0
BROKEN RECORDS: 0
BROKEN RECORDS: 0
BROKEN RECORDS: 0
BROKEN RECORDS: 0
BROKEN RECORDS: 0
BROKEN RECORDS: 0
BROKEN RECORDS: 0
BROKEN RECORDS: 0
BROKEN RECORDS: 0
BROKEN RECORDS: 0
BROKEN RECORDS: 0
BROKEN RECORDS: 0
BROKEN RECORDS: 0
BROKEN RECORDS: 0
BROKEN RECORDS: 0
BROKEN RECORDS: 0
BROKEN RECORDS: 0
BROKEN RECORDS: 0
BROKEN RECORDS: 0
BROKEN RECORDS: 0
BROKEN RECORDS: 0
BROKEN RECORDS: 0
BROKEN RECORDS: 0
BROKEN RECORDS: 0
BROKEN RECORDS: 0
BROKEN RECORDS: 0
BROKEN RECORDS: 0
BROKEN RECORDS: 0
BROKEN RECORDS: 0
BROKEN RECORDS: 0
BROKEN RECORDS: 0
BROKEN RECORDS: 0
BROKEN RECORDS: 0
BROKEN RECORDS: 0
BROKEN RECORDS: 0
BROKEN RECORDS: 0
BROKEN RECORDS: 0
BROKEN RECORDS: 0
BROKEN RECORDS: 0
BROKEN RECORDS: 0
BROKEN RECORDS: 0
2013-04-23T01:29:52.701+0200: [GC [ParNew: 3040832K->174181K(3040832K), 0.2088000 secs] 26546078K->23962523K(30070848K), 0.2090370 secs] [Times: user=1.92 sys=0.57, real=0.21 secs] 
BROKEN RECORDS: 0
BROKEN RECORDS: 0
BROKEN RECORDS: 0
BROKEN RECORDS: 0
BROKEN RECORDS: 0
BROKEN RECORDS: 0
BROKEN RECORDS: 0
BROKEN RECORDS: 0
