2013-04-23T01:24:54.461+0200: [GC [ParNew: 2702976K->337856K(3040832K), 0.8994200 secs] 2702976K->2483408K(30070848K), 0.8994920 secs] [Times: user=1.98 sys=9.24, real=0.90 secs] 
2013-04-23T01:24:56.135+0200: [GC [ParNew: 3040832K->337856K(3040832K), 1.0372820 secs] 5186384K->5120608K(30070848K), 1.0373380 secs] [Times: user=2.51 sys=10.88, real=1.04 secs] 
2013-04-23T01:24:57.895+0200: [GC [ParNew: 3040832K->337856K(3040832K), 1.0483450 secs] 7823584K->7813010K(30070848K), 1.0483910 secs] [Times: user=2.94 sys=10.63, real=1.05 secs] 
2013-04-23T01:24:59.637+0200: [GC [ParNew: 3040832K->337856K(3040832K), 0.9958670 secs] 10515986K->10537475K(30070848K), 0.9959160 secs] [Times: user=2.89 sys=10.00, real=1.00 secs] 
2013-04-23T01:25:01.337+0200: [GC [ParNew: 3040832K->337856K(3040832K), 1.0756300 secs] 13240451K->13251279K(30070848K), 1.0756740 secs] [Times: user=2.98 sys=10.96, real=1.08 secs] 
2013-04-23T01:25:03.105+0200: [GC [ParNew: 3040832K->337856K(3040832K), 1.4227300 secs] 15954255K->15934188K(30070848K), 1.4227750 secs] [Times: user=15.98 sys=2.48, real=1.42 secs] 
2013-04-23T01:25:05.218+0200: [GC [ParNew: 3040832K->337856K(3040832K), 1.0761040 secs] 18637164K->18694991K(30070848K), 1.0761520 secs] [Times: user=2.98 sys=10.97, real=1.08 secs] 
2013-04-23T01:25:06.987+0200: [GC [ParNew: 3040832K->337856K(3040832K), 1.1357880 secs] 21397967K->21410011K(30070848K), 1.1358350 secs] [Times: user=3.51 sys=11.20, real=1.14 secs] 
2013-04-23T01:25:21.007+0200: [GC [ParNew: 3040832K->337856K(3040832K), 1.6194160 secs] 24112987K->23484932K(30070848K), 1.6194960 secs] [Times: user=19.02 sys=2.00, real=1.62 secs] 
2013-04-23T01:26:00.708+0200: [GC [ParNew: 3040832K->337856K(3040832K), 0.4005460 secs] 26187908K->23821738K(30070848K), 0.4007530 secs] [Times: user=2.33 sys=2.13, real=0.40 secs] 
BROKEN RECORDS: 0
BROKEN RECORDS: 0
BROKEN RECORDS: 0
BROKEN RECORDS: 0
BROKEN RECORDS: 0
BROKEN RECORDS: 0
BROKEN RECORDS: 0
BROKEN RECORDS: 0
BROKEN RECORDS: 0
BROKEN RECORDS: 0
BROKEN RECORDS: 0
BROKEN RECORDS: 0
BROKEN RECORDS: 0
BROKEN RECORDS: 0
BROKEN RECORDS: 0
BROKEN RECORDS: 0
BROKEN RECORDS: 0
BROKEN RECORDS: 0
BROKEN RECORDS: 0
BROKEN RECORDS: 0
BROKEN RECORDS: 0
BROKEN RECORDS: 0
BROKEN RECORDS: 0
BROKEN RECORDS: 0
BROKEN RECORDS: 0
BROKEN RECORDS: 0
BROKEN RECORDS: 0
BROKEN RECORDS: 0
BROKEN RECORDS: 0
BROKEN RECORDS: 0
BROKEN RECORDS: 0
BROKEN RECORDS: 0
BROKEN RECORDS: 0
BROKEN RECORDS: 0
BROKEN RECORDS: 0
BROKEN RECORDS: 0
BROKEN RECORDS: 0
BROKEN RECORDS: 0
BROKEN RECORDS: 0
BROKEN RECORDS: 0
BROKEN RECORDS: 0
BROKEN RECORDS: 0
BROKEN RECORDS: 0
BROKEN RECORDS: 0
BROKEN RECORDS: 0
BROKEN RECORDS: 0
BROKEN RECORDS: 0
BROKEN RECORDS: 0
BROKEN RECORDS: 0
BROKEN RECORDS: 0
BROKEN RECORDS: 0
BROKEN RECORDS: 0
BROKEN RECORDS: 0
BROKEN RECORDS: 0
BROKEN RECORDS: 0
BROKEN RECORDS: 0
BROKEN RECORDS: 0
BROKEN RECORDS: 0
BROKEN RECORDS: 0
BROKEN RECORDS: 0
BROKEN RECORDS: 0
BROKEN RECORDS: 0
BROKEN RECORDS: 0
BROKEN RECORDS: 0
BROKEN RECORDS: 0
BROKEN RECORDS: 0
BROKEN RECORDS: 0
BROKEN RECORDS: 0
BROKEN RECORDS: 0
BROKEN RECORDS: 0
BROKEN RECORDS: 0
BROKEN RECORDS: 0
BROKEN RECORDS: 0
BROKEN RECORDS: 0
BROKEN RECORDS: 0
BROKEN RECORDS: 0
BROKEN RECORDS: 0
BROKEN RECORDS: 0
BROKEN RECORDS: 0
BROKEN RECORDS: 0
2013-04-23T01:29:52.798+0200: [GC [ParNew: 3040832K->204229K(3040832K), 0.1924690 secs] 26524714K->23983415K(30070848K), 0.1926380 secs] [Times: user=1.78 sys=0.60, real=0.19 secs] 
BROKEN RECORDS: 0
BROKEN RECORDS: 0
BROKEN RECORDS: 0
BROKEN RECORDS: 0
BROKEN RECORDS: 0
BROKEN RECORDS: 0
BROKEN RECORDS: 0
BROKEN RECORDS: 0
