2013-06-07T16:58:14.965+0200: [GC [ParNew: 2702976K->337855K(3040832K), 0.9316380 secs] 2702976K->2487657K(30070848K), 0.9317100 secs] [Times: user=2.43 sys=9.37, real=0.94 secs] 
2013-06-07T16:58:16.651+0200: [GC [ParNew: 3040831K->337856K(3040832K), 1.0671190 secs] 5190633K->5121310K(30070848K), 1.0671760 secs] [Times: user=2.89 sys=10.89, real=1.07 secs] 
2013-06-07T16:58:18.460+0200: [GC [ParNew: 3040832K->337856K(3040832K), 1.0571160 secs] 7824286K->7817009K(30070848K), 1.0571620 secs] [Times: user=3.26 sys=10.07, real=1.06 secs] 
2013-06-07T16:58:20.167+0200: [GC [ParNew: 3040832K->337856K(3040832K), 1.0643480 secs] 10519985K->10571153K(30070848K), 1.0643860 secs] [Times: user=3.32 sys=10.46, real=1.06 secs] 
2013-06-07T16:58:21.932+0200: [GC [ParNew: 3040832K->337856K(3040832K), 1.0817990 secs] 13274129K->13276536K(30070848K), 1.0818610 secs] [Times: user=3.61 sys=10.39, real=1.08 secs] 
2013-06-07T16:58:23.718+0200: [GC [ParNew: 3040832K->337856K(3040832K), 1.4633410 secs] 15979512K->15958677K(30070848K), 1.4634060 secs] [Times: user=16.73 sys=2.05, real=1.46 secs] 
2013-06-07T16:58:25.824+0200: [GC [ParNew: 3040832K->337856K(3040832K), 1.0772780 secs] 18661653K->18702800K(30070848K), 1.0773450 secs] [Times: user=3.20 sys=10.74, real=1.08 secs] 
2013-06-07T16:58:27.608+0200: [GC [ParNew: 3040832K->337856K(3040832K), 1.1491680 secs] 21405776K->21428321K(30070848K), 1.1492260 secs] [Times: user=3.28 sys=11.60, real=1.15 secs] 
2013-06-07T16:58:41.388+0200: [GC [ParNew: 3040832K->337856K(3040832K), 1.6715980 secs] 24131297K->23508556K(30070848K), 1.6716980 secs] [Times: user=19.47 sys=2.14, real=1.67 secs] 
2013-06-07T16:58:57.285+0200: [GC [ParNew: 3040832K->181523K(3040832K), 0.0773990 secs] 26211532K->23352224K(30070848K), 0.0775160 secs] [Times: user=0.97 sys=0.02, real=0.08 secs] 
