2013-06-07T16:58:15.612+0200: [GC [ParNew: 2702976K->337855K(3040832K), 0.9256880 secs] 2702976K->2487014K(30070848K), 0.9257640 secs] [Times: user=2.18 sys=9.59, real=0.93 secs] 
2013-06-07T16:58:17.283+0200: [GC [ParNew: 3040831K->337856K(3040832K), 1.0412090 secs] 5189990K->5117303K(30070848K), 1.0412740 secs] [Times: user=2.96 sys=10.49, real=1.04 secs] 
2013-06-07T16:58:19.068+0200: [GC [ParNew: 3040832K->337856K(3040832K), 1.0584480 secs] 7820279K->7810921K(30070848K), 1.0585040 secs] [Times: user=3.42 sys=9.93, real=1.06 secs] 
2013-06-07T16:58:20.851+0200: [GC [ParNew: 3040832K->337856K(3040832K), 1.0144340 secs] 10513897K->10566505K(30070848K), 1.0144800 secs] [Times: user=3.41 sys=9.73, real=1.02 secs] 
2013-06-07T16:58:22.577+0200: [GC [ParNew: 3040832K->337856K(3040832K), 1.0714110 secs] 13269481K->13282678K(30070848K), 1.0714660 secs] [Times: user=3.41 sys=10.47, real=1.07 secs] 
2013-06-07T16:58:24.352+0200: [GC [ParNew: 3040832K->337856K(3040832K), 1.5127990 secs] 15985654K->15981851K(30070848K), 1.5128710 secs] [Times: user=17.32 sys=2.08, real=1.52 secs] 
2013-06-07T16:58:26.580+0200: [GC [ParNew: 3040832K->337856K(3040832K), 1.0776510 secs] 18684827K->18714609K(30070848K), 1.0777240 secs] [Times: user=3.08 sys=10.88, real=1.08 secs] 
2013-06-07T16:58:28.372+0200: [GC [ParNew: 3040832K->337856K(3040832K), 1.1625450 secs] 21417585K->21422297K(30070848K), 1.1626170 secs] [Times: user=4.16 sys=10.88, real=1.17 secs] 
2013-06-07T16:58:41.511+0200: [GC [ParNew: 3040832K->337856K(3040832K), 1.6851590 secs] 24125273K->23524477K(30070848K), 1.6852690 secs] [Times: user=19.83 sys=1.97, real=1.69 secs] 
2013-06-07T16:58:54.676+0200: [GC [ParNew: 3040832K->197978K(3040832K), 0.0771150 secs] 26227453K->23384600K(30070848K), 0.0772780 secs] [Times: user=0.98 sys=0.01, real=0.08 secs] 
