2013-06-07T16:58:16.357+0200: [GC [ParNew: 2702976K->337855K(3040832K), 0.9358300 secs] 2702976K->2489322K(30070848K), 0.9359080 secs] [Times: user=2.14 sys=9.77, real=0.93 secs] 
2013-06-07T16:58:18.058+0200: [GC [ParNew: 3040831K->337856K(3040832K), 1.0414360 secs] 5192298K->5119518K(30070848K), 1.0415020 secs] [Times: user=2.66 sys=10.54, real=1.04 secs] 
2013-06-07T16:58:19.844+0200: [GC [ParNew: 3040832K->337856K(3040832K), 1.0687540 secs] 7822494K->7811399K(30070848K), 1.0688250 secs] [Times: user=3.12 sys=10.72, real=1.06 secs] 
2013-06-07T16:58:21.625+0200: [GC [ParNew: 3040832K->337856K(3040832K), 1.0419460 secs] 10514375K->10530166K(30070848K), 1.0420180 secs] [Times: user=3.19 sys=10.30, real=1.04 secs] 
2013-06-07T16:58:23.379+0200: [GC [ParNew: 3040832K->337856K(3040832K), 1.0746230 secs] 13233142K->13235678K(30070848K), 1.0746920 secs] [Times: user=3.24 sys=10.68, real=1.07 secs] 
2013-06-07T16:58:25.169+0200: [GC [ParNew: 3040832K->337856K(3040832K), 1.4371250 secs] 15938654K->15909398K(30070848K), 1.4371980 secs] [Times: user=16.47 sys=2.17, real=1.44 secs] 
2013-06-07T16:58:27.307+0200: [GC [ParNew: 3040832K->337856K(3040832K), 1.0716190 secs] 18612374K->18678334K(30070848K), 1.0716880 secs] [Times: user=2.80 sys=11.09, real=1.07 secs] 
2013-06-07T16:58:29.103+0200: [GC [ParNew: 3040832K->337856K(3040832K), 1.1628860 secs] 21381310K->21382308K(30070848K), 1.1629400 secs] [Times: user=3.87 sys=10.87, real=1.17 secs] 
2013-06-07T16:58:43.205+0200: [GC [ParNew: 3040832K->337856K(3040832K), 1.5925840 secs] 24085284K->23476258K(30070848K), 1.5926890 secs] [Times: user=18.61 sys=2.02, real=1.59 secs] 
2013-06-07T16:58:58.252+0200: [GC [ParNew: 3040832K->179000K(3040832K), 0.0791930 secs] 26179234K->23317402K(30070848K), 0.0793520 secs] [Times: user=1.00 sys=0.00, real=0.08 secs] 
