2013-06-07T16:58:14.820+0200: [GC [ParNew: 2702976K->337856K(3040832K), 0.9440630 secs] 2702976K->2494751K(30070848K), 0.9441540 secs] [Times: user=2.14 sys=9.73, real=0.94 secs] 
2013-06-07T16:58:16.528+0200: [GC [ParNew: 3040832K->337856K(3040832K), 1.0757050 secs] 5197727K->5134367K(30070848K), 1.0757540 secs] [Times: user=2.76 sys=11.11, real=1.08 secs] 
2013-06-07T16:58:18.347+0200: [GC [ParNew: 3040832K->337856K(3040832K), 1.0759810 secs] 7837343K->7830162K(30070848K), 1.0760280 secs] [Times: user=3.28 sys=10.63, real=1.08 secs] 
2013-06-07T16:58:20.861+0200: [GC [ParNew: 3040832K->337856K(3040832K), 1.0545470 secs] 10533138K->10570860K(30070848K), 1.0546310 secs] [Times: user=3.37 sys=10.26, real=1.05 secs] 
2013-06-07T16:58:23.306+0200: [GC [ParNew: 3040832K->337856K(3040832K), 1.0816710 secs] 13273836K->13276147K(30070848K), 1.0817490 secs] [Times: user=3.55 sys=10.44, real=1.08 secs] 
2013-06-07T16:58:25.784+0200: [GC [ParNew: 3040832K->337856K(3040832K), 1.8029960 secs] 15979123K->15985726K(30070848K), 1.8030550 secs] [Times: user=20.33 sys=3.04, real=1.80 secs] 
2013-06-07T16:58:28.970+0200: [GC [ParNew: 3040832K->337856K(3040832K), 1.0855380 secs] 18688702K->18687428K(30070848K), 1.0856130 secs] [Times: user=2.92 sys=11.12, real=1.08 secs] 
2013-06-07T16:58:31.094+0200: [GC [ParNew: 3040832K->337856K(3040832K), 1.1417310 secs] 21390404K->21372705K(30070848K), 1.1418130 secs] [Times: user=3.82 sys=10.93, real=1.14 secs] 
2013-06-07T16:58:41.248+0200: [GC [ParNew: 3040832K->337856K(3040832K), 1.3271140 secs] 24075681K->23477747K(30070848K), 1.3272330 secs] [Times: user=15.19 sys=1.69, real=1.32 secs] 
2013-06-07T16:58:55.303+0200: [GC [ParNew: 3040832K->222534K(3040832K), 0.0831570 secs] 26180723K->23362426K(30070848K), 0.0833170 secs] [Times: user=1.02 sys=0.05, real=0.09 secs] 
