2013-06-07T16:58:16.781+0200: [GC [ParNew: 2702976K->337856K(3040832K), 0.8877230 secs] 2702976K->2486451K(30070848K), 0.8877980 secs] [Times: user=2.00 sys=8.96, real=0.89 secs] 
2013-06-07T16:58:18.435+0200: [GC [ParNew: 3040832K->337856K(3040832K), 1.0502890 secs] 5189427K->5119421K(30070848K), 1.0503370 secs] [Times: user=3.00 sys=10.57, real=1.04 secs] 
2013-06-07T16:58:20.250+0200: [GC [ParNew: 3040832K->337856K(3040832K), 1.0596210 secs] 7822397K->7813968K(30070848K), 1.0596970 secs] [Times: user=3.07 sys=10.65, real=1.06 secs] 
2013-06-07T16:58:22.004+0200: [GC [ParNew: 3040832K->337856K(3040832K), 1.0234210 secs] 10516944K->10563342K(30070848K), 1.0234940 secs] [Times: user=3.25 sys=9.99, real=1.03 secs] 
2013-06-07T16:58:23.717+0200: [GC [ParNew: 3040832K->337856K(3040832K), 1.0702870 secs] 13266318K->13271862K(30070848K), 1.0703410 secs] [Times: user=3.07 sys=10.79, real=1.07 secs] 
2013-06-07T16:58:25.482+0200: [GC [ParNew: 3040832K->337856K(3040832K), 1.3492640 secs] 15974838K->15984162K(30070848K), 1.3493120 secs] [Times: user=15.34 sys=1.98, real=1.35 secs] 
2013-06-07T16:58:27.523+0200: [GC [ParNew: 3040832K->337856K(3040832K), 1.0461350 secs] 18687138K->18708596K(30070848K), 1.0461840 secs] [Times: user=3.01 sys=10.54, real=1.04 secs] 
2013-06-07T16:58:29.273+0200: [GC [ParNew: 3040832K->337856K(3040832K), 1.1591170 secs] 21411572K->21431587K(30070848K), 1.1591740 secs] [Times: user=3.92 sys=11.10, real=1.16 secs] 
2013-06-07T16:58:41.196+0200: [GC [ParNew: 3040832K->337856K(3040832K), 1.4875490 secs] 24134563K->23529173K(30070848K), 1.4876340 secs] [Times: user=17.07 sys=2.12, real=1.49 secs] 
2013-06-07T16:58:55.535+0200: [GC [ParNew: 3040832K->176501K(3040832K), 0.0778900 secs] 26232149K->23367818K(30070848K), 0.0780480 secs] [Times: user=0.96 sys=0.03, real=0.07 secs] 
