2013-06-07T16:58:15.126+0200: [GC [ParNew: 2702976K->337856K(3040832K), 0.9325460 secs] 2702976K->2491758K(30070848K), 0.9326320 secs] [Times: user=2.12 sys=9.62, real=0.93 secs] 
2013-06-07T16:58:16.836+0200: [GC [ParNew: 3040832K->337856K(3040832K), 1.0418040 secs] 5194734K->5130859K(30070848K), 1.0418630 secs] [Times: user=2.82 sys=10.64, real=1.04 secs] 
2013-06-07T16:58:18.621+0200: [GC [ParNew: 3040832K->337856K(3040832K), 1.0778730 secs] 7833835K->7825374K(30070848K), 1.0779270 secs] [Times: user=3.32 sys=10.63, real=1.07 secs] 
2013-06-07T16:58:20.422+0200: [GC [ParNew: 3040832K->337856K(3040832K), 1.0396550 secs] 10528350K->10575804K(30070848K), 1.0397040 secs] [Times: user=3.51 sys=9.94, real=1.04 secs] 
2013-06-07T16:58:22.187+0200: [GC [ParNew: 3040832K->337856K(3040832K), 1.0938670 secs] 13278780K->13294346K(30070848K), 1.0939160 secs] [Times: user=3.70 sys=10.44, real=1.10 secs] 
2013-06-07T16:58:24.007+0200: [GC [ParNew: 3040832K->337856K(3040832K), 1.7957170 secs] 15997322K->15983498K(30070848K), 1.7957730 secs] [Times: user=20.51 sys=2.76, real=1.80 secs] 
2013-06-07T16:58:26.517+0200: [GC [ParNew: 3040832K->337856K(3040832K), 1.0893350 secs] 18686474K->18720866K(30070848K), 1.0893830 secs] [Times: user=3.19 sys=10.87, real=1.09 secs] 
2013-06-07T16:58:28.309+0200: [GC [ParNew: 3040832K->337856K(3040832K), 1.1494330 secs] 21423842K->21411553K(30070848K), 1.1495010 secs] [Times: user=3.82 sys=11.05, real=1.14 secs] 
2013-06-07T16:58:41.284+0200: [GC [ParNew: 3040832K->337856K(3040832K), 1.7854860 secs] 24114529K->23500145K(30070848K), 1.7855940 secs] [Times: user=21.12 sys=2.02, real=1.79 secs] 
2013-06-07T16:58:57.833+0200: [GC [ParNew: 3040832K->188061K(3040832K), 0.0884490 secs] 26203121K->23350350K(30070848K), 0.0885770 secs] [Times: user=1.08 sys=0.06, real=0.09 secs] 
