2013-06-07T16:58:15.810+0200: [GC [ParNew: 2702976K->337856K(3040832K), 0.9494470 secs] 2702976K->2483800K(30070848K), 0.9495430 secs] [Times: user=2.34 sys=9.75, real=0.95 secs] 
2013-06-07T16:58:17.532+0200: [GC [ParNew: 3040832K->337856K(3040832K), 1.0683640 secs] 5186776K->5121812K(30070848K), 1.0684340 secs] [Times: user=2.95 sys=10.84, real=1.06 secs] 
2013-06-07T16:58:19.355+0200: [GC [ParNew: 3040832K->337856K(3040832K), 1.0839770 secs] 7824788K->7812325K(30070848K), 1.0840560 secs] [Times: user=3.32 sys=10.71, real=1.08 secs] 
2013-06-07T16:58:21.152+0200: [GC [ParNew: 3040832K->337856K(3040832K), 1.0628580 secs] 10515301K->10559137K(30070848K), 1.0629290 secs] [Times: user=3.43 sys=10.34, real=1.06 secs] 
2013-06-07T16:58:22.926+0200: [GC [ParNew: 3040832K->337856K(3040832K), 1.0877020 secs] 13262113K->13263112K(30070848K), 1.0877720 secs] [Times: user=3.64 sys=10.44, real=1.09 secs] 
2013-06-07T16:58:24.728+0200: [GC [ParNew: 3040832K->337856K(3040832K), 1.5087300 secs] 15966088K->15972626K(30070848K), 1.5088000 secs] [Times: user=17.34 sys=2.25, real=1.51 secs] 
2013-06-07T16:58:26.950+0200: [GC [ParNew: 3040832K->337856K(3040832K), 1.0722880 secs] 18675602K->18704711K(30070848K), 1.0723590 secs] [Times: user=2.98 sys=10.91, real=1.07 secs] 
2013-06-07T16:58:28.735+0200: [GC [ParNew: 3040832K->337856K(3040832K), 1.1189070 secs] 21407687K->21397512K(30070848K), 1.1189780 secs] [Times: user=3.52 sys=10.97, real=1.12 secs] 
2013-06-07T16:58:41.679+0200: [GC [ParNew: 3040832K->337856K(3040832K), 1.4742300 secs] 24100488K->23510627K(30070848K), 1.4743250 secs] [Times: user=17.29 sys=1.82, real=1.47 secs] 
2013-06-07T16:58:57.043+0200: [GC [ParNew: 3040832K->187945K(3040832K), 0.0824170 secs] 26213603K->23360717K(30070848K), 0.0825670 secs] [Times: user=1.04 sys=0.00, real=0.08 secs] 
