2013-06-07T16:58:16.104+0200: [GC [ParNew: 2702976K->337856K(3040832K), 0.9379670 secs] 2702976K->2489669K(30070848K), 0.9380390 secs] [Times: user=2.27 sys=9.56, real=0.94 secs] 
2013-06-07T16:58:17.795+0200: [GC [ParNew: 3040832K->337856K(3040832K), 1.0523030 secs] 5192645K->5128502K(30070848K), 1.0523520 secs] [Times: user=2.78 sys=10.73, real=1.05 secs] 
2013-06-07T16:58:19.571+0200: [GC [ParNew: 3040832K->337856K(3040832K), 1.0589380 secs] 7831478K->7821704K(30070848K), 1.0589860 secs] [Times: user=3.14 sys=10.57, real=1.06 secs] 
2013-06-07T16:58:21.344+0200: [GC [ParNew: 3040832K->337856K(3040832K), 1.0373910 secs] 10524680K->10558752K(30070848K), 1.0374480 secs] [Times: user=3.30 sys=10.06, real=1.04 secs] 
2013-06-07T16:58:23.088+0200: [GC [ParNew: 3040832K->337856K(3040832K), 1.0764000 secs] 13261728K->13264808K(30070848K), 1.0764520 secs] [Times: user=3.39 sys=10.49, real=1.07 secs] 
2013-06-07T16:58:24.869+0200: [GC [ParNew: 3040832K->337856K(3040832K), 1.4319490 secs] 15967784K->15963213K(30070848K), 1.4320240 secs] [Times: user=16.31 sys=2.25, real=1.43 secs] 
2013-06-07T16:58:27.025+0200: [GC [ParNew: 3040832K->337856K(3040832K), 1.0718020 secs] 18666189K->18728658K(30070848K), 1.0718590 secs] [Times: user=2.93 sys=10.88, real=1.08 secs] 
2013-06-07T16:58:29.059+0200: [GC [ParNew: 3040832K->337856K(3040832K), 1.1533390 secs] 21431634K->21419153K(30070848K), 1.1534060 secs] [Times: user=4.22 sys=10.57, real=1.15 secs] 
2013-06-07T16:58:41.187+0200: [GC [ParNew: 3040832K->337856K(3040832K), 1.5729250 secs] 24122129K->23494639K(30070848K), 1.5730000 secs] [Times: user=18.27 sys=2.10, real=1.57 secs] 
2013-06-07T16:58:55.741+0200: [GC [ParNew: 3040832K->187967K(3040832K), 0.0770110 secs] 26197615K->23344750K(30070848K), 0.0771540 secs] [Times: user=0.98 sys=0.01, real=0.08 secs] 
