2013-06-07T16:58:16.511+0200: [GC [ParNew: 2702976K->337856K(3040832K), 0.9232950 secs] 2702976K->2488498K(30070848K), 0.9233650 secs] [Times: user=2.12 sys=9.64, real=0.92 secs] 
2013-06-07T16:58:18.177+0200: [GC [ParNew: 3040832K->337856K(3040832K), 1.0480680 secs] 5191474K->5126308K(30070848K), 1.0481150 secs] [Times: user=2.87 sys=10.65, real=1.05 secs] 
2013-06-07T16:58:19.978+0200: [GC [ParNew: 3040832K->337856K(3040832K), 1.0623290 secs] 7829284K->7821879K(30070848K), 1.0623730 secs] [Times: user=3.39 sys=10.37, real=1.06 secs] 
2013-06-07T16:58:21.753+0200: [GC [ParNew: 3040832K->337856K(3040832K), 1.0272240 secs] 10524855K->10568115K(30070848K), 1.0272690 secs] [Times: user=3.28 sys=10.02, real=1.03 secs] 
2013-06-07T16:58:23.495+0200: [GC [ParNew: 3040832K->337856K(3040832K), 1.0796190 secs] 13271091K->13297126K(30070848K), 1.0796640 secs] [Times: user=3.53 sys=10.46, real=1.08 secs] 
2013-06-07T16:58:25.238+0200: [GC [ParNew: 3040832K->337856K(3040832K), 1.4744170 secs] 16000102K->16032029K(30070848K), 1.4744560 secs] [Times: user=16.91 sys=2.23, real=1.47 secs] 
2013-06-07T16:58:27.426+0200: [GC [ParNew: 3040832K->337856K(3040832K), 1.0930440 secs] 18735005K->18736453K(30070848K), 1.0931130 secs] [Times: user=3.31 sys=10.84, real=1.09 secs] 
2013-06-07T16:58:29.230+0200: [GC [ParNew: 3040832K->337856K(3040832K), 1.1151150 secs] 21439429K->21430214K(30070848K), 1.1151840 secs] [Times: user=3.32 sys=11.13, real=1.12 secs] 
2013-06-07T16:58:41.286+0200: [GC [ParNew: 3040832K->337856K(3040832K), 1.4709650 secs] 24133190K->23523031K(30070848K), 1.4710680 secs] [Times: user=17.19 sys=1.88, real=1.47 secs] 
2013-06-07T16:58:56.619+0200: [GC [ParNew: 3040832K->197758K(3040832K), 0.0782550 secs] 26226007K->23382934K(30070848K), 0.0784010 secs] [Times: user=0.95 sys=0.05, real=0.08 secs] 
