2013-06-07T16:58:15.450+0200: [GC [ParNew: 2702976K->337856K(3040832K), 0.9330430 secs] 2702976K->2484458K(30070848K), 0.9331340 secs] [Times: user=2.38 sys=9.26, real=0.93 secs] 
2013-06-07T16:58:17.169+0200: [GC [ParNew: 3040832K->337856K(3040832K), 1.0565730 secs] 5187434K->5123803K(30070848K), 1.0566590 secs] [Times: user=2.90 sys=10.73, real=1.06 secs] 
2013-06-07T16:58:18.959+0200: [GC [ParNew: 3040832K->337856K(3040832K), 1.0639590 secs] 7826779K->7819598K(30070848K), 1.0640370 secs] [Times: user=3.38 sys=10.40, real=1.06 secs] 
2013-06-07T16:58:20.759+0200: [GC [ParNew: 3040832K->337856K(3040832K), 1.0196270 secs] 10522574K->10532154K(30070848K), 1.0197090 secs] [Times: user=3.55 sys=9.62, real=1.02 secs] 
2013-06-07T16:58:22.499+0200: [GC [ParNew: 3040832K->337856K(3040832K), 1.0940650 secs] 13235130K->13255562K(30070848K), 1.0941430 secs] [Times: user=3.54 sys=10.62, real=1.09 secs] 
2013-06-07T16:58:24.236+0200: [GC [ParNew: 3040832K->337856K(3040832K), 1.3731550 secs] 15958538K->15939817K(30070848K), 1.3732340 secs] [Times: user=15.50 sys=2.30, real=1.37 secs] 
2013-06-07T16:58:26.343+0200: [GC [ParNew: 3040832K->337856K(3040832K), 1.1071810 secs] 18642793K->18692072K(30070848K), 1.1072620 secs] [Times: user=2.96 sys=11.35, real=1.11 secs] 
2013-06-07T16:58:28.144+0200: [GC [ParNew: 3040832K->337856K(3040832K), 1.1622820 secs] 21395048K->21386185K(30070848K), 1.1623650 secs] [Times: user=4.09 sys=10.93, real=1.17 secs] 
2013-06-07T16:58:41.322+0200: [GC [ParNew: 3040832K->337856K(3040832K), 1.1953500 secs] 24089161K->23498057K(30070848K), 1.1954570 secs] [Times: user=13.84 sys=1.63, real=1.20 secs] 
2013-06-07T16:58:55.733+0200: [GC [ParNew: 3040832K->148721K(3040832K), 0.0755170 secs] 26201033K->23308923K(30070848K), 0.0756710 secs] [Times: user=0.95 sys=0.01, real=0.08 secs] 
