2013-04-23T00:23:07.995+0200: [GC [ParNew: 2702976K->337855K(3040832K), 0.9363640 secs] 2702976K->2489554K(30070848K), 0.9364590 secs] [Times: user=2.15 sys=9.78, real=0.94 secs] 
2013-04-23T00:23:09.664+0200: [GC [ParNew: 3040831K->337856K(3040832K), 1.0615350 secs] 5192530K->5125285K(30070848K), 1.0616070 secs] [Times: user=2.93 sys=10.47, real=1.06 secs] 
2013-04-23T00:23:11.439+0200: [GC [ParNew: 3040832K->337856K(3040832K), 1.0723920 secs] 7828261K->7818775K(30070848K), 1.0724630 secs] [Times: user=3.31 sys=10.57, real=1.07 secs] 
2013-04-23T00:23:13.205+0200: [GC [ParNew: 3040832K->337856K(3040832K), 1.0619260 secs] 10521751K->10577370K(30070848K), 1.0619970 secs] [Times: user=3.15 sys=10.59, real=1.07 secs] 
2013-04-23T00:23:14.949+0200: [GC [ParNew: 3040832K->337856K(3040832K), 1.1144880 secs] 13280346K->13282753K(30070848K), 1.1145600 secs] [Times: user=3.20 sys=10.91, real=1.11 secs] 
2013-04-23T00:23:16.758+0200: [GC [ParNew: 3040832K->337856K(3040832K), 1.8207470 secs] 15985729K->15957114K(30070848K), 1.8208190 secs] [Times: user=20.52 sys=3.10, real=1.83 secs] 
2013-04-23T00:23:19.283+0200: [GC [ParNew: 3040832K->337856K(3040832K), 1.0863960 secs] 18660090K->18713147K(30070848K), 1.0864670 secs] [Times: user=3.06 sys=11.00, real=1.09 secs] 
2013-04-23T00:23:21.073+0200: [GC [ParNew: 3040832K->337856K(3040832K), 1.1597020 secs] 21416123K->21419106K(30070848K), 1.1597730 secs] [Times: user=4.14 sys=10.78, real=1.16 secs] 
2013-04-23T00:23:37.793+0200: [GC [ParNew: 3040832K->337856K(3040832K), 1.5983520 secs] 24122082K->23532862K(30070848K), 1.5984370 secs] [Times: user=18.80 sys=1.86, real=1.60 secs] 
2013-04-23T00:24:15.979+0200: [GC [ParNew: 3039342K->337856K(3040832K), 0.3859020 secs] 26234349K->23851602K(30070848K), 0.3861020 secs] [Times: user=2.67 sys=1.37, real=0.39 secs] 
BROKEN RECORDS: 0
BROKEN RECORDS: 0
BROKEN RECORDS: 0
BROKEN RECORDS: 0
BROKEN RECORDS: 0
BROKEN RECORDS: 0
BROKEN RECORDS: 0
BROKEN RECORDS: 0
BROKEN RECORDS: 0
BROKEN RECORDS: 0
BROKEN RECORDS: 0
BROKEN RECORDS: 0
BROKEN RECORDS: 0
BROKEN RECORDS: 0
BROKEN RECORDS: 0
BROKEN RECORDS: 0
BROKEN RECORDS: 0
BROKEN RECORDS: 0
BROKEN RECORDS: 0
BROKEN RECORDS: 0
BROKEN RECORDS: 0
BROKEN RECORDS: 0
BROKEN RECORDS: 0
BROKEN RECORDS: 0
BROKEN RECORDS: 0
BROKEN RECORDS: 0
BROKEN RECORDS: 0
BROKEN RECORDS: 0
BROKEN RECORDS: 0
BROKEN RECORDS: 0
BROKEN RECORDS: 0
BROKEN RECORDS: 0
BROKEN RECORDS: 0
BROKEN RECORDS: 0
BROKEN RECORDS: 0
BROKEN RECORDS: 0
BROKEN RECORDS: 0
BROKEN RECORDS: 0
BROKEN RECORDS: 0
BROKEN RECORDS: 0
2013-04-23T00:28:51.630+0200: [GC [ParNew: 3040832K->184878K(3040832K), 0.3723700 secs] 26554578K->23971886K(30070848K), 0.3726090 secs] [Times: user=3.47 sys=0.63, real=0.37 secs] 
BROKEN RECORDS: 0
BROKEN RECORDS: 0
BROKEN RECORDS: 0
BROKEN RECORDS: 0
BROKEN RECORDS: 0
BROKEN RECORDS: 0
BROKEN RECORDS: 0
BROKEN RECORDS: 0
BROKEN RECORDS: 0
BROKEN RECORDS: 0
BROKEN RECORDS: 0
BROKEN RECORDS: 0
BROKEN RECORDS: 0
BROKEN RECORDS: 0
BROKEN RECORDS: 0
BROKEN RECORDS: 0
BROKEN RECORDS: 0
BROKEN RECORDS: 0
BROKEN RECORDS: 0
BROKEN RECORDS: 0
BROKEN RECORDS: 0
BROKEN RECORDS: 0
BROKEN RECORDS: 0
BROKEN RECORDS: 0
BROKEN RECORDS: 0
BROKEN RECORDS: 0
BROKEN RECORDS: 0
BROKEN RECORDS: 0
BROKEN RECORDS: 0
BROKEN RECORDS: 0
BROKEN RECORDS: 0
BROKEN RECORDS: 0
BROKEN RECORDS: 0
BROKEN RECORDS: 0
BROKEN RECORDS: 0
BROKEN RECORDS: 0
BROKEN RECORDS: 0
BROKEN RECORDS: 0
BROKEN RECORDS: 0
BROKEN RECORDS: 0
BROKEN RECORDS: 0
BROKEN RECORDS: 0
BROKEN RECORDS: 0
BROKEN RECORDS: 0
BROKEN RECORDS: 0
BROKEN RECORDS: 0
BROKEN RECORDS: 0
BROKEN RECORDS: 0
