2013-04-23T00:23:10.581+0200: [GC [ParNew: 2702976K->337855K(3040832K), 0.9183640 secs] 2702976K->2489475K(30070848K), 0.9184380 secs] [Times: user=2.12 sys=9.22, real=0.92 secs] 
2013-04-23T00:23:12.273+0200: [GC [ParNew: 3040831K->337856K(3040832K), 1.0486430 secs] 5192451K->5128086K(30070848K), 1.0487020 secs] [Times: user=2.68 sys=10.87, real=1.05 secs] 
2013-04-23T00:23:14.075+0200: [GC [ParNew: 3040832K->337856K(3040832K), 1.0568120 secs] 7831062K->7822793K(30070848K), 1.0568790 secs] [Times: user=3.06 sys=10.63, real=1.06 secs] 
2013-04-23T00:23:15.844+0200: [GC [ParNew: 3040832K->337856K(3040832K), 1.0256430 secs] 10525769K->10549980K(30070848K), 1.0257090 secs] [Times: user=3.34 sys=9.84, real=1.03 secs] 
2013-04-23T00:23:17.584+0200: [GC [ParNew: 3040832K->337856K(3040832K), 1.1277760 secs] 13252956K->13281776K(30070848K), 1.1278400 secs] [Times: user=2.97 sys=11.64, real=1.13 secs] 
2013-04-23T00:23:19.427+0200: [GC [ParNew: 3040832K->337856K(3040832K), 1.4936150 secs] 15984752K->15997534K(30070848K), 1.4936830 secs] [Times: user=16.92 sys=2.48, real=1.50 secs] 
2013-04-23T00:23:21.634+0200: [GC [ParNew: 3040832K->337856K(3040832K), 1.0559820 secs] 18700510K->18704038K(30070848K), 1.0560500 secs] [Times: user=2.90 sys=10.59, real=1.06 secs] 
2013-04-23T00:23:23.405+0200: [GC [ParNew: 3040832K->337856K(3040832K), 1.1392940 secs] 21407014K->21425877K(30070848K), 1.1393610 secs] [Times: user=3.64 sys=11.11, real=1.14 secs] 
2013-04-23T00:23:37.837+0200: [GC [ParNew: 3040832K->337856K(3040832K), 1.5460060 secs] 24128853K->23501502K(30070848K), 1.5461620 secs] [Times: user=18.07 sys=1.87, real=1.55 secs] 
2013-04-23T00:24:11.765+0200: [GC [ParNew: 3035060K->337856K(3040832K), 0.3997280 secs] 26198707K->23870095K(30070848K), 0.3999980 secs] [Times: user=2.73 sys=1.32, real=0.40 secs] 
BROKEN RECORDS: 0
BROKEN RECORDS: 0
BROKEN RECORDS: 0
BROKEN RECORDS: 0
BROKEN RECORDS: 0
BROKEN RECORDS: 0
BROKEN RECORDS: 0
BROKEN RECORDS: 0
BROKEN RECORDS: 0
BROKEN RECORDS: 0
BROKEN RECORDS: 0
BROKEN RECORDS: 0
BROKEN RECORDS: 0
BROKEN RECORDS: 0
BROKEN RECORDS: 0
BROKEN RECORDS: 0
BROKEN RECORDS: 0
BROKEN RECORDS: 0
BROKEN RECORDS: 0
BROKEN RECORDS: 0
BROKEN RECORDS: 0
BROKEN RECORDS: 0
BROKEN RECORDS: 0
BROKEN RECORDS: 0
BROKEN RECORDS: 0
BROKEN RECORDS: 0
BROKEN RECORDS: 0
BROKEN RECORDS: 0
BROKEN RECORDS: 0
BROKEN RECORDS: 0
BROKEN RECORDS: 0
BROKEN RECORDS: 0
BROKEN RECORDS: 0
BROKEN RECORDS: 0
BROKEN RECORDS: 0
BROKEN RECORDS: 0
BROKEN RECORDS: 0
BROKEN RECORDS: 0
BROKEN RECORDS: 0
BROKEN RECORDS: 0
BROKEN RECORDS: 0
BROKEN RECORDS: 0
BROKEN RECORDS: 0
BROKEN RECORDS: 0
BROKEN RECORDS: 0
BROKEN RECORDS: 0
BROKEN RECORDS: 0
BROKEN RECORDS: 0
BROKEN RECORDS: 0
BROKEN RECORDS: 0
BROKEN RECORDS: 0
BROKEN RECORDS: 0
BROKEN RECORDS: 0
BROKEN RECORDS: 0
BROKEN RECORDS: 0
BROKEN RECORDS: 0
BROKEN RECORDS: 0
BROKEN RECORDS: 0
BROKEN RECORDS: 0
BROKEN RECORDS: 0
BROKEN RECORDS: 0
BROKEN RECORDS: 0
BROKEN RECORDS: 0
BROKEN RECORDS: 0
BROKEN RECORDS: 0
BROKEN RECORDS: 0
BROKEN RECORDS: 0
BROKEN RECORDS: 0
BROKEN RECORDS: 0
BROKEN RECORDS: 0
BROKEN RECORDS: 0
BROKEN RECORDS: 0
BROKEN RECORDS: 0
BROKEN RECORDS: 0
BROKEN RECORDS: 0
BROKEN RECORDS: 0
BROKEN RECORDS: 0
BROKEN RECORDS: 0
BROKEN RECORDS: 0
BROKEN RECORDS: 0
2013-04-23T00:28:55.456+0200: [GC [ParNew: 3040832K->188122K(3040832K), 0.2461480 secs] 26573071K->24009744K(30070848K), 0.2464210 secs] [Times: user=2.10 sys=0.50, real=0.25 secs] 
BROKEN RECORDS: 0
BROKEN RECORDS: 0
BROKEN RECORDS: 0
BROKEN RECORDS: 0
BROKEN RECORDS: 0
BROKEN RECORDS: 0
BROKEN RECORDS: 0
BROKEN RECORDS: 0
