2013-04-23T00:23:12.392+0200: [GC [ParNew: 2702976K->337856K(3040832K), 0.9385410 secs] 2702976K->2492534K(30070848K), 0.9386130 secs] [Times: user=2.09 sys=9.89, real=0.94 secs] 
2013-04-23T00:23:14.084+0200: [GC [ParNew: 3040832K->337856K(3040832K), 1.0521040 secs] 5195510K->5126682K(30070848K), 1.0521530 secs] [Times: user=2.86 sys=10.73, real=1.05 secs] 
2013-04-23T00:23:15.880+0200: [GC [ParNew: 3040832K->337856K(3040832K), 1.0680410 secs] 7829658K->7819403K(30070848K), 1.0680870 secs] [Times: user=3.15 sys=10.69, real=1.06 secs] 
2013-04-23T00:23:17.661+0200: [GC [ParNew: 3040832K->337856K(3040832K), 1.0313260 secs] 10522379K->10575340K(30070848K), 1.0313740 secs] [Times: user=3.12 sys=10.23, real=1.03 secs] 
2013-04-23T00:23:19.417+0200: [GC [ParNew: 3040832K->337856K(3040832K), 1.0754780 secs] 13278316K->13279571K(30070848K), 1.0755250 secs] [Times: user=3.41 sys=10.52, real=1.08 secs] 
2013-04-23T00:23:21.214+0200: [GC [ParNew: 3040832K->337856K(3040832K), 1.3819160 secs] 15982547K->15992191K(30070848K), 1.3819630 secs] [Times: user=15.50 sys=2.44, real=1.38 secs] 
2013-04-23T00:23:23.299+0200: [GC [ParNew: 3040832K->337856K(3040832K), 1.0708900 secs] 18695167K->18704523K(30070848K), 1.0709370 secs] [Times: user=2.89 sys=10.98, real=1.06 secs] 
2013-04-23T00:23:25.091+0200: [GC [ParNew: 3040832K->337856K(3040832K), 1.1220130 secs] 21407499K->21408208K(30070848K), 1.1220610 secs] [Times: user=3.33 sys=11.20, real=1.12 secs] 
2013-04-23T00:23:37.855+0200: [GC [ParNew: 3040832K->337856K(3040832K), 1.4069810 secs] 24111184K->23521516K(30070848K), 1.4070680 secs] [Times: user=16.36 sys=1.89, real=1.41 secs] 
2013-04-23T00:24:04.679+0200: [GC [ParNew: 3040832K->337856K(3040832K), 0.5679160 secs] 26290028K->24068906K(30070848K), 0.5681780 secs] [Times: user=3.38 sys=2.08, real=0.57 secs] 
BROKEN RECORDS: 0
BROKEN RECORDS: 0
BROKEN RECORDS: 0
BROKEN RECORDS: 0
BROKEN RECORDS: 0
BROKEN RECORDS: 0
BROKEN RECORDS: 0
BROKEN RECORDS: 0
BROKEN RECORDS: 0
BROKEN RECORDS: 0
BROKEN RECORDS: 0
BROKEN RECORDS: 0
BROKEN RECORDS: 0
BROKEN RECORDS: 0
BROKEN RECORDS: 0
BROKEN RECORDS: 0
BROKEN RECORDS: 0
BROKEN RECORDS: 0
BROKEN RECORDS: 0
BROKEN RECORDS: 0
BROKEN RECORDS: 0
BROKEN RECORDS: 0
BROKEN RECORDS: 0
BROKEN RECORDS: 0
2013-04-23T00:28:13.188+0200: [GC [ParNew: 3040832K->310248K(3040832K), 0.2111600 secs] 26771882K->24276995K(30070848K), 0.2113330 secs] [Times: user=2.26 sys=0.37, real=0.21 secs] 
BROKEN RECORDS: 0
BROKEN RECORDS: 0
BROKEN RECORDS: 0
BROKEN RECORDS: 0
BROKEN RECORDS: 0
BROKEN RECORDS: 0
BROKEN RECORDS: 0
BROKEN RECORDS: 0
BROKEN RECORDS: 0
BROKEN RECORDS: 0
BROKEN RECORDS: 0
BROKEN RECORDS: 0
BROKEN RECORDS: 0
BROKEN RECORDS: 0
BROKEN RECORDS: 0
BROKEN RECORDS: 0
BROKEN RECORDS: 0
BROKEN RECORDS: 0
BROKEN RECORDS: 0
BROKEN RECORDS: 0
BROKEN RECORDS: 0
BROKEN RECORDS: 0
BROKEN RECORDS: 0
BROKEN RECORDS: 0
BROKEN RECORDS: 0
BROKEN RECORDS: 0
BROKEN RECORDS: 0
BROKEN RECORDS: 0
BROKEN RECORDS: 0
BROKEN RECORDS: 0
BROKEN RECORDS: 0
BROKEN RECORDS: 0
BROKEN RECORDS: 0
BROKEN RECORDS: 0
BROKEN RECORDS: 0
BROKEN RECORDS: 0
BROKEN RECORDS: 0
BROKEN RECORDS: 0
BROKEN RECORDS: 0
BROKEN RECORDS: 0
BROKEN RECORDS: 0
BROKEN RECORDS: 0
BROKEN RECORDS: 0
BROKEN RECORDS: 0
BROKEN RECORDS: 0
BROKEN RECORDS: 0
BROKEN RECORDS: 0
BROKEN RECORDS: 0
BROKEN RECORDS: 0
BROKEN RECORDS: 0
BROKEN RECORDS: 0
BROKEN RECORDS: 0
BROKEN RECORDS: 0
BROKEN RECORDS: 0
BROKEN RECORDS: 0
BROKEN RECORDS: 0
BROKEN RECORDS: 0
BROKEN RECORDS: 0
BROKEN RECORDS: 0
BROKEN RECORDS: 0
BROKEN RECORDS: 0
BROKEN RECORDS: 0
BROKEN RECORDS: 0
BROKEN RECORDS: 0
