2013-04-23T00:23:08.918+0200: [GC [ParNew: 2702976K->337855K(3040832K), 0.9481440 secs] 2702976K->2484386K(30070848K), 0.9482210 secs] [Times: user=1.99 sys=9.98, real=0.95 secs] 
2013-04-23T00:23:10.639+0200: [GC [ParNew: 3040831K->337856K(3040832K), 1.0644000 secs] 5187362K->5122461K(30070848K), 1.0644760 secs] [Times: user=3.05 sys=10.69, real=1.06 secs] 
2013-04-23T00:23:12.459+0200: [GC [ParNew: 3040832K->337856K(3040832K), 1.0764050 secs] 7825437K->7811981K(30070848K), 1.0764620 secs] [Times: user=3.64 sys=10.08, real=1.07 secs] 
2013-04-23T00:23:14.249+0200: [GC [ParNew: 3040832K->337856K(3040832K), 1.0734770 secs] 10514957K->10555112K(30070848K), 1.0735240 secs] [Times: user=3.18 sys=10.73, real=1.07 secs] 
2013-04-23T00:23:16.045+0200: [GC [ParNew: 3040832K->337856K(3040832K), 1.1325060 secs] 13258088K->13273397K(30070848K), 1.1325790 secs] [Times: user=3.35 sys=11.31, real=1.13 secs] 
2013-04-23T00:23:17.891+0200: [GC [ParNew: 3040832K->337856K(3040832K), 1.4974140 secs] 15976373K->15997383K(30070848K), 1.4974700 secs] [Times: user=16.85 sys=2.47, real=1.50 secs] 
2013-04-23T00:23:20.100+0200: [GC [ParNew: 3040832K->337856K(3040832K), 1.0591150 secs] 18700359K->18728380K(30070848K), 1.0591630 secs] [Times: user=2.93 sys=10.79, real=1.06 secs] 
2013-04-23T00:23:21.851+0200: [GC [ParNew: 3040832K->337856K(3040832K), 1.1578070 secs] 21431356K->21441286K(30070848K), 1.1578660 secs] [Times: user=4.17 sys=10.82, real=1.16 secs] 
2013-04-23T00:23:37.856+0200: [GC [ParNew: 3040832K->337856K(3040832K), 1.6074370 secs] 24144262K->23542204K(30070848K), 1.6075390 secs] [Times: user=18.86 sys=1.97, real=1.60 secs] 
2013-04-23T00:24:12.084+0200: [GC [ParNew: 3040092K->337856K(3040832K), 0.2783120 secs] 26244440K->23823945K(30070848K), 0.2785920 secs] [Times: user=2.52 sys=0.75, real=0.28 secs] 
BROKEN RECORDS: 0
BROKEN RECORDS: 0
BROKEN RECORDS: 0
BROKEN RECORDS: 0
BROKEN RECORDS: 0
BROKEN RECORDS: 0
BROKEN RECORDS: 0
BROKEN RECORDS: 0
BROKEN RECORDS: 0
BROKEN RECORDS: 0
BROKEN RECORDS: 0
BROKEN RECORDS: 0
BROKEN RECORDS: 0
BROKEN RECORDS: 0
BROKEN RECORDS: 0
BROKEN RECORDS: 0
BROKEN RECORDS: 0
BROKEN RECORDS: 0
BROKEN RECORDS: 0
BROKEN RECORDS: 0
BROKEN RECORDS: 0
BROKEN RECORDS: 0
BROKEN RECORDS: 0
BROKEN RECORDS: 0
BROKEN RECORDS: 0
BROKEN RECORDS: 0
BROKEN RECORDS: 0
BROKEN RECORDS: 0
BROKEN RECORDS: 0
BROKEN RECORDS: 0
BROKEN RECORDS: 0
BROKEN RECORDS: 0
BROKEN RECORDS: 0
BROKEN RECORDS: 0
BROKEN RECORDS: 0
BROKEN RECORDS: 0
BROKEN RECORDS: 0
BROKEN RECORDS: 0
BROKEN RECORDS: 0
BROKEN RECORDS: 0
BROKEN RECORDS: 0
BROKEN RECORDS: 0
BROKEN RECORDS: 0
BROKEN RECORDS: 0
BROKEN RECORDS: 0
BROKEN RECORDS: 0
BROKEN RECORDS: 0
BROKEN RECORDS: 0
BROKEN RECORDS: 0
BROKEN RECORDS: 0
BROKEN RECORDS: 0
BROKEN RECORDS: 0
BROKEN RECORDS: 0
BROKEN RECORDS: 0
BROKEN RECORDS: 0
BROKEN RECORDS: 0
BROKEN RECORDS: 0
BROKEN RECORDS: 0
BROKEN RECORDS: 0
BROKEN RECORDS: 0
BROKEN RECORDS: 0
BROKEN RECORDS: 0
BROKEN RECORDS: 0
BROKEN RECORDS: 0
BROKEN RECORDS: 0
BROKEN RECORDS: 0
BROKEN RECORDS: 0
BROKEN RECORDS: 0
BROKEN RECORDS: 0
BROKEN RECORDS: 0
BROKEN RECORDS: 0
BROKEN RECORDS: 0
BROKEN RECORDS: 0
BROKEN RECORDS: 0
BROKEN RECORDS: 0
BROKEN RECORDS: 0
BROKEN RECORDS: 0
BROKEN RECORDS: 0
BROKEN RECORDS: 0
BROKEN RECORDS: 0
2013-04-23T00:28:55.432+0200: [GC [ParNew: 3040832K->231267K(3040832K), 0.1801200 secs] 26526921K->23988891K(30070848K), 0.1803160 secs] [Times: user=1.80 sys=0.44, real=0.18 secs] 
BROKEN RECORDS: 0
BROKEN RECORDS: 0
BROKEN RECORDS: 0
BROKEN RECORDS: 0
BROKEN RECORDS: 0
BROKEN RECORDS: 0
BROKEN RECORDS: 0
BROKEN RECORDS: 0
