2013-04-23T00:23:12.139+0200: [GC [ParNew: 2702976K->337856K(3040832K), 0.9352540 secs] 2702976K->2487436K(30070848K), 0.9353270 secs] [Times: user=2.17 sys=9.66, real=0.94 secs] 
2013-04-23T00:23:13.850+0200: [GC [ParNew: 3040832K->337856K(3040832K), 1.0535740 secs] 5190412K->5117847K(30070848K), 1.0536290 secs] [Times: user=2.76 sys=10.86, real=1.06 secs] 
2013-04-23T00:23:15.657+0200: [GC [ParNew: 3040832K->337856K(3040832K), 1.0651010 secs] 7820823K->7813642K(30070848K), 1.0651460 secs] [Times: user=3.15 sys=10.64, real=1.06 secs] 
2013-04-23T00:23:17.445+0200: [GC [ParNew: 3040832K->337856K(3040832K), 1.0417480 secs] 10516618K->10563881K(30070848K), 1.0418130 secs] [Times: user=3.41 sys=10.07, real=1.04 secs] 
2013-04-23T00:23:19.198+0200: [GC [ParNew: 3040832K->337856K(3040832K), 1.1130420 secs] 13266857K->13295036K(30070848K), 1.1131120 secs] [Times: user=3.22 sys=11.20, real=1.12 secs] 
2013-04-23T00:23:20.994+0200: [GC [ParNew: 3040832K->337856K(3040832K), 1.4641800 secs] 15998012K->15989952K(30070848K), 1.4642520 secs] [Times: user=16.51 sys=2.50, real=1.46 secs] 
2013-04-23T00:23:23.151+0200: [GC [ParNew: 3040832K->337856K(3040832K), 1.0768220 secs] 18692928K->18709135K(30070848K), 1.0768930 secs] [Times: user=2.94 sys=11.00, real=1.07 secs] 
2013-04-23T00:23:24.932+0200: [GC [ParNew: 3040832K->337856K(3040832K), 1.1205310 secs] 21412111K->21379204K(30070848K), 1.1206030 secs] [Times: user=3.63 sys=10.88, real=1.12 secs] 
2013-04-23T00:23:37.820+0200: [GC [ParNew: 3040832K->337856K(3040832K), 1.5379920 secs] 24082180K->23514026K(30070848K), 1.5380870 secs] [Times: user=17.93 sys=2.01, real=1.54 secs] 
2013-04-23T00:24:36.409+0200: [GC [ParNew: 3040832K->337856K(3040832K), 0.2405130 secs] 26217002K->23823446K(30070848K), 0.2407390 secs] [Times: user=2.26 sys=0.69, real=0.24 secs] 
BROKEN RECORDS: 0
BROKEN RECORDS: 0
BROKEN RECORDS: 0
BROKEN RECORDS: 0
BROKEN RECORDS: 0
BROKEN RECORDS: 0
BROKEN RECORDS: 0
BROKEN RECORDS: 0
BROKEN RECORDS: 0
BROKEN RECORDS: 0
BROKEN RECORDS: 0
BROKEN RECORDS: 0
BROKEN RECORDS: 0
BROKEN RECORDS: 0
BROKEN RECORDS: 0
BROKEN RECORDS: 0
BROKEN RECORDS: 0
BROKEN RECORDS: 0
BROKEN RECORDS: 0
BROKEN RECORDS: 0
BROKEN RECORDS: 0
BROKEN RECORDS: 0
BROKEN RECORDS: 0
BROKEN RECORDS: 0
BROKEN RECORDS: 0
BROKEN RECORDS: 0
BROKEN RECORDS: 0
BROKEN RECORDS: 0
BROKEN RECORDS: 0
BROKEN RECORDS: 0
BROKEN RECORDS: 0
BROKEN RECORDS: 0
BROKEN RECORDS: 0
BROKEN RECORDS: 0
BROKEN RECORDS: 0
BROKEN RECORDS: 0
BROKEN RECORDS: 0
BROKEN RECORDS: 0
BROKEN RECORDS: 0
BROKEN RECORDS: 0
BROKEN RECORDS: 0
BROKEN RECORDS: 0
BROKEN RECORDS: 0
BROKEN RECORDS: 0
BROKEN RECORDS: 0
BROKEN RECORDS: 0
BROKEN RECORDS: 0
BROKEN RECORDS: 0
BROKEN RECORDS: 0
BROKEN RECORDS: 0
BROKEN RECORDS: 0
BROKEN RECORDS: 0
BROKEN RECORDS: 0
BROKEN RECORDS: 0
BROKEN RECORDS: 0
BROKEN RECORDS: 0
BROKEN RECORDS: 0
BROKEN RECORDS: 0
BROKEN RECORDS: 0
BROKEN RECORDS: 0
BROKEN RECORDS: 0
BROKEN RECORDS: 0
BROKEN RECORDS: 0
BROKEN RECORDS: 0
BROKEN RECORDS: 0
BROKEN RECORDS: 0
BROKEN RECORDS: 0
BROKEN RECORDS: 0
BROKEN RECORDS: 0
BROKEN RECORDS: 0
BROKEN RECORDS: 0
BROKEN RECORDS: 0
BROKEN RECORDS: 0
BROKEN RECORDS: 0
BROKEN RECORDS: 0
BROKEN RECORDS: 0
BROKEN RECORDS: 0
BROKEN RECORDS: 0
BROKEN RECORDS: 0
BROKEN RECORDS: 0
2013-04-23T00:28:55.652+0200: [GC [ParNew: 3040832K->202080K(3040832K), 0.1870640 secs] 26526422K->23974428K(30070848K), 0.1872410 secs] [Times: user=1.56 sys=0.48, real=0.18 secs] 
BROKEN RECORDS: 0
BROKEN RECORDS: 0
BROKEN RECORDS: 0
BROKEN RECORDS: 0
BROKEN RECORDS: 0
BROKEN RECORDS: 0
BROKEN RECORDS: 0
BROKEN RECORDS: 0
