2013-04-23T00:23:08.653+0200: [GC [ParNew: 2702976K->337856K(3040832K), 0.9328380 secs] 2702976K->2487652K(30070848K), 0.9329110 secs] [Times: user=2.11 sys=9.67, real=0.94 secs] 
2013-04-23T00:23:10.359+0200: [GC [ParNew: 3040832K->337856K(3040832K), 1.0560090 secs] 5190628K->5124161K(30070848K), 1.0560680 secs] [Times: user=2.45 sys=11.07, real=1.05 secs] 
2013-04-23T00:23:12.147+0200: [GC [ParNew: 3040832K->337856K(3040832K), 1.0524000 secs] 7827137K->7819948K(30070848K), 1.0524460 secs] [Times: user=2.99 sys=10.65, real=1.05 secs] 
2013-04-23T00:23:13.891+0200: [GC [ParNew: 3040832K->337856K(3040832K), 1.0421150 secs] 10522924K->10552386K(30070848K), 1.0421610 secs] [Times: user=3.13 sys=10.37, real=1.04 secs] 
2013-04-23T00:23:15.626+0200: [GC [ParNew: 3040832K->337856K(3040832K), 1.0965220 secs] 13255362K->13271216K(30070848K), 1.0965910 secs] [Times: user=3.01 sys=10.96, real=1.10 secs] 
2013-04-23T00:23:17.435+0200: [GC [ParNew: 3040832K->337856K(3040832K), 1.5121440 secs] 15974192K->15979930K(30070848K), 1.5122140 secs] [Times: user=17.12 sys=2.51, real=1.52 secs] 
2013-04-23T00:23:19.640+0200: [GC [ParNew: 3040832K->337856K(3040832K), 1.0788050 secs] 18682906K->18705132K(30070848K), 1.0788720 secs] [Times: user=3.02 sys=10.95, real=1.08 secs] 
2013-04-23T00:23:21.431+0200: [GC [ParNew: 3040832K->337856K(3040832K), 1.1601490 secs] 21408108K->21403887K(30070848K), 1.1602150 secs] [Times: user=4.15 sys=10.82, real=1.16 secs] 
2013-04-23T00:23:37.842+0200: [GC [ParNew: 3040832K->337856K(3040832K), 1.5843940 secs] 24106863K->23504068K(30070848K), 1.5844960 secs] [Times: user=18.30 sys=2.07, real=1.59 secs] 
2013-04-23T00:24:16.276+0200: [GC [ParNew: 3040832K->337856K(3040832K), 0.3740210 secs] 26207044K->23908863K(30070848K), 0.3742880 secs] [Times: user=2.84 sys=1.41, real=0.37 secs] 
BROKEN RECORDS: 0
BROKEN RECORDS: 0
BROKEN RECORDS: 0
BROKEN RECORDS: 0
BROKEN RECORDS: 0
BROKEN RECORDS: 0
BROKEN RECORDS: 0
BROKEN RECORDS: 0
BROKEN RECORDS: 0
BROKEN RECORDS: 0
BROKEN RECORDS: 0
BROKEN RECORDS: 0
BROKEN RECORDS: 0
BROKEN RECORDS: 0
BROKEN RECORDS: 0
BROKEN RECORDS: 0
BROKEN RECORDS: 0
BROKEN RECORDS: 0
BROKEN RECORDS: 0
BROKEN RECORDS: 0
BROKEN RECORDS: 0
BROKEN RECORDS: 0
BROKEN RECORDS: 0
BROKEN RECORDS: 0
BROKEN RECORDS: 0
BROKEN RECORDS: 0
BROKEN RECORDS: 0
BROKEN RECORDS: 0
BROKEN RECORDS: 0
BROKEN RECORDS: 0
BROKEN RECORDS: 0
BROKEN RECORDS: 0
BROKEN RECORDS: 0
BROKEN RECORDS: 0
BROKEN RECORDS: 0
BROKEN RECORDS: 0
BROKEN RECORDS: 0
BROKEN RECORDS: 0
BROKEN RECORDS: 0
BROKEN RECORDS: 0
BROKEN RECORDS: 0
BROKEN RECORDS: 0
BROKEN RECORDS: 0
BROKEN RECORDS: 0
BROKEN RECORDS: 0
BROKEN RECORDS: 0
BROKEN RECORDS: 0
BROKEN RECORDS: 0
BROKEN RECORDS: 0
BROKEN RECORDS: 0
BROKEN RECORDS: 0
BROKEN RECORDS: 0
BROKEN RECORDS: 0
BROKEN RECORDS: 0
BROKEN RECORDS: 0
BROKEN RECORDS: 0
BROKEN RECORDS: 0
BROKEN RECORDS: 0
BROKEN RECORDS: 0
BROKEN RECORDS: 0
BROKEN RECORDS: 0
BROKEN RECORDS: 0
BROKEN RECORDS: 0
BROKEN RECORDS: 0
BROKEN RECORDS: 0
BROKEN RECORDS: 0
BROKEN RECORDS: 0
BROKEN RECORDS: 0
BROKEN RECORDS: 0
BROKEN RECORDS: 0
BROKEN RECORDS: 0
BROKEN RECORDS: 0
BROKEN RECORDS: 0
BROKEN RECORDS: 0
BROKEN RECORDS: 0
BROKEN RECORDS: 0
BROKEN RECORDS: 0
BROKEN RECORDS: 0
BROKEN RECORDS: 0
BROKEN RECORDS: 0
2013-04-23T00:28:55.260+0200: [GC [ParNew: 3040832K->223690K(3040832K), 0.1968420 secs] 26611839K->24066386K(30070848K), 0.1970460 secs] [Times: user=1.79 sys=0.49, real=0.20 secs] 
BROKEN RECORDS: 0
BROKEN RECORDS: 0
BROKEN RECORDS: 0
BROKEN RECORDS: 0
BROKEN RECORDS: 0
BROKEN RECORDS: 0
BROKEN RECORDS: 0
BROKEN RECORDS: 0
