2013-04-23T00:23:09.850+0200: [GC [ParNew: 2702976K->337856K(3040832K), 0.9400280 secs] 2702976K->2489414K(30070848K), 0.9401600 secs] [Times: user=2.30 sys=9.30, real=0.94 secs] 
2013-04-23T00:23:11.545+0200: [GC [ParNew: 3040832K->337856K(3040832K), 1.0578260 secs] 5192390K->5121294K(30070848K), 1.0578910 secs] [Times: user=2.73 sys=10.95, real=1.06 secs] 
2013-04-23T00:23:13.335+0200: [GC [ParNew: 3040832K->337856K(3040832K), 1.0681700 secs] 7824270K->7813535K(30070848K), 1.0682480 secs] [Times: user=3.41 sys=10.43, real=1.07 secs] 
2013-04-23T00:23:15.098+0200: [GC [ParNew: 3040832K->337856K(3040832K), 1.0434450 secs] 10516511K->10519304K(30070848K), 1.0435020 secs] [Times: user=3.10 sys=10.06, real=1.05 secs] 
2013-04-23T00:23:16.855+0200: [GC [ParNew: 3040832K->337856K(3040832K), 1.1100080 secs] 13222280K->13238806K(30070848K), 1.1100830 secs] [Times: user=2.90 sys=11.49, real=1.11 secs] 
2013-04-23T00:23:18.657+0200: [GC [ParNew: 3040832K->337856K(3040832K), 1.4042380 secs] 15941782K->15941917K(30070848K), 1.4042920 secs] [Times: user=15.80 sys=2.42, real=1.41 secs] 
2013-04-23T00:23:20.763+0200: [GC [ParNew: 3040832K->337856K(3040832K), 1.0617520 secs] 18644893K->18674707K(30070848K), 1.0618250 secs] [Times: user=2.68 sys=10.77, real=1.06 secs] 
2013-04-23T00:23:22.530+0200: [GC [ParNew: 3040832K->337856K(3040832K), 1.1356670 secs] 21377683K->21389854K(30070848K), 1.1357240 secs] [Times: user=3.73 sys=10.98, real=1.13 secs] 
2013-04-23T00:23:37.861+0200: [GC [ParNew: 3040832K->337856K(3040832K), 1.3669510 secs] 24092830K->23485458K(30070848K), 1.3670620 secs] [Times: user=15.56 sys=1.99, real=1.37 secs] 
2013-04-23T00:24:09.017+0200: [GC [ParNew: 3040832K->337856K(3040832K), 0.3260720 secs] 26188434K->23764463K(30070848K), 0.3263170 secs] [Times: user=2.41 sys=1.17, real=0.33 secs] 
BROKEN RECORDS: 0
BROKEN RECORDS: 0
BROKEN RECORDS: 0
BROKEN RECORDS: 0
BROKEN RECORDS: 0
BROKEN RECORDS: 0
BROKEN RECORDS: 0
BROKEN RECORDS: 0
BROKEN RECORDS: 0
BROKEN RECORDS: 0
BROKEN RECORDS: 0
BROKEN RECORDS: 0
BROKEN RECORDS: 0
BROKEN RECORDS: 0
BROKEN RECORDS: 0
BROKEN RECORDS: 0
BROKEN RECORDS: 0
BROKEN RECORDS: 0
BROKEN RECORDS: 0
BROKEN RECORDS: 0
BROKEN RECORDS: 0
BROKEN RECORDS: 0
BROKEN RECORDS: 0
BROKEN RECORDS: 0
BROKEN RECORDS: 0
BROKEN RECORDS: 0
BROKEN RECORDS: 0
BROKEN RECORDS: 0
BROKEN RECORDS: 0
BROKEN RECORDS: 0
BROKEN RECORDS: 0
BROKEN RECORDS: 0
BROKEN RECORDS: 0
BROKEN RECORDS: 0
BROKEN RECORDS: 0
BROKEN RECORDS: 0
BROKEN RECORDS: 0
BROKEN RECORDS: 0
BROKEN RECORDS: 0
BROKEN RECORDS: 0
2013-04-23T00:28:51.501+0200: [GC [ParNew: 3040832K->274518K(3040832K), 0.1794600 secs] 26467439K->23944322K(30070848K), 0.1796530 secs] [Times: user=1.75 sys=0.54, real=0.18 secs] 
BROKEN RECORDS: 0
BROKEN RECORDS: 0
BROKEN RECORDS: 0
BROKEN RECORDS: 0
BROKEN RECORDS: 0
BROKEN RECORDS: 0
BROKEN RECORDS: 0
BROKEN RECORDS: 0
BROKEN RECORDS: 0
BROKEN RECORDS: 0
BROKEN RECORDS: 0
BROKEN RECORDS: 0
BROKEN RECORDS: 0
BROKEN RECORDS: 0
BROKEN RECORDS: 0
BROKEN RECORDS: 0
BROKEN RECORDS: 0
BROKEN RECORDS: 0
BROKEN RECORDS: 0
BROKEN RECORDS: 0
BROKEN RECORDS: 0
BROKEN RECORDS: 0
BROKEN RECORDS: 0
BROKEN RECORDS: 0
BROKEN RECORDS: 0
BROKEN RECORDS: 0
BROKEN RECORDS: 0
BROKEN RECORDS: 0
BROKEN RECORDS: 0
BROKEN RECORDS: 0
BROKEN RECORDS: 0
BROKEN RECORDS: 0
BROKEN RECORDS: 0
BROKEN RECORDS: 0
BROKEN RECORDS: 0
BROKEN RECORDS: 0
BROKEN RECORDS: 0
BROKEN RECORDS: 0
BROKEN RECORDS: 0
BROKEN RECORDS: 0
BROKEN RECORDS: 0
BROKEN RECORDS: 0
BROKEN RECORDS: 0
BROKEN RECORDS: 0
BROKEN RECORDS: 0
BROKEN RECORDS: 0
BROKEN RECORDS: 0
BROKEN RECORDS: 0
