2013-04-23T00:23:11.535+0200: [GC [ParNew: 2702976K->337856K(3040832K), 0.9420450 secs] 2702976K->2494673K(30070848K), 0.9421190 secs] [Times: user=2.37 sys=9.60, real=0.94 secs] 
2013-04-23T00:23:13.239+0200: [GC [ParNew: 3040832K->337856K(3040832K), 1.0613500 secs] 5197649K->5124472K(30070848K), 1.0614210 secs] [Times: user=2.71 sys=11.01, real=1.06 secs] 
2013-04-23T00:23:15.020+0200: [GC [ParNew: 3040832K->337856K(3040832K), 1.0860080 secs] 7827448K->7820395K(30070848K), 1.0860530 secs] [Times: user=3.45 sys=10.58, real=1.09 secs] 
2013-04-23T00:23:17.093+0200: [GC [ParNew: 3040832K->337856K(3040832K), 1.0348170 secs] 10523371K->10549855K(30070848K), 1.0348850 secs] [Times: user=3.30 sys=10.03, real=1.04 secs] 
2013-04-23T00:23:19.135+0200: [GC [ParNew: 3040832K->337856K(3040832K), 1.1044830 secs] 13252831K->13269325K(30070848K), 1.1045290 secs] [Times: user=3.49 sys=10.82, real=1.10 secs] 
2013-04-23T00:23:21.196+0200: [GC [ParNew: 3040832K->337856K(3040832K), 1.4942170 secs] 15972301K->15941765K(30070848K), 1.4942730 secs] [Times: user=16.84 sys=2.41, real=1.50 secs] 
2013-04-23T00:23:23.677+0200: [GC [ParNew: 3040832K->337856K(3040832K), 1.0655710 secs] 18644741K->18676444K(30070848K), 1.0656370 secs] [Times: user=2.82 sys=10.99, real=1.07 secs] 
2013-04-23T00:23:25.757+0200: [GC [ParNew: 3040832K->337856K(3040832K), 1.1331570 secs] 21379420K->21384772K(30070848K), 1.1332200 secs] [Times: user=3.72 sys=10.95, real=1.14 secs] 
2013-04-23T00:23:37.814+0200: [GC [ParNew: 3040832K->337856K(3040832K), 1.5186390 secs] 24087748K->23516201K(30070848K), 1.5187150 secs] [Times: user=17.67 sys=1.90, real=1.52 secs] 
2013-04-23T00:24:05.777+0200: [GC [ParNew: 3023395K->337856K(3040832K), 0.5166840 secs] 26201741K->23989314K(30070848K), 0.5170050 secs] [Times: user=2.69 sys=1.78, real=0.51 secs] 
BROKEN RECORDS: 0
BROKEN RECORDS: 0
BROKEN RECORDS: 0
BROKEN RECORDS: 0
BROKEN RECORDS: 0
BROKEN RECORDS: 0
BROKEN RECORDS: 0
BROKEN RECORDS: 0
BROKEN RECORDS: 0
BROKEN RECORDS: 0
BROKEN RECORDS: 0
BROKEN RECORDS: 0
BROKEN RECORDS: 0
BROKEN RECORDS: 0
BROKEN RECORDS: 0
BROKEN RECORDS: 0
BROKEN RECORDS: 0
BROKEN RECORDS: 0
BROKEN RECORDS: 0
BROKEN RECORDS: 0
BROKEN RECORDS: 0
BROKEN RECORDS: 0
BROKEN RECORDS: 0
2013-04-23T00:28:05.484+0200: [GC [ParNew: 3040832K->337856K(3040832K), 0.2147380 secs] 26692290K->24296327K(30070848K), 0.2149850 secs] [Times: user=2.26 sys=0.48, real=0.22 secs] 
BROKEN RECORDS: 0
BROKEN RECORDS: 0
BROKEN RECORDS: 0
BROKEN RECORDS: 0
BROKEN RECORDS: 0
BROKEN RECORDS: 0
BROKEN RECORDS: 0
BROKEN RECORDS: 0
BROKEN RECORDS: 0
BROKEN RECORDS: 0
BROKEN RECORDS: 0
BROKEN RECORDS: 0
BROKEN RECORDS: 0
BROKEN RECORDS: 0
BROKEN RECORDS: 0
BROKEN RECORDS: 0
BROKEN RECORDS: 0
BROKEN RECORDS: 0
BROKEN RECORDS: 0
BROKEN RECORDS: 0
BROKEN RECORDS: 0
BROKEN RECORDS: 0
BROKEN RECORDS: 0
BROKEN RECORDS: 0
BROKEN RECORDS: 0
BROKEN RECORDS: 0
BROKEN RECORDS: 0
BROKEN RECORDS: 0
BROKEN RECORDS: 0
BROKEN RECORDS: 0
BROKEN RECORDS: 0
BROKEN RECORDS: 0
BROKEN RECORDS: 0
BROKEN RECORDS: 0
BROKEN RECORDS: 0
BROKEN RECORDS: 0
BROKEN RECORDS: 0
BROKEN RECORDS: 0
BROKEN RECORDS: 0
BROKEN RECORDS: 0
BROKEN RECORDS: 0
BROKEN RECORDS: 0
BROKEN RECORDS: 0
BROKEN RECORDS: 0
BROKEN RECORDS: 0
BROKEN RECORDS: 0
BROKEN RECORDS: 0
BROKEN RECORDS: 0
BROKEN RECORDS: 0
BROKEN RECORDS: 0
BROKEN RECORDS: 0
BROKEN RECORDS: 0
BROKEN RECORDS: 0
BROKEN RECORDS: 0
BROKEN RECORDS: 0
BROKEN RECORDS: 0
BROKEN RECORDS: 0
BROKEN RECORDS: 0
BROKEN RECORDS: 0
BROKEN RECORDS: 0
BROKEN RECORDS: 0
BROKEN RECORDS: 0
BROKEN RECORDS: 0
BROKEN RECORDS: 0
BROKEN RECORDS: 0
