2013-04-23T00:23:11.654+0200: [GC [ParNew: 2702976K->337855K(3040832K), 0.9447910 secs] 2702976K->2486069K(30070848K), 0.9448640 secs] [Times: user=2.09 sys=9.87, real=0.95 secs] 
2013-04-23T00:23:13.352+0200: [GC [ParNew: 3040831K->337856K(3040832K), 1.0535040 secs] 5189045K->5118946K(30070848K), 1.0535560 secs] [Times: user=2.78 sys=10.82, real=1.06 secs] 
2013-04-23T00:23:15.135+0200: [GC [ParNew: 3040832K->337856K(3040832K), 1.0624430 secs] 7821922K->7814549K(30070848K), 1.0624870 secs] [Times: user=3.07 sys=10.70, real=1.06 secs] 
2013-04-23T00:23:16.911+0200: [GC [ParNew: 3040832K->337856K(3040832K), 1.0005710 secs] 10517525K->10541864K(30070848K), 1.0006170 secs] [Times: user=3.17 sys=9.78, real=1.00 secs] 
2013-04-23T00:23:18.635+0200: [GC [ParNew: 3040832K->337856K(3040832K), 1.0786900 secs] 13244840K->13272412K(30070848K), 1.0787480 secs] [Times: user=3.30 sys=10.67, real=1.08 secs] 
2013-04-23T00:23:20.437+0200: [GC [ParNew: 3040832K->337856K(3040832K), 1.4132380 secs] 15975388K->15994572K(30070848K), 1.4132830 secs] [Times: user=15.98 sys=2.36, real=1.41 secs] 
2013-04-23T00:23:22.563+0200: [GC [ParNew: 3040832K->337856K(3040832K), 1.0847070 secs] 18697548K->18716029K(30070848K), 1.0847520 secs] [Times: user=2.97 sys=11.09, real=1.08 secs] 
2013-04-23T00:23:24.361+0200: [GC [ParNew: 3040832K->337856K(3040832K), 1.1313470 secs] 21419005K->21407484K(30070848K), 1.1313930 secs] [Times: user=3.63 sys=11.02, real=1.13 secs] 
2013-04-23T00:23:37.841+0200: [GC [ParNew: 3040832K->337856K(3040832K), 1.2841920 secs] 24110460K->23521593K(30070848K), 1.2842760 secs] [Times: user=14.87 sys=1.79, real=1.29 secs] 
2013-04-23T00:24:24.012+0200: [GC [ParNew: 3033001K->337856K(3040832K), 0.4255130 secs] 26234171K->23936608K(30070848K), 0.4256990 secs] [Times: user=2.44 sys=2.01, real=0.42 secs] 
BROKEN RECORDS: 0
BROKEN RECORDS: 0
BROKEN RECORDS: 0
BROKEN RECORDS: 0
BROKEN RECORDS: 0
BROKEN RECORDS: 0
BROKEN RECORDS: 0
BROKEN RECORDS: 0
BROKEN RECORDS: 0
BROKEN RECORDS: 0
BROKEN RECORDS: 0
BROKEN RECORDS: 0
BROKEN RECORDS: 0
BROKEN RECORDS: 0
BROKEN RECORDS: 0
BROKEN RECORDS: 0
BROKEN RECORDS: 0
BROKEN RECORDS: 0
BROKEN RECORDS: 0
BROKEN RECORDS: 0
BROKEN RECORDS: 0
BROKEN RECORDS: 0
BROKEN RECORDS: 0
BROKEN RECORDS: 0
BROKEN RECORDS: 0
BROKEN RECORDS: 0
BROKEN RECORDS: 0
BROKEN RECORDS: 0
BROKEN RECORDS: 0
BROKEN RECORDS: 0
BROKEN RECORDS: 0
BROKEN RECORDS: 0
BROKEN RECORDS: 0
BROKEN RECORDS: 0
BROKEN RECORDS: 0
BROKEN RECORDS: 0
BROKEN RECORDS: 0
BROKEN RECORDS: 0
BROKEN RECORDS: 0
BROKEN RECORDS: 0
BROKEN RECORDS: 0
BROKEN RECORDS: 0
BROKEN RECORDS: 0
BROKEN RECORDS: 0
BROKEN RECORDS: 0
BROKEN RECORDS: 0
BROKEN RECORDS: 0
BROKEN RECORDS: 0
BROKEN RECORDS: 0
BROKEN RECORDS: 0
BROKEN RECORDS: 0
BROKEN RECORDS: 0
BROKEN RECORDS: 0
BROKEN RECORDS: 0
BROKEN RECORDS: 0
BROKEN RECORDS: 0
BROKEN RECORDS: 0
BROKEN RECORDS: 0
BROKEN RECORDS: 0
BROKEN RECORDS: 0
BROKEN RECORDS: 0
BROKEN RECORDS: 0
BROKEN RECORDS: 0
BROKEN RECORDS: 0
BROKEN RECORDS: 0
BROKEN RECORDS: 0
BROKEN RECORDS: 0
BROKEN RECORDS: 0
BROKEN RECORDS: 0
BROKEN RECORDS: 0
BROKEN RECORDS: 0
BROKEN RECORDS: 0
BROKEN RECORDS: 0
BROKEN RECORDS: 0
BROKEN RECORDS: 0
BROKEN RECORDS: 0
BROKEN RECORDS: 0
BROKEN RECORDS: 0
BROKEN RECORDS: 0
BROKEN RECORDS: 0
2013-04-23T00:28:55.436+0200: [GC [ParNew: 3040832K->176404K(3040832K), 0.1867890 secs] 26639584K->24017060K(30070848K), 0.1869470 secs] [Times: user=1.93 sys=0.39, real=0.19 secs] 
BROKEN RECORDS: 0
BROKEN RECORDS: 0
BROKEN RECORDS: 0
BROKEN RECORDS: 0
BROKEN RECORDS: 0
BROKEN RECORDS: 0
BROKEN RECORDS: 0
BROKEN RECORDS: 0
