2013-04-23T00:23:10.734+0200: [GC [ParNew: 2702976K->337855K(3040832K), 0.9441720 secs] 2702976K->2484506K(30070848K), 0.9442470 secs] [Times: user=2.38 sys=9.64, real=0.94 secs] 
2013-04-23T00:23:12.432+0200: [GC [ParNew: 3040831K->337856K(3040832K), 1.0615570 secs] 5187482K->5124997K(30070848K), 1.0616750 secs] [Times: user=2.69 sys=11.00, real=1.06 secs] 
2013-04-23T00:23:14.238+0200: [GC [ParNew: 3040832K->337856K(3040832K), 1.0690400 secs] 7827973K->7817718K(30070848K), 1.0690970 secs] [Times: user=3.26 sys=10.59, real=1.06 secs] 
2013-04-23T00:23:16.020+0200: [GC [ParNew: 3040832K->337856K(3040832K), 1.0377540 secs] 10520694K->10528801K(30070848K), 1.0378300 secs] [Times: user=3.27 sys=10.14, real=1.04 secs] 
2013-04-23T00:23:17.782+0200: [GC [ParNew: 3040832K->337856K(3040832K), 1.1087880 secs] 13231777K->13240588K(30070848K), 1.1088640 secs] [Times: user=2.97 sys=11.40, real=1.11 secs] 
2013-04-23T00:23:19.604+0200: [GC [ParNew: 3040832K->337856K(3040832K), 1.4147650 secs] 15943564K->15909122K(30070848K), 1.4148220 secs] [Times: user=16.04 sys=2.31, real=1.42 secs] 
2013-04-23T00:23:21.752+0200: [GC [ParNew: 3040832K->337856K(3040832K), 1.0752140 secs] 18612098K->18653534K(30070848K), 1.0752730 secs] [Times: user=3.09 sys=10.82, real=1.07 secs] 
2013-04-23T00:23:23.541+0200: [GC [ParNew: 3040832K->337856K(3040832K), 1.1264280 secs] 21356510K->21349343K(30070848K), 1.1264840 secs] [Times: user=3.57 sys=11.02, real=1.12 secs] 
2013-04-23T00:23:37.874+0200: [GC [ParNew: 3040832K->337856K(3040832K), 1.5650390 secs] 24052319K->23491561K(30070848K), 1.5651500 secs] [Times: user=18.05 sys=2.13, real=1.57 secs] 
2013-04-23T00:24:16.564+0200: [GC [ParNew: 3035697K->337856K(3040832K), 0.5014350 secs] 26189403K->23983079K(30070848K), 0.5016740 secs] [Times: user=2.88 sys=1.77, real=0.51 secs] 
BROKEN RECORDS: 0
BROKEN RECORDS: 0
BROKEN RECORDS: 0
BROKEN RECORDS: 0
BROKEN RECORDS: 0
BROKEN RECORDS: 0
BROKEN RECORDS: 0
BROKEN RECORDS: 0
BROKEN RECORDS: 0
BROKEN RECORDS: 0
BROKEN RECORDS: 0
BROKEN RECORDS: 0
BROKEN RECORDS: 0
BROKEN RECORDS: 0
BROKEN RECORDS: 0
BROKEN RECORDS: 0
BROKEN RECORDS: 0
BROKEN RECORDS: 0
BROKEN RECORDS: 0
BROKEN RECORDS: 0
BROKEN RECORDS: 0
BROKEN RECORDS: 0
BROKEN RECORDS: 0
BROKEN RECORDS: 0
BROKEN RECORDS: 0
BROKEN RECORDS: 0
BROKEN RECORDS: 0
BROKEN RECORDS: 0
BROKEN RECORDS: 0
BROKEN RECORDS: 0
BROKEN RECORDS: 0
BROKEN RECORDS: 0
BROKEN RECORDS: 0
BROKEN RECORDS: 0
BROKEN RECORDS: 0
BROKEN RECORDS: 0
BROKEN RECORDS: 0
BROKEN RECORDS: 0
BROKEN RECORDS: 0
BROKEN RECORDS: 0
BROKEN RECORDS: 0
BROKEN RECORDS: 0
BROKEN RECORDS: 0
BROKEN RECORDS: 0
BROKEN RECORDS: 0
BROKEN RECORDS: 0
BROKEN RECORDS: 0
BROKEN RECORDS: 0
BROKEN RECORDS: 0
BROKEN RECORDS: 0
BROKEN RECORDS: 0
BROKEN RECORDS: 0
BROKEN RECORDS: 0
BROKEN RECORDS: 0
BROKEN RECORDS: 0
BROKEN RECORDS: 0
BROKEN RECORDS: 0
BROKEN RECORDS: 0
BROKEN RECORDS: 0
BROKEN RECORDS: 0
BROKEN RECORDS: 0
BROKEN RECORDS: 0
BROKEN RECORDS: 0
BROKEN RECORDS: 0
BROKEN RECORDS: 0
BROKEN RECORDS: 0
BROKEN RECORDS: 0
2013-04-23T00:28:54.140+0200: [GC [ParNew: 3040832K->219856K(3040832K), 0.2683520 secs] 26686055K->24148271K(30070848K), 0.2686530 secs] [Times: user=2.79 sys=0.41, real=0.27 secs] 
BROKEN RECORDS: 0
BROKEN RECORDS: 0
BROKEN RECORDS: 0
BROKEN RECORDS: 0
BROKEN RECORDS: 0
BROKEN RECORDS: 0
BROKEN RECORDS: 0
BROKEN RECORDS: 0
BROKEN RECORDS: 0
BROKEN RECORDS: 0
BROKEN RECORDS: 0
BROKEN RECORDS: 0
BROKEN RECORDS: 0
BROKEN RECORDS: 0
BROKEN RECORDS: 0
BROKEN RECORDS: 0
BROKEN RECORDS: 0
BROKEN RECORDS: 0
BROKEN RECORDS: 0
BROKEN RECORDS: 0
BROKEN RECORDS: 0
