2013-04-23T00:23:11.901+0200: [GC [ParNew: 2702976K->337855K(3040832K), 0.9316940 secs] 2702976K->2493037K(30070848K), 0.9317650 secs] [Times: user=1.97 sys=9.87, real=0.93 secs] 
2013-04-23T00:23:13.608+0200: [GC [ParNew: 3040831K->337856K(3040832K), 1.0346220 secs] 5196013K->5134635K(30070848K), 1.0347010 secs] [Times: user=2.76 sys=10.60, real=1.03 secs] 
2013-04-23T00:23:15.377+0200: [GC [ParNew: 3040832K->337856K(3040832K), 1.0541470 secs] 7837611K->7825692K(30070848K), 1.0542220 secs] [Times: user=3.20 sys=10.46, real=1.05 secs] 
2013-04-23T00:23:17.136+0200: [GC [ParNew: 3040832K->337856K(3040832K), 1.0315330 secs] 10528668K->10574777K(30070848K), 1.0316070 secs] [Times: user=3.12 sys=10.24, real=1.03 secs] 
2013-04-23T00:23:18.882+0200: [GC [ParNew: 3040832K->337856K(3040832K), 1.0708440 secs] 13277753K->13301675K(30070848K), 1.0709180 secs] [Times: user=3.57 sys=10.30, real=1.07 secs] 
2013-04-23T00:23:20.644+0200: [GC [ParNew: 3040832K->337856K(3040832K), 1.4780030 secs] 16004651K->15997263K(30070848K), 1.4780760 secs] [Times: user=16.85 sys=2.35, real=1.48 secs] 
2013-04-23T00:23:22.804+0200: [GC [ParNew: 3040832K->337856K(3040832K), 1.0814870 secs] 18700239K->18737352K(30070848K), 1.0815590 secs] [Times: user=3.00 sys=11.01, real=1.08 secs] 
2013-04-23T00:23:24.589+0200: [GC [ParNew: 3040832K->337856K(3040832K), 1.1238000 secs] 21440328K->21440749K(30070848K), 1.1238750 secs] [Times: user=3.61 sys=10.95, real=1.12 secs] 
2013-04-23T00:23:37.803+0200: [GC [ParNew: 3040832K->337856K(3040832K), 1.5278010 secs] 24143725K->23519064K(30070848K), 1.5279130 secs] [Times: user=17.81 sys=2.01, real=1.52 secs] 
2013-04-23T00:24:41.996+0200: [GC [ParNew: 3040832K->337856K(3040832K), 0.2396410 secs] 26222040K->23709835K(30070848K), 0.2398730 secs] [Times: user=2.07 sys=0.67, real=0.24 secs] 
BROKEN RECORDS: 0
BROKEN RECORDS: 0
BROKEN RECORDS: 0
BROKEN RECORDS: 0
BROKEN RECORDS: 0
BROKEN RECORDS: 0
BROKEN RECORDS: 0
BROKEN RECORDS: 0
BROKEN RECORDS: 0
BROKEN RECORDS: 0
BROKEN RECORDS: 0
BROKEN RECORDS: 0
BROKEN RECORDS: 0
BROKEN RECORDS: 0
BROKEN RECORDS: 0
BROKEN RECORDS: 0
BROKEN RECORDS: 0
BROKEN RECORDS: 0
BROKEN RECORDS: 0
BROKEN RECORDS: 0
BROKEN RECORDS: 0
BROKEN RECORDS: 0
BROKEN RECORDS: 0
BROKEN RECORDS: 0
BROKEN RECORDS: 0
BROKEN RECORDS: 0
BROKEN RECORDS: 0
BROKEN RECORDS: 0
BROKEN RECORDS: 0
BROKEN RECORDS: 0
BROKEN RECORDS: 0
BROKEN RECORDS: 0
BROKEN RECORDS: 0
BROKEN RECORDS: 0
BROKEN RECORDS: 0
BROKEN RECORDS: 0
BROKEN RECORDS: 0
BROKEN RECORDS: 0
BROKEN RECORDS: 0
BROKEN RECORDS: 0
BROKEN RECORDS: 0
BROKEN RECORDS: 0
BROKEN RECORDS: 0
BROKEN RECORDS: 0
BROKEN RECORDS: 0
BROKEN RECORDS: 0
BROKEN RECORDS: 0
BROKEN RECORDS: 0
BROKEN RECORDS: 0
BROKEN RECORDS: 0
BROKEN RECORDS: 0
BROKEN RECORDS: 0
BROKEN RECORDS: 0
BROKEN RECORDS: 0
BROKEN RECORDS: 0
BROKEN RECORDS: 0
BROKEN RECORDS: 0
BROKEN RECORDS: 0
BROKEN RECORDS: 0
BROKEN RECORDS: 0
BROKEN RECORDS: 0
BROKEN RECORDS: 0
BROKEN RECORDS: 0
BROKEN RECORDS: 0
BROKEN RECORDS: 0
BROKEN RECORDS: 0
BROKEN RECORDS: 0
BROKEN RECORDS: 0
BROKEN RECORDS: 0
BROKEN RECORDS: 0
BROKEN RECORDS: 0
BROKEN RECORDS: 0
BROKEN RECORDS: 0
BROKEN RECORDS: 0
BROKEN RECORDS: 0
BROKEN RECORDS: 0
BROKEN RECORDS: 0
BROKEN RECORDS: 0
BROKEN RECORDS: 0
BROKEN RECORDS: 0
2013-04-23T00:28:55.829+0200: [GC [ParNew: 3040832K->196516K(3040832K), 0.1649870 secs] 26412811K->23846552K(30070848K), 0.1651380 secs] [Times: user=1.59 sys=0.36, real=0.17 secs] 
BROKEN RECORDS: 0
BROKEN RECORDS: 0
BROKEN RECORDS: 0
BROKEN RECORDS: 0
BROKEN RECORDS: 0
BROKEN RECORDS: 0
BROKEN RECORDS: 0
BROKEN RECORDS: 0
