2013-04-23T00:23:08.401+0200: [GC [ParNew: 2702976K->337856K(3040832K), 0.9373000 secs] 2702976K->2483984K(30070848K), 0.9373870 secs] [Times: user=2.32 sys=9.34, real=0.94 secs] 
2013-04-23T00:23:10.092+0200: [GC [ParNew: 3040832K->337856K(3040832K), 1.0622010 secs] 5186960K->5123722K(30070848K), 1.0622620 secs] [Times: user=2.94 sys=10.69, real=1.06 secs] 
2013-04-23T00:23:11.847+0200: [GC [ParNew: 3040832K->337856K(3040832K), 1.1021970 secs] 7826698K->7815699K(30070848K), 1.1022880 secs] [Times: user=3.45 sys=10.58, real=1.11 secs] 
2013-04-23T00:23:13.673+0200: [GC [ParNew: 3040832K->337856K(3040832K), 1.0626520 secs] 10518675K->10552587K(30070848K), 1.0627020 secs] [Times: user=3.50 sys=10.22, real=1.06 secs] 
2013-04-23T00:23:15.460+0200: [GC [ParNew: 3040832K->337856K(3040832K), 1.1026610 secs] 13255563K->13259411K(30070848K), 1.1027170 secs] [Times: user=3.78 sys=10.50, real=1.11 secs] 
2013-04-23T00:23:17.245+0200: [GC [ParNew: 3040832K->337856K(3040832K), 1.3668560 secs] 15962387K->15965756K(30070848K), 1.3669370 secs] [Times: user=15.66 sys=2.04, real=1.37 secs] 
2013-04-23T00:23:19.263+0200: [GC [ParNew: 3040832K->337856K(3040832K), 1.1660780 secs] 18668732K->18684266K(30070848K), 1.1661290 secs] [Times: user=4.77 sys=10.19, real=1.16 secs] 
2013-04-23T00:23:21.150+0200: [GC [ParNew: 3040832K->337856K(3040832K), 1.1728210 secs] 21387242K->21393267K(30070848K), 1.1728670 secs] [Times: user=4.59 sys=10.42, real=1.17 secs] 
2013-04-23T00:23:37.846+0200: [GC [ParNew: 3040832K->337856K(3040832K), 1.5449170 secs] 24096243K->23484324K(30070848K), 1.5450290 secs] [Times: user=17.71 sys=1.92, real=1.55 secs] 
2013-04-23T00:24:10.316+0200: [GC [ParNew: 3040832K->337856K(3040832K), 0.4861870 secs] 26187300K->23984585K(30070848K), 0.4863640 secs] [Times: user=2.49 sys=2.58, real=0.49 secs] 
BROKEN RECORDS: 0
BROKEN RECORDS: 0
BROKEN RECORDS: 0
BROKEN RECORDS: 0
BROKEN RECORDS: 0
BROKEN RECORDS: 0
BROKEN RECORDS: 0
BROKEN RECORDS: 0
BROKEN RECORDS: 0
BROKEN RECORDS: 0
BROKEN RECORDS: 0
BROKEN RECORDS: 0
BROKEN RECORDS: 0
BROKEN RECORDS: 0
BROKEN RECORDS: 0
BROKEN RECORDS: 0
BROKEN RECORDS: 0
BROKEN RECORDS: 0
BROKEN RECORDS: 0
BROKEN RECORDS: 0
BROKEN RECORDS: 0
BROKEN RECORDS: 0
BROKEN RECORDS: 0
BROKEN RECORDS: 0
BROKEN RECORDS: 0
BROKEN RECORDS: 0
BROKEN RECORDS: 0
BROKEN RECORDS: 0
BROKEN RECORDS: 0
BROKEN RECORDS: 0
BROKEN RECORDS: 0
BROKEN RECORDS: 0
BROKEN RECORDS: 0
BROKEN RECORDS: 0
BROKEN RECORDS: 0
BROKEN RECORDS: 0
BROKEN RECORDS: 0
BROKEN RECORDS: 0
BROKEN RECORDS: 0
BROKEN RECORDS: 0
BROKEN RECORDS: 0
BROKEN RECORDS: 0
BROKEN RECORDS: 0
BROKEN RECORDS: 0
BROKEN RECORDS: 0
BROKEN RECORDS: 0
BROKEN RECORDS: 0
BROKEN RECORDS: 0
BROKEN RECORDS: 0
BROKEN RECORDS: 0
BROKEN RECORDS: 0
BROKEN RECORDS: 0
BROKEN RECORDS: 0
BROKEN RECORDS: 0
BROKEN RECORDS: 0
2013-04-23T00:28:52.967+0200: [GC [ParNew: 3040832K->248768K(3040832K), 0.1859860 secs] 26687561K->24185751K(30070848K), 0.1861900 secs] [Times: user=1.69 sys=0.60, real=0.19 secs] 
BROKEN RECORDS: 0
BROKEN RECORDS: 0
BROKEN RECORDS: 0
BROKEN RECORDS: 0
BROKEN RECORDS: 0
BROKEN RECORDS: 0
BROKEN RECORDS: 0
BROKEN RECORDS: 0
BROKEN RECORDS: 0
BROKEN RECORDS: 0
BROKEN RECORDS: 0
BROKEN RECORDS: 0
BROKEN RECORDS: 0
BROKEN RECORDS: 0
BROKEN RECORDS: 0
BROKEN RECORDS: 0
BROKEN RECORDS: 0
BROKEN RECORDS: 0
BROKEN RECORDS: 0
BROKEN RECORDS: 0
BROKEN RECORDS: 0
BROKEN RECORDS: 0
BROKEN RECORDS: 0
BROKEN RECORDS: 0
BROKEN RECORDS: 0
BROKEN RECORDS: 0
BROKEN RECORDS: 0
BROKEN RECORDS: 0
BROKEN RECORDS: 0
BROKEN RECORDS: 0
BROKEN RECORDS: 0
BROKEN RECORDS: 0
BROKEN RECORDS: 0
