2013-04-23T00:23:07.938+0200: [GC [ParNew: 2702976K->337856K(3040832K), 0.9203550 secs] 2702976K->2483177K(30070848K), 0.9204450 secs] [Times: user=2.17 sys=9.38, real=0.92 secs] 
2013-04-23T00:23:09.624+0200: [GC [ParNew: 3040832K->337856K(3040832K), 1.0502110 secs] 5186153K->5122314K(30070848K), 1.0502810 secs] [Times: user=2.80 sys=10.39, real=1.05 secs] 
2013-04-23T00:23:11.428+0200: [GC [ParNew: 3040832K->337856K(3040832K), 1.0677490 secs] 7825290K->7819069K(30070848K), 1.0678150 secs] [Times: user=3.39 sys=10.44, real=1.07 secs] 
2013-04-23T00:23:13.190+0200: [GC [ParNew: 3040832K->337856K(3040832K), 1.0317890 secs] 10522045K->10528392K(30070848K), 1.0318480 secs] [Times: user=3.23 sys=10.12, real=1.04 secs] 
2013-04-23T00:23:14.929+0200: [GC [ParNew: 3040832K->337856K(3040832K), 1.1059200 secs] 13231368K->13257659K(30070848K), 1.1059670 secs] [Times: user=3.03 sys=11.01, real=1.11 secs] 
2013-04-23T00:23:16.758+0200: [GC [ParNew: 3040832K->337856K(3040832K), 1.5417870 secs] 15960635K->15955903K(30070848K), 1.5418570 secs] [Times: user=17.52 sys=2.49, real=1.54 secs] 
2013-04-23T00:23:19.004+0200: [GC [ParNew: 3040832K->337856K(3040832K), 1.0772380 secs] 18658879K->18696697K(30070848K), 1.0773050 secs] [Times: user=3.16 sys=10.79, real=1.08 secs] 
2013-04-23T00:23:20.783+0200: [GC [ParNew: 3040832K->337856K(3040832K), 1.1568920 secs] 21399673K->21413061K(30070848K), 1.1569420 secs] [Times: user=4.26 sys=10.35, real=1.15 secs] 
2013-04-23T00:23:37.767+0200: [GC [ParNew: 3040832K->337856K(3040832K), 1.2292690 secs] 24116037K->23520254K(30070848K), 1.2293590 secs] [Times: user=14.07 sys=1.65, real=1.23 secs] 
2013-04-23T00:24:13.870+0200: [GC [ParNew: 3034781K->337856K(3040832K), 0.2833220 secs] 26217179K->23821265K(30070848K), 0.2834960 secs] [Times: user=2.46 sys=0.83, real=0.28 secs] 
BROKEN RECORDS: 0
BROKEN RECORDS: 0
BROKEN RECORDS: 0
BROKEN RECORDS: 0
BROKEN RECORDS: 0
BROKEN RECORDS: 0
BROKEN RECORDS: 0
BROKEN RECORDS: 0
BROKEN RECORDS: 0
BROKEN RECORDS: 0
BROKEN RECORDS: 0
BROKEN RECORDS: 0
BROKEN RECORDS: 0
BROKEN RECORDS: 0
BROKEN RECORDS: 0
BROKEN RECORDS: 0
BROKEN RECORDS: 0
BROKEN RECORDS: 0
BROKEN RECORDS: 0
BROKEN RECORDS: 0
BROKEN RECORDS: 0
BROKEN RECORDS: 0
BROKEN RECORDS: 0
BROKEN RECORDS: 0
BROKEN RECORDS: 0
BROKEN RECORDS: 0
BROKEN RECORDS: 0
BROKEN RECORDS: 0
BROKEN RECORDS: 0
BROKEN RECORDS: 0
BROKEN RECORDS: 0
BROKEN RECORDS: 0
BROKEN RECORDS: 0
BROKEN RECORDS: 0
BROKEN RECORDS: 0
BROKEN RECORDS: 0
BROKEN RECORDS: 0
BROKEN RECORDS: 0
BROKEN RECORDS: 0
BROKEN RECORDS: 0
BROKEN RECORDS: 0
BROKEN RECORDS: 0
BROKEN RECORDS: 0
BROKEN RECORDS: 0
BROKEN RECORDS: 0
BROKEN RECORDS: 0
BROKEN RECORDS: 0
BROKEN RECORDS: 0
BROKEN RECORDS: 0
BROKEN RECORDS: 0
BROKEN RECORDS: 0
BROKEN RECORDS: 0
BROKEN RECORDS: 0
BROKEN RECORDS: 0
2013-04-23T00:28:52.917+0200: [GC [ParNew: 3040832K->185584K(3040832K), 0.2063040 secs] 26524241K->23938126K(30070848K), 0.2064600 secs] [Times: user=2.14 sys=0.40, real=0.21 secs] 
BROKEN RECORDS: 0
BROKEN RECORDS: 0
BROKEN RECORDS: 0
BROKEN RECORDS: 0
BROKEN RECORDS: 0
BROKEN RECORDS: 0
BROKEN RECORDS: 0
BROKEN RECORDS: 0
BROKEN RECORDS: 0
BROKEN RECORDS: 0
BROKEN RECORDS: 0
BROKEN RECORDS: 0
BROKEN RECORDS: 0
BROKEN RECORDS: 0
BROKEN RECORDS: 0
BROKEN RECORDS: 0
BROKEN RECORDS: 0
BROKEN RECORDS: 0
BROKEN RECORDS: 0
BROKEN RECORDS: 0
BROKEN RECORDS: 0
BROKEN RECORDS: 0
BROKEN RECORDS: 0
BROKEN RECORDS: 0
BROKEN RECORDS: 0
BROKEN RECORDS: 0
BROKEN RECORDS: 0
BROKEN RECORDS: 0
BROKEN RECORDS: 0
BROKEN RECORDS: 0
BROKEN RECORDS: 0
BROKEN RECORDS: 0
BROKEN RECORDS: 0
BROKEN RECORDS: 0
