2013-04-23T00:23:07.612+0200: [GC [ParNew: 2702976K->337855K(3040832K), 0.9527610 secs] 2702976K->2490281K(30070848K), 0.9528480 secs] [Times: user=2.16 sys=9.95, real=0.95 secs] 
2013-04-23T00:23:09.319+0200: [GC [ParNew: 3040831K->337856K(3040832K), 1.0602190 secs] 5193257K->5118725K(30070848K), 1.0603030 secs] [Times: user=2.97 sys=10.52, real=1.06 secs] 
2013-04-23T00:23:11.122+0200: [GC [ParNew: 3040832K->337856K(3040832K), 1.0621960 secs] 7821701K->7815097K(30070848K), 1.0622510 secs] [Times: user=3.27 sys=10.47, real=1.06 secs] 
2013-04-23T00:23:12.889+0200: [GC [ParNew: 3040832K->337856K(3040832K), 1.0398210 secs] 10518073K->10539499K(30070848K), 1.0399040 secs] [Times: user=3.36 sys=10.10, real=1.04 secs] 
2013-04-23T00:23:14.632+0200: [GC [ParNew: 3040832K->337856K(3040832K), 1.1247160 secs] 13242475K->13265372K(30070848K), 1.1247910 secs] [Times: user=3.01 sys=11.33, real=1.12 secs] 
2013-04-23T00:23:16.472+0200: [GC [ParNew: 3040832K->337856K(3040832K), 1.6177260 secs] 15968348K->15945368K(30070848K), 1.6178100 secs] [Times: user=18.60 sys=2.36, real=1.62 secs] 
2013-04-23T00:23:18.814+0200: [GC [ParNew: 3040832K->337856K(3040832K), 1.0999930 secs] 18648344K->18713119K(30070848K), 1.1000800 secs] [Times: user=3.12 sys=11.12, real=1.10 secs] 
2013-04-23T00:23:20.649+0200: [GC [ParNew: 3040832K->337856K(3040832K), 1.1578930 secs] 21416095K->21431435K(30070848K), 1.1579730 secs] [Times: user=3.98 sys=10.77, real=1.15 secs] 
2013-04-23T00:23:37.841+0200: [GC [ParNew: 3040832K->337856K(3040832K), 1.6471400 secs] 24134411K->23521820K(30070848K), 1.6472570 secs] [Times: user=19.22 sys=2.07, real=1.64 secs] 
2013-04-23T00:24:34.426+0200: [GC [ParNew: 3040832K->337856K(3040832K), 0.3376070 secs] 26224796K->23828999K(30070848K), 0.3378780 secs] [Times: user=2.35 sys=1.33, real=0.33 secs] 
BROKEN RECORDS: 0
BROKEN RECORDS: 0
BROKEN RECORDS: 0
BROKEN RECORDS: 0
BROKEN RECORDS: 0
BROKEN RECORDS: 0
BROKEN RECORDS: 0
BROKEN RECORDS: 0
BROKEN RECORDS: 0
BROKEN RECORDS: 0
BROKEN RECORDS: 0
BROKEN RECORDS: 0
BROKEN RECORDS: 0
BROKEN RECORDS: 0
BROKEN RECORDS: 0
BROKEN RECORDS: 0
BROKEN RECORDS: 0
BROKEN RECORDS: 0
BROKEN RECORDS: 0
BROKEN RECORDS: 0
BROKEN RECORDS: 0
BROKEN RECORDS: 0
BROKEN RECORDS: 0
BROKEN RECORDS: 0
BROKEN RECORDS: 0
BROKEN RECORDS: 0
BROKEN RECORDS: 0
BROKEN RECORDS: 0
BROKEN RECORDS: 0
BROKEN RECORDS: 0
BROKEN RECORDS: 0
BROKEN RECORDS: 0
BROKEN RECORDS: 0
BROKEN RECORDS: 0
BROKEN RECORDS: 0
BROKEN RECORDS: 0
BROKEN RECORDS: 0
BROKEN RECORDS: 0
BROKEN RECORDS: 0
BROKEN RECORDS: 0
BROKEN RECORDS: 0
BROKEN RECORDS: 0
BROKEN RECORDS: 0
BROKEN RECORDS: 0
BROKEN RECORDS: 0
BROKEN RECORDS: 0
BROKEN RECORDS: 0
BROKEN RECORDS: 0
BROKEN RECORDS: 0
BROKEN RECORDS: 0
BROKEN RECORDS: 0
BROKEN RECORDS: 0
BROKEN RECORDS: 0
BROKEN RECORDS: 0
BROKEN RECORDS: 0
BROKEN RECORDS: 0
BROKEN RECORDS: 0
BROKEN RECORDS: 0
BROKEN RECORDS: 0
BROKEN RECORDS: 0
BROKEN RECORDS: 0
BROKEN RECORDS: 0
BROKEN RECORDS: 0
BROKEN RECORDS: 0
BROKEN RECORDS: 0
BROKEN RECORDS: 0
BROKEN RECORDS: 0
BROKEN RECORDS: 0
BROKEN RECORDS: 0
BROKEN RECORDS: 0
BROKEN RECORDS: 0
BROKEN RECORDS: 0
BROKEN RECORDS: 0
BROKEN RECORDS: 0
BROKEN RECORDS: 0
BROKEN RECORDS: 0
BROKEN RECORDS: 0
BROKEN RECORDS: 0
BROKEN RECORDS: 0
BROKEN RECORDS: 0
2013-04-23T00:28:55.608+0200: [GC [ParNew: 3040832K->193429K(3040832K), 0.1865270 secs] 26531975K->23940853K(30070848K), 0.1867400 secs] [Times: user=1.66 sys=0.39, real=0.19 secs] 
BROKEN RECORDS: 0
BROKEN RECORDS: 0
BROKEN RECORDS: 0
BROKEN RECORDS: 0
BROKEN RECORDS: 0
BROKEN RECORDS: 0
BROKEN RECORDS: 0
BROKEN RECORDS: 0
