2013-04-23T00:23:10.056+0200: [GC [ParNew: 2702976K->337855K(3040832K), 0.9207580 secs] 2702976K->2483821K(30070848K), 0.9208320 secs] [Times: user=2.09 sys=9.41, real=0.92 secs] 
2013-04-23T00:23:11.749+0200: [GC [ParNew: 3040831K->337856K(3040832K), 1.0502740 secs] 5186797K->5122539K(30070848K), 1.0503570 secs] [Times: user=2.80 sys=10.77, real=1.05 secs] 
2013-04-23T00:23:13.533+0200: [GC [ParNew: 3040832K->337856K(3040832K), 1.0479220 secs] 7825515K->7812763K(30070848K), 1.0479770 secs] [Times: user=3.34 sys=10.22, real=1.05 secs] 
2013-04-23T00:23:15.315+0200: [GC [ParNew: 3040832K->337856K(3040832K), 1.0115780 secs] 10515739K->10528841K(30070848K), 1.0116220 secs] [Times: user=2.90 sys=9.96, real=1.01 secs] 
2013-04-23T00:23:17.049+0200: [GC [ParNew: 3040832K->337856K(3040832K), 1.1130120 secs] 13231817K->13255418K(30070848K), 1.1130620 secs] [Times: user=2.81 sys=11.62, real=1.11 secs] 
2013-04-23T00:23:18.879+0200: [GC [ParNew: 3040832K->337856K(3040832K), 1.5233180 secs] 15958394K->15949853K(30070848K), 1.5233860 secs] [Times: user=17.23 sys=2.51, real=1.53 secs] 
2013-04-23T00:23:21.126+0200: [GC [ParNew: 3040832K->337856K(3040832K), 1.0802880 secs] 18652829K->18705918K(30070848K), 1.0803410 secs] [Times: user=2.98 sys=10.98, real=1.08 secs] 
2013-04-23T00:23:22.920+0200: [GC [ParNew: 3040832K->337856K(3040832K), 1.1391410 secs] 21408894K->21406146K(30070848K), 1.1391920 secs] [Times: user=3.79 sys=10.97, real=1.14 secs] 
2013-04-23T00:23:37.901+0200: [GC [ParNew: 3040832K->337856K(3040832K), 1.3092800 secs] 24109122K->23501558K(30070848K), 1.3093990 secs] [Times: user=15.14 sys=1.81, real=1.32 secs] 
2013-04-23T00:24:10.085+0200: [GC [ParNew: 3040832K->337856K(3040832K), 0.4899420 secs] 26204534K->23902719K(30070848K), 0.4901920 secs] [Times: user=2.78 sys=1.90, real=0.49 secs] 
BROKEN RECORDS: 0
BROKEN RECORDS: 0
BROKEN RECORDS: 0
BROKEN RECORDS: 0
BROKEN RECORDS: 0
BROKEN RECORDS: 0
BROKEN RECORDS: 0
BROKEN RECORDS: 0
BROKEN RECORDS: 0
BROKEN RECORDS: 0
BROKEN RECORDS: 0
BROKEN RECORDS: 0
BROKEN RECORDS: 0
BROKEN RECORDS: 0
BROKEN RECORDS: 0
BROKEN RECORDS: 0
BROKEN RECORDS: 0
BROKEN RECORDS: 0
BROKEN RECORDS: 0
BROKEN RECORDS: 0
BROKEN RECORDS: 0
BROKEN RECORDS: 0
BROKEN RECORDS: 0
BROKEN RECORDS: 0
BROKEN RECORDS: 0
BROKEN RECORDS: 0
BROKEN RECORDS: 0
BROKEN RECORDS: 0
BROKEN RECORDS: 0
BROKEN RECORDS: 0
BROKEN RECORDS: 0
BROKEN RECORDS: 0
BROKEN RECORDS: 0
BROKEN RECORDS: 0
BROKEN RECORDS: 0
BROKEN RECORDS: 0
BROKEN RECORDS: 0
BROKEN RECORDS: 0
BROKEN RECORDS: 0
BROKEN RECORDS: 0
BROKEN RECORDS: 0
BROKEN RECORDS: 0
BROKEN RECORDS: 0
BROKEN RECORDS: 0
2013-04-23T00:28:52.284+0200: [GC [ParNew: 3040832K->287564K(3040832K), 0.2312280 secs] 26605695K->24092918K(30070848K), 0.2315250 secs] [Times: user=1.85 sys=0.59, real=0.23 secs] 
BROKEN RECORDS: 0
BROKEN RECORDS: 0
BROKEN RECORDS: 0
BROKEN RECORDS: 0
BROKEN RECORDS: 0
BROKEN RECORDS: 0
BROKEN RECORDS: 0
BROKEN RECORDS: 0
BROKEN RECORDS: 0
BROKEN RECORDS: 0
BROKEN RECORDS: 0
BROKEN RECORDS: 0
BROKEN RECORDS: 0
BROKEN RECORDS: 0
BROKEN RECORDS: 0
BROKEN RECORDS: 0
BROKEN RECORDS: 0
BROKEN RECORDS: 0
BROKEN RECORDS: 0
BROKEN RECORDS: 0
BROKEN RECORDS: 0
BROKEN RECORDS: 0
BROKEN RECORDS: 0
BROKEN RECORDS: 0
BROKEN RECORDS: 0
BROKEN RECORDS: 0
BROKEN RECORDS: 0
BROKEN RECORDS: 0
BROKEN RECORDS: 0
BROKEN RECORDS: 0
BROKEN RECORDS: 0
BROKEN RECORDS: 0
BROKEN RECORDS: 0
BROKEN RECORDS: 0
BROKEN RECORDS: 0
BROKEN RECORDS: 0
BROKEN RECORDS: 0
BROKEN RECORDS: 0
BROKEN RECORDS: 0
BROKEN RECORDS: 0
BROKEN RECORDS: 0
BROKEN RECORDS: 0
BROKEN RECORDS: 0
BROKEN RECORDS: 0
