2013-04-23T00:23:10.449+0200: [GC [ParNew: 2702976K->337856K(3040832K), 0.9290740 secs] 2702976K->2491542K(30070848K), 0.9291470 secs] [Times: user=1.93 sys=9.77, real=0.93 secs] 
2013-04-23T00:23:12.163+0200: [GC [ParNew: 3040832K->337856K(3040832K), 1.0536780 secs] 5194518K->5119924K(30070848K), 1.0537380 secs] [Times: user=2.72 sys=10.88, real=1.06 secs] 
2013-04-23T00:23:13.989+0200: [GC [ParNew: 3040832K->337856K(3040832K), 1.0604700 secs] 7822900K->7815719K(30070848K), 1.0605250 secs] [Times: user=3.24 sys=10.48, real=1.06 secs] 
2013-04-23T00:23:15.771+0200: [GC [ParNew: 3040832K->337856K(3040832K), 1.0497580 secs] 10518695K->10562691K(30070848K), 1.0498220 secs] [Times: user=3.06 sys=10.54, real=1.05 secs] 
2013-04-23T00:23:17.549+0200: [GC [ParNew: 3040832K->337856K(3040832K), 1.1163070 secs] 13265667K->13281874K(30070848K), 1.1163630 secs] [Times: user=2.93 sys=11.51, real=1.12 secs] 
2013-04-23T00:23:19.369+0200: [GC [ParNew: 3040832K->337856K(3040832K), 1.4685620 secs] 15984850K->15995230K(30070848K), 1.4686190 secs] [Times: user=16.17 sys=2.50, real=1.47 secs] 
2013-04-23T00:23:21.530+0200: [GC [ParNew: 3040832K->337856K(3040832K), 1.0707410 secs] 18698206K->18715277K(30070848K), 1.0707980 secs] [Times: user=2.98 sys=10.90, real=1.08 secs] 
2013-04-23T00:23:23.325+0200: [GC [ParNew: 3040832K->337856K(3040832K), 1.1476160 secs] 21418253K->21420564K(30070848K), 1.1476740 secs] [Times: user=3.78 sys=11.08, real=1.15 secs] 
2013-04-23T00:23:37.814+0200: [GC [ParNew: 3040832K->337856K(3040832K), 1.2959360 secs] 24123540K->23522826K(30070848K), 1.2960250 secs] [Times: user=15.07 sys=1.74, real=1.29 secs] 
2013-04-23T00:24:31.477+0200: [GC [ParNew: 3040832K->337856K(3040832K), 0.2482370 secs] 26225802K->23764059K(30070848K), 0.2484700 secs] [Times: user=2.41 sys=0.68, real=0.24 secs] 
BROKEN RECORDS: 0
BROKEN RECORDS: 0
BROKEN RECORDS: 0
BROKEN RECORDS: 0
BROKEN RECORDS: 0
BROKEN RECORDS: 0
BROKEN RECORDS: 0
BROKEN RECORDS: 0
BROKEN RECORDS: 0
BROKEN RECORDS: 0
BROKEN RECORDS: 0
BROKEN RECORDS: 0
BROKEN RECORDS: 0
BROKEN RECORDS: 0
BROKEN RECORDS: 0
BROKEN RECORDS: 0
BROKEN RECORDS: 0
BROKEN RECORDS: 0
BROKEN RECORDS: 0
BROKEN RECORDS: 0
BROKEN RECORDS: 0
BROKEN RECORDS: 0
BROKEN RECORDS: 0
BROKEN RECORDS: 0
BROKEN RECORDS: 0
BROKEN RECORDS: 0
BROKEN RECORDS: 0
BROKEN RECORDS: 0
BROKEN RECORDS: 0
BROKEN RECORDS: 0
BROKEN RECORDS: 0
BROKEN RECORDS: 0
BROKEN RECORDS: 0
BROKEN RECORDS: 0
BROKEN RECORDS: 0
BROKEN RECORDS: 0
BROKEN RECORDS: 0
BROKEN RECORDS: 0
BROKEN RECORDS: 0
BROKEN RECORDS: 0
BROKEN RECORDS: 0
BROKEN RECORDS: 0
BROKEN RECORDS: 0
BROKEN RECORDS: 0
BROKEN RECORDS: 0
BROKEN RECORDS: 0
BROKEN RECORDS: 0
BROKEN RECORDS: 0
BROKEN RECORDS: 0
BROKEN RECORDS: 0
BROKEN RECORDS: 0
BROKEN RECORDS: 0
BROKEN RECORDS: 0
BROKEN RECORDS: 0
BROKEN RECORDS: 0
BROKEN RECORDS: 0
BROKEN RECORDS: 0
BROKEN RECORDS: 0
BROKEN RECORDS: 0
BROKEN RECORDS: 0
BROKEN RECORDS: 0
BROKEN RECORDS: 0
BROKEN RECORDS: 0
BROKEN RECORDS: 0
BROKEN RECORDS: 0
BROKEN RECORDS: 0
BROKEN RECORDS: 0
BROKEN RECORDS: 0
BROKEN RECORDS: 0
BROKEN RECORDS: 0
BROKEN RECORDS: 0
BROKEN RECORDS: 0
BROKEN RECORDS: 0
BROKEN RECORDS: 0
BROKEN RECORDS: 0
BROKEN RECORDS: 0
BROKEN RECORDS: 0
BROKEN RECORDS: 0
BROKEN RECORDS: 0
BROKEN RECORDS: 0
2013-04-23T00:28:55.624+0200: [GC [ParNew: 3040832K->191823K(3040832K), 0.2503230 secs] 26467035K->23899063K(30070848K), 0.2505700 secs] [Times: user=2.03 sys=0.59, real=0.25 secs] 
BROKEN RECORDS: 0
BROKEN RECORDS: 0
BROKEN RECORDS: 0
BROKEN RECORDS: 0
BROKEN RECORDS: 0
BROKEN RECORDS: 0
BROKEN RECORDS: 0
BROKEN RECORDS: 0
