2013-04-23T00:23:09.497+0200: [GC [ParNew: 2702976K->337856K(3040832K), 0.9396440 secs] 2702976K->2489586K(30070848K), 0.9397180 secs] [Times: user=2.16 sys=9.77, real=0.94 secs] 
2013-04-23T00:23:11.203+0200: [GC [ParNew: 3040832K->337856K(3040832K), 1.0568380 secs] 5192562K->5125959K(30070848K), 1.0568960 secs] [Times: user=2.80 sys=10.84, real=1.06 secs] 
2013-04-23T00:23:13.001+0200: [GC [ParNew: 3040832K->337856K(3040832K), 1.0613120 secs] 7828935K->7822322K(30070848K), 1.0613910 secs] [Times: user=3.16 sys=10.58, real=1.06 secs] 
2013-04-23T00:23:14.798+0200: [GC [ParNew: 3040832K->337856K(3040832K), 1.0330880 secs] 10525298K->10548517K(30070848K), 1.0331620 secs] [Times: user=3.27 sys=10.05, real=1.03 secs] 
2013-04-23T00:23:16.562+0200: [GC [ParNew: 3040832K->337856K(3040832K), 1.1096780 secs] 13251493K->13266418K(30070848K), 1.1097510 secs] [Times: user=3.00 sys=11.39, real=1.11 secs] 
2013-04-23T00:23:18.387+0200: [GC [ParNew: 3040832K->337856K(3040832K), 1.5178340 secs] 15969394K->15957332K(30070848K), 1.5179000 secs] [Times: user=17.22 sys=2.41, real=1.51 secs] 
2013-04-23T00:23:20.629+0200: [GC [ParNew: 3040832K->337856K(3040832K), 1.0693540 secs] 18660308K->18679876K(30070848K), 1.0694270 secs] [Times: user=2.82 sys=11.02, real=1.07 secs] 
2013-04-23T00:23:22.422+0200: [GC [ParNew: 3040832K->337856K(3040832K), 1.1434110 secs] 21382852K->21389997K(30070848K), 1.1434860 secs] [Times: user=3.55 sys=11.25, real=1.14 secs] 
2013-04-23T00:23:37.848+0200: [GC [ParNew: 3040832K->337856K(3040832K), 1.6234290 secs] 24092973K->23502345K(30070848K), 1.6235390 secs] [Times: user=19.01 sys=2.01, real=1.62 secs] 
2013-04-23T00:24:20.479+0200: [GC [ParNew: 3040832K->337856K(3040832K), 0.3109740 secs] 26205321K->23817133K(30070848K), 0.3112510 secs] [Times: user=2.60 sys=1.04, real=0.32 secs] 
BROKEN RECORDS: 0
BROKEN RECORDS: 0
BROKEN RECORDS: 0
BROKEN RECORDS: 0
BROKEN RECORDS: 0
BROKEN RECORDS: 0
BROKEN RECORDS: 0
BROKEN RECORDS: 0
BROKEN RECORDS: 0
BROKEN RECORDS: 0
BROKEN RECORDS: 0
BROKEN RECORDS: 0
BROKEN RECORDS: 0
BROKEN RECORDS: 0
BROKEN RECORDS: 0
BROKEN RECORDS: 0
BROKEN RECORDS: 0
BROKEN RECORDS: 0
BROKEN RECORDS: 0
BROKEN RECORDS: 0
BROKEN RECORDS: 0
BROKEN RECORDS: 0
BROKEN RECORDS: 0
BROKEN RECORDS: 0
BROKEN RECORDS: 0
BROKEN RECORDS: 0
BROKEN RECORDS: 0
BROKEN RECORDS: 0
BROKEN RECORDS: 0
BROKEN RECORDS: 0
BROKEN RECORDS: 0
BROKEN RECORDS: 0
BROKEN RECORDS: 0
BROKEN RECORDS: 0
BROKEN RECORDS: 0
BROKEN RECORDS: 0
BROKEN RECORDS: 0
BROKEN RECORDS: 0
BROKEN RECORDS: 0
BROKEN RECORDS: 0
BROKEN RECORDS: 0
BROKEN RECORDS: 0
BROKEN RECORDS: 0
BROKEN RECORDS: 0
BROKEN RECORDS: 0
BROKEN RECORDS: 0
BROKEN RECORDS: 0
BROKEN RECORDS: 0
BROKEN RECORDS: 0
BROKEN RECORDS: 0
BROKEN RECORDS: 0
BROKEN RECORDS: 0
BROKEN RECORDS: 0
BROKEN RECORDS: 0
BROKEN RECORDS: 0
BROKEN RECORDS: 0
BROKEN RECORDS: 0
BROKEN RECORDS: 0
BROKEN RECORDS: 0
BROKEN RECORDS: 0
BROKEN RECORDS: 0
BROKEN RECORDS: 0
2013-04-23T00:28:53.504+0200: [GC [ParNew: 3040832K->249771K(3040832K), 0.2453790 secs] 26520109K->23981549K(30070848K), 0.2455850 secs] [Times: user=2.47 sys=0.34, real=0.25 secs] 
BROKEN RECORDS: 0
BROKEN RECORDS: 0
BROKEN RECORDS: 0
BROKEN RECORDS: 0
BROKEN RECORDS: 0
BROKEN RECORDS: 0
BROKEN RECORDS: 0
BROKEN RECORDS: 0
BROKEN RECORDS: 0
BROKEN RECORDS: 0
BROKEN RECORDS: 0
BROKEN RECORDS: 0
BROKEN RECORDS: 0
BROKEN RECORDS: 0
BROKEN RECORDS: 0
BROKEN RECORDS: 0
BROKEN RECORDS: 0
BROKEN RECORDS: 0
BROKEN RECORDS: 0
BROKEN RECORDS: 0
BROKEN RECORDS: 0
BROKEN RECORDS: 0
BROKEN RECORDS: 0
BROKEN RECORDS: 0
BROKEN RECORDS: 0
BROKEN RECORDS: 0
