2013-04-23T00:23:08.913+0200: [GC [ParNew: 2702976K->337856K(3040832K), 0.9397370 secs] 2702976K->2485482K(30070848K), 0.9398090 secs] [Times: user=2.27 sys=9.74, real=0.94 secs] 
2013-04-23T00:23:10.617+0200: [GC [ParNew: 3040832K->337856K(3040832K), 1.0539770 secs] 5188458K->5125681K(30070848K), 1.0540340 secs] [Times: user=2.64 sys=10.79, real=1.05 secs] 
2013-04-23T00:23:12.431+0200: [GC [ParNew: 3040832K->337856K(3040832K), 1.0821420 secs] 7828657K->7821892K(30070848K), 1.0821950 secs] [Times: user=3.20 sys=10.81, real=1.08 secs] 
2013-04-23T00:23:14.236+0200: [GC [ParNew: 3040832K->337856K(3040832K), 1.0410720 secs] 10524868K->10554906K(30070848K), 1.0411320 secs] [Times: user=2.84 sys=10.64, real=1.04 secs] 
2013-04-23T00:23:15.994+0200: [GC [ParNew: 3040832K->337856K(3040832K), 1.1118950 secs] 13257882K->13259649K(30070848K), 1.1119410 secs] [Times: user=3.09 sys=11.18, real=1.11 secs] 
2013-04-23T00:23:17.808+0200: [GC [ParNew: 3040832K->337856K(3040832K), 1.4243570 secs] 15962625K->15951523K(30070848K), 1.4244290 secs] [Times: user=15.91 sys=2.57, real=1.42 secs] 
2013-04-23T00:23:19.926+0200: [GC [ParNew: 3040832K->337856K(3040832K), 1.0767050 secs] 18654499K->18693885K(30070848K), 1.0767780 secs] [Times: user=2.76 sys=11.18, real=1.08 secs] 
2013-04-23T00:23:21.704+0200: [GC [ParNew: 3040832K->337856K(3040832K), 1.1498930 secs] 21396861K->21388927K(30070848K), 1.1499470 secs] [Times: user=4.05 sys=10.63, real=1.15 secs] 
2013-04-23T00:23:37.864+0200: [GC [ParNew: 3040832K->337856K(3040832K), 1.5478920 secs] 24091903K->23505052K(30070848K), 1.5479730 secs] [Times: user=17.88 sys=2.13, real=1.55 secs] 
2013-04-23T00:24:11.893+0200: [GC [ParNew: 3040832K->337856K(3040832K), 0.3997090 secs] 26208028K->23933050K(30070848K), 0.3999580 secs] [Times: user=2.57 sys=1.51, real=0.40 secs] 
BROKEN RECORDS: 0
BROKEN RECORDS: 0
BROKEN RECORDS: 0
BROKEN RECORDS: 0
BROKEN RECORDS: 0
BROKEN RECORDS: 0
BROKEN RECORDS: 0
BROKEN RECORDS: 0
BROKEN RECORDS: 0
BROKEN RECORDS: 0
BROKEN RECORDS: 0
BROKEN RECORDS: 0
BROKEN RECORDS: 0
BROKEN RECORDS: 0
BROKEN RECORDS: 0
BROKEN RECORDS: 0
BROKEN RECORDS: 0
BROKEN RECORDS: 0
BROKEN RECORDS: 0
BROKEN RECORDS: 0
BROKEN RECORDS: 0
BROKEN RECORDS: 0
BROKEN RECORDS: 0
BROKEN RECORDS: 0
BROKEN RECORDS: 0
BROKEN RECORDS: 0
BROKEN RECORDS: 0
BROKEN RECORDS: 0
BROKEN RECORDS: 0
BROKEN RECORDS: 0
BROKEN RECORDS: 0
BROKEN RECORDS: 0
BROKEN RECORDS: 0
BROKEN RECORDS: 0
BROKEN RECORDS: 0
BROKEN RECORDS: 0
BROKEN RECORDS: 0
BROKEN RECORDS: 0
BROKEN RECORDS: 0
BROKEN RECORDS: 0
BROKEN RECORDS: 0
BROKEN RECORDS: 0
BROKEN RECORDS: 0
BROKEN RECORDS: 0
BROKEN RECORDS: 0
BROKEN RECORDS: 0
BROKEN RECORDS: 0
BROKEN RECORDS: 0
BROKEN RECORDS: 0
BROKEN RECORDS: 0
BROKEN RECORDS: 0
BROKEN RECORDS: 0
BROKEN RECORDS: 0
BROKEN RECORDS: 0
BROKEN RECORDS: 0
2013-04-23T00:28:53.036+0200: [GC [ParNew: 3040832K->238162K(3040832K), 0.2089520 secs] 26636026K->24056504K(30070848K), 0.2091480 secs] [Times: user=2.16 sys=0.36, real=0.20 secs] 
BROKEN RECORDS: 0
BROKEN RECORDS: 0
BROKEN RECORDS: 0
BROKEN RECORDS: 0
BROKEN RECORDS: 0
BROKEN RECORDS: 0
BROKEN RECORDS: 0
BROKEN RECORDS: 0
BROKEN RECORDS: 0
BROKEN RECORDS: 0
BROKEN RECORDS: 0
BROKEN RECORDS: 0
BROKEN RECORDS: 0
BROKEN RECORDS: 0
BROKEN RECORDS: 0
BROKEN RECORDS: 0
BROKEN RECORDS: 0
BROKEN RECORDS: 0
BROKEN RECORDS: 0
BROKEN RECORDS: 0
BROKEN RECORDS: 0
BROKEN RECORDS: 0
BROKEN RECORDS: 0
BROKEN RECORDS: 0
BROKEN RECORDS: 0
BROKEN RECORDS: 0
BROKEN RECORDS: 0
BROKEN RECORDS: 0
BROKEN RECORDS: 0
BROKEN RECORDS: 0
BROKEN RECORDS: 0
BROKEN RECORDS: 0
BROKEN RECORDS: 0
