2013-04-23T00:23:09.840+0200: [GC [ParNew: 2702976K->337855K(3040832K), 0.9288570 secs] 2702976K->2488282K(30070848K), 0.9289280 secs] [Times: user=1.99 sys=9.75, real=0.92 secs] 
2013-04-23T00:23:11.554+0200: [GC [ParNew: 3040831K->337856K(3040832K), 1.0644300 secs] 5191258K->5130946K(30070848K), 1.0645010 secs] [Times: user=2.85 sys=10.84, real=1.07 secs] 
2013-04-23T00:23:13.343+0200: [GC [ParNew: 3040832K->337856K(3040832K), 1.0574180 secs] 7833922K->7819986K(30070848K), 1.0574860 secs] [Times: user=3.25 sys=10.45, real=1.06 secs] 
2013-04-23T00:23:15.103+0200: [GC [ParNew: 3040832K->337856K(3040832K), 0.9987680 secs] 10522962K->10540866K(30070848K), 0.9988380 secs] [Times: user=3.18 sys=9.72, real=1.00 secs] 
2013-04-23T00:23:16.825+0200: [GC [ParNew: 3040832K->337856K(3040832K), 1.1042720 secs] 13243842K->13257327K(30070848K), 1.1043410 secs] [Times: user=3.01 sys=11.23, real=1.10 secs] 
2013-04-23T00:23:18.641+0200: [GC [ParNew: 3040832K->337856K(3040832K), 1.4312140 secs] 15960303K->15924036K(30070848K), 1.4312810 secs] [Times: user=16.07 sys=2.52, real=1.43 secs] 
2013-04-23T00:23:20.774+0200: [GC [ParNew: 3040832K->337856K(3040832K), 1.0738240 secs] 18627012K->18668800K(30070848K), 1.0738930 secs] [Times: user=2.95 sys=10.90, real=1.07 secs] 
2013-04-23T00:23:22.551+0200: [GC [ParNew: 3040832K->337856K(3040832K), 1.1455840 secs] 21371776K->21364417K(30070848K), 1.1456520 secs] [Times: user=3.62 sys=11.17, real=1.14 secs] 
2013-04-23T00:23:37.879+0200: [GC [ParNew: 3040832K->337856K(3040832K), 1.5377840 secs] 24067393K->23496231K(30070848K), 1.5378860 secs] [Times: user=17.93 sys=1.97, real=1.53 secs] 
2013-04-23T00:24:14.823+0200: [GC [ParNew: 3040832K->337856K(3040832K), 0.4303560 secs] 26199207K->23894703K(30070848K), 0.4305720 secs] [Times: user=2.81 sys=1.76, real=0.43 secs] 
BROKEN RECORDS: 0
BROKEN RECORDS: 0
BROKEN RECORDS: 0
BROKEN RECORDS: 0
BROKEN RECORDS: 0
BROKEN RECORDS: 0
BROKEN RECORDS: 0
BROKEN RECORDS: 0
BROKEN RECORDS: 0
BROKEN RECORDS: 0
BROKEN RECORDS: 0
BROKEN RECORDS: 0
BROKEN RECORDS: 0
BROKEN RECORDS: 0
BROKEN RECORDS: 0
BROKEN RECORDS: 0
BROKEN RECORDS: 0
BROKEN RECORDS: 0
BROKEN RECORDS: 0
BROKEN RECORDS: 0
BROKEN RECORDS: 0
BROKEN RECORDS: 0
BROKEN RECORDS: 0
BROKEN RECORDS: 0
BROKEN RECORDS: 0
BROKEN RECORDS: 0
BROKEN RECORDS: 0
BROKEN RECORDS: 0
BROKEN RECORDS: 0
BROKEN RECORDS: 0
BROKEN RECORDS: 0
BROKEN RECORDS: 0
BROKEN RECORDS: 0
BROKEN RECORDS: 0
BROKEN RECORDS: 0
BROKEN RECORDS: 0
BROKEN RECORDS: 0
BROKEN RECORDS: 0
BROKEN RECORDS: 0
BROKEN RECORDS: 0
BROKEN RECORDS: 0
BROKEN RECORDS: 0
BROKEN RECORDS: 0
BROKEN RECORDS: 0
BROKEN RECORDS: 0
BROKEN RECORDS: 0
BROKEN RECORDS: 0
BROKEN RECORDS: 0
BROKEN RECORDS: 0
BROKEN RECORDS: 0
BROKEN RECORDS: 0
BROKEN RECORDS: 0
BROKEN RECORDS: 0
BROKEN RECORDS: 0
BROKEN RECORDS: 0
BROKEN RECORDS: 0
BROKEN RECORDS: 0
BROKEN RECORDS: 0
BROKEN RECORDS: 0
BROKEN RECORDS: 0
BROKEN RECORDS: 0
BROKEN RECORDS: 0
BROKEN RECORDS: 0
BROKEN RECORDS: 0
BROKEN RECORDS: 0
BROKEN RECORDS: 0
BROKEN RECORDS: 0
BROKEN RECORDS: 0
BROKEN RECORDS: 0
BROKEN RECORDS: 0
BROKEN RECORDS: 0
BROKEN RECORDS: 0
BROKEN RECORDS: 0
BROKEN RECORDS: 0
BROKEN RECORDS: 0
BROKEN RECORDS: 0
BROKEN RECORDS: 0
BROKEN RECORDS: 0
BROKEN RECORDS: 0
BROKEN RECORDS: 0
2013-04-23T00:28:55.464+0200: [GC [ParNew: 3040832K->187388K(3040832K), 0.2424440 secs] 26597679K->23993020K(30070848K), 0.2426810 secs] [Times: user=2.30 sys=0.47, real=0.24 secs] 
BROKEN RECORDS: 0
BROKEN RECORDS: 0
BROKEN RECORDS: 0
BROKEN RECORDS: 0
BROKEN RECORDS: 0
BROKEN RECORDS: 0
BROKEN RECORDS: 0
BROKEN RECORDS: 0
