2013-04-23T00:23:08.718+0200: [GC [ParNew: 2702976K->337856K(3040832K), 0.9292530 secs] 2702976K->2488780K(30070848K), 0.9293250 secs] [Times: user=1.99 sys=9.67, real=0.92 secs] 
2013-04-23T00:23:10.728+0200: [GC [ParNew: 3040832K->337856K(3040832K), 1.0665110 secs] 5191756K->5118990K(30070848K), 1.0665830 secs] [Times: user=2.93 sys=10.73, real=1.07 secs] 
2013-04-23T00:23:12.832+0200: [GC [ParNew: 3040832K->337856K(3040832K), 1.0760920 secs] 7821966K->7811904K(30070848K), 1.0761600 secs] [Times: user=3.48 sys=10.45, real=1.07 secs] 
2013-04-23T00:23:14.956+0200: [GC [ParNew: 3040832K->337856K(3040832K), 1.0641170 secs] 10514880K->10543381K(30070848K), 1.0641720 secs] [Times: user=3.35 sys=10.35, real=1.07 secs] 
2013-04-23T00:23:17.063+0200: [GC [ParNew: 3040832K->337856K(3040832K), 1.1307320 secs] 13246357K->13248124K(30070848K), 1.1308070 secs] [Times: user=3.18 sys=11.47, real=1.13 secs] 
2013-04-23T00:23:19.196+0200: [GC [ParNew: 3040832K->337856K(3040832K), 1.4715620 secs] 15951100K->15911824K(30070848K), 1.4716180 secs] [Times: user=16.62 sys=2.45, real=1.47 secs] 
2013-04-23T00:23:21.681+0200: [GC [ParNew: 3040832K->337856K(3040832K), 1.0935510 secs] 18614800K->18659117K(30070848K), 1.0936280 secs] [Times: user=3.32 sys=10.71, real=1.09 secs] 
2013-04-23T00:23:23.793+0200: [GC [ParNew: 3040832K->337856K(3040832K), 1.1374140 secs] 21362093K->21346571K(30070848K), 1.1374900 secs] [Times: user=4.03 sys=10.69, real=1.14 secs] 
2013-04-23T00:23:37.821+0200: [GC [ParNew: 3040832K->337856K(3040832K), 1.3376710 secs] 24049547K->23480529K(30070848K), 1.3378330 secs] [Times: user=15.42 sys=1.85, real=1.34 secs] 
2013-04-23T00:24:09.059+0200: [GC [ParNew: 3040832K->337856K(3040832K), 0.3651940 secs] 26183538K->23904147K(30070848K), 0.3653880 secs] [Times: user=3.13 sys=1.11, real=0.36 secs] 
BROKEN RECORDS: 0
BROKEN RECORDS: 0
BROKEN RECORDS: 0
BROKEN RECORDS: 0
BROKEN RECORDS: 0
BROKEN RECORDS: 0
BROKEN RECORDS: 0
BROKEN RECORDS: 0
BROKEN RECORDS: 0
BROKEN RECORDS: 0
BROKEN RECORDS: 0
BROKEN RECORDS: 0
BROKEN RECORDS: 0
BROKEN RECORDS: 0
BROKEN RECORDS: 0
BROKEN RECORDS: 0
BROKEN RECORDS: 0
BROKEN RECORDS: 0
BROKEN RECORDS: 0
BROKEN RECORDS: 0
BROKEN RECORDS: 0
BROKEN RECORDS: 0
BROKEN RECORDS: 0
BROKEN RECORDS: 0
BROKEN RECORDS: 0
BROKEN RECORDS: 0
BROKEN RECORDS: 0
BROKEN RECORDS: 0
BROKEN RECORDS: 0
BROKEN RECORDS: 0
BROKEN RECORDS: 0
BROKEN RECORDS: 0
BROKEN RECORDS: 0
BROKEN RECORDS: 0
BROKEN RECORDS: 0
BROKEN RECORDS: 0
BROKEN RECORDS: 0
BROKEN RECORDS: 0
BROKEN RECORDS: 0
BROKEN RECORDS: 0
BROKEN RECORDS: 0
BROKEN RECORDS: 0
BROKEN RECORDS: 0
BROKEN RECORDS: 0
BROKEN RECORDS: 0
BROKEN RECORDS: 0
BROKEN RECORDS: 0
BROKEN RECORDS: 0
BROKEN RECORDS: 0
BROKEN RECORDS: 0
BROKEN RECORDS: 0
BROKEN RECORDS: 0
BROKEN RECORDS: 0
BROKEN RECORDS: 0
BROKEN RECORDS: 0
BROKEN RECORDS: 0
BROKEN RECORDS: 0
BROKEN RECORDS: 0
BROKEN RECORDS: 0
BROKEN RECORDS: 0
BROKEN RECORDS: 0
BROKEN RECORDS: 0
BROKEN RECORDS: 0
BROKEN RECORDS: 0
BROKEN RECORDS: 0
BROKEN RECORDS: 0
BROKEN RECORDS: 0
BROKEN RECORDS: 0
BROKEN RECORDS: 0
BROKEN RECORDS: 0
BROKEN RECORDS: 0
BROKEN RECORDS: 0
BROKEN RECORDS: 0
BROKEN RECORDS: 0
BROKEN RECORDS: 0
BROKEN RECORDS: 0
BROKEN RECORDS: 0
BROKEN RECORDS: 0
2013-04-23T00:28:54.826+0200: [GC [ParNew: 3040832K->236795K(3040832K), 0.2000220 secs] 26607123K->24043743K(30070848K), 0.2002570 secs] [Times: user=1.87 sys=0.41, real=0.20 secs] 
BROKEN RECORDS: 0
BROKEN RECORDS: 0
BROKEN RECORDS: 0
BROKEN RECORDS: 0
BROKEN RECORDS: 0
BROKEN RECORDS: 0
BROKEN RECORDS: 0
BROKEN RECORDS: 0
BROKEN RECORDS: 0
BROKEN RECORDS: 0
