2013-06-07T17:30:12.620+0200: [GC [ParNew: 2702976K->337855K(3040832K), 0.9499570 secs] 2702976K->2484947K(30070848K), 0.9500280 secs] [Times: user=2.06 sys=9.95, real=0.95 secs] 
2013-06-07T17:30:14.333+0200: [GC [ParNew: 3040831K->337856K(3040832K), 1.0657830 secs] 5187923K->5120390K(30070848K), 1.0658310 secs] [Times: user=2.84 sys=10.92, real=1.07 secs] 
2013-06-07T17:30:16.140+0200: [GC [ParNew: 3040832K->337856K(3040832K), 1.0724480 secs] 7823366K->7816185K(30070848K), 1.0725190 secs] [Times: user=3.40 sys=10.49, real=1.07 secs] 
2013-06-07T17:30:17.904+0200: [GC [ParNew: 3040832K->337856K(3040832K), 1.0337510 secs] 10519161K->10532455K(30070848K), 1.0339100 secs] [Times: user=3.19 sys=10.20, real=1.04 secs] 
2013-06-07T17:30:19.641+0200: [GC [ParNew: 3040832K->337856K(3040832K), 1.0832020 secs] 13235431K->13232460K(30070848K), 1.0832800 secs] [Times: user=3.74 sys=10.28, real=1.08 secs] 
2013-06-07T17:30:21.417+0200: [GC [ParNew: 3040832K->337856K(3040832K), 1.3933250 secs] 15935436K->15953212K(30070848K), 1.3933990 secs] [Times: user=16.19 sys=1.90, real=1.40 secs] 
2013-06-07T17:30:23.493+0200: [GC [ParNew: 3040832K->337856K(3040832K), 1.0634470 secs] 18656188K->18664263K(30070848K), 1.0635180 secs] [Times: user=2.73 sys=11.05, real=1.06 secs] 
2013-06-07T17:30:25.239+0200: [GC [ParNew: 3040832K->337856K(3040832K), 1.1451570 secs] 21367239K->21354053K(30070848K), 1.1452300 secs] [Times: user=4.01 sys=10.82, real=1.14 secs] 
2013-06-07T17:30:32.425+0200: [GC [ParNew: 3040832K->337856K(3040832K), 1.2555930 secs] 24057029K->23467420K(30070848K), 1.2556770 secs] [Times: user=14.47 sys=1.81, real=1.26 secs] 
2013-06-07T17:30:47.202+0200: [GC [ParNew: 3040832K->179508K(3040832K), 0.0828670 secs] 26170396K->23309072K(30070848K), 0.0830270 secs] [Times: user=1.04 sys=0.02, real=0.08 secs] 
