2013-06-07T17:30:09.651+0200: [GC [ParNew: 2702976K->337855K(3040832K), 0.9353570 secs] 2702976K->2490961K(30070848K), 0.9354350 secs] [Times: user=2.00 sys=9.88, real=0.94 secs] 
2013-06-07T17:30:11.352+0200: [GC [ParNew: 3040831K->337856K(3040832K), 1.0447050 secs] 5193937K->5130162K(30070848K), 1.0447740 secs] [Times: user=2.88 sys=10.45, real=1.05 secs] 
2013-06-07T17:30:13.150+0200: [GC [ParNew: 3040832K->337856K(3040832K), 1.0673850 secs] 7833138K->7825957K(30070848K), 1.0674400 secs] [Times: user=3.53 sys=10.21, real=1.07 secs] 
2013-06-07T17:30:14.917+0200: [GC [ParNew: 3040832K->337856K(3040832K), 1.0422510 secs] 10528933K->10580933K(30070848K), 1.0423070 secs] [Times: user=3.33 sys=10.17, real=1.04 secs] 
2013-06-07T17:30:16.685+0200: [GC [ParNew: 3040832K->337856K(3040832K), 1.0878020 secs] 13283909K->13302805K(30070848K), 1.0878470 secs] [Times: user=3.42 sys=10.52, real=1.09 secs] 
2013-06-07T17:30:18.488+0200: [GC [ParNew: 3040832K->337856K(3040832K), 1.3784750 secs] 16005781K->15987283K(30070848K), 1.3786020 secs] [Times: user=15.61 sys=2.25, real=1.38 secs] 
2013-06-07T17:30:20.580+0200: [GC [ParNew: 3040832K->337856K(3040832K), 1.0841940 secs] 18690259K->18750615K(30070848K), 1.0842680 secs] [Times: user=3.05 sys=10.99, real=1.08 secs] 
2013-06-07T17:30:22.377+0200: [GC [ParNew: 3040832K->337856K(3040832K), 1.1123390 secs] 21453591K->21446809K(30070848K), 1.1124130 secs] [Times: user=3.28 sys=11.01, real=1.11 secs] 
2013-06-07T17:30:32.313+0200: [GC [ParNew: 3040832K->337856K(3040832K), 1.5551630 secs] 24149785K->23502423K(30070848K), 1.5552600 secs] [Times: user=18.33 sys=1.85, real=1.56 secs] 
2013-06-07T17:30:46.971+0200: [GC [ParNew: 3040832K->179372K(3040832K), 0.0779990 secs] 26205399K->23343939K(30070848K), 0.0781390 secs] [Times: user=0.97 sys=0.02, real=0.08 secs] 
