2013-06-07T17:30:12.215+0200: [GC [ParNew: 2702976K->337856K(3040832K), 0.9286730 secs] 2702976K->2489769K(30070848K), 0.9287730 secs] [Times: user=2.24 sys=9.48, real=0.93 secs] 
2013-06-07T17:30:13.920+0200: [GC [ParNew: 3040832K->337856K(3040832K), 1.0362920 secs] 5192745K->5129276K(30070848K), 1.0363380 secs] [Times: user=2.94 sys=10.46, real=1.04 secs] 
2013-06-07T17:30:15.701+0200: [GC [ParNew: 3040832K->337856K(3040832K), 1.0530010 secs] 7832252K->7820973K(30070848K), 1.0530590 secs] [Times: user=3.19 sys=10.40, real=1.06 secs] 
2013-06-07T17:30:17.458+0200: [GC [ParNew: 3040832K->337856K(3040832K), 1.0206930 secs] 10523949K->10564809K(30070848K), 1.0207410 secs] [Times: user=2.94 sys=10.28, real=1.02 secs] 
2013-06-07T17:30:19.202+0200: [GC [ParNew: 3040832K->337856K(3040832K), 1.0707450 secs] 13267785K->13274194K(30070848K), 1.0707910 secs] [Times: user=3.47 sys=10.39, real=1.07 secs] 
2013-06-07T17:30:20.946+0200: [GC [ParNew: 3040832K->337856K(3040832K), 1.4086320 secs] 15977170K->15935685K(30070848K), 1.4087060 secs] [Times: user=16.34 sys=1.91, real=1.41 secs] 
2013-06-07T17:30:23.070+0200: [GC [ParNew: 3040832K->337856K(3040832K), 1.0467660 secs] 18638661K->18678175K(30070848K), 1.0468410 secs] [Times: user=3.37 sys=10.18, real=1.04 secs] 
2013-06-07T17:30:24.800+0200: [GC [ParNew: 3040832K->337856K(3040832K), 1.1614270 secs] 21381151K->21394187K(30070848K), 1.1615000 secs] [Times: user=3.97 sys=11.07, real=1.16 secs] 
2013-06-07T17:30:32.413+0200: [GC [ParNew: 3040832K->337856K(3040832K), 1.5770220 secs] 24097163K->23514893K(30070848K), 1.5771290 secs] [Times: user=18.42 sys=2.01, real=1.58 secs] 
2013-06-07T17:30:46.964+0200: [GC [ParNew: 3040832K->187541K(3040832K), 0.0795980 secs] 26217869K->23364578K(30070848K), 0.0797540 secs] [Times: user=1.02 sys=0.00, real=0.08 secs] 
