2013-06-07T17:30:09.929+0200: [GC [ParNew: 2702976K->337856K(3040832K), 0.9059220 secs] 2702976K->2487300K(30070848K), 0.9059980 secs] [Times: user=2.12 sys=9.15, real=0.90 secs] 
2013-06-07T17:30:11.609+0200: [GC [ParNew: 3040832K->337856K(3040832K), 1.0545890 secs] 5190276K->5123156K(30070848K), 1.0546380 secs] [Times: user=2.76 sys=10.85, real=1.05 secs] 
2013-06-07T17:30:13.376+0200: [GC [ParNew: 3040832K->337856K(3040832K), 1.0502470 secs] 7826132K->7810947K(30070848K), 1.0503200 secs] [Times: user=3.05 sys=10.42, real=1.04 secs] 
2013-06-07T17:30:15.150+0200: [GC [ParNew: 3040832K->337856K(3040832K), 0.9927030 secs] 10513923K->10533428K(30070848K), 0.9927820 secs] [Times: user=3.18 sys=9.66, real=0.99 secs] 
2013-06-07T17:30:16.870+0200: [GC [ParNew: 3040832K->337856K(3040832K), 1.0579780 secs] 13236404K->13248288K(30070848K), 1.0580490 secs] [Times: user=3.33 sys=10.37, real=1.06 secs] 
2013-06-07T17:30:18.588+0200: [GC [ParNew: 3040832K->337856K(3040832K), 1.3709000 secs] 15951264K->15944452K(30070848K), 1.3709530 secs] [Times: user=15.60 sys=2.14, real=1.37 secs] 
2013-06-07T17:30:20.683+0200: [GC [ParNew: 3040832K->337856K(3040832K), 1.0618110 secs] 18647428K->18668533K(30070848K), 1.0618700 secs] [Times: user=3.43 sys=10.32, real=1.07 secs] 
2013-06-07T17:30:22.448+0200: [GC [ParNew: 3040832K->337856K(3040832K), 1.1415080 secs] 21371509K->21390916K(30070848K), 1.1415540 secs] [Times: user=3.32 sys=11.47, real=1.14 secs] 
2013-06-07T17:30:32.417+0200: [GC [ParNew: 3040832K->337856K(3040832K), 1.5186120 secs] 24093892K->23508848K(30070848K), 1.5186810 secs] [Times: user=17.69 sys=2.00, real=1.52 secs] 
2013-06-07T17:30:47.568+0200: [GC [ParNew: 3040832K->187458K(3040832K), 0.0924910 secs] 26211824K->23358450K(30070848K), 0.0926440 secs] [Times: user=1.12 sys=0.02, real=0.09 secs] 
