2013-06-07T17:30:08.355+0200: [GC [ParNew: 2702976K->337856K(3040832K), 0.9434160 secs] 2702976K->2484546K(30070848K), 0.9435360 secs] [Times: user=2.22 sys=9.40, real=0.95 secs] 
2013-06-07T17:30:10.065+0200: [GC [ParNew: 3040832K->337856K(3040832K), 1.0551980 secs] 5187522K->5121625K(30070848K), 1.0552740 secs] [Times: user=2.83 sys=10.78, real=1.06 secs] 
2013-06-07T17:30:11.855+0200: [GC [ParNew: 3040832K->337856K(3040832K), 1.0541450 secs] 7824601K->7811433K(30070848K), 1.0542170 secs] [Times: user=3.07 sys=10.57, real=1.06 secs] 
2013-06-07T17:30:13.622+0200: [GC [ParNew: 3040832K->337856K(3040832K), 1.0085040 secs] 10514409K->10549249K(30070848K), 1.0085710 secs] [Times: user=3.57 sys=9.31, real=1.01 secs] 
2013-06-07T17:30:15.361+0200: [GC [ParNew: 3040832K->337856K(3040832K), 1.0842430 secs] 13252225K->13266126K(30070848K), 1.0842960 secs] [Times: user=3.51 sys=10.50, real=1.08 secs] 
2013-06-07T17:30:17.119+0200: [GC [ParNew: 3040832K->337856K(3040832K), 1.2851830 secs] 15969102K->15992097K(30070848K), 1.2852370 secs] [Times: user=14.98 sys=1.70, real=1.28 secs] 
2013-06-07T17:30:19.117+0200: [GC [ParNew: 3040832K->337856K(3040832K), 1.0331720 secs] 18695073K->18719092K(30070848K), 1.0332130 secs] [Times: user=3.20 sys=10.01, real=1.03 secs] 
2013-06-07T17:30:21.320+0200: [GC [ParNew: 3040832K->337856K(3040832K), 1.1189720 secs] 21422068K->21410163K(30070848K), 1.1190560 secs] [Times: user=3.54 sys=10.96, real=1.12 secs] 
2013-06-07T17:30:32.435+0200: [GC [ParNew: 3040832K->337856K(3040832K), 1.6171810 secs] 24113139K->23500671K(30070848K), 1.6172870 secs] [Times: user=19.10 sys=1.85, real=1.61 secs] 
2013-06-07T17:30:48.319+0200: [GC [ParNew: 3040832K->179922K(3040832K), 0.0826130 secs] 26203647K->23342738K(30070848K), 0.0827680 secs] [Times: user=1.04 sys=0.01, real=0.08 secs] 
