2013-06-07T17:30:11.771+0200: [GC [ParNew: 2702976K->337855K(3040832K), 0.9288900 secs] 2702976K->2483639K(30070848K), 0.9289650 secs] [Times: user=2.15 sys=9.45, real=0.93 secs] 
2013-06-07T17:30:13.473+0200: [GC [ParNew: 3040831K->337856K(3040832K), 1.0559320 secs] 5186615K->5124972K(30070848K), 1.0559890 secs] [Times: user=2.64 sys=11.00, real=1.06 secs] 
2013-06-07T17:30:15.229+0200: [GC [ParNew: 3040832K->337856K(3040832K), 1.0560990 secs] 7827948K->7820959K(30070848K), 1.0561520 secs] [Times: user=3.10 sys=10.59, real=1.05 secs] 
2013-06-07T17:30:17.018+0200: [GC [ParNew: 3040832K->337856K(3040832K), 1.0184520 secs] 10523935K->10544913K(30070848K), 1.0185980 secs] [Times: user=3.24 sys=9.92, real=1.02 secs] 
2013-06-07T17:30:18.723+0200: [GC [ParNew: 3040832K->337856K(3040832K), 1.0636090 secs] 13247889K->13250360K(30070848K), 1.0636820 secs] [Times: user=3.11 sys=10.66, real=1.06 secs] 
2013-06-07T17:30:20.491+0200: [GC [ParNew: 3040832K->337856K(3040832K), 1.3504110 secs] 15953336K->15970824K(30070848K), 1.3504820 secs] [Times: user=15.53 sys=2.00, real=1.35 secs] 
2013-06-07T17:30:22.566+0200: [GC [ParNew: 3040832K->337856K(3040832K), 1.0575230 secs] 18673800K->18697819K(30070848K), 1.0575970 secs] [Times: user=3.22 sys=10.45, real=1.06 secs] 
2013-06-07T17:30:24.284+0200: [GC [ParNew: 3040832K->337856K(3040832K), 1.1544020 secs] 21400795K->21396638K(30070848K), 1.1544750 secs] [Times: user=3.99 sys=10.96, real=1.16 secs] 
2013-06-07T17:30:32.435+0200: [GC [ParNew: 3040832K->337856K(3040832K), 1.5872770 secs] 24099614K->23498679K(30070848K), 1.5873540 secs] [Times: user=18.53 sys=1.91, real=1.59 secs] 
2013-06-07T17:30:47.293+0200: [GC [ParNew: 3040832K->180201K(3040832K), 0.0780080 secs] 26201655K->23341024K(30070848K), 0.0781750 secs] [Times: user=0.99 sys=0.00, real=0.08 secs] 
