2013-06-07T17:30:09.188+0200: [GC [ParNew: 2702976K->337856K(3040832K), 0.9278070 secs] 2702976K->2495238K(30070848K), 0.9278790 secs] [Times: user=2.35 sys=9.12, real=0.93 secs] 
2013-06-07T17:30:10.983+0200: [GC [ParNew: 3040832K->337856K(3040832K), 1.0651360 secs] 5198214K->5128506K(30070848K), 1.0651910 secs] [Times: user=2.84 sys=10.88, real=1.07 secs] 
2013-06-07T17:30:13.055+0200: [GC [ParNew: 3040832K->337856K(3040832K), 1.0708100 secs] 7831482K->7822124K(30070848K), 1.0708650 secs] [Times: user=3.37 sys=10.50, real=1.07 secs] 
2013-06-07T17:30:15.104+0200: [GC [ParNew: 3040832K->337856K(3040832K), 1.0209660 secs] 10525100K->10554722K(30070848K), 1.0210410 secs] [Times: user=3.23 sys=9.95, real=1.03 secs] 
2013-06-07T17:30:17.127+0200: [GC [ParNew: 3040832K->337856K(3040832K), 1.0838580 secs] 13257698K->13279218K(30070848K), 1.0839310 secs] [Times: user=3.62 sys=10.39, real=1.08 secs] 
2013-06-07T17:30:19.137+0200: [GC [ParNew: 3040832K->337856K(3040832K), 1.3278280 secs] 15982194K->15991134K(30070848K), 1.3279010 secs] [Times: user=14.84 sys=2.39, real=1.33 secs] 
2013-06-07T17:30:21.484+0200: [GC [ParNew: 3040832K->337856K(3040832K), 1.0891870 secs] 18694110K->18721330K(30070848K), 1.0892460 secs] [Times: user=3.12 sys=10.99, real=1.10 secs] 
2013-06-07T17:30:23.540+0200: [GC [ParNew: 3040832K->337856K(3040832K), 1.1532660 secs] 21424306K->21419253K(30070848K), 1.1533160 secs] [Times: user=4.00 sys=10.93, real=1.16 secs] 
2013-06-07T17:30:32.474+0200: [GC [ParNew: 3040832K->337856K(3040832K), 1.5138020 secs] 24122229K->23509601K(30070848K), 1.5139130 secs] [Times: user=17.50 sys=1.97, real=1.51 secs] 
2013-06-07T17:30:47.507+0200: [GC [ParNew: 3040832K->180817K(3040832K), 0.0834630 secs] 26212577K->23352562K(30070848K), 0.0836190 secs] [Times: user=1.07 sys=0.00, real=0.08 secs] 
