2013-06-07T17:30:09.241+0200: [GC [ParNew: 2702976K->337855K(3040832K), 0.9426440 secs] 2702976K->2489478K(30070848K), 0.9427490 secs] [Times: user=2.26 sys=9.69, real=0.94 secs] 
2013-06-07T17:30:11.181+0200: [GC [ParNew: 3040831K->337856K(3040832K), 1.0501020 secs] 5192454K->5119616K(30070848K), 1.0501870 secs] [Times: user=2.82 sys=10.75, real=1.04 secs] 
2013-06-07T17:30:13.228+0200: [GC [ParNew: 3040832K->337856K(3040832K), 1.0760450 secs] 7822592K->7813010K(30070848K), 1.0761230 secs] [Times: user=3.39 sys=10.55, real=1.08 secs] 
2013-06-07T17:30:15.300+0200: [GC [ParNew: 3040832K->337856K(3040832K), 1.0325280 secs] 10515986K->10553548K(30070848K), 1.0326200 secs] [Times: user=3.35 sys=10.02, real=1.04 secs] 
2013-06-07T17:30:17.297+0200: [GC [ParNew: 3040832K->337856K(3040832K), 1.0913620 secs] 13256524K->13263253K(30070848K), 1.0914390 secs] [Times: user=3.68 sys=10.44, real=1.09 secs] 
2013-06-07T17:30:19.390+0200: [GC [ParNew: 3040832K->337856K(3040832K), 1.4164220 secs] 15966229K->15951861K(30070848K), 1.4165000 secs] [Times: user=16.48 sys=1.87, real=1.42 secs] 
2013-06-07T17:30:21.796+0200: [GC [ParNew: 3040832K->337856K(3040832K), 1.0397970 secs] 18654837K->18687212K(30070848K), 1.0398760 secs] [Times: user=3.59 sys=9.87, real=1.04 secs] 
2013-06-07T17:30:23.824+0200: [GC [ParNew: 3040832K->337856K(3040832K), 1.1449460 secs] 21390188K->21378860K(30070848K), 1.1450390 secs] [Times: user=3.41 sys=11.40, real=1.15 secs] 
2013-06-07T17:30:32.615+0200: [GC [ParNew: 3040832K->337856K(3040832K), 1.4396020 secs] 24081836K->23496106K(30070848K), 1.4397170 secs] [Times: user=16.68 sys=1.96, real=1.44 secs] 
2013-06-07T17:30:49.243+0200: [GC [ParNew: 3040832K->180428K(3040832K), 0.0832730 secs] 26199082K->23338679K(30070848K), 0.0834230 secs] [Times: user=1.05 sys=0.01, real=0.08 secs] 
