2013-06-07T17:30:11.390+0200: [GC [ParNew: 2702976K->337855K(3040832K), 0.9277170 secs] 2702976K->2483736K(30070848K), 0.9277890 secs] [Times: user=2.09 sys=9.53, real=0.92 secs] 
2013-06-07T17:30:13.093+0200: [GC [ParNew: 3040831K->337856K(3040832K), 1.0609240 secs] 5186712K->5122701K(30070848K), 1.0609790 secs] [Times: user=2.72 sys=10.96, real=1.06 secs] 
2013-06-07T17:30:14.899+0200: [GC [ParNew: 3040832K->337856K(3040832K), 1.0675100 secs] 7825677K->7813566K(30070848K), 1.0675540 secs] [Times: user=3.17 sys=10.65, real=1.07 secs] 
2013-06-07T17:30:16.616+0200: [GC [ParNew: 3040832K->337856K(3040832K), 1.0322270 secs] 10516542K->10519335K(30070848K), 1.0322890 secs] [Times: user=3.25 sys=10.11, real=1.03 secs] 
2013-06-07T17:30:18.382+0200: [GC [ParNew: 3040832K->337856K(3040832K), 1.0789430 secs] 13222311K->13244440K(30070848K), 1.0789960 secs] [Times: user=3.45 sys=10.47, real=1.08 secs] 
2013-06-07T17:30:20.165+0200: [GC [ParNew: 3040832K->337856K(3040832K), 1.3226880 secs] 15947416K->15947071K(30070848K), 1.3227370 secs] [Times: user=15.15 sys=2.01, real=1.32 secs] 
2013-06-07T17:30:22.130+0200: [GC [ParNew: 3040832K->337856K(3040832K), 1.0661060 secs] 18650047K->18681077K(30070848K), 1.0661460 secs] [Times: user=2.97 sys=10.85, real=1.06 secs] 
2013-06-07T17:30:23.921+0200: [GC [ParNew: 3040832K->337856K(3040832K), 1.1558190 secs] 21384053K->21373877K(30070848K), 1.1558900 secs] [Times: user=3.90 sys=10.98, real=1.16 secs] 
2013-06-07T17:30:32.417+0200: [GC [ParNew: 3040832K->337856K(3040832K), 1.5489320 secs] 24076853K->23509079K(30070848K), 1.5490310 secs] [Times: user=17.93 sys=2.14, real=1.55 secs] 
2013-06-07T17:30:46.441+0200: [GC [ParNew: 3040832K->179512K(3040832K), 0.0821790 secs] 26212055K->23350735K(30070848K), 0.0823300 secs] [Times: user=1.03 sys=0.01, real=0.08 secs] 
