2013-06-07T17:30:12.421+0200: [GC [ParNew: 2702976K->337856K(3040832K), 0.9378430 secs] 2702976K->2483079K(30070848K), 0.9379170 secs] [Times: user=2.33 sys=9.57, real=0.94 secs] 
2013-06-07T17:30:14.101+0200: [GC [ParNew: 3040832K->337856K(3040832K), 1.0511520 secs] 5186055K->5121304K(30070848K), 1.0511980 secs] [Times: user=2.65 sys=10.91, real=1.06 secs] 
2013-06-07T17:30:15.886+0200: [GC [ParNew: 3040832K->337856K(3040832K), 1.0685510 secs] 7824280K->7813065K(30070848K), 1.0686130 secs] [Times: user=3.29 sys=10.55, real=1.07 secs] 
2013-06-07T17:30:17.658+0200: [GC [ParNew: 3040832K->337856K(3040832K), 1.0333380 secs] 10516041K->10559109K(30070848K), 1.0334100 secs] [Times: user=3.22 sys=10.15, real=1.04 secs] 
2013-06-07T17:30:19.405+0200: [GC [ParNew: 3040832K->337856K(3040832K), 1.0813250 secs] 13262085K->13262732K(30070848K), 1.0813970 secs] [Times: user=3.47 sys=10.53, real=1.08 secs] 
2013-06-07T17:30:21.180+0200: [GC [ParNew: 3040832K->337856K(3040832K), 1.3481340 secs] 15965708K->15962737K(30070848K), 1.3482050 secs] [Times: user=15.37 sys=2.13, real=1.34 secs] 
2013-06-07T17:30:23.211+0200: [GC [ParNew: 3040832K->337856K(3040832K), 1.0702020 secs] 18665713K->18673404K(30070848K), 1.0702730 secs] [Times: user=2.94 sys=10.93, real=1.07 secs] 
2013-06-07T17:30:24.985+0200: [GC [ParNew: 3040832K->337856K(3040832K), 1.1644940 secs] 21376380K->21397100K(30070848K), 1.1645660 secs] [Times: user=3.90 sys=11.18, real=1.16 secs] 
2013-06-07T17:30:32.237+0200: [GC [ParNew: 3040832K->337856K(3040832K), 1.4912980 secs] 24100076K->23514087K(30070848K), 1.4913900 secs] [Times: user=17.22 sys=2.10, real=1.49 secs] 
2013-06-07T17:30:47.738+0200: [GC [ParNew: 3040832K->179402K(3040832K), 0.0803020 secs] 26217063K->23355633K(30070848K), 0.0804610 secs] [Times: user=1.00 sys=0.02, real=0.08 secs] 
