2013-06-07T17:30:12.123+0200: [GC [ParNew: 2702976K->337856K(3040832K), 0.9385310 secs] 2702976K->2488280K(30070848K), 0.9386020 secs] [Times: user=2.00 sys=9.91, real=0.93 secs] 
2013-06-07T17:30:13.815+0200: [GC [ParNew: 3040832K->337856K(3040832K), 1.0506640 secs] 5191256K->5119441K(30070848K), 1.0507220 secs] [Times: user=2.62 sys=10.96, real=1.05 secs] 
2013-06-07T17:30:15.609+0200: [GC [ParNew: 3040832K->337856K(3040832K), 1.0592220 secs] 7822417K->7809985K(30070848K), 1.0592690 secs] [Times: user=3.32 sys=10.40, real=1.06 secs] 
2013-06-07T17:30:17.391+0200: [GC [ParNew: 3040832K->337856K(3040832K), 1.0004360 secs] 10512961K->10528688K(30070848K), 1.0004920 secs] [Times: user=3.15 sys=9.78, real=1.00 secs] 
2013-06-07T17:30:19.112+0200: [GC [ParNew: 3040832K->337856K(3040832K), 1.0715730 secs] 13231664K->13259236K(30070848K), 1.0716270 secs] [Times: user=3.38 sys=10.50, real=1.08 secs] 
2013-06-07T17:30:20.887+0200: [GC [ParNew: 3040832K->337856K(3040832K), 1.4695380 secs] 15962212K->15924953K(30070848K), 1.4695930 secs] [Times: user=16.91 sys=2.18, real=1.47 secs] 
2013-06-07T17:30:23.069+0200: [GC [ParNew: 3040832K->337856K(3040832K), 1.0841460 secs] 18627929K->18673494K(30070848K), 1.0842020 secs] [Times: user=2.77 sys=11.28, real=1.08 secs] 
2013-06-07T17:30:24.857+0200: [GC [ParNew: 3040832K->337856K(3040832K), 1.1489550 secs] 21376470K->21389954K(30070848K), 1.1490020 secs] [Times: user=3.48 sys=11.41, real=1.15 secs] 
2013-06-07T17:30:32.477+0200: [GC [ParNew: 3040832K->337856K(3040832K), 1.5202070 secs] 24092930K->23524545K(30070848K), 1.5202920 secs] [Times: user=17.59 sys=2.13, real=1.52 secs] 
2013-06-07T17:30:46.997+0200: [GC [ParNew: 3040832K->188692K(3040832K), 0.0816610 secs] 26227521K->23375381K(30070848K), 0.0818160 secs] [Times: user=1.04 sys=0.00, real=0.08 secs] 
