2013-06-07T17:30:10.127+0200: [GC [ParNew: 2702976K->337855K(3040832K), 0.9172050 secs] 2702976K->2484557K(30070848K), 0.9173130 secs] [Times: user=2.15 sys=9.46, real=0.92 secs] 
2013-06-07T17:30:11.818+0200: [GC [ParNew: 3040831K->337856K(3040832K), 1.0347550 secs] 5187533K->5117088K(30070848K), 1.0348280 secs] [Times: user=2.82 sys=10.53, real=1.03 secs] 
2013-06-07T17:30:13.584+0200: [GC [ParNew: 3040832K->337856K(3040832K), 1.0460450 secs] 7820064K->7812627K(30070848K), 1.0461150 secs] [Times: user=3.28 sys=10.27, real=1.04 secs] 
2013-06-07T17:30:15.282+0200: [GC [ParNew: 3040832K->337856K(3040832K), 1.0341550 secs] 10515603K->10563442K(30070848K), 1.0342290 secs] [Times: user=3.26 sys=10.12, real=1.04 secs] 
2013-06-07T17:30:17.037+0200: [GC [ParNew: 3040832K->337856K(3040832K), 1.0589000 secs] 13266418K->13267800K(30070848K), 1.0589520 secs] [Times: user=3.42 sys=10.29, real=1.05 secs] 
2013-06-07T17:30:18.808+0200: [GC [ParNew: 3040832K->337856K(3040832K), 1.3255980 secs] 15970776K->15972929K(30070848K), 1.3256690 secs] [Times: user=15.27 sys=1.93, real=1.32 secs] 
2013-06-07T17:30:20.786+0200: [GC [ParNew: 3040832K->337856K(3040832K), 1.0485250 secs] 18675905K->18695505K(30070848K), 1.0485950 secs] [Times: user=2.96 sys=10.62, real=1.04 secs] 
2013-06-07T17:30:22.539+0200: [GC [ParNew: 3040832K->337856K(3040832K), 1.0948770 secs] 21398481K->21381838K(30070848K), 1.0949470 secs] [Times: user=3.22 sys=10.97, real=1.09 secs] 
2013-06-07T17:30:32.393+0200: [GC [ParNew: 3040832K->337856K(3040832K), 1.4659690 secs] 24084814K->23490179K(30070848K), 1.4660570 secs] [Times: user=17.13 sys=1.88, real=1.46 secs] 
2013-06-07T17:30:48.035+0200: [GC [ParNew: 3040832K->179215K(3040832K), 0.0806400 secs] 26193155K->23331538K(30070848K), 0.0808020 secs] [Times: user=1.02 sys=0.01, real=0.08 secs] 
