2013-06-07T17:30:08.377+0200: [GC [ParNew: 2702976K->337856K(3040832K), 0.9200600 secs] 2702976K->2482793K(30070848K), 0.9201480 secs] [Times: user=2.24 sys=9.17, real=0.93 secs] 
2013-06-07T17:30:10.062+0200: [GC [ParNew: 3040832K->337856K(3040832K), 1.0649320 secs] 5185769K->5117870K(30070848K), 1.0649970 secs] [Times: user=2.83 sys=10.91, real=1.06 secs] 
2013-06-07T17:30:11.883+0200: [GC [ParNew: 3040832K->337856K(3040832K), 1.0605810 secs] 7820846K->7814145K(30070848K), 1.0606570 secs] [Times: user=3.12 sys=10.47, real=1.06 secs] 
2013-06-07T17:30:13.658+0200: [GC [ParNew: 3040832K->337856K(3040832K), 1.0647250 secs] 10517121K->10569410K(30070848K), 1.0648010 secs] [Times: user=3.65 sys=10.13, real=1.06 secs] 
2013-06-07T17:30:15.447+0200: [GC [ParNew: 3040832K->337856K(3040832K), 1.0862090 secs] 13272386K->13296916K(30070848K), 1.0862850 secs] [Times: user=3.38 sys=10.66, real=1.09 secs] 
2013-06-07T17:30:17.256+0200: [GC [ParNew: 3040832K->337856K(3040832K), 1.4052620 secs] 15999892K->16013602K(30070848K), 1.4053430 secs] [Times: user=15.84 sys=2.33, real=1.41 secs] 
2013-06-07T17:30:19.376+0200: [GC [ParNew: 3040832K->337856K(3040832K), 1.0772850 secs] 18716578K->18742293K(30070848K), 1.0773660 secs] [Times: user=3.01 sys=10.92, real=1.08 secs] 
2013-06-07T17:30:21.158+0200: [GC [ParNew: 3040832K->337856K(3040832K), 1.1456840 secs] 21445269K->21428658K(30070848K), 1.1457610 secs] [Times: user=4.02 sys=10.80, real=1.14 secs] 
2013-06-07T17:30:32.403+0200: [GC [ParNew: 3040832K->337856K(3040832K), 1.6372080 secs] 24131634K->23529800K(30070848K), 1.6373240 secs] [Times: user=19.14 sys=1.87, real=1.64 secs] 
2013-06-07T17:30:50.009+0200: [GC [ParNew: 3040832K->187858K(3040832K), 0.0819700 secs] 26232776K->23379802K(30070848K), 0.0821160 secs] [Times: user=1.04 sys=0.00, real=0.08 secs] 
