2013-06-07T17:30:11.286+0200: [GC [ParNew: 2702976K->337856K(3040832K), 0.9180620 secs] 2702976K->2483584K(30070848K), 0.9181390 secs] [Times: user=1.95 sys=9.54, real=0.92 secs] 
2013-06-07T17:30:12.960+0200: [GC [ParNew: 3040832K->337856K(3040832K), 1.0546630 secs] 5186560K->5119742K(30070848K), 1.0547300 secs] [Times: user=2.89 sys=10.71, real=1.05 secs] 
2013-06-07T17:30:14.780+0200: [GC [ParNew: 3040832K->337856K(3040832K), 1.0588860 secs] 7822718K->7815762K(30070848K), 1.0589410 secs] [Times: user=3.22 sys=10.48, real=1.06 secs] 
2013-06-07T17:30:16.538+0200: [GC [ParNew: 3040832K->337856K(3040832K), 1.0413850 secs] 10518738K->10543397K(30070848K), 1.0414300 secs] [Times: user=3.35 sys=10.13, real=1.04 secs] 
2013-06-07T17:30:18.292+0200: [GC [ParNew: 3040832K->337856K(3040832K), 1.0800920 secs] 13246373K->13273848K(30070848K), 1.0801370 secs] [Times: user=3.30 sys=10.69, real=1.08 secs] 
2013-06-07T17:30:20.108+0200: [GC [ParNew: 3040832K->337856K(3040832K), 1.3939080 secs] 15976824K->15983395K(30070848K), 1.3939820 secs] [Times: user=15.91 sys=2.16, real=1.40 secs] 
2013-06-07T17:30:22.214+0200: [GC [ParNew: 3040832K->337856K(3040832K), 1.0792980 secs] 18686371K->18698768K(30070848K), 1.0793710 secs] [Times: user=2.92 sys=11.06, real=1.08 secs] 
2013-06-07T17:30:24.005+0200: [GC [ParNew: 3040832K->337856K(3040832K), 1.1575160 secs] 21401744K->21404983K(30070848K), 1.1575880 secs] [Times: user=3.82 sys=11.18, real=1.16 secs] 
2013-06-07T17:30:32.436+0200: [GC [ParNew: 3040832K->337856K(3040832K), 1.6516990 secs] 24107959K->23514540K(30070848K), 1.6517860 secs] [Times: user=19.26 sys=2.15, real=1.66 secs] 
2013-06-07T17:30:48.812+0200: [GC [ParNew: 3040832K->184849K(3040832K), 0.0872500 secs] 26217516K->23361533K(30070848K), 0.0874050 secs] [Times: user=1.11 sys=0.01, real=0.09 secs] 
