2013-06-07T17:30:11.947+0200: [GC [ParNew: 2702976K->337856K(3040832K), 0.9430770 secs] 2702976K->2492932K(30070848K), 0.9431480 secs] [Times: user=2.19 sys=9.74, real=0.94 secs] 
2013-06-07T17:30:13.643+0200: [GC [ParNew: 3040832K->337856K(3040832K), 1.0589730 secs] 5195908K->5130996K(30070848K), 1.0590530 secs] [Times: user=2.67 sys=11.00, real=1.06 secs] 
2013-06-07T17:30:15.436+0200: [GC [ParNew: 3040832K->337856K(3040832K), 1.0737370 secs] 7833972K->7820613K(30070848K), 1.0738090 secs] [Times: user=3.22 sys=10.68, real=1.07 secs] 
2013-06-07T17:30:17.214+0200: [GC [ParNew: 3040832K->337856K(3040832K), 1.0148120 secs] 10523589K->10545558K(30070848K), 1.0148860 secs] [Times: user=3.30 sys=9.82, real=1.02 secs] 
2013-06-07T17:30:18.956+0200: [GC [ParNew: 3040832K->337856K(3040832K), 1.0759720 secs] 13248534K->13256448K(30070848K), 1.0760430 secs] [Times: user=3.49 sys=10.44, real=1.08 secs] 
2013-06-07T17:30:20.755+0200: [GC [ParNew: 3040832K->337856K(3040832K), 1.3756730 secs] 15959424K->15944865K(30070848K), 1.3757440 secs] [Times: user=15.38 sys=2.47, real=1.38 secs] 
2013-06-07T17:30:22.855+0200: [GC [ParNew: 3040832K->337856K(3040832K), 1.0776400 secs] 18647841K->18716329K(30070848K), 1.0777120 secs] [Times: user=2.72 sys=11.25, real=1.08 secs] 
2013-06-07T17:30:24.655+0200: [GC [ParNew: 3040832K->337856K(3040832K), 1.1474170 secs] 21419305K->21428915K(30070848K), 1.1474890 secs] [Times: user=3.63 sys=11.22, real=1.15 secs] 
2013-06-07T17:30:32.513+0200: [GC [ParNew: 3040832K->337856K(3040832K), 1.5005640 secs] 24131891K->23492535K(30070848K), 1.5006550 secs] [Times: user=17.48 sys=1.96, real=1.50 secs] 
2013-06-07T17:30:48.145+0200: [GC [ParNew: 3040832K->182072K(3040832K), 0.0824540 secs] 26195511K->23336751K(30070848K), 0.0826130 secs] [Times: user=1.04 sys=0.01, real=0.08 secs] 
