2013-06-07T17:30:09.330+0200: [GC [ParNew: 2702976K->337856K(3040832K), 0.9355080 secs] 2702976K->2483417K(30070848K), 0.9356120 secs] [Times: user=2.30 sys=9.44, real=0.94 secs] 
2013-06-07T17:30:11.040+0200: [GC [ParNew: 3040832K->337856K(3040832K), 1.0442690 secs] 5186393K->5114261K(30070848K), 1.0443410 secs] [Times: user=2.68 sys=10.80, real=1.05 secs] 
2013-06-07T17:30:12.788+0200: [GC [ParNew: 3040832K->337856K(3040832K), 1.0580790 secs] 7817237K->7802437K(30070848K), 1.0581500 secs] [Times: user=3.38 sys=10.31, real=1.06 secs] 
2013-06-07T17:30:14.571+0200: [GC [ParNew: 3040832K->337856K(3040832K), 1.0421570 secs] 10505413K->10552419K(30070848K), 1.0422280 secs] [Times: user=3.47 sys=10.02, real=1.04 secs] 
2013-06-07T17:30:16.284+0200: [GC [ParNew: 3040832K->337856K(3040832K), 1.0779740 secs] 13255395K->13259819K(30070848K), 1.0780430 secs] [Times: user=3.42 sys=10.55, real=1.07 secs] 
2013-06-07T17:30:18.076+0200: [GC [ParNew: 3040832K->337856K(3040832K), 1.5751050 secs] 15962795K->15976601K(30070848K), 1.5751750 secs] [Times: user=18.00 sys=2.45, real=1.58 secs] 
2013-06-07T17:30:20.312+0200: [GC [ParNew: 3040832K->337856K(3040832K), 1.0740510 secs] 18679577K->18714705K(30070848K), 1.0741220 secs] [Times: user=3.07 sys=10.83, real=1.07 secs] 
2013-06-07T17:30:22.100+0200: [GC [ParNew: 3040832K->337856K(3040832K), 1.1446740 secs] 21417681K->21424602K(30070848K), 1.1447460 secs] [Times: user=4.17 sys=10.66, real=1.15 secs] 
2013-06-07T17:30:32.427+0200: [GC [ParNew: 3040832K->337856K(3040832K), 1.4308010 secs] 24127578K->23509923K(30070848K), 1.4309180 secs] [Times: user=16.75 sys=1.78, real=1.43 secs] 
2013-06-07T17:30:49.684+0200: [GC [ParNew: 3040832K->188391K(3040832K), 0.0789770 secs] 26212899K->23360458K(30070848K), 0.0791350 secs] [Times: user=0.98 sys=0.03, real=0.08 secs] 
