2013-06-07T17:30:08.959+0200: [GC [ParNew: 2702976K->337856K(3040832K), 0.9306170 secs] 2702976K->2493429K(30070848K), 0.9307080 secs] [Times: user=2.09 sys=9.51, real=0.93 secs] 
2013-06-07T17:30:10.606+0200: [GC [ParNew: 3040832K->337856K(3040832K), 1.0491080 secs] 5196405K->5123854K(30070848K), 1.0491660 secs] [Times: user=2.80 sys=10.52, real=1.05 secs] 
2013-06-07T17:30:12.417+0200: [GC [ParNew: 3040832K->337856K(3040832K), 1.0752800 secs] 7826830K->7820001K(30070848K), 1.0753630 secs] [Times: user=3.24 sys=10.66, real=1.08 secs] 
2013-06-07T17:30:14.218+0200: [GC [ParNew: 3040832K->337856K(3040832K), 1.0497360 secs] 10522977K->10548565K(30070848K), 1.0498080 secs] [Times: user=3.20 sys=10.37, real=1.04 secs] 
2013-06-07T17:30:15.934+0200: [GC [ParNew: 3040832K->337856K(3040832K), 1.0826860 secs] 13251541K->13254941K(30070848K), 1.0827630 secs] [Times: user=3.51 sys=10.22, real=1.08 secs] 
2013-06-07T17:30:17.752+0200: [GC [ParNew: 3040832K->337856K(3040832K), 1.5203990 secs] 15957917K->15965191K(30070848K), 1.5204790 secs] [Times: user=17.73 sys=1.98, real=1.52 secs] 
2013-06-07T17:30:19.988+0200: [GC [ParNew: 3040832K->337856K(3040832K), 1.0912170 secs] 18668167K->18681877K(30070848K), 1.0913000 secs] [Times: user=3.04 sys=11.07, real=1.10 secs] 
2013-06-07T17:30:21.803+0200: [GC [ParNew: 3040832K->337856K(3040832K), 1.1403050 secs] 21384853K->21388348K(30070848K), 1.1403620 secs] [Times: user=3.45 sys=11.02, real=1.14 secs] 
2013-06-07T17:30:32.454+0200: [GC [ParNew: 3040832K->337856K(3040832K), 1.6333800 secs] 24091324K->23463520K(30070848K), 1.6334740 secs] [Times: user=18.68 sys=2.24, real=1.64 secs] 
2013-06-07T17:30:48.778+0200: [GC [ParNew: 3040832K->187672K(3040832K), 0.0823730 secs] 26166496K->23313337K(30070848K), 0.0825080 secs] [Times: user=1.03 sys=0.02, real=0.08 secs] 
