2013-06-07T17:30:11.011+0200: [GC [ParNew: 2702976K->337856K(3040832K), 0.9221930 secs] 2702976K->2492341K(30070848K), 0.9222660 secs] [Times: user=2.09 sys=9.54, real=0.93 secs] 
2013-06-07T17:30:12.708+0200: [GC [ParNew: 3040832K->337856K(3040832K), 1.0434840 secs] 5195317K->5129126K(30070848K), 1.0435410 secs] [Times: user=2.77 sys=10.38, real=1.05 secs] 
2013-06-07T17:30:14.476+0200: [GC [ParNew: 3040832K->337856K(3040832K), 1.0601880 secs] 7832102K->7823481K(30070848K), 1.0602430 secs] [Times: user=3.23 sys=10.50, real=1.06 secs] 
2013-06-07T17:30:16.219+0200: [GC [ParNew: 3040832K->337856K(3040832K), 1.0465130 secs] 10526457K->10578425K(30070848K), 1.0465620 secs] [Times: user=3.11 sys=10.44, real=1.05 secs] 
2013-06-07T17:30:17.990+0200: [GC [ParNew: 3040832K->337856K(3040832K), 1.0703690 secs] 13281401K->13307308K(30070848K), 1.0704170 secs] [Times: user=3.29 sys=10.26, real=1.08 secs] 
2013-06-07T17:30:19.751+0200: [GC [ParNew: 3040832K->337856K(3040832K), 1.5031550 secs] 16010284K->16008722K(30070848K), 1.5032090 secs] [Times: user=17.34 sys=2.17, real=1.51 secs] 
2013-06-07T17:30:21.966+0200: [GC [ParNew: 3040832K->337856K(3040832K), 1.0817480 secs] 18711698K->18771863K(30070848K), 1.0818060 secs] [Times: user=2.85 sys=11.16, real=1.08 secs] 
2013-06-07T17:30:23.762+0200: [GC [ParNew: 3040832K->337856K(3040832K), 1.1018190 secs] 21474839K->21463094K(30070848K), 1.1018750 secs] [Times: user=3.11 sys=10.91, real=1.10 secs] 
2013-06-07T17:30:32.457+0200: [GC [ParNew: 3040832K->337856K(3040832K), 1.4647780 secs] 24166070K->23560901K(30070848K), 1.4648860 secs] [Times: user=17.06 sys=1.92, real=1.47 secs] 
2013-06-07T17:30:50.291+0200: [GC [ParNew: 3040832K->140573K(3040832K), 0.0804550 secs] 26263877K->23363619K(30070848K), 0.0806110 secs] [Times: user=1.00 sys=0.02, real=0.08 secs] 
