2013-06-07T17:30:10.931+0200: [GC [ParNew: 2702976K->337856K(3040832K), 0.9309130 secs] 2702976K->2487334K(30070848K), 0.9309980 secs] [Times: user=1.99 sys=9.82, real=0.93 secs] 
2013-06-07T17:30:12.605+0200: [GC [ParNew: 3040832K->337856K(3040832K), 1.0367220 secs] 5190310K->5126051K(30070848K), 1.0367800 secs] [Times: user=2.90 sys=10.20, real=1.04 secs] 
2013-06-07T17:30:14.384+0200: [GC [ParNew: 3040832K->337856K(3040832K), 1.0681190 secs] 7829027K->7820277K(30070848K), 1.0681930 secs] [Times: user=3.09 sys=10.73, real=1.07 secs] 
2013-06-07T17:30:16.162+0200: [GC [ParNew: 3040832K->337856K(3040832K), 1.0279000 secs] 10523253K->10558445K(30070848K), 1.0279750 secs] [Times: user=3.07 sys=10.23, real=1.03 secs] 
2013-06-07T17:30:17.917+0200: [GC [ParNew: 3040832K->337856K(3040832K), 1.0664380 secs] 13261421K->13267414K(30070848K), 1.0665100 secs] [Times: user=3.51 sys=10.05, real=1.06 secs] 
2013-06-07T17:30:19.707+0200: [GC [ParNew: 3040832K->337856K(3040832K), 1.3616550 secs] 15970390K->15975392K(30070848K), 1.3617100 secs] [Times: user=15.79 sys=1.89, real=1.36 secs] 
2013-06-07T17:30:21.779+0200: [GC [ParNew: 3040832K->337856K(3040832K), 1.0563440 secs] 18678368K->18685579K(30070848K), 1.0563910 secs] [Times: user=3.20 sys=10.48, real=1.06 secs] 
2013-06-07T17:30:23.549+0200: [GC [ParNew: 3040832K->337856K(3040832K), 1.1525870 secs] 21388555K->21383405K(30070848K), 1.1526530 secs] [Times: user=3.67 sys=10.95, real=1.15 secs] 
2013-06-07T17:30:32.454+0200: [GC [ParNew: 3040832K->337856K(3040832K), 1.5709330 secs] 24086381K->23482135K(30070848K), 1.5710270 secs] [Times: user=18.27 sys=2.08, real=1.56 secs] 
2013-06-07T17:30:47.856+0200: [GC [ParNew: 3040832K->187725K(3040832K), 0.0836960 secs] 26185111K->23332004K(30070848K), 0.0838340 secs] [Times: user=1.07 sys=0.00, real=0.08 secs] 
