2013-06-07T17:30:10.369+0200: [GC [ParNew: 2702976K->337856K(3040832K), 0.9237080 secs] 2702976K->2486685K(30070848K), 0.9237840 secs] [Times: user=2.12 sys=9.58, real=0.92 secs] 
2013-06-07T17:30:12.058+0200: [GC [ParNew: 3040832K->337856K(3040832K), 1.0345610 secs] 5189661K->5115317K(30070848K), 1.0346400 secs] [Times: user=2.70 sys=10.67, real=1.03 secs] 
2013-06-07T17:30:13.848+0200: [GC [ParNew: 3040832K->337856K(3040832K), 1.0515090 secs] 7818293K->7809087K(30070848K), 1.0515830 secs] [Times: user=3.14 sys=10.47, real=1.05 secs] 
2013-06-07T17:30:15.629+0200: [GC [ParNew: 3040832K->337856K(3040832K), 1.0428970 secs] 10512063K->10539924K(30070848K), 1.0429560 secs] [Times: user=3.23 sys=10.24, real=1.04 secs] 
2013-06-07T17:30:17.379+0200: [GC [ParNew: 3040832K->337856K(3040832K), 1.0721660 secs] 13242900K->13242906K(30070848K), 1.0722100 secs] [Times: user=3.27 sys=10.61, real=1.07 secs] 
2013-06-07T17:30:19.155+0200: [GC [ParNew: 3040832K->337856K(3040832K), 1.4634470 secs] 15945882K->15967852K(30070848K), 1.4634860 secs] [Times: user=16.71 sys=2.18, real=1.46 secs] 
2013-06-07T17:30:21.332+0200: [GC [ParNew: 3040832K->337856K(3040832K), 1.0691240 secs] 18670828K->18687035K(30070848K), 1.0691750 secs] [Times: user=3.19 sys=10.66, real=1.07 secs] 
2013-06-07T17:30:23.114+0200: [GC [ParNew: 3040832K->337856K(3040832K), 1.1424120 secs] 21390011K->21417165K(30070848K), 1.1424590 secs] [Times: user=3.25 sys=11.55, real=1.14 secs] 
2013-06-07T17:30:32.472+0200: [GC [ParNew: 3040832K->337856K(3040832K), 1.3009710 secs] 24120141K->23525221K(30070848K), 1.3010790 secs] [Times: user=15.11 sys=1.75, real=1.30 secs] 
2013-06-07T17:30:47.030+0200: [GC [ParNew: 3040832K->155210K(3040832K), 0.0750130 secs] 26228197K->23342576K(30070848K), 0.0751690 secs] [Times: user=0.93 sys=0.01, real=0.08 secs] 
