2013-06-07T17:32:27.709+0200: [GC [ParNew: 2702976K->337856K(3040832K), 0.9295190 secs] 2702976K->2486609K(30070848K), 0.9295950 secs] [Times: user=2.24 sys=9.54, real=0.93 secs] 
2013-06-07T17:32:29.395+0200: [GC [ParNew: 3040832K->337856K(3040832K), 1.0433870 secs] 5189585K->5121034K(30070848K), 1.0434670 secs] [Times: user=2.63 sys=10.83, real=1.04 secs] 
2013-06-07T17:32:31.194+0200: [GC [ParNew: 3040832K->337856K(3040832K), 1.0662450 secs] 7824010K->7817117K(30070848K), 1.0663290 secs] [Times: user=3.43 sys=10.22, real=1.06 secs] 
2013-06-07T17:32:32.977+0200: [GC [ParNew: 3040832K->337856K(3040832K), 1.0365270 secs] 10520093K->10533707K(30070848K), 1.0366900 secs] [Times: user=3.49 sys=9.90, real=1.04 secs] 
2013-06-07T17:32:34.728+0200: [GC [ParNew: 3040832K->337856K(3040832K), 1.0816130 secs] 13236683K->13261245K(30070848K), 1.0816940 secs] [Times: user=3.60 sys=10.39, real=1.09 secs] 
2013-06-07T17:32:36.515+0200: [GC [ParNew: 3040832K->337856K(3040832K), 1.4047230 secs] 15964221K->15947804K(30070848K), 1.4048030 secs] [Times: user=15.92 sys=2.23, real=1.40 secs] 
2013-06-07T17:32:38.625+0200: [GC [ParNew: 3040832K->337856K(3040832K), 1.0843300 secs] 18650780K->18688950K(30070848K), 1.0844090 secs] [Times: user=2.98 sys=11.04, real=1.09 secs] 
2013-06-07T17:32:40.395+0200: [GC [ParNew: 3040832K->337856K(3040832K), 1.1473330 secs] 21391926K->21374611K(30070848K), 1.1474160 secs] [Times: user=3.91 sys=10.93, real=1.15 secs] 
2013-06-07T17:32:51.722+0200: [GC [ParNew: 3040832K->337856K(3040832K), 1.3846110 secs] 24077587K->23519257K(30070848K), 1.3847290 secs] [Times: user=16.00 sys=1.91, real=1.38 secs] 
2013-06-07T17:33:06.764+0200: [GC [ParNew: 3040832K->153067K(3040832K), 0.0777860 secs] 26222233K->23334468K(30070848K), 0.0779360 secs] [Times: user=0.97 sys=0.01, real=0.08 secs] 
