2013-06-07T17:32:29.233+0200: [GC [ParNew: 2702976K->337856K(3040832K), 0.9322750 secs] 2702976K->2484718K(30070848K), 0.9323520 secs] [Times: user=1.94 sys=9.88, real=0.93 secs] 
2013-06-07T17:32:30.951+0200: [GC [ParNew: 3040832K->337856K(3040832K), 1.0499970 secs] 5187694K->5122502K(30070848K), 1.0500450 secs] [Times: user=2.84 sys=10.73, real=1.05 secs] 
2013-06-07T17:32:32.726+0200: [GC [ParNew: 3040832K->337856K(3040832K), 1.0529360 secs] 7825478K->7813430K(30070848K), 1.0530010 secs] [Times: user=3.21 sys=10.15, real=1.06 secs] 
2013-06-07T17:32:34.483+0200: [GC [ParNew: 3040832K->337856K(3040832K), 1.0108080 secs] 10516406K->10564021K(30070848K), 1.0108880 secs] [Times: user=3.05 sys=10.04, real=1.01 secs] 
2013-06-07T17:32:36.216+0200: [GC [ParNew: 3040832K->337856K(3040832K), 1.0711490 secs] 13266997K->13276287K(30070848K), 1.0712210 secs] [Times: user=3.43 sys=10.43, real=1.07 secs] 
2013-06-07T17:32:37.992+0200: [GC [ParNew: 3040832K->337856K(3040832K), 1.4465560 secs] 15979263K->16003635K(30070848K), 1.4466260 secs] [Times: user=16.49 sys=2.18, real=1.45 secs] 
2013-06-07T17:32:40.131+0200: [GC [ParNew: 3040832K->337856K(3040832K), 1.0678440 secs] 18706611K->18737321K(30070848K), 1.0679180 secs] [Times: user=3.07 sys=10.76, real=1.07 secs] 
2013-06-07T17:32:41.912+0200: [GC [ParNew: 3040832K->337856K(3040832K), 1.1211310 secs] 21440297K->21436844K(30070848K), 1.1212050 secs] [Times: user=3.49 sys=11.03, real=1.12 secs] 
2013-06-07T17:32:53.296+0200: [GC [ParNew: 3040832K->337856K(3040832K), 1.2172890 secs] 24139820K->23531644K(30070848K), 1.2173950 secs] [Times: user=14.08 sys=1.69, real=1.21 secs] 
2013-06-07T17:33:08.296+0200: [GC [ParNew: 3040832K->155687K(3040832K), 0.0760890 secs] 26234620K->23349476K(30070848K), 0.0762470 secs] [Times: user=0.95 sys=0.01, real=0.07 secs] 
