2013-06-07T17:32:31.046+0200: [GC [ParNew: 2702976K->337856K(3040832K), 0.9282390 secs] 2702976K->2489527K(30070848K), 0.9283140 secs] [Times: user=2.14 sys=9.57, real=0.93 secs] 
2013-06-07T17:32:32.720+0200: [GC [ParNew: 3040832K->337856K(3040832K), 1.0399010 secs] 5192503K->5122796K(30070848K), 1.0399670 secs] [Times: user=2.81 sys=10.61, real=1.04 secs] 
2013-06-07T17:32:34.534+0200: [GC [ParNew: 3040832K->337856K(3040832K), 1.0675090 secs] 7825772K->7818399K(30070848K), 1.0675820 secs] [Times: user=3.03 sys=10.76, real=1.07 secs] 
2013-06-07T17:32:36.325+0200: [GC [ParNew: 3040832K->337856K(3040832K), 1.0141320 secs] 10521375K->10534220K(30070848K), 1.0142050 secs] [Times: user=3.36 sys=9.76, real=1.01 secs] 
2013-06-07T17:32:38.012+0200: [GC [ParNew: 3040832K->337856K(3040832K), 1.0726710 secs] 13237196K->13244982K(30070848K), 1.0727450 secs] [Times: user=3.46 sys=10.43, real=1.08 secs] 
2013-06-07T17:32:39.799+0200: [GC [ParNew: 3040832K->337856K(3040832K), 1.5768990 secs] 15947958K->15942075K(30070848K), 1.5769700 secs] [Times: user=17.49 sys=2.48, real=1.58 secs] 
2013-06-07T17:32:42.080+0200: [GC [ParNew: 3040832K->337856K(3040832K), 1.0512550 secs] 18645051K->18663947K(30070848K), 1.0513290 secs] [Times: user=3.06 sys=10.55, real=1.06 secs] 
2013-06-07T17:32:43.794+0200: [GC [ParNew: 3040832K->337856K(3040832K), 1.1463190 secs] 21366923K->21385882K(30070848K), 1.1463910 secs] [Times: user=3.82 sys=11.02, real=1.14 secs] 
2013-06-07T17:32:53.186+0200: [GC [ParNew: 3040832K->337856K(3040832K), 1.5116930 secs] 24088858K->23505651K(30070848K), 1.5118020 secs] [Times: user=17.67 sys=1.93, real=1.51 secs] 
2013-06-07T17:33:07.446+0200: [GC [ParNew: 3040832K->155091K(3040832K), 0.0772890 secs] 26208627K->23322886K(30070848K), 0.0774440 secs] [Times: user=0.95 sys=0.02, real=0.08 secs] 
