2013-06-07T17:32:31.756+0200: [GC [ParNew: 2702976K->337855K(3040832K), 0.9326170 secs] 2702976K->2493671K(30070848K), 0.9327070 secs] [Times: user=2.07 sys=9.79, real=0.93 secs] 
2013-06-07T17:32:33.453+0200: [GC [ParNew: 3040831K->337856K(3040832K), 1.0420950 secs] 5196647K->5125157K(30070848K), 1.0422370 secs] [Times: user=2.84 sys=10.62, real=1.04 secs] 
2013-06-07T17:32:35.250+0200: [GC [ParNew: 3040832K->337856K(3040832K), 1.0468890 secs] 7828133K->7816886K(30070848K), 1.0469550 secs] [Times: user=3.24 sys=10.32, real=1.05 secs] 
2013-06-07T17:32:37.021+0200: [GC [ParNew: 3040832K->337856K(3040832K), 1.0358070 secs] 10519862K->10551661K(30070848K), 1.0358560 secs] [Times: user=3.20 sys=10.20, real=1.04 secs] 
2013-06-07T17:32:38.769+0200: [GC [ParNew: 3040832K->337856K(3040832K), 1.0771230 secs] 13254637K->13280736K(30070848K), 1.0771890 secs] [Times: user=3.28 sys=10.68, real=1.08 secs] 
2013-06-07T17:32:40.562+0200: [GC [ParNew: 3040832K->337856K(3040832K), 1.3615980 secs] 15983712K->16003953K(30070848K), 1.3616650 secs] [Times: user=15.51 sys=2.16, real=1.37 secs] 
2013-06-07T17:32:42.618+0200: [GC [ParNew: 3040832K->337856K(3040832K), 1.0737500 secs] 18706929K->18722336K(30070848K), 1.0738160 secs] [Times: user=3.11 sys=10.79, real=1.08 secs] 
2013-06-07T17:32:44.382+0200: [GC [ParNew: 3040832K->337856K(3040832K), 1.1507760 secs] 21425312K->21430536K(30070848K), 1.1508430 secs] [Times: user=4.02 sys=10.88, real=1.16 secs] 
2013-06-07T17:32:51.622+0200: [GC [ParNew: 3040832K->337856K(3040832K), 1.3519970 secs] 24133512K->23537498K(30070848K), 1.3520930 secs] [Times: user=15.65 sys=1.87, real=1.36 secs] 
2013-06-07T17:33:07.618+0200: [GC [ParNew: 3040832K->154996K(3040832K), 0.0797630 secs] 26240474K->23354639K(30070848K), 0.0798940 secs] [Times: user=1.01 sys=0.01, real=0.08 secs] 
