2013-06-07T17:32:30.625+0200: [GC [ParNew: 2702976K->337855K(3040832K), 0.9401220 secs] 2702976K->2495094K(30070848K), 0.9401960 secs] [Times: user=2.00 sys=9.90, real=0.94 secs] 
2013-06-07T17:32:32.327+0200: [GC [ParNew: 3040831K->337856K(3040832K), 1.0677950 secs] 5198070K->5127223K(30070848K), 1.0678410 secs] [Times: user=2.74 sys=11.04, real=1.07 secs] 
2013-06-07T17:32:34.180+0200: [GC [ParNew: 3040832K->337856K(3040832K), 1.0741450 secs] 7830199K->7822314K(30070848K), 1.0742210 secs] [Times: user=3.18 sys=10.73, real=1.08 secs] 
2013-06-07T17:32:35.979+0200: [GC [ParNew: 3040832K->337856K(3040832K), 1.0564170 secs] 10525290K->10547900K(30070848K), 1.0564900 secs] [Times: user=3.22 sys=10.46, real=1.06 secs] 
2013-06-07T17:32:37.759+0200: [GC [ParNew: 3040832K->337856K(3040832K), 1.0917610 secs] 13250876K->13276943K(30070848K), 1.0918320 secs] [Times: user=3.51 sys=10.62, real=1.10 secs] 
2013-06-07T17:32:39.574+0200: [GC [ParNew: 3040832K->337856K(3040832K), 1.5448550 secs] 15979919K->15966480K(30070848K), 1.5449300 secs] [Times: user=17.44 sys=2.61, real=1.55 secs] 
2013-06-07T17:32:41.811+0200: [GC [ParNew: 3040832K->337856K(3040832K), 1.0718190 secs] 18669456K->18721072K(30070848K), 1.0718920 secs] [Times: user=3.08 sys=10.80, real=1.07 secs] 
2013-06-07T17:32:43.576+0200: [GC [ParNew: 3040832K->337856K(3040832K), 1.1480650 secs] 21424048K->21421236K(30070848K), 1.1481190 secs] [Times: user=3.94 sys=10.73, real=1.15 secs] 
2013-06-07T17:32:51.800+0200: [GC [ParNew: 2997046K->337856K(3040832K), 1.4065730 secs] 24080427K->23546710K(30070848K), 1.4066800 secs] [Times: user=16.23 sys=1.98, real=1.40 secs] 
2013-06-07T17:33:08.410+0200: [GC [ParNew: 3040832K->155362K(3040832K), 0.0787410 secs] 26249686K->23364217K(30070848K), 0.0788980 secs] [Times: user=0.99 sys=0.02, real=0.08 secs] 
