2013-06-07T17:32:30.059+0200: [GC [ParNew: 2702976K->337856K(3040832K), 0.9165480 secs] 2702976K->2487110K(30070848K), 0.9166210 secs] [Times: user=2.13 sys=9.47, real=0.92 secs] 
2013-06-07T17:32:31.754+0200: [GC [ParNew: 3040832K->337856K(3040832K), 1.0566140 secs] 5190086K->5115787K(30070848K), 1.0566710 secs] [Times: user=2.63 sys=10.96, real=1.06 secs] 
2013-06-07T17:32:33.556+0200: [GC [ParNew: 3040832K->337856K(3040832K), 1.0639050 secs] 7818763K->7811839K(30070848K), 1.0639500 secs] [Times: user=3.27 sys=10.52, real=1.06 secs] 
2013-06-07T17:32:35.327+0200: [GC [ParNew: 3040832K->337856K(3040832K), 1.0274850 secs] 10514815K->10532174K(30070848K), 1.0275320 secs] [Times: user=3.30 sys=10.00, real=1.03 secs] 
2013-06-07T17:32:37.087+0200: [GC [ParNew: 3040832K->337856K(3040832K), 1.0705400 secs] 13235150K->13241047K(30070848K), 1.0706170 secs] [Times: user=3.44 sys=10.36, real=1.07 secs] 
2013-06-07T17:32:38.855+0200: [GC [ParNew: 3040832K->337856K(3040832K), 1.4714030 secs] 15944023K->15963432K(30070848K), 1.4714740 secs] [Times: user=16.63 sys=2.47, real=1.47 secs] 
2013-06-07T17:32:41.042+0200: [GC [ParNew: 3040832K->337856K(3040832K), 1.0839340 secs] 18666408K->18692508K(30070848K), 1.0840060 secs] [Times: user=2.94 sys=11.10, real=1.08 secs] 
2013-06-07T17:32:42.852+0200: [GC [ParNew: 3040832K->337856K(3040832K), 1.1760020 secs] 21395484K->21407815K(30070848K), 1.1760750 secs] [Times: user=4.00 sys=11.16, real=1.17 secs] 
2013-06-07T17:32:52.039+0200: [GC [ParNew: 3040832K->337856K(3040832K), 1.5408480 secs] 24110791K->23499224K(30070848K), 1.5409550 secs] [Times: user=18.03 sys=1.93, real=1.54 secs] 
2013-06-07T17:33:08.643+0200: [GC [ParNew: 3040832K->178831K(3040832K), 0.0788070 secs] 26202200K->23340200K(30070848K), 0.0789590 secs] [Times: user=1.01 sys=0.00, real=0.08 secs] 
