2013-06-07T17:32:29.341+0200: [GC [ParNew: 2702976K->337855K(3040832K), 0.9395660 secs] 2702976K->2489073K(30070848K), 0.9396610 secs] [Times: user=1.96 sys=9.95, real=0.94 secs] 
2013-06-07T17:32:31.043+0200: [GC [ParNew: 3040831K->337856K(3040832K), 1.0600940 secs] 5192049K->5123125K(30070848K), 1.0601690 secs] [Times: user=2.93 sys=10.74, real=1.06 secs] 
2013-06-07T17:32:32.858+0200: [GC [ParNew: 3040832K->337856K(3040832K), 1.0617300 secs] 7826101K->7812165K(30070848K), 1.0618010 secs] [Times: user=3.36 sys=10.39, real=1.06 secs] 
2013-06-07T17:32:34.612+0200: [GC [ParNew: 3040832K->337856K(3040832K), 1.0216370 secs] 10515141K->10536727K(30070848K), 1.0217170 secs] [Times: user=3.19 sys=10.03, real=1.02 secs] 
2013-06-07T17:32:36.352+0200: [GC [ParNew: 3040832K->337856K(3040832K), 1.0785210 secs] 13239703K->13244831K(30070848K), 1.0785910 secs] [Times: user=3.52 sys=10.45, real=1.08 secs] 
2013-06-07T17:32:38.144+0200: [GC [ParNew: 3040832K->337856K(3040832K), 1.4134260 secs] 15947807K->15943556K(30070848K), 1.4134990 secs] [Times: user=16.09 sys=2.26, real=1.42 secs] 
2013-06-07T17:32:40.251+0200: [GC [ParNew: 3040832K->337856K(3040832K), 1.0637370 secs] 18646532K->18666261K(30070848K), 1.0638100 secs] [Times: user=2.82 sys=10.96, real=1.06 secs] 
2013-06-07T17:32:42.026+0200: [GC [ParNew: 3040832K->337856K(3040832K), 1.0954870 secs] 21369237K->21352114K(30070848K), 1.0955600 secs] [Times: user=3.24 sys=10.95, real=1.09 secs] 
2013-06-07T17:32:51.875+0200: [GC [ParNew: 3040832K->337856K(3040832K), 1.3711240 secs] 24055090K->23500927K(30070848K), 1.3712300 secs] [Times: user=15.97 sys=1.80, real=1.38 secs] 
2013-06-07T17:33:07.608+0200: [GC [ParNew: 3040832K->155160K(3040832K), 0.0795850 secs] 26203903K->23318231K(30070848K), 0.0797880 secs] [Times: user=1.00 sys=0.02, real=0.08 secs] 
