2013-06-07T17:32:31.259+0200: [GC [ParNew: 2702976K->337856K(3040832K), 0.9166060 secs] 2702976K->2487178K(30070848K), 0.9166800 secs] [Times: user=1.76 sys=9.84, real=0.92 secs] 
2013-06-07T17:32:32.951+0200: [GC [ParNew: 3040832K->337856K(3040832K), 1.0550140 secs] 5190154K->5119422K(30070848K), 1.0551180 secs] [Times: user=2.70 sys=10.92, real=1.06 secs] 
2013-06-07T17:32:34.735+0200: [GC [ParNew: 3040832K->337856K(3040832K), 1.0630360 secs] 7822398K->7815921K(30070848K), 1.0631060 secs] [Times: user=3.05 sys=10.73, real=1.06 secs] 
2013-06-07T17:32:36.503+0200: [GC [ParNew: 3040832K->337856K(3040832K), 1.0218270 secs] 10518897K->10552745K(30070848K), 1.0219000 secs] [Times: user=3.21 sys=10.03, real=1.02 secs] 
2013-06-07T17:32:38.250+0200: [GC [ParNew: 3040832K->337856K(3040832K), 1.0716860 secs] 13255721K->13261522K(30070848K), 1.0717570 secs] [Times: user=3.22 sys=10.66, real=1.07 secs] 
2013-06-07T17:32:40.036+0200: [GC [ParNew: 3040832K->337856K(3040832K), 1.4297400 secs] 15964498K->15983555K(30070848K), 1.4298120 secs] [Times: user=16.37 sys=2.18, real=1.43 secs] 
2013-06-07T17:32:42.170+0200: [GC [ParNew: 3040832K->337856K(3040832K), 1.0614590 secs] 18686531K->18704050K(30070848K), 1.0615310 secs] [Times: user=2.91 sys=10.83, real=1.06 secs] 
2013-06-07T17:32:43.947+0200: [GC [ParNew: 3040832K->337856K(3040832K), 1.1430020 secs] 21407026K->21407064K(30070848K), 1.1431320 secs] [Times: user=3.72 sys=11.08, real=1.14 secs] 
2013-06-07T17:32:51.787+0200: [GC [ParNew: 3040832K->337856K(3040832K), 1.3634550 secs] 24110040K->23516722K(30070848K), 1.3635640 secs] [Times: user=15.85 sys=1.80, real=1.36 secs] 
2013-06-07T17:33:09.548+0200: [GC [ParNew: 3040832K->180281K(3040832K), 0.0900110 secs] 26219698K->23359147K(30070848K), 0.0901700 secs] [Times: user=1.13 sys=0.02, real=0.09 secs] 
