2013-06-07T17:32:28.446+0200: [GC [ParNew: 2702976K->337856K(3040832K), 0.9296950 secs] 2702976K->2485649K(30070848K), 0.9297930 secs] [Times: user=2.18 sys=9.24, real=0.92 secs] 
2013-06-07T17:32:30.141+0200: [GC [ParNew: 3040832K->337856K(3040832K), 1.0445880 secs] 5188625K->5121026K(30070848K), 1.0446650 secs] [Times: user=2.66 sys=10.81, real=1.05 secs] 
2013-06-07T17:32:31.929+0200: [GC [ParNew: 3040832K->337856K(3040832K), 1.0503510 secs] 7824002K->7815124K(30070848K), 1.0504290 secs] [Times: user=3.17 sys=10.43, real=1.05 secs] 
2013-06-07T17:32:33.659+0200: [GC [ParNew: 3040832K->337856K(3040832K), 1.0235880 secs] 10518100K->10544649K(30070848K), 1.0236590 secs] [Times: user=3.26 sys=9.86, real=1.02 secs] 
2013-06-07T17:32:35.415+0200: [GC [ParNew: 3040832K->337856K(3040832K), 1.0646160 secs] 13247625K->13249584K(30070848K), 1.0646900 secs] [Times: user=3.40 sys=10.38, real=1.07 secs] 
2013-06-07T17:32:37.184+0200: [GC [ParNew: 3040832K->337856K(3040832K), 1.3312220 secs] 15952560K->15945011K(30070848K), 1.3314010 secs] [Times: user=15.34 sys=1.93, real=1.33 secs] 
2013-06-07T17:32:39.190+0200: [GC [ParNew: 3040832K->337856K(3040832K), 1.0558010 secs] 18647987K->18660865K(30070848K), 1.0558750 secs] [Times: user=3.21 sys=10.32, real=1.06 secs] 
2013-06-07T17:32:40.970+0200: [GC [ParNew: 3040832K->337856K(3040832K), 1.1632540 secs] 21363841K->21352960K(30070848K), 1.1633300 secs] [Times: user=4.20 sys=10.86, real=1.17 secs] 
2013-06-07T17:32:52.043+0200: [GC [ParNew: 3040832K->337856K(3040832K), 1.5433920 secs] 24055936K->23486118K(30070848K), 1.5434640 secs] [Times: user=17.92 sys=2.09, real=1.55 secs] 
2013-06-07T17:33:10.683+0200: [GC [ParNew: 3040832K->188520K(3040832K), 0.0839470 secs] 26189094K->23336782K(30070848K), 0.0840780 secs] [Times: user=1.07 sys=0.01, real=0.09 secs] 
