2013-06-07T17:32:31.426+0200: [GC [ParNew: 2702976K->337856K(3040832K), 0.9311220 secs] 2702976K->2482390K(30070848K), 0.9311970 secs] [Times: user=2.08 sys=9.66, real=0.94 secs] 
2013-06-07T17:32:33.133+0200: [GC [ParNew: 3040832K->337856K(3040832K), 1.0411140 secs] 5185366K->5122136K(30070848K), 1.0411950 secs] [Times: user=2.68 sys=10.75, real=1.05 secs] 
2013-06-07T17:32:34.937+0200: [GC [ParNew: 3040832K->337856K(3040832K), 1.0463760 secs] 7825112K->7818508K(30070848K), 1.0464460 secs] [Times: user=3.16 sys=10.39, real=1.04 secs] 
2013-06-07T17:32:36.686+0200: [GC [ParNew: 3040832K->337856K(3040832K), 0.9991320 secs] 10521484K->10546399K(30070848K), 0.9991870 secs] [Times: user=3.20 sys=9.73, real=1.00 secs] 
2013-06-07T17:32:38.398+0200: [GC [ParNew: 3040832K->337856K(3040832K), 1.0693290 secs] 13249375K->13274770K(30070848K), 1.0693740 secs] [Times: user=3.42 sys=10.42, real=1.07 secs] 
2013-06-07T17:32:40.182+0200: [GC [ParNew: 3040832K->337856K(3040832K), 1.4757710 secs] 15977746K->15976280K(30070848K), 1.4758410 secs] [Times: user=16.63 sys=2.54, real=1.48 secs] 
2013-06-07T17:32:42.373+0200: [GC [ParNew: 3040832K->337856K(3040832K), 1.0764970 secs] 18679256K->18712336K(30070848K), 1.0765690 secs] [Times: user=3.10 sys=10.85, real=1.08 secs] 
2013-06-07T17:32:44.164+0200: [GC [ParNew: 3040832K->337856K(3040832K), 1.1373640 secs] 21415312K->21429180K(30070848K), 1.1374380 secs] [Times: user=3.81 sys=10.92, real=1.14 secs] 
2013-06-07T17:32:53.249+0200: [GC [ParNew: 3040832K->337856K(3040832K), 1.5411450 secs] 24132156K->23503167K(30070848K), 1.5412560 secs] [Times: user=17.91 sys=2.05, real=1.54 secs] 
2013-06-07T17:33:07.319+0200: [GC [ParNew: 3040832K->180728K(3040832K), 0.0790520 secs] 26206143K->23346040K(30070848K), 0.0792170 secs] [Times: user=0.97 sys=0.04, real=0.08 secs] 
