2013-06-07T17:32:29.929+0200: [GC [ParNew: 2702976K->337856K(3040832K), 0.9418010 secs] 2702976K->2484690K(30070848K), 0.9418780 secs] [Times: user=2.05 sys=9.96, real=0.94 secs] 
2013-06-07T17:32:31.605+0200: [GC [ParNew: 3040832K->337856K(3040832K), 1.0524740 secs] 5187666K->5128151K(30070848K), 1.0525410 secs] [Times: user=2.67 sys=10.70, real=1.05 secs] 
2013-06-07T17:32:33.372+0200: [GC [ParNew: 3040832K->337856K(3040832K), 1.0679060 secs] 7831127K->7820489K(30070848K), 1.0679620 secs] [Times: user=3.21 sys=10.62, real=1.07 secs] 
2013-06-07T17:32:35.141+0200: [GC [ParNew: 3040832K->337856K(3040832K), 1.0021180 secs] 10523465K->10541561K(30070848K), 1.0021660 secs] [Times: user=2.95 sys=10.03, real=1.00 secs] 
2013-06-07T17:32:36.855+0200: [GC [ParNew: 3040832K->337856K(3040832K), 1.0779580 secs] 13244537K->13255172K(30070848K), 1.0780150 secs] [Times: user=3.40 sys=10.55, real=1.08 secs] 
2013-06-07T17:32:38.668+0200: [GC [ParNew: 3040832K->337856K(3040832K), 1.3466300 secs] 15958148K->15977557K(30070848K), 1.3466880 secs] [Times: user=15.46 sys=1.99, real=1.34 secs] 
2013-06-07T17:32:40.729+0200: [GC [ParNew: 3040832K->337856K(3040832K), 1.0623900 secs] 18680533K->18683197K(30070848K), 1.0624560 secs] [Times: user=2.89 sys=10.87, real=1.06 secs] 
2013-06-07T17:32:42.506+0200: [GC [ParNew: 3040832K->337856K(3040832K), 1.1527190 secs] 21386173K->21385282K(30070848K), 1.1527750 secs] [Times: user=3.68 sys=11.00, real=1.16 secs] 
2013-06-07T17:32:53.286+0200: [GC [ParNew: 3040832K->337856K(3040832K), 1.5624720 secs] 24088258K->23501404K(30070848K), 1.5625800 secs] [Times: user=18.08 sys=1.96, real=1.56 secs] 
2013-06-07T17:33:08.235+0200: [GC [ParNew: 3040832K->148133K(3040832K), 0.0746990 secs] 26204380K->23311682K(30070848K), 0.0748260 secs] [Times: user=0.93 sys=0.02, real=0.07 secs] 
