2013-06-07T17:32:28.351+0200: [GC [ParNew: 2702976K->337855K(3040832K), 0.9517240 secs] 2702976K->2486810K(30070848K), 0.9518280 secs] [Times: user=2.31 sys=9.61, real=0.95 secs] 
2013-06-07T17:32:30.087+0200: [GC [ParNew: 3040831K->337856K(3040832K), 1.0609290 secs] 5189786K->5125779K(30070848K), 1.0610080 secs] [Times: user=3.10 sys=10.23, real=1.06 secs] 
2013-06-07T17:32:31.913+0200: [GC [ParNew: 3040832K->337856K(3040832K), 1.0765380 secs] 7828755K->7816676K(30070848K), 1.0766870 secs] [Times: user=3.21 sys=10.72, real=1.08 secs] 
2013-06-07T17:32:33.703+0200: [GC [ParNew: 3040832K->337856K(3040832K), 1.0512300 secs] 10519652K->10545687K(30070848K), 1.0513100 secs] [Times: user=3.36 sys=10.22, real=1.05 secs] 
2013-06-07T17:32:35.486+0200: [GC [ParNew: 3040832K->337856K(3040832K), 1.0800930 secs] 13248663K->13256770K(30070848K), 1.0801460 secs] [Times: user=3.45 sys=10.21, real=1.08 secs] 
2013-06-07T17:32:37.292+0200: [GC [ParNew: 3040832K->337856K(3040832K), 1.4486190 secs] 15959746K->15947971K(30070848K), 1.4486970 secs] [Times: user=16.80 sys=1.98, real=1.45 secs] 
2013-06-07T17:32:39.464+0200: [GC [ParNew: 3040832K->337856K(3040832K), 1.0797190 secs] 18650947K->18690846K(30070848K), 1.0797980 secs] [Times: user=3.09 sys=10.88, real=1.08 secs] 
2013-06-07T17:32:41.270+0200: [GC [ParNew: 3040832K->337856K(3040832K), 1.1398840 secs] 21393822K->21389921K(30070848K), 1.1399750 secs] [Times: user=3.44 sys=11.07, real=1.14 secs] 
2013-06-07T17:32:51.807+0200: [GC [ParNew: 3040832K->337856K(3040832K), 1.5428210 secs] 24092897K->23481778K(30070848K), 1.5429410 secs] [Times: user=17.81 sys=1.98, real=1.55 secs] 
2013-06-07T17:33:07.691+0200: [GC [ParNew: 3040832K->180337K(3040832K), 0.0800680 secs] 26184754K->23324260K(30070848K), 0.0802200 secs] [Times: user=1.02 sys=0.00, real=0.08 secs] 
