2013-06-07T17:32:30.853+0200: [GC [ParNew: 2702976K->337856K(3040832K), 0.9387030 secs] 2702976K->2494320K(30070848K), 0.9387770 secs] [Times: user=2.16 sys=9.66, real=0.94 secs] 
2013-06-07T17:32:32.503+0200: [GC [ParNew: 3040832K->337856K(3040832K), 1.0569740 secs] 5197296K->5127242K(30070848K), 1.0570390 secs] [Times: user=2.91 sys=10.75, real=1.06 secs] 
2013-06-07T17:32:34.315+0200: [GC [ParNew: 3040832K->337856K(3040832K), 1.0671200 secs] 7830218K->7823165K(30070848K), 1.0671920 secs] [Times: user=3.42 sys=10.39, real=1.07 secs] 
2013-06-07T17:32:36.106+0200: [GC [ParNew: 3040832K->337856K(3040832K), 1.0310430 secs] 10526141K->10543501K(30070848K), 1.0311190 secs] [Times: user=3.49 sys=9.80, real=1.04 secs] 
2013-06-07T17:32:37.846+0200: [GC [ParNew: 3040832K->337856K(3040832K), 1.0770650 secs] 13246477K->13266685K(30070848K), 1.0771360 secs] [Times: user=3.40 sys=10.54, real=1.08 secs] 
2013-06-07T17:32:39.638+0200: [GC [ParNew: 3040832K->337856K(3040832K), 1.3166960 secs] 15969661K->15963649K(30070848K), 1.3167670 secs] [Times: user=14.87 sys=2.22, real=1.31 secs] 
2013-06-07T17:32:41.649+0200: [GC [ParNew: 3040832K->337856K(3040832K), 1.0754010 secs] 18666625K->18680527K(30070848K), 1.0754780 secs] [Times: user=2.91 sys=10.96, real=1.07 secs] 
2013-06-07T17:32:43.438+0200: [GC [ParNew: 3040832K->337856K(3040832K), 1.1531370 secs] 21383503K->21377073K(30070848K), 1.1532060 secs] [Times: user=3.96 sys=10.97, real=1.15 secs] 
2013-06-07T17:32:51.731+0200: [GC [ParNew: 3040832K->337856K(3040832K), 1.3523370 secs] 24080049K->23498732K(30070848K), 1.3524190 secs] [Times: user=15.31 sys=1.87, real=1.35 secs] 
2013-06-07T17:33:09.976+0200: [GC [ParNew: 3040832K->180103K(3040832K), 0.0789820 secs] 26201708K->23340979K(30070848K), 0.0791090 secs] [Times: user=1.00 sys=0.00, real=0.08 secs] 
