2013-06-07T17:32:28.118+0200: [GC [ParNew: 2702976K->337856K(3040832K), 0.9531740 secs] 2702976K->2490462K(30070848K), 0.9532590 secs] [Times: user=2.28 sys=9.86, real=0.95 secs] 
2013-06-07T17:32:29.837+0200: [GC [ParNew: 3040832K->337856K(3040832K), 1.0671560 secs] 5193438K->5127717K(30070848K), 1.0672270 secs] [Times: user=2.90 sys=10.88, real=1.07 secs] 
2013-06-07T17:32:31.661+0200: [GC [ParNew: 3040832K->337856K(3040832K), 1.0785640 secs] 7830693K->7823640K(30070848K), 1.0786410 secs] [Times: user=3.40 sys=10.54, real=1.07 secs] 
2013-06-07T17:32:33.455+0200: [GC [ParNew: 3040832K->337856K(3040832K), 1.0626060 secs] 10526616K->10573654K(30070848K), 1.0626850 secs] [Times: user=3.49 sys=10.25, real=1.06 secs] 
2013-06-07T17:32:35.244+0200: [GC [ParNew: 3040832K->337856K(3040832K), 1.0977830 secs] 13276630K->13304490K(30070848K), 1.0978620 secs] [Times: user=3.66 sys=10.53, real=1.10 secs] 
2013-06-07T17:32:37.037+0200: [GC [ParNew: 3040832K->337856K(3040832K), 1.5369470 secs] 16007466K->16010355K(30070848K), 1.5370240 secs] [Times: user=17.90 sys=2.02, real=1.54 secs] 
2013-06-07T17:32:39.290+0200: [GC [ParNew: 3040832K->337856K(3040832K), 1.0595960 secs] 18713331K->18730370K(30070848K), 1.0596720 secs] [Times: user=3.24 sys=10.46, real=1.06 secs] 
2013-06-07T17:32:41.065+0200: [GC [ParNew: 3040832K->337856K(3040832K), 1.1644090 secs] 21433346K->21449007K(30070848K), 1.1644860 secs] [Times: user=4.04 sys=11.01, real=1.16 secs] 
2013-06-07T17:32:53.125+0200: [GC [ParNew: 3040832K->337856K(3040832K), 1.7876010 secs] 24151983K->23537743K(30070848K), 1.7877650 secs] [Times: user=20.96 sys=2.17, real=1.79 secs] 
2013-06-07T17:33:09.983+0200: [GC [ParNew: 3040832K->187692K(3040832K), 0.0924130 secs] 26240719K->23387580K(30070848K), 0.0925400 secs] [Times: user=1.15 sys=0.03, real=0.09 secs] 
