2013-06-07T17:32:28.983+0200: [GC [ParNew: 2702976K->337856K(3040832K), 0.9352350 secs] 2702976K->2483253K(30070848K), 0.9353130 secs] [Times: user=1.98 sys=9.93, real=0.94 secs] 
2013-06-07T17:32:30.692+0200: [GC [ParNew: 3040832K->337856K(3040832K), 1.0516490 secs] 5186229K->5116303K(30070848K), 1.0517270 secs] [Times: user=2.75 sys=10.70, real=1.05 secs] 
2013-06-07T17:32:32.489+0200: [GC [ParNew: 3040832K->337856K(3040832K), 1.0552530 secs] 7819279K->7807008K(30070848K), 1.0553110 secs] [Times: user=3.22 sys=10.39, real=1.05 secs] 
2013-06-07T17:32:34.268+0200: [GC [ParNew: 3040832K->337856K(3040832K), 1.0358810 secs] 10509984K->10539958K(30070848K), 1.0359360 secs] [Times: user=3.14 sys=10.26, real=1.03 secs] 
2013-06-07T17:32:36.005+0200: [GC [ParNew: 3040832K->337856K(3040832K), 1.0727020 secs] 13242934K->13271338K(30070848K), 1.0727670 secs] [Times: user=3.57 sys=10.17, real=1.07 secs] 
2013-06-07T17:32:37.791+0200: [GC [ParNew: 3040832K->337856K(3040832K), 1.4342880 secs] 15974314K->15988248K(30070848K), 1.4343620 secs] [Times: user=16.44 sys=2.12, real=1.43 secs] 
2013-06-07T17:32:39.949+0200: [GC [ParNew: 3040832K->337856K(3040832K), 1.0953110 secs] 18691224K->18713130K(30070848K), 1.0953860 secs] [Times: user=3.60 sys=10.58, real=1.09 secs] 
2013-06-07T17:32:41.748+0200: [GC [ParNew: 3040832K->337856K(3040832K), 1.1139590 secs] 21416106K->21406186K(30070848K), 1.1140330 secs] [Times: user=3.15 sys=11.17, real=1.11 secs] 
2013-06-07T17:32:51.504+0200: [GC [ParNew: 3040832K->337856K(3040832K), 1.4429490 secs] 24109162K->23538413K(30070848K), 1.4430420 secs] [Times: user=16.79 sys=1.91, real=1.45 secs] 
2013-06-07T17:33:08.590+0200: [GC [ParNew: 3040832K->154633K(3040832K), 0.0779740 secs] 26241389K->23355190K(30070848K), 0.0781280 secs] [Times: user=0.97 sys=0.01, real=0.08 secs] 
