2013-06-07T17:32:27.771+0200: [GC [ParNew: 2702976K->337856K(3040832K), 0.9368790 secs] 2702976K->2496364K(30070848K), 0.9369510 secs] [Times: user=2.31 sys=9.32, real=0.94 secs] 
2013-06-07T17:32:29.464+0200: [GC [ParNew: 3040832K->337856K(3040832K), 1.0740290 secs] 5199340K->5131422K(30070848K), 1.0741010 secs] [Times: user=2.94 sys=10.90, real=1.07 secs] 
2013-06-07T17:32:31.263+0200: [GC [ParNew: 3040832K->337856K(3040832K), 1.0641910 secs] 7834398K->7821934K(30070848K), 1.0642610 secs] [Times: user=3.22 sys=10.57, real=1.07 secs] 
2013-06-07T17:32:33.041+0200: [GC [ParNew: 3040832K->337856K(3040832K), 1.0469070 secs] 10524910K->10576110K(30070848K), 1.0469650 secs] [Times: user=3.50 sys=9.80, real=1.05 secs] 
2013-06-07T17:32:34.789+0200: [GC [ParNew: 3040832K->337856K(3040832K), 1.0966510 secs] 13279086K->13305153K(30070848K), 1.0967040 secs] [Times: user=3.51 sys=10.65, real=1.09 secs] 
2013-06-07T17:32:36.590+0200: [GC [ParNew: 3040832K->337856K(3040832K), 1.6609070 secs] 16008129K->16008425K(30070848K), 1.6609660 secs] [Times: user=19.40 sys=2.17, real=1.66 secs] 
2013-06-07T17:32:38.943+0200: [GC [ParNew: 3040832K->337856K(3040832K), 1.0249880 secs] 18711401K->18703308K(30070848K), 1.0250560 secs] [Times: user=3.41 sys=9.67, real=1.03 secs] 
2013-06-07T17:32:40.680+0200: [GC [ParNew: 3040832K->337856K(3040832K), 1.1361070 secs] 21406284K->21406833K(30070848K), 1.1361740 secs] [Times: user=3.42 sys=11.29, real=1.13 secs] 
2013-06-07T17:32:51.793+0200: [GC [ParNew: 3040832K->337856K(3040832K), 1.4631990 secs] 24109809K->23544660K(30070848K), 1.4632740 secs] [Times: user=17.17 sys=1.79, real=1.46 secs] 
2013-06-07T17:33:08.794+0200: [GC [ParNew: 3040832K->154543K(3040832K), 0.0782150 secs] 26247636K->23361347K(30070848K), 0.0783630 secs] [Times: user=0.98 sys=0.01, real=0.08 secs] 
