2013-06-07T17:32:30.316+0200: [GC [ParNew: 2702976K->337855K(3040832K), 0.9444440 secs] 2702976K->2495305K(30070848K), 0.9445460 secs] [Times: user=2.13 sys=9.84, real=0.94 secs] 
2013-06-07T17:32:32.037+0200: [GC [ParNew: 3040831K->337856K(3040832K), 1.0657330 secs] 5198281K->5131455K(30070848K), 1.0658070 secs] [Times: user=2.84 sys=10.70, real=1.06 secs] 
2013-06-07T17:32:33.824+0200: [GC [ParNew: 3040832K->337856K(3040832K), 1.0635440 secs] 7834431K->7826930K(30070848K), 1.0636190 secs] [Times: user=3.33 sys=10.46, real=1.06 secs] 
2013-06-07T17:32:35.560+0200: [GC [ParNew: 3040832K->337856K(3040832K), 1.0203110 secs] 10529906K->10562313K(30070848K), 1.0203830 secs] [Times: user=3.39 sys=9.81, real=1.02 secs] 
2013-06-07T17:32:37.304+0200: [GC [ParNew: 3040832K->337856K(3040832K), 1.0652330 secs] 13265289K->13272723K(30070848K), 1.0653050 secs] [Times: user=3.58 sys=9.88, real=1.06 secs] 
2013-06-07T17:32:39.083+0200: [GC [ParNew: 3040832K->337856K(3040832K), 1.4484270 secs] 15975699K->15976410K(30070848K), 1.4485030 secs] [Times: user=16.48 sys=2.27, real=1.46 secs] 
2013-06-07T17:32:41.204+0200: [GC [ParNew: 3040832K->337856K(3040832K), 1.0425800 secs] 18679386K->18702989K(30070848K), 1.0426510 secs] [Times: user=2.95 sys=10.56, real=1.04 secs] 
2013-06-07T17:32:42.960+0200: [GC [ParNew: 3040832K->337856K(3040832K), 1.1024280 secs] 21405965K->21379205K(30070848K), 1.1025020 secs] [Times: user=3.18 sys=10.90, real=1.10 secs] 
2013-06-07T17:32:52.317+0200: [GC [ParNew: 3040832K->337856K(3040832K), 1.4896750 secs] 24082181K->23477690K(30070848K), 1.4897850 secs] [Times: user=17.38 sys=1.93, real=1.49 secs] 
2013-06-07T17:33:07.963+0200: [GC [ParNew: 3040832K->188509K(3040832K), 0.0781980 secs] 26180666K->23328343K(30070848K), 0.0784030 secs] [Times: user=0.99 sys=0.01, real=0.08 secs] 
