2013-06-07T17:32:31.932+0200: [GC [ParNew: 2702976K->337855K(3040832K), 0.9141390 secs] 2702976K->2484275K(30070848K), 0.9142100 secs] [Times: user=2.10 sys=9.22, real=0.91 secs] 
2013-06-07T17:32:33.610+0200: [GC [ParNew: 3040831K->337856K(3040832K), 1.0585040 secs] 5187251K->5123588K(30070848K), 1.0585620 secs] [Times: user=2.85 sys=10.80, real=1.05 secs] 
2013-06-07T17:32:35.422+0200: [GC [ParNew: 3040832K->337856K(3040832K), 1.0521400 secs] 7826564K->7820407K(30070848K), 1.0521850 secs] [Times: user=3.14 sys=10.49, real=1.05 secs] 
2013-06-07T17:32:37.175+0200: [GC [ParNew: 3040832K->337856K(3040832K), 1.0423760 secs] 10523383K->10566227K(30070848K), 1.0424220 secs] [Times: user=3.18 sys=10.32, real=1.04 secs] 
2013-06-07T17:32:38.913+0200: [GC [ParNew: 3040832K->337856K(3040832K), 1.0675430 secs] 13269203K->13296615K(30070848K), 1.0675890 secs] [Times: user=3.25 sys=10.57, real=1.07 secs] 
2013-06-07T17:32:40.663+0200: [GC [ParNew: 3040832K->337856K(3040832K), 1.3606550 secs] 15999591K->15990954K(30070848K), 1.3607010 secs] [Times: user=15.87 sys=1.79, real=1.36 secs] 
2013-06-07T17:32:42.728+0200: [GC [ParNew: 3040832K->337856K(3040832K), 1.0271350 secs] 18693930K->18728002K(30070848K), 1.0271810 secs] [Times: user=3.27 sys=10.01, real=1.03 secs] 
2013-06-07T17:32:44.469+0200: [GC [ParNew: 3040832K->337856K(3040832K), 1.1522880 secs] 21430978K->21434505K(30070848K), 1.1523360 secs] [Times: user=3.89 sys=11.04, real=1.16 secs] 
2013-06-07T17:32:53.109+0200: [GC [ParNew: 3040832K->337856K(3040832K), 1.4839420 secs] 24137481K->23540636K(30070848K), 1.4840150 secs] [Times: user=17.56 sys=1.69, real=1.49 secs] 
2013-06-07T17:33:08.567+0200: [GC [ParNew: 3040832K->166625K(3040832K), 0.0770620 secs] 26243612K->23369405K(30070848K), 0.0772210 secs] [Times: user=0.95 sys=0.03, real=0.07 secs] 
