2013-06-07T17:32:29.736+0200: [GC [ParNew: 2702976K->337855K(3040832K), 0.9395950 secs] 2702976K->2488695K(30070848K), 0.9396680 secs] [Times: user=2.04 sys=9.82, real=0.94 secs] 
2013-06-07T17:32:31.429+0200: [GC [ParNew: 3040831K->337856K(3040832K), 1.0529830 secs] 5191671K->5129874K(30070848K), 1.0530430 secs] [Times: user=2.63 sys=10.95, real=1.05 secs] 
2013-06-07T17:32:33.235+0200: [GC [ParNew: 3040832K->337856K(3040832K), 1.0532230 secs] 7832850K->7825926K(30070848K), 1.0532770 secs] [Times: user=3.13 sys=10.37, real=1.06 secs] 
2013-06-07T17:32:35.022+0200: [GC [ParNew: 3040832K->337856K(3040832K), 1.0235690 secs] 10528902K->10548759K(30070848K), 1.0236270 secs] [Times: user=3.13 sys=10.12, real=1.02 secs] 
2013-06-07T17:32:36.765+0200: [GC [ParNew: 3040832K->337856K(3040832K), 1.0789960 secs] 13251735K->13253342K(30070848K), 1.0790410 secs] [Times: user=3.28 sys=10.68, real=1.08 secs] 
2013-06-07T17:32:38.548+0200: [GC [ParNew: 3040832K->337856K(3040832K), 1.3197630 secs] 15956318K->15944511K(30070848K), 1.3198270 secs] [Times: user=15.16 sys=1.87, real=1.32 secs] 
2013-06-07T17:32:40.592+0200: [GC [ParNew: 3040832K->337856K(3040832K), 1.0687680 secs] 18647487K->18679958K(30070848K), 1.0688440 secs] [Times: user=3.00 sys=10.84, real=1.07 secs] 
2013-06-07T17:32:42.373+0200: [GC [ParNew: 3040832K->337856K(3040832K), 1.1224610 secs] 21382934K->21371958K(30070848K), 1.1225340 secs] [Times: user=3.18 sys=11.36, real=1.13 secs] 
2013-06-07T17:32:51.764+0200: [GC [ParNew: 3040832K->337856K(3040832K), 1.3255230 secs] 24074934K->23475021K(30070848K), 1.3255830 secs] [Times: user=15.40 sys=1.78, real=1.33 secs] 
2013-06-07T17:33:07.525+0200: [GC [ParNew: 3040832K->198511K(3040832K), 0.0900650 secs] 26177997K->23335676K(30070848K), 0.0901890 secs] [Times: user=1.06 sys=0.02, real=0.09 secs] 
