2013-06-07T17:32:28.714+0200: [GC [ParNew: 2702976K->337855K(3040832K), 0.9460260 secs] 2702976K->2494797K(30070848K), 0.9461220 secs] [Times: user=2.19 sys=9.80, real=0.95 secs] 
2013-06-07T17:32:30.437+0200: [GC [ParNew: 3040831K->337856K(3040832K), 1.0471920 secs] 5197773K->5135184K(30070848K), 1.0472640 secs] [Times: user=2.75 sys=10.76, real=1.05 secs] 
2013-06-07T17:32:32.225+0200: [GC [ParNew: 3040832K->337856K(3040832K), 1.0576250 secs] 7838160K->7831203K(30070848K), 1.0576930 secs] [Times: user=3.07 sys=10.63, real=1.06 secs] 
2013-06-07T17:32:34.004+0200: [GC [ParNew: 3040832K->337856K(3040832K), 1.0108990 secs] 10534179K->10559767K(30070848K), 1.0109680 secs] [Times: user=3.43 sys=9.65, real=1.01 secs] 
2013-06-07T17:32:35.723+0200: [GC [ParNew: 3040832K->337856K(3040832K), 1.0835820 secs] 13262743K->13290122K(30070848K), 1.0837060 secs] [Times: user=3.54 sys=10.49, real=1.08 secs] 
2013-06-07T17:32:37.518+0200: [GC [ParNew: 3040832K->337856K(3040832K), 1.3333960 secs] 15993098K->16017373K(30070848K), 1.3334630 secs] [Times: user=14.70 sys=2.60, real=1.33 secs] 
2013-06-07T17:32:39.556+0200: [GC [ParNew: 3040832K->337856K(3040832K), 1.0599290 secs] 18720349K->18745073K(30070848K), 1.0599990 secs] [Times: user=3.07 sys=10.66, real=1.06 secs] 
2013-06-07T17:32:41.309+0200: [GC [ParNew: 3040832K->337856K(3040832K), 1.1400630 secs] 21448049K->21458363K(30070848K), 1.1401340 secs] [Times: user=4.11 sys=10.65, real=1.14 secs] 
2013-06-07T17:32:53.210+0200: [GC [ParNew: 3040832K->337856K(3040832K), 1.6659350 secs] 24161339K->23496684K(30070848K), 1.6660480 secs] [Times: user=19.51 sys=2.08, real=1.67 secs] 
2013-06-07T17:33:08.940+0200: [GC [ParNew: 3040832K->180576K(3040832K), 0.0859360 secs] 26199660K->23339405K(30070848K), 0.0860930 secs] [Times: user=1.09 sys=0.01, real=0.09 secs] 
