2013-06-07T17:09:41.210+0200: [GC [ParNew: 2702976K->337856K(3040832K), 0.9488890 secs] 2702976K->2490043K(30070848K), 0.9489660 secs] [Times: user=2.30 sys=9.68, real=0.95 secs] 
2013-06-07T17:09:42.935+0200: [GC [ParNew: 3040832K->337856K(3040832K), 1.0664670 secs] 5193019K->5126425K(30070848K), 1.0665120 secs] [Times: user=2.92 sys=10.85, real=1.07 secs] 
2013-06-07T17:09:44.776+0200: [GC [ParNew: 3040832K->337856K(3040832K), 1.0692690 secs] 7829401K->7822572K(30070848K), 1.0693200 secs] [Times: user=3.27 sys=10.57, real=1.07 secs] 
2013-06-07T17:09:46.570+0200: [GC [ParNew: 3040832K->337856K(3040832K), 1.0592990 secs] 10525548K->10553986K(30070848K), 1.0593420 secs] [Times: user=3.37 sys=10.34, real=1.06 secs] 
2013-06-07T17:09:48.343+0200: [GC [ParNew: 3040832K->337856K(3040832K), 1.0790850 secs] 13256962K->13260201K(30070848K), 1.0791520 secs] [Times: user=3.65 sys=10.32, real=1.08 secs] 
2013-06-07T17:09:50.156+0200: [GC [ParNew: 3040832K->337856K(3040832K), 1.5020280 secs] 15963177K->15956749K(30070848K), 1.5020800 secs] [Times: user=17.07 sys=2.31, real=1.50 secs] 
2013-06-07T17:09:52.372+0200: [GC [ParNew: 3040832K->337856K(3040832K), 1.0798260 secs] 18659725K->18663895K(30070848K), 1.0798680 secs] [Times: user=3.17 sys=10.81, real=1.08 secs] 
2013-06-07T17:09:54.166+0200: [GC [ParNew: 3040832K->337856K(3040832K), 1.1667250 secs] 21366871K->21361337K(30070848K), 1.1667880 secs] [Times: user=4.18 sys=10.57, real=1.17 secs] 
2013-06-07T17:10:09.114+0200: [GC [ParNew: 3040832K->337856K(3040832K), 1.5401150 secs] 24064313K->23482067K(30070848K), 1.5402980 secs] [Times: user=17.95 sys=2.00, real=1.54 secs] 
2013-06-07T17:10:26.123+0200: [GC [ParNew: 3040832K->187151K(3040832K), 0.0794890 secs] 26185043K->23331363K(30070848K), 0.0796470 secs] [Times: user=1.02 sys=0.00, real=0.08 secs] 
