2013-06-07T17:09:42.091+0200: [GC [ParNew: 2702976K->337856K(3040832K), 0.9262670 secs] 2702976K->2488587K(30070848K), 0.9263380 secs] [Times: user=2.02 sys=9.70, real=0.93 secs] 
2013-06-07T17:09:43.742+0200: [GC [ParNew: 3040832K->337856K(3040832K), 1.0370700 secs] 5191563K->5122597K(30070848K), 1.0371400 secs] [Times: user=2.72 sys=10.67, real=1.03 secs] 
2013-06-07T17:09:45.533+0200: [GC [ParNew: 3040832K->337856K(3040832K), 1.0460410 secs] 7825573K->7812565K(30070848K), 1.0461120 secs] [Times: user=3.20 sys=10.34, real=1.04 secs] 
2013-06-07T17:09:47.292+0200: [GC [ParNew: 3040832K->337856K(3040832K), 1.0197910 secs] 10515541K->10547756K(30070848K), 1.0198630 secs] [Times: user=3.37 sys=9.83, real=1.02 secs] 
2013-06-07T17:09:49.001+0200: [GC [ParNew: 3040832K->337856K(3040832K), 1.0599830 secs] 13250732K->13251699K(30070848K), 1.0600520 secs] [Times: user=3.44 sys=10.28, real=1.06 secs] 
2013-06-07T17:09:50.765+0200: [GC [ParNew: 3040832K->337856K(3040832K), 1.3487540 secs] 15954675K->15913478K(30070848K), 1.3487990 secs] [Times: user=15.45 sys=2.06, real=1.35 secs] 
2013-06-07T17:09:52.828+0200: [GC [ParNew: 3040832K->337856K(3040832K), 1.0747310 secs] 18616454K->18680300K(30070848K), 1.0747850 secs] [Times: user=3.21 sys=10.72, real=1.08 secs] 
2013-06-07T17:09:54.583+0200: [GC [ParNew: 3040832K->337856K(3040832K), 1.1316630 secs] 21383276K->21397176K(30070848K), 1.1317170 secs] [Times: user=3.52 sys=11.15, real=1.13 secs] 
2013-06-07T17:10:09.146+0200: [GC [ParNew: 3040832K->337856K(3040832K), 1.3306190 secs] 24100152K->23514192K(30070848K), 1.3307240 secs] [Times: user=15.31 sys=1.91, real=1.33 secs] 
2013-06-07T17:10:23.455+0200: [GC [ParNew: 3040832K->187645K(3040832K), 0.0770350 secs] 26217168K->23363982K(30070848K), 0.0771410 secs] [Times: user=0.97 sys=0.02, real=0.08 secs] 
