2013-06-07T17:09:42.794+0200: [GC [ParNew: 2702976K->337856K(3040832K), 0.9377740 secs] 2702976K->2492600K(30070848K), 0.9378500 secs] [Times: user=2.00 sys=9.77, real=0.93 secs] 
2013-06-07T17:09:44.487+0200: [GC [ParNew: 3040832K->337856K(3040832K), 1.0391410 secs] 5195576K->5128271K(30070848K), 1.0392150 secs] [Times: user=2.90 sys=10.50, real=1.04 secs] 
2013-06-07T17:09:46.260+0200: [GC [ParNew: 3040832K->337856K(3040832K), 1.0604100 secs] 7831247K->7821569K(30070848K), 1.0604830 secs] [Times: user=3.37 sys=10.37, real=1.06 secs] 
2013-06-07T17:09:48.034+0200: [GC [ParNew: 3040832K->337856K(3040832K), 0.9927880 secs] 10524545K->10544209K(30070848K), 0.9928620 secs] [Times: user=3.23 sys=9.40, real=0.99 secs] 
2013-06-07T17:09:49.738+0200: [GC [ParNew: 3040832K->337856K(3040832K), 1.0841550 secs] 13247185K->13261054K(30070848K), 1.0842270 secs] [Times: user=3.52 sys=10.52, real=1.09 secs] 
2013-06-07T17:09:51.516+0200: [GC [ParNew: 3040832K->337856K(3040832K), 1.4892990 secs] 15964030K->15954145K(30070848K), 1.4893730 secs] [Times: user=17.02 sys=2.31, real=1.49 secs] 
2013-06-07T17:09:53.730+0200: [GC [ParNew: 3040832K->337856K(3040832K), 1.3180170 secs] 18657121K->18672367K(30070848K), 1.3181000 secs] [Times: user=4.37 sys=10.81, real=1.32 secs] 
2013-06-07T17:09:55.773+0200: [GC [ParNew: 3040832K->337856K(3040832K), 1.7309000 secs] 21375343K->21361198K(30070848K), 1.7310240 secs] [Times: user=4.28 sys=12.76, real=1.74 secs] 
2013-06-07T17:10:09.118+0200: [GC [ParNew: 3040832K->337856K(3040832K), 1.5687420 secs] 24064174K->23475463K(30070848K), 1.5688400 secs] [Times: user=17.54 sys=2.69, real=1.57 secs] 
2013-06-07T17:10:23.803+0200: [GC [ParNew: 3040832K->179426K(3040832K), 0.0801220 secs] 26178439K->23317034K(30070848K), 0.0802670 secs] [Times: user=0.97 sys=0.05, real=0.08 secs] 
