2013-06-07T17:09:40.655+0200: [GC [ParNew: 2702976K->337855K(3040832K), 0.9551970 secs] 2702976K->2487541K(30070848K), 0.9552850 secs] [Times: user=2.31 sys=9.83, real=0.96 secs] 
2013-06-07T17:09:42.367+0200: [GC [ParNew: 3040831K->337856K(3040832K), 1.0699120 secs] 5190517K->5129395K(30070848K), 1.0699610 secs] [Times: user=2.98 sys=10.80, real=1.08 secs] 
2013-06-07T17:09:44.187+0200: [GC [ParNew: 3040832K->337856K(3040832K), 1.0774570 secs] 7832371K->7825382K(30070848K), 1.0775030 secs] [Times: user=3.36 sys=10.58, real=1.08 secs] 
2013-06-07T17:09:45.990+0200: [GC [ParNew: 3040832K->337856K(3040832K), 1.0605190 secs] 10528358K->10576741K(30070848K), 1.0605650 secs] [Times: user=3.48 sys=10.23, real=1.06 secs] 
2013-06-07T17:09:47.781+0200: [GC [ParNew: 3040832K->337856K(3040832K), 1.0982900 secs] 13279717K->13281484K(30070848K), 1.0983370 secs] [Times: user=3.60 sys=10.61, real=1.10 secs] 
2013-06-07T17:09:49.595+0200: [GC [ParNew: 3040832K->337856K(3040832K), 1.5742180 secs] 15984460K->15980081K(30070848K), 1.5742730 secs] [Times: user=18.07 sys=2.32, real=1.58 secs] 
2013-06-07T17:09:51.896+0200: [GC [ParNew: 3040832K->337856K(3040832K), 1.0855670 secs] 18683057K->18722635K(30070848K), 1.0856220 secs] [Times: user=3.10 sys=10.95, real=1.09 secs] 
2013-06-07T17:09:53.677+0200: [GC [ParNew: 3040832K->337856K(3040832K), 1.1522530 secs] 21425611K->21426577K(30070848K), 1.1523100 secs] [Times: user=4.18 sys=10.72, real=1.15 secs] 
2013-06-07T17:10:09.162+0200: [GC [ParNew: 3040832K->337856K(3040832K), 1.3252270 secs] 24129553K->23488591K(30070848K), 1.3253100 secs] [Times: user=15.38 sys=1.78, real=1.33 secs] 
2013-06-07T17:10:26.064+0200: [GC [ParNew: 3040832K->187904K(3040832K), 0.0968670 secs] 26191567K->23338639K(30070848K), 0.0969990 secs] [Times: user=1.23 sys=0.01, real=0.10 secs] 
