2013-06-07T17:09:41.277+0200: [GC [ParNew: 2702976K->337855K(3040832K), 0.9433370 secs] 2702976K->2493914K(30070848K), 0.9434090 secs] [Times: user=2.28 sys=9.64, real=0.95 secs] 
2013-06-07T17:09:42.985+0200: [GC [ParNew: 3040831K->337856K(3040832K), 1.0690550 secs] 5196890K->5133878K(30070848K), 1.0691010 secs] [Times: user=3.08 sys=10.72, real=1.07 secs] 
2013-06-07T17:09:44.797+0200: [GC [ParNew: 3040832K->337856K(3040832K), 1.0714330 secs] 7836854K->7825695K(30070848K), 1.0714800 secs] [Times: user=3.18 sys=10.70, real=1.07 secs] 
2013-06-07T17:09:46.592+0200: [GC [ParNew: 3040832K->337856K(3040832K), 1.0559000 secs] 10528671K->10583169K(30070848K), 1.0559460 secs] [Times: user=3.29 sys=10.37, real=1.05 secs] 
2013-06-07T17:09:48.376+0200: [GC [ParNew: 3040832K->337856K(3040832K), 1.1023600 secs] 13286145K->13313461K(30070848K), 1.1024060 secs] [Times: user=3.76 sys=10.52, real=1.11 secs] 
2013-06-07T17:09:50.172+0200: [GC [ParNew: 3040832K->337856K(3040832K), 1.6184950 secs] 16016437K->16002805K(30070848K), 1.6185410 secs] [Times: user=18.34 sys=2.68, real=1.62 secs] 
2013-06-07T17:09:52.503+0200: [GC [ParNew: 3040832K->337856K(3040832K), 1.0720190 secs] 18705781K->18740846K(30070848K), 1.0720670 secs] [Times: user=3.32 sys=10.54, real=1.07 secs] 
2013-06-07T17:09:54.277+0200: [GC [ParNew: 3040832K->337856K(3040832K), 1.1421280 secs] 21443822K->21439953K(30070848K), 1.1421830 secs] [Times: user=3.99 sys=10.79, real=1.15 secs] 
2013-06-07T17:10:09.285+0200: [GC [ParNew: 3040832K->337856K(3040832K), 1.2760360 secs] 24142929K->23537605K(30070848K), 1.2761080 secs] [Times: user=14.62 sys=1.92, real=1.28 secs] 
2013-06-07T17:10:26.752+0200: [GC [ParNew: 3040832K->180205K(3040832K), 0.0781470 secs] 26240581K->23379955K(30070848K), 0.0782820 secs] [Times: user=0.99 sys=0.02, real=0.08 secs] 
