2013-06-07T17:09:42.305+0200: [GC [ParNew: 2702976K->337856K(3040832K), 0.9117070 secs] 2702976K->2493663K(30070848K), 0.9117800 secs] [Times: user=1.94 sys=9.34, real=0.91 secs] 
2013-06-07T17:09:43.973+0200: [GC [ParNew: 3040832K->337856K(3040832K), 1.0440440 secs] 5196639K->5132783K(30070848K), 1.0441030 secs] [Times: user=2.82 sys=10.42, real=1.04 secs] 
2013-06-07T17:09:45.760+0200: [GC [ParNew: 3040832K->337856K(3040832K), 1.0538550 secs] 7835759K->7826209K(30070848K), 1.0539320 secs] [Times: user=2.97 sys=10.68, real=1.06 secs] 
2013-06-07T17:09:47.506+0200: [GC [ParNew: 3040832K->337856K(3040832K), 1.0093320 secs] 10529185K->10571165K(30070848K), 1.0094050 secs] [Times: user=3.01 sys=10.07, real=1.01 secs] 
2013-06-07T17:09:49.228+0200: [GC [ParNew: 3040832K->337856K(3040832K), 1.0575930 secs] 13274141K->13297999K(30070848K), 1.0576500 secs] [Times: user=3.20 sys=10.33, real=1.06 secs] 
2013-06-07T17:09:51.010+0200: [GC [ParNew: 3040832K->337856K(3040832K), 1.3653290 secs] 16000975K->15978315K(30070848K), 1.3654480 secs] [Times: user=15.42 sys=2.29, real=1.37 secs] 
2013-06-07T17:09:53.077+0200: [GC [ParNew: 3040832K->337856K(3040832K), 1.0839220 secs] 18681291K->18722630K(30070848K), 1.0839880 secs] [Times: user=2.68 sys=11.36, real=1.08 secs] 
2013-06-07T17:09:54.865+0200: [GC [ParNew: 3040832K->337856K(3040832K), 1.1521870 secs] 21425606K->21430254K(30070848K), 1.1522610 secs] [Times: user=3.84 sys=10.85, real=1.15 secs] 
2013-06-07T17:10:09.012+0200: [GC [ParNew: 3040832K->337856K(3040832K), 1.5979800 secs] 24133230K->23543687K(30070848K), 1.5980610 secs] [Times: user=18.62 sys=2.10, real=1.60 secs] 
2013-06-07T17:10:23.699+0200: [GC [ParNew: 3040832K->179401K(3040832K), 0.0853520 secs] 26246663K->23385233K(30070848K), 0.0854930 secs] [Times: user=1.08 sys=0.00, real=0.08 secs] 
