2013-06-07T17:09:40.347+0200: [GC [ParNew: 2702976K->337855K(3040832K), 0.9500430 secs] 2702976K->2493938K(30070848K), 0.9501320 secs] [Times: user=2.21 sys=9.80, real=0.95 secs] 
2013-06-07T17:09:42.041+0200: [GC [ParNew: 3040831K->337856K(3040832K), 1.0731320 secs] 5196914K->5135157K(30070848K), 1.0731790 secs] [Times: user=3.10 sys=10.76, real=1.07 secs] 
2013-06-07T17:09:43.847+0200: [GC [ParNew: 3040832K->337856K(3040832K), 1.0774650 secs] 7838133K->7824164K(30070848K), 1.0775110 secs] [Times: user=3.25 sys=10.69, real=1.07 secs] 
2013-06-07T17:09:45.628+0200: [GC [ParNew: 3040832K->337856K(3040832K), 1.0521770 secs] 10527140K->10559131K(30070848K), 1.0522370 secs] [Times: user=3.35 sys=10.19, real=1.05 secs] 
2013-06-07T17:09:47.388+0200: [GC [ParNew: 3040832K->337856K(3040832K), 1.1002220 secs] 13262107K->13286573K(30070848K), 1.1002700 secs] [Times: user=3.42 sys=10.81, real=1.10 secs] 
2013-06-07T17:09:49.194+0200: [GC [ParNew: 3040832K->337856K(3040832K), 1.8635700 secs] 15989549K->15995191K(30070848K), 1.8636390 secs] [Times: user=20.69 sys=3.36, real=1.87 secs] 
2013-06-07T17:09:51.793+0200: [GC [ParNew: 3040832K->337856K(3040832K), 1.0925540 secs] 18698167K->18732591K(30070848K), 1.0926530 secs] [Times: user=3.16 sys=10.98, real=1.10 secs] 
2013-06-07T17:09:53.599+0200: [GC [ParNew: 3040832K->337856K(3040832K), 1.1662950 secs] 21435567K->21443256K(30070848K), 1.1663730 secs] [Times: user=4.14 sys=10.95, real=1.17 secs] 
2013-06-07T17:10:09.162+0200: [GC [ParNew: 3040832K->337856K(3040832K), 1.6511420 secs] 24146232K->23556072K(30070848K), 1.6512610 secs] [Times: user=19.11 sys=2.23, real=1.66 secs] 
2013-06-07T17:10:23.256+0200: [GC [ParNew: 3040832K->147512K(3040832K), 0.0821050 secs] 26259048K->23365728K(30070848K), 0.0822610 secs] [Times: user=1.05 sys=0.01, real=0.08 secs] 
