2013-06-07T17:09:40.571+0200: [GC [ParNew: 2702976K->337856K(3040832K), 0.9449500 secs] 2702976K->2483863K(30070848K), 0.9450470 secs] [Times: user=2.22 sys=9.74, real=0.95 secs] 
2013-06-07T17:09:42.377+0200: [GC [ParNew: 3040832K->337856K(3040832K), 1.0657300 secs] 5186839K->5124329K(30070848K), 1.0658050 secs] [Times: user=2.66 sys=11.08, real=1.07 secs] 
2013-06-07T17:09:44.273+0200: [GC [ParNew: 3040832K->337856K(3040832K), 1.0699830 secs] 7827305K->7815770K(30070848K), 1.0700540 secs] [Times: user=3.41 sys=10.44, real=1.08 secs] 
2013-06-07T17:09:46.149+0200: [GC [ParNew: 3040832K->337856K(3040832K), 1.0079340 secs] 10518746K->10561814K(30070848K), 1.0080070 secs] [Times: user=3.05 sys=10.00, real=1.01 secs] 
2013-06-07T17:09:47.941+0200: [GC [ParNew: 3040832K->337856K(3040832K), 1.0846720 secs] 13264790K->13282501K(30070848K), 1.0847420 secs] [Times: user=3.72 sys=10.33, real=1.09 secs] 
2013-06-07T17:09:49.831+0200: [GC [ParNew: 3040832K->337856K(3040832K), 1.4923630 secs] 15985477K->15994512K(30070848K), 1.4924360 secs] [Times: user=17.18 sys=2.17, real=1.50 secs] 
2013-06-07T17:09:52.129+0200: [GC [ParNew: 3040832K->337856K(3040832K), 1.0465100 secs] 18697488K->18727366K(30070848K), 1.0465840 secs] [Times: user=3.54 sys=10.01, real=1.05 secs] 
2013-06-07T17:09:53.960+0200: [GC [ParNew: 3040832K->337856K(3040832K), 1.1319710 secs] 21430342K->21433709K(30070848K), 1.1320270 secs] [Times: user=3.34 sys=11.01, real=1.13 secs] 
2013-06-07T17:10:09.121+0200: [GC [ParNew: 3040832K->337856K(3040832K), 1.7901370 secs] 24136685K->23518831K(30070848K), 1.7904910 secs] [Times: user=20.92 sys=2.09, real=1.80 secs] 
2013-06-07T17:10:25.228+0200: [GC [ParNew: 3040832K->187345K(3040832K), 0.0901720 secs] 26221807K->23368321K(30070848K), 0.0902940 secs] [Times: user=1.07 sys=0.01, real=0.09 secs] 
