2013-06-07T17:09:41.867+0200: [GC [ParNew: 2702976K->337856K(3040832K), 0.9267020 secs] 2702976K->2490360K(30070848K), 0.9267760 secs] [Times: user=2.11 sys=9.56, real=0.93 secs] 
2013-06-07T17:09:43.559+0200: [GC [ParNew: 3040832K->337856K(3040832K), 1.0718010 secs] 5193336K->5127933K(30070848K), 1.0718830 secs] [Times: user=2.73 sys=10.85, real=1.08 secs] 
2013-06-07T17:09:45.374+0200: [GC [ParNew: 3040832K->337856K(3040832K), 1.0708230 secs] 7830909K->7822704K(30070848K), 1.0708960 secs] [Times: user=3.18 sys=10.69, real=1.07 secs] 
2013-06-07T17:09:47.126+0200: [GC [ParNew: 3040832K->337856K(3040832K), 1.0540020 secs] 10525680K->10566507K(30070848K), 1.0540720 secs] [Times: user=3.23 sys=10.41, real=1.05 secs] 
2013-06-07T17:09:48.896+0200: [GC [ParNew: 3040832K->337856K(3040832K), 1.0665140 secs] 13269483K->13285785K(30070848K), 1.0665850 secs] [Times: user=3.52 sys=10.04, real=1.06 secs] 
2013-06-07T17:09:50.665+0200: [GC [ParNew: 3040832K->337856K(3040832K), 1.5038980 secs] 15988761K->16005832K(30070848K), 1.5039690 secs] [Times: user=17.20 sys=2.32, real=1.50 secs] 
2013-06-07T17:09:52.870+0200: [GC [ParNew: 3040832K->337856K(3040832K), 1.0958630 secs] 18708808K->18755558K(30070848K), 1.0959320 secs] [Times: user=3.22 sys=10.98, real=1.10 secs] 
2013-06-07T17:09:54.636+0200: [GC [ParNew: 3040832K->337856K(3040832K), 1.1949440 secs] 21458534K->21441187K(30070848K), 1.1950150 secs] [Times: user=4.72 sys=10.28, real=1.19 secs] 
2013-06-07T17:10:09.159+0200: [GC [ParNew: 3040832K->337856K(3040832K), 2.7929900 secs] 24144163K->23500672K(30070848K), 2.7930780 secs] [Times: user=30.39 sys=4.51, real=2.80 secs] 
2013-06-07T17:10:25.357+0200: [GC [ParNew: 3040832K->179797K(3040832K), 0.0933280 secs] 26203648K->23342613K(30070848K), 0.0934530 secs] [Times: user=1.18 sys=0.01, real=0.09 secs] 
