2013-06-07T17:09:43.556+0200: [GC [ParNew: 2702976K->337856K(3040832K), 0.9393330 secs] 2702976K->2490315K(30070848K), 0.9394070 secs] [Times: user=1.96 sys=9.92, real=0.95 secs] 
2013-06-07T17:09:45.240+0200: [GC [ParNew: 3040832K->337856K(3040832K), 1.0508400 secs] 5193291K->5119208K(30070848K), 1.0508880 secs] [Times: user=2.93 sys=10.65, real=1.05 secs] 
2013-06-07T17:09:47.039+0200: [GC [ParNew: 3040832K->337856K(3040832K), 1.0696410 secs] 7822184K->7815195K(30070848K), 1.0697680 secs] [Times: user=3.29 sys=10.57, real=1.07 secs] 
2013-06-07T17:09:48.803+0200: [GC [ParNew: 3040832K->337856K(3040832K), 1.0465330 secs] 10518171K->10556085K(30070848K), 1.0466020 secs] [Times: user=3.45 sys=9.92, real=1.05 secs] 
2013-06-07T17:09:50.540+0200: [GC [ParNew: 3040832K->337856K(3040832K), 1.1086740 secs] 13259061K->13281350K(30070848K), 1.1087380 secs] [Times: user=3.18 sys=11.19, real=1.11 secs] 
2013-06-07T17:09:52.352+0200: [GC [ParNew: 3040832K->337856K(3040832K), 1.6257690 secs] 15984326K->15954591K(30070848K), 1.6258350 secs] [Times: user=18.67 sys=2.43, real=1.63 secs] 
2013-06-07T17:09:54.711+0200: [GC [ParNew: 3040832K->337856K(3040832K), 1.7136500 secs] 18657567K->18693944K(30070848K), 1.7137320 secs] [Times: user=5.07 sys=11.66, real=1.71 secs] 
2013-06-07T17:09:57.137+0200: [GC [ParNew: 3040832K->337856K(3040832K), 1.4050770 secs] 21396920K->21392795K(30070848K), 1.4051260 secs] [Times: user=4.62 sys=11.46, real=1.40 secs] 
2013-06-07T17:10:09.156+0200: [GC [ParNew: 3040832K->337856K(3040832K), 1.5006330 secs] 24095771K->23537313K(30070848K), 1.5007300 secs] [Times: user=17.45 sys=1.98, real=1.50 secs] 
2013-06-07T17:10:23.036+0200: [GC [ParNew: 3040832K->154887K(3040832K), 0.0783050 secs] 26240289K->23354344K(30070848K), 0.0784610 secs] [Times: user=1.01 sys=0.00, real=0.08 secs] 
