2013-06-07T17:09:44.250+0200: [GC [ParNew: 2702976K->337856K(3040832K), 0.9306070 secs] 2702976K->2489810K(30070848K), 0.9306800 secs] [Times: user=1.96 sys=9.84, real=0.93 secs] 
2013-06-07T17:09:46.209+0200: [GC [ParNew: 3040832K->337856K(3040832K), 1.0553800 secs] 5192786K->5125735K(30070848K), 1.0554610 secs] [Times: user=2.88 sys=10.57, real=1.06 secs] 
2013-06-07T17:09:48.261+0200: [GC [ParNew: 3040832K->337856K(3040832K), 1.0542220 secs] 7828711K->7815511K(30070848K), 1.0542970 secs] [Times: user=3.17 sys=10.48, real=1.06 secs] 
2013-06-07T17:09:50.282+0200: [GC [ParNew: 3040832K->337856K(3040832K), 0.9977050 secs] 10518487K->10531332K(30070848K), 0.9977800 secs] [Times: user=3.16 sys=9.73, real=1.00 secs] 
2013-06-07T17:09:52.264+0200: [GC [ParNew: 3040832K->337856K(3040832K), 1.1278350 secs] 13234308K->13258358K(30070848K), 1.1279940 secs] [Times: user=3.87 sys=10.69, real=1.13 secs] 
2013-06-07T17:09:54.359+0200: [GC [ParNew: 3040832K->337856K(3040832K), 1.6308280 secs] 15961334K->15937009K(30070848K), 1.6309010 secs] [Times: user=18.55 sys=2.61, real=1.63 secs] 
2013-06-07T17:09:56.992+0200: [GC [ParNew: 3040832K->337856K(3040832K), 1.2710270 secs] 18639985K->18672905K(30070848K), 1.2711050 secs] [Times: user=4.26 sys=10.81, real=1.27 secs] 
2013-06-07T17:09:59.271+0200: [GC [ParNew: 3040832K->337856K(3040832K), 1.5145090 secs] 21375881K->21359046K(30070848K), 1.5145890 secs] [Times: user=4.41 sys=11.76, real=1.52 secs] 
2013-06-07T17:10:09.362+0200: [GC [ParNew: 3040832K->337856K(3040832K), 1.6497710 secs] 24062022K->23489992K(30070848K), 1.6498610 secs] [Times: user=18.72 sys=2.64, real=1.64 secs] 
2013-06-07T17:10:22.883+0200: [GC [ParNew: 3040832K->181785K(3040832K), 0.0764760 secs] 26192968K->23333921K(30070848K), 0.0766250 secs] [Times: user=0.98 sys=0.00, real=0.07 secs] 
