2013-06-07T17:09:43.250+0200: [GC [ParNew: 2702976K->337856K(3040832K), 0.9403670 secs] 2702976K->2486809K(30070848K), 0.9404420 secs] [Times: user=2.13 sys=9.71, real=0.94 secs] 
2013-06-07T17:09:44.964+0200: [GC [ParNew: 3040832K->337856K(3040832K), 1.0566870 secs] 5189785K->5121358K(30070848K), 1.0567640 secs] [Times: user=2.89 sys=10.78, real=1.06 secs] 
2013-06-07T17:09:46.774+0200: [GC [ParNew: 3040832K->337856K(3040832K), 1.0642900 secs] 7824334K->7813720K(30070848K), 1.0643640 secs] [Times: user=3.43 sys=10.35, real=1.07 secs] 
2013-06-07T17:09:48.572+0200: [GC [ParNew: 3040832K->337856K(3040832K), 0.9979500 secs] 10516696K->10561301K(30070848K), 0.9980280 secs] [Times: user=3.23 sys=9.63, real=1.00 secs] 
2013-06-07T17:09:50.282+0200: [GC [ParNew: 3040832K->337856K(3040832K), 1.1014290 secs] 13264277K->13275200K(30070848K), 1.1014830 secs] [Times: user=3.13 sys=11.14, real=1.10 secs] 
2013-06-07T17:09:52.097+0200: [GC [ParNew: 3040832K->337856K(3040832K), 1.6223170 secs] 15978176K->15989101K(30070848K), 1.6223910 secs] [Times: user=18.39 sys=2.66, real=1.62 secs] 
2013-06-07T17:09:54.455+0200: [GC [ParNew: 3040832K->337856K(3040832K), 1.6747500 secs] 18692077K->18698647K(30070848K), 1.6748290 secs] [Times: user=4.30 sys=11.49, real=1.68 secs] 
2013-06-07T17:09:56.824+0200: [GC [ParNew: 3040832K->337856K(3040832K), 1.2884550 secs] 21401623K->21407936K(30070848K), 1.2885070 secs] [Times: user=4.00 sys=11.74, real=1.29 secs] 
2013-06-07T17:10:09.123+0200: [GC [ParNew: 3040832K->337856K(3040832K), 1.5323780 secs] 24110912K->23472888K(30070848K), 1.5324440 secs] [Times: user=17.92 sys=1.83, real=1.53 secs] 
2013-06-07T17:10:24.147+0200: [GC [ParNew: 3040832K->195445K(3040832K), 0.0959300 secs] 26175864K->23330478K(30070848K), 0.0960730 secs] [Times: user=1.19 sys=0.02, real=0.09 secs] 
