2013-06-07T17:09:43.461+0200: [GC [ParNew: 2702976K->337856K(3040832K), 0.9364710 secs] 2702976K->2485997K(30070848K), 0.9365440 secs] [Times: user=2.04 sys=9.85, real=0.94 secs] 
2013-06-07T17:09:45.151+0200: [GC [ParNew: 3040832K->337856K(3040832K), 1.0533810 secs] 5188973K->5114785K(30070848K), 1.0534270 secs] [Times: user=2.76 sys=10.87, real=1.05 secs] 
2013-06-07T17:09:47.031+0200: [GC [ParNew: 3040832K->337856K(3040832K), 1.0521980 secs] 7817761K->7804786K(30070848K), 1.0522670 secs] [Times: user=3.11 sys=10.29, real=1.05 secs] 
2013-06-07T17:09:49.089+0200: [GC [ParNew: 3040832K->337856K(3040832K), 1.0379350 secs] 10507762K->10537703K(30070848K), 1.0380120 secs] [Times: user=3.10 sys=10.33, real=1.04 secs] 
2013-06-07T17:09:51.061+0200: [GC [ParNew: 3040832K->337856K(3040832K), 1.1550180 secs] 13240679K->13269308K(30070848K), 1.1550910 secs] [Times: user=3.97 sys=10.98, real=1.15 secs] 
2013-06-07T17:09:53.226+0200: [GC [ParNew: 3040832K->337856K(3040832K), 1.7297200 secs] 15972284K->15974244K(30070848K), 1.7297870 secs] [Times: user=19.47 sys=2.69, real=1.72 secs] 
2013-06-07T17:09:55.932+0200: [GC [ParNew: 3040832K->337856K(3040832K), 1.4597040 secs] 18677220K->18682125K(30070848K), 1.4599560 secs] [Times: user=4.17 sys=11.10, real=1.46 secs] 
2013-06-07T17:09:58.423+0200: [GC [ParNew: 3040832K->337856K(3040832K), 1.4840840 secs] 21385101K->21362087K(30070848K), 1.4841620 secs] [Times: user=4.23 sys=11.43, real=1.49 secs] 
2013-06-07T17:10:09.174+0200: [GC [ParNew: 3040832K->337856K(3040832K), 1.6684630 secs] 24065063K->23538395K(30070848K), 1.6685770 secs] [Times: user=19.07 sys=2.37, real=1.66 secs] 
2013-06-07T17:10:23.296+0200: [GC [ParNew: 3040832K->154887K(3040832K), 0.0770930 secs] 26241371K->23355426K(30070848K), 0.0772410 secs] [Times: user=0.94 sys=0.04, real=0.08 secs] 
