2013-06-07T17:09:41.627+0200: [GC [ParNew: 2702976K->337856K(3040832K), 0.9332640 secs] 2702976K->2491561K(30070848K), 0.9333440 secs] [Times: user=2.10 sys=9.71, real=0.93 secs] 
2013-06-07T17:09:43.284+0200: [GC [ParNew: 3040832K->337856K(3040832K), 1.0442900 secs] 5194537K->5128740K(30070848K), 1.0443660 secs] [Times: user=2.65 sys=10.76, real=1.04 secs] 
2013-06-07T17:09:45.071+0200: [GC [ParNew: 3040832K->337856K(3040832K), 1.0455150 secs] 7831716K->7824984K(30070848K), 1.0455680 secs] [Times: user=3.27 sys=10.28, real=1.05 secs] 
2013-06-07T17:09:46.841+0200: [GC [ParNew: 3040832K->337856K(3040832K), 1.0518320 secs] 10527960K->10572501K(30070848K), 1.0518950 secs] [Times: user=3.30 sys=10.25, real=1.06 secs] 
2013-06-07T17:09:48.571+0200: [GC [ParNew: 3040832K->337856K(3040832K), 1.0647170 secs] 13275477K->13277980K(30070848K), 1.0647810 secs] [Times: user=3.44 sys=10.26, real=1.06 secs] 
2013-06-07T17:09:50.351+0200: [GC [ParNew: 3040832K->337856K(3040832K), 1.6301570 secs] 15980956K->15972991K(30070848K), 1.6302100 secs] [Times: user=18.55 sys=2.60, real=1.62 secs] 
2013-06-07T17:09:52.674+0200: [GC [ParNew: 3040832K->337856K(3040832K), 1.0739390 secs] 18675967K->18692431K(30070848K), 1.0740120 secs] [Times: user=2.96 sys=10.95, real=1.07 secs] 
2013-06-07T17:09:54.462+0200: [GC [ParNew: 3040832K->337856K(3040832K), 1.1718450 secs] 21395407K->21382894K(30070848K), 1.1719040 secs] [Times: user=4.24 sys=10.81, real=1.18 secs] 
2013-06-07T17:10:08.995+0200: [GC [ParNew: 3040832K->337856K(3040832K), 2.1176170 secs] 24085870K->23497672K(30070848K), 2.1177760 secs] [Times: user=24.62 sys=2.66, real=2.12 secs] 
2013-06-07T17:10:23.401+0200: [GC [ParNew: 3040832K->179467K(3040832K), 0.0895020 secs] 26200648K->23339283K(30070848K), 0.0896590 secs] [Times: user=1.11 sys=0.01, real=0.09 secs] 
