2013-06-07T17:09:41.532+0200: [GC [ParNew: 2702976K->337856K(3040832K), 0.9483260 secs] 2702976K->2484931K(30070848K), 0.9484120 secs] [Times: user=2.30 sys=9.82, real=0.95 secs] 
2013-06-07T17:09:43.498+0200: [GC [ParNew: 3040832K->337856K(3040832K), 1.0607490 secs] 5187907K->5117794K(30070848K), 1.0608000 secs] [Times: user=2.90 sys=10.80, real=1.06 secs] 
2013-06-07T17:09:45.598+0200: [GC [ParNew: 3040832K->337856K(3040832K), 1.0669840 secs] 7820770K->7807250K(30070848K), 1.0670610 secs] [Times: user=3.32 sys=10.20, real=1.06 secs] 
2013-06-07T17:09:47.654+0200: [GC [ParNew: 3040832K->337856K(3040832K), 1.0182010 secs] 10510226K->10521599K(30070848K), 1.0182900 secs] [Times: user=3.26 sys=9.92, real=1.01 secs] 
2013-06-07T17:09:49.688+0200: [GC [ParNew: 3040832K->337856K(3040832K), 1.0979490 secs] 13224575K->13239372K(30070848K), 1.0980200 secs] [Times: user=3.96 sys=10.26, real=1.10 secs] 
2013-06-07T17:09:51.708+0200: [GC [ParNew: 3040832K->337856K(3040832K), 1.6372880 secs] 15942348K->15953049K(30070848K), 1.6373710 secs] [Times: user=18.79 sys=2.39, real=1.63 secs] 
2013-06-07T17:09:54.054+0200: [GC [ParNew: 3040832K->337856K(3040832K), 1.0803520 secs] 18656025K->18662947K(30070848K), 1.0804090 secs] [Times: user=3.17 sys=10.81, real=1.08 secs] 
2013-06-07T17:09:55.858+0200: [GC [ParNew: 3040832K->337856K(3040832K), 1.1377260 secs] 21365923K->21361030K(30070848K), 1.1377750 secs] [Times: user=3.45 sys=11.27, real=1.14 secs] 
2013-06-07T17:10:09.725+0200: [GC [ParNew: 3040832K->337856K(3040832K), 1.3914030 secs] 24064006K->23504497K(30070848K), 1.3915580 secs] [Times: user=16.11 sys=1.81, real=1.40 secs] 
2013-06-07T17:10:23.427+0200: [GC [ParNew: 3040832K->147624K(3040832K), 0.0757380 secs] 26207473K->23314265K(30070848K), 0.0758910 secs] [Times: user=0.94 sys=0.03, real=0.08 secs] 
