2013-04-23T00:16:28.642+0200: [GC [ParNew: 2702976K->337856K(3040832K), 1.0178510 secs] 2702976K->2489942K(30070848K), 1.0179240 secs] [Times: user=3.09 sys=9.75, real=1.02 secs] 
2013-04-23T00:16:30.750+0200: [GC [ParNew: 3040832K->337856K(3040832K), 1.1819040 secs] 5192918K->5124051K(30070848K), 1.1819800 secs] [Times: user=3.91 sys=11.36, real=1.18 secs] 
2013-04-23T00:16:32.980+0200: [GC [ParNew: 3040832K->337856K(3040832K), 1.2000310 secs] 7827027K->7819198K(30070848K), 1.2001030 secs] [Times: user=4.57 sys=10.99, real=1.20 secs] 
2013-04-23T00:16:35.268+0200: [GC [ParNew: 3040832K->337856K(3040832K), 1.1343780 secs] 10522174K->10570717K(30070848K), 1.1344520 secs] [Times: user=3.68 sys=11.00, real=1.13 secs] 
2013-04-23T00:16:37.487+0200: [GC [ParNew: 3040832K->337856K(3040832K), 1.1500530 secs] 13273693K->13282919K(30070848K), 1.1501070 secs] [Times: user=3.88 sys=10.97, real=1.15 secs] 
2013-04-23T00:16:39.706+0200: [GC [ParNew: 3040832K->337856K(3040832K), 1.6639380 secs] 15985895K->15950557K(30070848K), 1.6640020 secs] [Times: user=18.87 sys=2.53, real=1.66 secs] 
2013-04-23T00:16:42.325+0200: [GC [ParNew: 3040832K->337856K(3040832K), 1.1977980 secs] 18653533K->18687253K(30070848K), 1.1978740 secs] [Times: user=4.02 sys=11.41, real=1.19 secs] 
2013-04-23T00:16:44.561+0200: [GC [ParNew: 3040832K->337856K(3040832K), 1.5054050 secs] 21390229K->21391611K(30070848K), 1.5054800 secs] [Times: user=4.10 sys=15.12, real=1.51 secs] 
2013-04-23T00:16:55.910+0200: [GC [ParNew: 3040832K->337856K(3040832K), 1.5106350 secs] 24094587K->23508761K(30070848K), 1.5107870 secs] [Times: user=17.14 sys=2.32, real=1.52 secs] 
2013-04-23T00:17:20.729+0200: [GC [ParNew: 3026736K->337856K(3040832K), 0.3007330 secs] 26197642K->23906254K(30070848K), 0.3009180 secs] [Times: user=2.53 sys=1.11, real=0.30 secs] 
BROKEN RECORDS: 0
BROKEN RECORDS: 0
BROKEN RECORDS: 0
BROKEN RECORDS: 0
BROKEN RECORDS: 0
BROKEN RECORDS: 0
BROKEN RECORDS: 0
BROKEN RECORDS: 0
BROKEN RECORDS: 0
BROKEN RECORDS: 0
BROKEN RECORDS: 0
BROKEN RECORDS: 0
BROKEN RECORDS: 0
BROKEN RECORDS: 0
BROKEN RECORDS: 0
BROKEN RECORDS: 0
BROKEN RECORDS: 0
BROKEN RECORDS: 0
BROKEN RECORDS: 0
BROKEN RECORDS: 0
BROKEN RECORDS: 0
BROKEN RECORDS: 0
BROKEN RECORDS: 0
BROKEN RECORDS: 0
BROKEN RECORDS: 0
BROKEN RECORDS: 0
BROKEN RECORDS: 0
BROKEN RECORDS: 0
BROKEN RECORDS: 0
BROKEN RECORDS: 0
BROKEN RECORDS: 0
BROKEN RECORDS: 0
BROKEN RECORDS: 0
BROKEN RECORDS: 0
BROKEN RECORDS: 0
BROKEN RECORDS: 0
BROKEN RECORDS: 0
BROKEN RECORDS: 0
BROKEN RECORDS: 0
BROKEN RECORDS: 0
BROKEN RECORDS: 0
BROKEN RECORDS: 0
BROKEN RECORDS: 0
BROKEN RECORDS: 0
BROKEN RECORDS: 0
BROKEN RECORDS: 0
BROKEN RECORDS: 0
BROKEN RECORDS: 0
BROKEN RECORDS: 0
BROKEN RECORDS: 0
BROKEN RECORDS: 0
BROKEN RECORDS: 0
BROKEN RECORDS: 0
BROKEN RECORDS: 0
BROKEN RECORDS: 0
BROKEN RECORDS: 0
BROKEN RECORDS: 0
BROKEN RECORDS: 0
BROKEN RECORDS: 0
BROKEN RECORDS: 0
BROKEN RECORDS: 0
BROKEN RECORDS: 0
BROKEN RECORDS: 0
BROKEN RECORDS: 0
BROKEN RECORDS: 0
BROKEN RECORDS: 0
BROKEN RECORDS: 0
BROKEN RECORDS: 0
2013-04-23T00:22:08.693+0200: [GC [ParNew: 3040832K->246774K(3040832K), 0.2035300 secs] 26609230K->24051235K(30070848K), 0.2037170 secs] [Times: user=2.00 sys=0.35, real=0.20 secs] 
BROKEN RECORDS: 0
BROKEN RECORDS: 0
BROKEN RECORDS: 0
BROKEN RECORDS: 0
BROKEN RECORDS: 0
BROKEN RECORDS: 0
BROKEN RECORDS: 0
BROKEN RECORDS: 0
BROKEN RECORDS: 0
BROKEN RECORDS: 0
BROKEN RECORDS: 0
BROKEN RECORDS: 0
BROKEN RECORDS: 0
BROKEN RECORDS: 0
BROKEN RECORDS: 0
BROKEN RECORDS: 0
BROKEN RECORDS: 0
BROKEN RECORDS: 0
BROKEN RECORDS: 0
BROKEN RECORDS: 0
