2013-04-23T00:16:28.780+0200: [GC [ParNew: 2702976K->337855K(3040832K), 0.9387580 secs] 2702976K->2486088K(30070848K), 0.9388320 secs] [Times: user=1.97 sys=9.96, real=0.94 secs] 
2013-04-23T00:16:30.515+0200: [GC [ParNew: 3040831K->337856K(3040832K), 1.0848120 secs] 5189064K->5118915K(30070848K), 1.0848630 secs] [Times: user=2.36 sys=11.68, real=1.09 secs] 
2013-04-23T00:16:32.374+0200: [GC [ParNew: 3040832K->337856K(3040832K), 1.1429200 secs] 7821891K->7814422K(30070848K), 1.1429690 secs] [Times: user=3.59 sys=11.22, real=1.14 secs] 
2013-04-23T00:16:34.261+0200: [GC [ParNew: 3040832K->337856K(3040832K), 1.1092200 secs] 10517398K->10537575K(30070848K), 1.1092890 secs] [Times: user=3.69 sys=10.66, real=1.11 secs] 
2013-04-23T00:16:36.089+0200: [GC [ParNew: 3040832K->337856K(3040832K), 1.1731470 secs] 13240551K->13251635K(30070848K), 1.1732650 secs] [Times: user=3.77 sys=11.41, real=1.18 secs] 
2013-04-23T00:16:38.005+0200: [GC [ParNew: 3040832K->337856K(3040832K), 1.5625780 secs] 15954611K->15960413K(30070848K), 1.5626830 secs] [Times: user=17.78 sys=2.50, real=1.56 secs] 
2013-04-23T00:16:40.312+0200: [GC [ParNew: 3040832K->337856K(3040832K), 1.1401090 secs] 18663389K->18694899K(30070848K), 1.1401840 secs] [Times: user=3.83 sys=10.89, real=1.14 secs] 
2013-04-23T00:16:42.196+0200: [GC [ParNew: 3040832K->337856K(3040832K), 1.1754120 secs] 21397875K->21399097K(30070848K), 1.1754900 secs] [Times: user=4.29 sys=10.93, real=1.18 secs] 
2013-04-23T00:16:55.986+0200: [GC [ParNew: 3040832K->337856K(3040832K), 1.5637860 secs] 24102073K->23496077K(30070848K), 1.5639030 secs] [Times: user=18.17 sys=2.11, real=1.56 secs] 
2013-04-23T00:17:31.525+0200: [GC [ParNew: 3040832K->337856K(3040832K), 0.2343150 secs] 26199053K->23752420K(30070848K), 0.2345040 secs] [Times: user=2.54 sys=0.39, real=0.24 secs] 
BROKEN RECORDS: 0
BROKEN RECORDS: 0
BROKEN RECORDS: 0
BROKEN RECORDS: 0
BROKEN RECORDS: 0
BROKEN RECORDS: 0
BROKEN RECORDS: 0
BROKEN RECORDS: 0
BROKEN RECORDS: 0
BROKEN RECORDS: 0
BROKEN RECORDS: 0
BROKEN RECORDS: 0
BROKEN RECORDS: 0
BROKEN RECORDS: 0
BROKEN RECORDS: 0
BROKEN RECORDS: 0
BROKEN RECORDS: 0
BROKEN RECORDS: 0
BROKEN RECORDS: 0
BROKEN RECORDS: 0
BROKEN RECORDS: 0
BROKEN RECORDS: 0
BROKEN RECORDS: 0
BROKEN RECORDS: 0
BROKEN RECORDS: 0
BROKEN RECORDS: 0
BROKEN RECORDS: 0
BROKEN RECORDS: 0
BROKEN RECORDS: 0
BROKEN RECORDS: 0
BROKEN RECORDS: 0
BROKEN RECORDS: 0
BROKEN RECORDS: 0
BROKEN RECORDS: 0
BROKEN RECORDS: 0
BROKEN RECORDS: 0
BROKEN RECORDS: 0
BROKEN RECORDS: 0
BROKEN RECORDS: 0
BROKEN RECORDS: 0
BROKEN RECORDS: 0
BROKEN RECORDS: 0
BROKEN RECORDS: 0
BROKEN RECORDS: 0
BROKEN RECORDS: 0
BROKEN RECORDS: 0
BROKEN RECORDS: 0
BROKEN RECORDS: 0
BROKEN RECORDS: 0
BROKEN RECORDS: 0
BROKEN RECORDS: 0
BROKEN RECORDS: 0
BROKEN RECORDS: 0
BROKEN RECORDS: 0
BROKEN RECORDS: 0
BROKEN RECORDS: 0
BROKEN RECORDS: 0
BROKEN RECORDS: 0
BROKEN RECORDS: 0
BROKEN RECORDS: 0
BROKEN RECORDS: 0
BROKEN RECORDS: 0
BROKEN RECORDS: 0
2013-04-23T00:22:08.177+0200: [GC [ParNew: 3040832K->335419K(3040832K), 0.1643220 secs] 26455396K->23979293K(30070848K), 0.1644700 secs] [Times: user=1.74 sys=0.34, real=0.17 secs] 
BROKEN RECORDS: 0
BROKEN RECORDS: 0
BROKEN RECORDS: 0
BROKEN RECORDS: 0
BROKEN RECORDS: 0
BROKEN RECORDS: 0
BROKEN RECORDS: 0
BROKEN RECORDS: 0
BROKEN RECORDS: 0
BROKEN RECORDS: 0
BROKEN RECORDS: 0
BROKEN RECORDS: 0
BROKEN RECORDS: 0
BROKEN RECORDS: 0
BROKEN RECORDS: 0
BROKEN RECORDS: 0
BROKEN RECORDS: 0
BROKEN RECORDS: 0
BROKEN RECORDS: 0
BROKEN RECORDS: 0
BROKEN RECORDS: 0
BROKEN RECORDS: 0
BROKEN RECORDS: 0
BROKEN RECORDS: 0
BROKEN RECORDS: 0
