2013-04-23T00:16:25.921+0200: [GC [ParNew: 2702976K->337855K(3040832K), 1.0269450 secs] 2702976K->2483120K(30070848K), 1.0270390 secs] [Times: user=3.64 sys=9.41, real=1.03 secs] 
2013-04-23T00:16:27.719+0200: [GC [ParNew: 3040831K->337856K(3040832K), 1.1781020 secs] 5186096K->5111971K(30070848K), 1.1781510 secs] [Times: user=4.14 sys=11.09, real=1.18 secs] 
2013-04-23T00:16:29.661+0200: [GC [ParNew: 3040832K->337856K(3040832K), 1.1724850 secs] 7814947K->7808183K(30070848K), 1.1725330 secs] [Times: user=4.22 sys=10.93, real=1.18 secs] 
2013-04-23T00:16:31.515+0200: [GC [ParNew: 3040832K->337856K(3040832K), 1.0972980 secs] 10511159K->10553395K(30070848K), 1.0973420 secs] [Times: user=3.52 sys=10.69, real=1.09 secs] 
2013-04-23T00:16:33.338+0200: [GC [ParNew: 3040832K->337856K(3040832K), 1.2058930 secs] 13256371K->13284486K(30070848K), 1.2059520 secs] [Times: user=4.75 sys=10.82, real=1.20 secs] 
2013-04-23T00:16:35.268+0200: [GC [ParNew: 3040832K->337856K(3040832K), 1.8337760 secs] 15987462K->15998963K(30070848K), 1.8338430 secs] [Times: user=21.01 sys=2.73, real=1.84 secs] 
2013-04-23T00:16:37.784+0200: [GC [ParNew: 3040832K->337856K(3040832K), 1.1260340 secs] 18701939K->18718402K(30070848K), 1.1261010 secs] [Times: user=4.44 sys=10.04, real=1.12 secs] 
2013-04-23T00:16:39.725+0200: [GC [ParNew: 3040832K->337856K(3040832K), 1.4529230 secs] 21421378K->21409570K(30070848K), 1.4529920 secs] [Times: user=4.16 sys=13.45, real=1.45 secs] 
2013-04-23T00:16:56.159+0200: [GC [ParNew: 3040832K->337856K(3040832K), 1.6320330 secs] 24112546K->23520061K(30070848K), 1.6321370 secs] [Times: user=17.18 sys=2.05, real=1.63 secs] 
2013-04-23T00:17:33.507+0200: [GC [ParNew: 3040832K->337856K(3040832K), 0.3673220 secs] 26223037K->23952516K(30070848K), 0.3675210 secs] [Times: user=2.81 sys=0.87, real=0.37 secs] 
BROKEN RECORDS: 0
BROKEN RECORDS: 0
BROKEN RECORDS: 0
BROKEN RECORDS: 0
BROKEN RECORDS: 0
BROKEN RECORDS: 0
BROKEN RECORDS: 0
BROKEN RECORDS: 0
BROKEN RECORDS: 0
BROKEN RECORDS: 0
BROKEN RECORDS: 0
BROKEN RECORDS: 0
BROKEN RECORDS: 0
BROKEN RECORDS: 0
BROKEN RECORDS: 0
BROKEN RECORDS: 0
BROKEN RECORDS: 0
BROKEN RECORDS: 0
BROKEN RECORDS: 0
BROKEN RECORDS: 0
BROKEN RECORDS: 0
BROKEN RECORDS: 0
BROKEN RECORDS: 0
BROKEN RECORDS: 0
BROKEN RECORDS: 0
BROKEN RECORDS: 0
BROKEN RECORDS: 0
BROKEN RECORDS: 0
BROKEN RECORDS: 0
BROKEN RECORDS: 0
BROKEN RECORDS: 0
BROKEN RECORDS: 0
BROKEN RECORDS: 0
BROKEN RECORDS: 0
BROKEN RECORDS: 0
BROKEN RECORDS: 0
BROKEN RECORDS: 0
BROKEN RECORDS: 0
BROKEN RECORDS: 0
BROKEN RECORDS: 0
BROKEN RECORDS: 0
BROKEN RECORDS: 0
BROKEN RECORDS: 0
BROKEN RECORDS: 0
BROKEN RECORDS: 0
BROKEN RECORDS: 0
BROKEN RECORDS: 0
BROKEN RECORDS: 0
BROKEN RECORDS: 0
BROKEN RECORDS: 0
BROKEN RECORDS: 0
BROKEN RECORDS: 0
BROKEN RECORDS: 0
BROKEN RECORDS: 0
BROKEN RECORDS: 0
BROKEN RECORDS: 0
BROKEN RECORDS: 0
BROKEN RECORDS: 0
BROKEN RECORDS: 0
BROKEN RECORDS: 0
BROKEN RECORDS: 0
BROKEN RECORDS: 0
BROKEN RECORDS: 0
BROKEN RECORDS: 0
BROKEN RECORDS: 0
BROKEN RECORDS: 0
BROKEN RECORDS: 0
BROKEN RECORDS: 0
BROKEN RECORDS: 0
BROKEN RECORDS: 0
BROKEN RECORDS: 0
BROKEN RECORDS: 0
BROKEN RECORDS: 0
BROKEN RECORDS: 0
BROKEN RECORDS: 0
BROKEN RECORDS: 0
BROKEN RECORDS: 0
BROKEN RECORDS: 0
BROKEN RECORDS: 0
BROKEN RECORDS: 0
2013-04-23T00:22:09.845+0200: [GC [ParNew: 3040832K->201295K(3040832K), 0.2045850 secs] 26655492K->24077225K(30070848K), 0.2048500 secs] [Times: user=2.04 sys=0.37, real=0.20 secs] 
BROKEN RECORDS: 0
BROKEN RECORDS: 0
BROKEN RECORDS: 0
BROKEN RECORDS: 0
BROKEN RECORDS: 0
BROKEN RECORDS: 0
BROKEN RECORDS: 0
BROKEN RECORDS: 0
