2013-04-23T00:16:27.992+0200: [GC [ParNew: 2702976K->337856K(3040832K), 1.0094100 secs] 2702976K->2487550K(30070848K), 1.0095010 secs] [Times: user=3.04 sys=9.92, real=1.01 secs] 
2013-04-23T00:16:30.140+0200: [GC [ParNew: 3040832K->337856K(3040832K), 1.1736040 secs] 5190526K->5117462K(30070848K), 1.1736770 secs] [Times: user=3.74 sys=11.44, real=1.17 secs] 
2013-04-23T00:16:32.446+0200: [GC [ParNew: 3040832K->337856K(3040832K), 1.1828350 secs] 7820438K->7812969K(30070848K), 1.1829050 secs] [Times: user=4.41 sys=10.82, real=1.18 secs] 
2013-04-23T00:16:34.631+0200: [GC [ParNew: 3040832K->337856K(3040832K), 1.0733930 secs] 10515945K->10543582K(30070848K), 1.0734460 secs] [Times: user=2.93 sys=10.73, real=1.07 secs] 
2013-04-23T00:16:36.668+0200: [GC [ParNew: 3040832K->337856K(3040832K), 1.1943600 secs] 13246558K->13248293K(30070848K), 1.1944130 secs] [Times: user=4.29 sys=11.18, real=1.19 secs] 
2013-04-23T00:16:38.925+0200: [GC [ParNew: 3040832K->337856K(3040832K), 1.6140090 secs] 15951269K->15950315K(30070848K), 1.6140630 secs] [Times: user=18.05 sys=2.78, real=1.61 secs] 
2013-04-23T00:16:41.627+0200: [GC [ParNew: 3040832K->337856K(3040832K), 1.1458320 secs] 18653291K->18675197K(30070848K), 1.1458780 secs] [Times: user=4.08 sys=10.72, real=1.14 secs] 
2013-04-23T00:16:43.770+0200: [GC [ParNew: 3040832K->337856K(3040832K), 1.5561150 secs] 21378173K->21352374K(30070848K), 1.5561710 secs] [Times: user=3.99 sys=15.35, real=1.56 secs] 
2013-04-23T00:16:56.227+0200: [GC [ParNew: 3040832K->337856K(3040832K), 1.5280170 secs] 24055350K->23488029K(30070848K), 1.5281020 secs] [Times: user=17.30 sys=2.39, real=1.53 secs] 
2013-04-23T00:17:29.841+0200: [GC [ParNew: 3040832K->337856K(3040832K), 0.2677050 secs] 26191005K->23784820K(30070848K), 0.2679520 secs] [Times: user=2.42 sys=0.91, real=0.26 secs] 
BROKEN RECORDS: 0
BROKEN RECORDS: 0
BROKEN RECORDS: 0
BROKEN RECORDS: 0
BROKEN RECORDS: 0
BROKEN RECORDS: 0
BROKEN RECORDS: 0
BROKEN RECORDS: 0
BROKEN RECORDS: 0
BROKEN RECORDS: 0
BROKEN RECORDS: 0
BROKEN RECORDS: 0
BROKEN RECORDS: 0
BROKEN RECORDS: 0
BROKEN RECORDS: 0
BROKEN RECORDS: 0
BROKEN RECORDS: 0
BROKEN RECORDS: 0
BROKEN RECORDS: 0
BROKEN RECORDS: 0
BROKEN RECORDS: 0
BROKEN RECORDS: 0
BROKEN RECORDS: 0
BROKEN RECORDS: 0
BROKEN RECORDS: 0
BROKEN RECORDS: 0
BROKEN RECORDS: 0
BROKEN RECORDS: 0
BROKEN RECORDS: 0
BROKEN RECORDS: 0
BROKEN RECORDS: 0
BROKEN RECORDS: 0
BROKEN RECORDS: 0
BROKEN RECORDS: 0
BROKEN RECORDS: 0
BROKEN RECORDS: 0
BROKEN RECORDS: 0
BROKEN RECORDS: 0
BROKEN RECORDS: 0
BROKEN RECORDS: 0
BROKEN RECORDS: 0
BROKEN RECORDS: 0
BROKEN RECORDS: 0
BROKEN RECORDS: 0
BROKEN RECORDS: 0
BROKEN RECORDS: 0
BROKEN RECORDS: 0
BROKEN RECORDS: 0
BROKEN RECORDS: 0
BROKEN RECORDS: 0
BROKEN RECORDS: 0
BROKEN RECORDS: 0
BROKEN RECORDS: 0
BROKEN RECORDS: 0
BROKEN RECORDS: 0
BROKEN RECORDS: 0
BROKEN RECORDS: 0
BROKEN RECORDS: 0
BROKEN RECORDS: 0
BROKEN RECORDS: 0
BROKEN RECORDS: 0
BROKEN RECORDS: 0
BROKEN RECORDS: 0
BROKEN RECORDS: 0
BROKEN RECORDS: 0
BROKEN RECORDS: 0
BROKEN RECORDS: 0
BROKEN RECORDS: 0
BROKEN RECORDS: 0
BROKEN RECORDS: 0
BROKEN RECORDS: 0
BROKEN RECORDS: 0
BROKEN RECORDS: 0
BROKEN RECORDS: 0
BROKEN RECORDS: 0
BROKEN RECORDS: 0
BROKEN RECORDS: 0
BROKEN RECORDS: 0
BROKEN RECORDS: 0
BROKEN RECORDS: 0
2013-04-23T00:22:09.796+0200: [GC [ParNew: 3040832K->241263K(3040832K), 0.1849270 secs] 26487796K->23977526K(30070848K), 0.1851540 secs] [Times: user=1.79 sys=0.36, real=0.18 secs] 
BROKEN RECORDS: 0
BROKEN RECORDS: 0
BROKEN RECORDS: 0
BROKEN RECORDS: 0
BROKEN RECORDS: 0
BROKEN RECORDS: 0
BROKEN RECORDS: 0
BROKEN RECORDS: 0
