2013-04-23T00:16:26.045+0200: [GC [ParNew: 2702976K->337855K(3040832K), 1.0447360 secs] 2702976K->2486387K(30070848K), 1.0448980 secs] [Times: user=3.22 sys=9.96, real=1.05 secs] 
2013-04-23T00:16:28.230+0200: [GC [ParNew: 3040831K->337856K(3040832K), 1.2084670 secs] 5189363K->5126084K(30070848K), 1.2085300 secs] [Times: user=4.14 sys=11.45, real=1.21 secs] 
2013-04-23T00:16:30.528+0200: [GC [ParNew: 3040832K->337856K(3040832K), 1.1731100 secs] 7829060K->7821454K(30070848K), 1.1731680 secs] [Times: user=4.25 sys=10.94, real=1.17 secs] 
2013-04-23T00:16:32.658+0200: [GC [ParNew: 3040832K->337856K(3040832K), 1.0675180 secs] 10524430K->10550787K(30070848K), 1.0675780 secs] [Times: user=3.49 sys=10.26, real=1.07 secs] 
2013-04-23T00:16:34.630+0200: [GC [ParNew: 3035406K->337856K(3040832K), 1.2233230 secs] 13248337K->13261709K(30070848K), 1.2233730 secs] [Times: user=5.08 sys=10.38, real=1.22 secs] 
2013-04-23T00:16:36.840+0200: [GC [ParNew: 3040832K->337856K(3040832K), 2.0863830 secs] 15964685K->15922143K(30070848K), 2.0864380 secs] [Times: user=23.97 sys=3.01, real=2.09 secs] 
2013-04-23T00:16:39.936+0200: [GC [ParNew: 3040832K->337856K(3040832K), 1.1538500 secs] 18625119K->18687012K(30070848K), 1.1539010 secs] [Times: user=4.51 sys=10.39, real=1.15 secs] 
2013-04-23T00:16:42.050+0200: [GC [ParNew: 3040832K->337856K(3040832K), 1.3249990 secs] 21389988K->21390698K(30070848K), 1.3250850 secs] [Times: user=4.73 sys=12.00, real=1.33 secs] 
2013-04-23T00:16:55.954+0200: [GC [ParNew: 3040832K->337856K(3040832K), 1.7907290 secs] 24093674K->23513803K(30070848K), 1.7908270 secs] [Times: user=19.03 sys=2.16, real=1.79 secs] 
2013-04-23T00:17:55.400+0200: [GC [ParNew: 3040832K->337856K(3040832K), 0.3713140 secs] 26216779K->23871670K(30070848K), 0.3714910 secs] [Times: user=3.10 sys=0.63, real=0.38 secs] 
BROKEN RECORDS: 0
BROKEN RECORDS: 0
BROKEN RECORDS: 0
BROKEN RECORDS: 0
BROKEN RECORDS: 0
BROKEN RECORDS: 0
BROKEN RECORDS: 0
BROKEN RECORDS: 0
BROKEN RECORDS: 0
BROKEN RECORDS: 0
BROKEN RECORDS: 0
BROKEN RECORDS: 0
BROKEN RECORDS: 0
BROKEN RECORDS: 0
BROKEN RECORDS: 0
BROKEN RECORDS: 0
BROKEN RECORDS: 0
BROKEN RECORDS: 0
BROKEN RECORDS: 0
BROKEN RECORDS: 0
BROKEN RECORDS: 0
BROKEN RECORDS: 0
BROKEN RECORDS: 0
BROKEN RECORDS: 0
BROKEN RECORDS: 0
BROKEN RECORDS: 0
BROKEN RECORDS: 0
BROKEN RECORDS: 0
BROKEN RECORDS: 0
BROKEN RECORDS: 0
BROKEN RECORDS: 0
BROKEN RECORDS: 0
BROKEN RECORDS: 0
BROKEN RECORDS: 0
BROKEN RECORDS: 0
BROKEN RECORDS: 0
BROKEN RECORDS: 0
BROKEN RECORDS: 0
BROKEN RECORDS: 0
BROKEN RECORDS: 0
BROKEN RECORDS: 0
BROKEN RECORDS: 0
BROKEN RECORDS: 0
BROKEN RECORDS: 0
BROKEN RECORDS: 0
BROKEN RECORDS: 0
BROKEN RECORDS: 0
BROKEN RECORDS: 0
BROKEN RECORDS: 0
BROKEN RECORDS: 0
BROKEN RECORDS: 0
BROKEN RECORDS: 0
BROKEN RECORDS: 0
BROKEN RECORDS: 0
BROKEN RECORDS: 0
BROKEN RECORDS: 0
BROKEN RECORDS: 0
BROKEN RECORDS: 0
BROKEN RECORDS: 0
BROKEN RECORDS: 0
BROKEN RECORDS: 0
BROKEN RECORDS: 0
BROKEN RECORDS: 0
BROKEN RECORDS: 0
BROKEN RECORDS: 0
BROKEN RECORDS: 0
BROKEN RECORDS: 0
BROKEN RECORDS: 0
BROKEN RECORDS: 0
BROKEN RECORDS: 0
BROKEN RECORDS: 0
BROKEN RECORDS: 0
BROKEN RECORDS: 0
BROKEN RECORDS: 0
BROKEN RECORDS: 0
BROKEN RECORDS: 0
BROKEN RECORDS: 0
BROKEN RECORDS: 0
BROKEN RECORDS: 0
BROKEN RECORDS: 0
2013-04-23T00:22:09.650+0200: [GC [ParNew: 3040832K->177379K(3040832K), 0.2553200 secs] 26574646K->23973442K(30070848K), 0.2554930 secs] [Times: user=1.66 sys=0.40, real=0.26 secs] 
BROKEN RECORDS: 0
BROKEN RECORDS: 0
BROKEN RECORDS: 0
BROKEN RECORDS: 0
BROKEN RECORDS: 0
BROKEN RECORDS: 0
BROKEN RECORDS: 0
BROKEN RECORDS: 0
