2013-04-23T00:16:25.727+0200: [GC [ParNew: 2702976K->337856K(3040832K), 1.0085450 secs] 2702976K->2488360K(30070848K), 1.0086170 secs] [Times: user=2.96 sys=9.93, real=1.01 secs] 
2013-04-23T00:16:27.770+0200: [GC [ParNew: 3040832K->337856K(3040832K), 1.1888120 secs] 5191336K->5124091K(30070848K), 1.1888760 secs] [Times: user=4.06 sys=11.12, real=1.19 secs] 
2013-04-23T00:16:30.078+0200: [GC [ParNew: 3040832K->337856K(3040832K), 1.2010000 secs] 7827067K->7817189K(30070848K), 1.2011160 secs] [Times: user=5.05 sys=10.52, real=1.20 secs] 
2013-04-23T00:16:32.359+0200: [GC [ParNew: 3040832K->337856K(3040832K), 1.1554780 secs] 10520165K->10568260K(30070848K), 1.1555500 secs] [Times: user=3.93 sys=11.04, real=1.15 secs] 
2013-04-23T00:16:34.509+0200: [GC [ParNew: 3040832K->337856K(3040832K), 1.1477440 secs] 13271236K->13274219K(30070848K), 1.1478080 secs] [Times: user=4.00 sys=10.79, real=1.15 secs] 
2013-04-23T00:16:36.610+0200: [GC [ParNew: 3040832K->337856K(3040832K), 2.0176250 secs] 15977195K->15988952K(30070848K), 2.0176790 secs] [Times: user=23.20 sys=2.99, real=2.02 secs] 
2013-04-23T00:16:39.642+0200: [GC [ParNew: 3040832K->337856K(3040832K), 1.2152770 secs] 18691928K->18701924K(30070848K), 1.2153240 secs] [Times: user=4.46 sys=10.56, real=1.21 secs] 
2013-04-23T00:16:41.936+0200: [GC [ParNew: 3040832K->337856K(3040832K), 1.8885280 secs] 21404900K->21388001K(30070848K), 1.8885930 secs] [Times: user=4.86 sys=13.46, real=1.89 secs] 
2013-04-23T00:16:56.385+0200: [GC [ParNew: 3040832K->337856K(3040832K), 1.7806620 secs] 24090977K->23469934K(30070848K), 1.7807460 secs] [Times: user=18.73 sys=2.29, real=1.78 secs] 
2013-04-23T00:17:22.123+0200: [GC [ParNew: 3035699K->337856K(3040832K), 0.4051040 secs] 26167778K->23896532K(30070848K), 0.4053240 secs] [Times: user=2.83 sys=1.00, real=0.40 secs] 
BROKEN RECORDS: 0
BROKEN RECORDS: 0
BROKEN RECORDS: 0
BROKEN RECORDS: 0
BROKEN RECORDS: 0
BROKEN RECORDS: 0
BROKEN RECORDS: 0
BROKEN RECORDS: 0
BROKEN RECORDS: 0
BROKEN RECORDS: 0
BROKEN RECORDS: 0
BROKEN RECORDS: 0
BROKEN RECORDS: 0
BROKEN RECORDS: 0
BROKEN RECORDS: 0
BROKEN RECORDS: 0
2013-04-23T00:21:09.609+0200: [GC [ParNew: 3040832K->337856K(3040832K), 0.1964390 secs] 26599508K->24128272K(30070848K), 0.1965550 secs] [Times: user=1.90 sys=0.31, real=0.19 secs] 
BROKEN RECORDS: 0
BROKEN RECORDS: 0
BROKEN RECORDS: 0
BROKEN RECORDS: 0
BROKEN RECORDS: 0
BROKEN RECORDS: 0
BROKEN RECORDS: 0
BROKEN RECORDS: 0
BROKEN RECORDS: 0
BROKEN RECORDS: 0
BROKEN RECORDS: 0
BROKEN RECORDS: 0
BROKEN RECORDS: 0
BROKEN RECORDS: 0
BROKEN RECORDS: 0
BROKEN RECORDS: 0
BROKEN RECORDS: 0
BROKEN RECORDS: 0
BROKEN RECORDS: 0
BROKEN RECORDS: 0
BROKEN RECORDS: 0
BROKEN RECORDS: 0
BROKEN RECORDS: 0
BROKEN RECORDS: 0
BROKEN RECORDS: 0
BROKEN RECORDS: 0
BROKEN RECORDS: 0
BROKEN RECORDS: 0
BROKEN RECORDS: 0
BROKEN RECORDS: 0
BROKEN RECORDS: 0
BROKEN RECORDS: 0
BROKEN RECORDS: 0
BROKEN RECORDS: 0
BROKEN RECORDS: 0
BROKEN RECORDS: 0
BROKEN RECORDS: 0
BROKEN RECORDS: 0
BROKEN RECORDS: 0
BROKEN RECORDS: 0
BROKEN RECORDS: 0
BROKEN RECORDS: 0
BROKEN RECORDS: 0
BROKEN RECORDS: 0
BROKEN RECORDS: 0
BROKEN RECORDS: 0
BROKEN RECORDS: 0
BROKEN RECORDS: 0
BROKEN RECORDS: 0
BROKEN RECORDS: 0
BROKEN RECORDS: 0
BROKEN RECORDS: 0
BROKEN RECORDS: 0
BROKEN RECORDS: 0
BROKEN RECORDS: 0
BROKEN RECORDS: 0
BROKEN RECORDS: 0
BROKEN RECORDS: 0
BROKEN RECORDS: 0
BROKEN RECORDS: 0
BROKEN RECORDS: 0
BROKEN RECORDS: 0
BROKEN RECORDS: 0
BROKEN RECORDS: 0
BROKEN RECORDS: 0
BROKEN RECORDS: 0
BROKEN RECORDS: 0
BROKEN RECORDS: 0
BROKEN RECORDS: 0
BROKEN RECORDS: 0
BROKEN RECORDS: 0
BROKEN RECORDS: 0
