2013-04-23T00:16:26.720+0200: [GC [ParNew: 2702976K->337855K(3040832K), 0.9987430 secs] 2702976K->2482690K(30070848K), 0.9988110 secs] [Times: user=2.87 sys=9.86, real=1.00 secs] 
2013-04-23T00:16:28.796+0200: [GC [ParNew: 3040831K->337856K(3040832K), 1.1749470 secs] 5185666K->5111444K(30070848K), 1.1750180 secs] [Times: user=3.46 sys=11.47, real=1.18 secs] 
2013-04-23T00:16:31.090+0200: [GC [ParNew: 3040832K->337856K(3040832K), 1.1774900 secs] 7814420K->7801381K(30070848K), 1.1775610 secs] [Times: user=4.45 sys=10.79, real=1.18 secs] 
2013-04-23T00:16:33.276+0200: [GC [ParNew: 3040832K->337856K(3040832K), 1.0471320 secs] 10504357K->10549890K(30070848K), 1.0471880 secs] [Times: user=2.65 sys=10.86, real=1.05 secs] 
2013-04-23T00:16:35.412+0200: [GC [ParNew: 3040832K->337856K(3040832K), 1.1727220 secs] 13252866K->13252200K(30070848K), 1.1728280 secs] [Times: user=4.08 sys=11.07, real=1.17 secs] 
2013-04-23T00:16:37.542+0200: [GC [ParNew: 3040832K->337856K(3040832K), 1.6774090 secs] 15955176K->15918077K(30070848K), 1.6775240 secs] [Times: user=19.21 sys=2.56, real=1.68 secs] 
2013-04-23T00:16:40.243+0200: [GC [ParNew: 3040832K->337856K(3040832K), 1.2145140 secs] 18621053K->18682818K(30070848K), 1.2145960 secs] [Times: user=4.11 sys=11.06, real=1.21 secs] 
2013-04-23T00:16:42.475+0200: [GC [ParNew: 3040832K->337856K(3040832K), 1.5041640 secs] 21385794K->21362172K(30070848K), 1.5042270 secs] [Times: user=3.70 sys=15.19, real=1.50 secs] 
2013-04-23T00:16:55.991+0200: [GC [ParNew: 3040832K->337856K(3040832K), 1.5986740 secs] 24065148K->23499364K(30070848K), 1.5987580 secs] [Times: user=18.40 sys=2.22, real=1.59 secs] 
2013-04-23T00:17:27.441+0200: [GC [ParNew: 3040832K->337856K(3040832K), 0.5632560 secs] 26202340K->23861080K(30070848K), 0.5634890 secs] [Times: user=2.47 sys=0.52, real=0.56 secs] 
BROKEN RECORDS: 0
BROKEN RECORDS: 0
BROKEN RECORDS: 0
BROKEN RECORDS: 0
BROKEN RECORDS: 0
BROKEN RECORDS: 0
BROKEN RECORDS: 0
BROKEN RECORDS: 0
BROKEN RECORDS: 0
BROKEN RECORDS: 0
BROKEN RECORDS: 0
BROKEN RECORDS: 0
BROKEN RECORDS: 0
BROKEN RECORDS: 0
BROKEN RECORDS: 0
BROKEN RECORDS: 0
BROKEN RECORDS: 0
BROKEN RECORDS: 0
BROKEN RECORDS: 0
BROKEN RECORDS: 0
BROKEN RECORDS: 0
BROKEN RECORDS: 0
BROKEN RECORDS: 0
BROKEN RECORDS: 0
BROKEN RECORDS: 0
BROKEN RECORDS: 0
BROKEN RECORDS: 0
BROKEN RECORDS: 0
BROKEN RECORDS: 0
BROKEN RECORDS: 0
BROKEN RECORDS: 0
BROKEN RECORDS: 0
BROKEN RECORDS: 0
BROKEN RECORDS: 0
BROKEN RECORDS: 0
BROKEN RECORDS: 0
BROKEN RECORDS: 0
BROKEN RECORDS: 0
BROKEN RECORDS: 0
BROKEN RECORDS: 0
BROKEN RECORDS: 0
BROKEN RECORDS: 0
BROKEN RECORDS: 0
BROKEN RECORDS: 0
BROKEN RECORDS: 0
BROKEN RECORDS: 0
BROKEN RECORDS: 0
BROKEN RECORDS: 0
BROKEN RECORDS: 0
BROKEN RECORDS: 0
BROKEN RECORDS: 0
BROKEN RECORDS: 0
BROKEN RECORDS: 0
BROKEN RECORDS: 0
BROKEN RECORDS: 0
BROKEN RECORDS: 0
BROKEN RECORDS: 0
BROKEN RECORDS: 0
BROKEN RECORDS: 0
BROKEN RECORDS: 0
BROKEN RECORDS: 0
BROKEN RECORDS: 0
2013-04-23T00:22:08.159+0200: [GC [ParNew: 3040832K->272703K(3040832K), 0.1846140 secs] 26564056K->24037204K(30070848K), 0.1848240 secs] [Times: user=1.71 sys=0.37, real=0.19 secs] 
BROKEN RECORDS: 0
BROKEN RECORDS: 0
BROKEN RECORDS: 0
BROKEN RECORDS: 0
BROKEN RECORDS: 0
BROKEN RECORDS: 0
BROKEN RECORDS: 0
BROKEN RECORDS: 0
BROKEN RECORDS: 0
BROKEN RECORDS: 0
BROKEN RECORDS: 0
BROKEN RECORDS: 0
BROKEN RECORDS: 0
BROKEN RECORDS: 0
BROKEN RECORDS: 0
BROKEN RECORDS: 0
BROKEN RECORDS: 0
BROKEN RECORDS: 0
BROKEN RECORDS: 0
BROKEN RECORDS: 0
BROKEN RECORDS: 0
BROKEN RECORDS: 0
BROKEN RECORDS: 0
BROKEN RECORDS: 0
BROKEN RECORDS: 0
BROKEN RECORDS: 0
