2013-04-23T00:16:28.772+0200: [GC [ParNew: 2702976K->337856K(3040832K), 0.9626440 secs] 2702976K->2484517K(30070848K), 0.9627180 secs] [Times: user=2.15 sys=9.94, real=0.96 secs] 
2013-04-23T00:16:30.621+0200: [GC [ParNew: 3040832K->337856K(3040832K), 1.1219200 secs] 5187493K->5118982K(30070848K), 1.1219810 secs] [Times: user=2.74 sys=11.72, real=1.12 secs] 
2013-04-23T00:16:32.637+0200: [GC [ParNew: 3040832K->337856K(3040832K), 1.1436190 secs] 7821958K->7814553K(30070848K), 1.1436640 secs] [Times: user=3.75 sys=11.06, real=1.15 secs] 
2013-04-23T00:16:34.607+0200: [GC [ParNew: 3040832K->337856K(3040832K), 1.0946840 secs] 10517529K->10554803K(30070848K), 1.0947730 secs] [Times: user=3.29 sys=10.65, real=1.09 secs] 
2013-04-23T00:16:36.573+0200: [GC [ParNew: 3040832K->337856K(3040832K), 1.1794480 secs] 13257779K->13283493K(30070848K), 1.1795690 secs] [Times: user=3.80 sys=11.40, real=1.18 secs] 
2013-04-23T00:16:38.545+0200: [GC [ParNew: 3040832K->337856K(3040832K), 1.5891070 secs] 15986469K->15974119K(30070848K), 1.5891810 secs] [Times: user=18.07 sys=2.54, real=1.59 secs] 
2013-04-23T00:16:40.940+0200: [GC [ParNew: 3040832K->337856K(3040832K), 1.1567050 secs] 18677095K->18697848K(30070848K), 1.1567640 secs] [Times: user=4.66 sys=9.80, real=1.15 secs] 
2013-04-23T00:16:42.891+0200: [GC [ParNew: 3040832K->337856K(3040832K), 1.1636060 secs] 21400824K->21387094K(30070848K), 1.1636730 secs] [Times: user=3.97 sys=11.10, real=1.16 secs] 
2013-04-23T00:16:55.991+0200: [GC [ParNew: 3040832K->337856K(3040832K), 1.3897540 secs] 24090070K->23520828K(30070848K), 1.3899330 secs] [Times: user=16.35 sys=1.65, real=1.39 secs] 
2013-04-23T00:17:29.291+0200: [GC [ParNew: 3040191K->337856K(3040832K), 0.2252680 secs] 26228336K->23941298K(30070848K), 0.2254980 secs] [Times: user=2.32 sys=0.50, real=0.23 secs] 
BROKEN RECORDS: 0
BROKEN RECORDS: 0
BROKEN RECORDS: 0
BROKEN RECORDS: 0
BROKEN RECORDS: 0
BROKEN RECORDS: 0
BROKEN RECORDS: 0
BROKEN RECORDS: 0
BROKEN RECORDS: 0
BROKEN RECORDS: 0
BROKEN RECORDS: 0
BROKEN RECORDS: 0
BROKEN RECORDS: 0
BROKEN RECORDS: 0
BROKEN RECORDS: 0
BROKEN RECORDS: 0
BROKEN RECORDS: 0
BROKEN RECORDS: 0
BROKEN RECORDS: 0
BROKEN RECORDS: 0
BROKEN RECORDS: 0
BROKEN RECORDS: 0
BROKEN RECORDS: 0
BROKEN RECORDS: 0
BROKEN RECORDS: 0
BROKEN RECORDS: 0
BROKEN RECORDS: 0
BROKEN RECORDS: 0
BROKEN RECORDS: 0
BROKEN RECORDS: 0
BROKEN RECORDS: 0
BROKEN RECORDS: 0
BROKEN RECORDS: 0
BROKEN RECORDS: 0
BROKEN RECORDS: 0
BROKEN RECORDS: 0
BROKEN RECORDS: 0
BROKEN RECORDS: 0
BROKEN RECORDS: 0
BROKEN RECORDS: 0
BROKEN RECORDS: 0
BROKEN RECORDS: 0
BROKEN RECORDS: 0
BROKEN RECORDS: 0
BROKEN RECORDS: 0
BROKEN RECORDS: 0
BROKEN RECORDS: 0
BROKEN RECORDS: 0
BROKEN RECORDS: 0
BROKEN RECORDS: 0
BROKEN RECORDS: 0
BROKEN RECORDS: 0
BROKEN RECORDS: 0
BROKEN RECORDS: 0
BROKEN RECORDS: 0
BROKEN RECORDS: 0
BROKEN RECORDS: 0
BROKEN RECORDS: 0
BROKEN RECORDS: 0
BROKEN RECORDS: 0
BROKEN RECORDS: 0
BROKEN RECORDS: 0
BROKEN RECORDS: 0
BROKEN RECORDS: 0
BROKEN RECORDS: 0
BROKEN RECORDS: 0
BROKEN RECORDS: 0
BROKEN RECORDS: 0
BROKEN RECORDS: 0
BROKEN RECORDS: 0
2013-04-23T00:22:08.764+0200: [GC [ParNew: 3040832K->262231K(3040832K), 0.1615270 secs] 26644274K->24088674K(30070848K), 0.1617660 secs] [Times: user=1.70 sys=0.28, real=0.17 secs] 
BROKEN RECORDS: 0
BROKEN RECORDS: 0
BROKEN RECORDS: 0
BROKEN RECORDS: 0
BROKEN RECORDS: 0
BROKEN RECORDS: 0
BROKEN RECORDS: 0
BROKEN RECORDS: 0
BROKEN RECORDS: 0
BROKEN RECORDS: 0
BROKEN RECORDS: 0
BROKEN RECORDS: 0
BROKEN RECORDS: 0
BROKEN RECORDS: 0
BROKEN RECORDS: 0
BROKEN RECORDS: 0
BROKEN RECORDS: 0
BROKEN RECORDS: 0
