2013-04-23T00:16:27.005+0200: [GC [ParNew: 2702976K->337855K(3040832K), 0.9813190 secs] 2702976K->2487334K(30070848K), 0.9813910 secs] [Times: user=3.19 sys=9.01, real=0.98 secs] 
2013-04-23T00:16:29.002+0200: [GC [ParNew: 3040831K->337856K(3040832K), 1.1678290 secs] 5190310K->5116805K(30070848K), 1.1678930 secs] [Times: user=3.82 sys=11.24, real=1.17 secs] 
2013-04-23T00:16:31.166+0200: [GC [ParNew: 3040832K->337856K(3040832K), 1.1401020 secs] 7819781K->7806965K(30070848K), 1.1401760 secs] [Times: user=3.60 sys=11.18, real=1.14 secs] 
2013-04-23T00:16:33.313+0200: [GC [ParNew: 3040832K->337856K(3040832K), 1.0789200 secs] 10509941K->10539563K(30070848K), 1.0789810 secs] [Times: user=3.28 sys=10.62, real=1.08 secs] 
2013-04-23T00:16:35.471+0200: [GC [ParNew: 3040832K->337856K(3040832K), 1.1952130 secs] 13242539K->13254327K(30070848K), 1.1952760 secs] [Times: user=4.72 sys=10.38, real=1.20 secs] 
2013-04-23T00:16:37.745+0200: [GC [ParNew: 3040832K->337856K(3040832K), 1.7459030 secs] 15957303K->15961568K(30070848K), 1.7459690 secs] [Times: user=19.87 sys=2.76, real=1.74 secs] 
2013-04-23T00:16:40.509+0200: [GC [ParNew: 3040832K->337856K(3040832K), 1.1251140 secs] 18664544K->18698936K(30070848K), 1.1251870 secs] [Times: user=4.23 sys=9.92, real=1.13 secs] 
2013-04-23T00:16:42.601+0200: [GC [ParNew: 3040832K->337856K(3040832K), 1.4209050 secs] 21401912K->21388150K(30070848K), 1.4209610 secs] [Times: user=4.28 sys=13.68, real=1.42 secs] 
2013-04-23T00:16:56.044+0200: [GC [ParNew: 3040832K->337856K(3040832K), 1.5124090 secs] 24091126K->23520732K(30070848K), 1.5124930 secs] [Times: user=17.51 sys=2.10, real=1.51 secs] 
2013-04-23T00:17:32.201+0200: [GC [ParNew: 3040832K->337856K(3040832K), 0.2828590 secs] 26223708K->23926307K(30070848K), 0.2831170 secs] [Times: user=2.88 sys=0.64, real=0.28 secs] 
BROKEN RECORDS: 0
BROKEN RECORDS: 0
BROKEN RECORDS: 0
BROKEN RECORDS: 0
BROKEN RECORDS: 0
BROKEN RECORDS: 0
BROKEN RECORDS: 0
BROKEN RECORDS: 0
BROKEN RECORDS: 0
BROKEN RECORDS: 0
BROKEN RECORDS: 0
BROKEN RECORDS: 0
BROKEN RECORDS: 0
BROKEN RECORDS: 0
BROKEN RECORDS: 0
BROKEN RECORDS: 0
BROKEN RECORDS: 0
BROKEN RECORDS: 0
BROKEN RECORDS: 0
BROKEN RECORDS: 0
BROKEN RECORDS: 0
BROKEN RECORDS: 0
BROKEN RECORDS: 0
BROKEN RECORDS: 0
BROKEN RECORDS: 0
BROKEN RECORDS: 0
BROKEN RECORDS: 0
BROKEN RECORDS: 0
BROKEN RECORDS: 0
BROKEN RECORDS: 0
BROKEN RECORDS: 0
BROKEN RECORDS: 0
BROKEN RECORDS: 0
BROKEN RECORDS: 0
BROKEN RECORDS: 0
BROKEN RECORDS: 0
BROKEN RECORDS: 0
BROKEN RECORDS: 0
BROKEN RECORDS: 0
BROKEN RECORDS: 0
BROKEN RECORDS: 0
BROKEN RECORDS: 0
BROKEN RECORDS: 0
BROKEN RECORDS: 0
BROKEN RECORDS: 0
BROKEN RECORDS: 0
BROKEN RECORDS: 0
BROKEN RECORDS: 0
BROKEN RECORDS: 0
BROKEN RECORDS: 0
BROKEN RECORDS: 0
BROKEN RECORDS: 0
BROKEN RECORDS: 0
BROKEN RECORDS: 0
BROKEN RECORDS: 0
BROKEN RECORDS: 0
BROKEN RECORDS: 0
BROKEN RECORDS: 0
BROKEN RECORDS: 0
BROKEN RECORDS: 0
BROKEN RECORDS: 0
BROKEN RECORDS: 0
BROKEN RECORDS: 0
BROKEN RECORDS: 0
BROKEN RECORDS: 0
BROKEN RECORDS: 0
BROKEN RECORDS: 0
BROKEN RECORDS: 0
BROKEN RECORDS: 0
BROKEN RECORDS: 0
BROKEN RECORDS: 0
BROKEN RECORDS: 0
BROKEN RECORDS: 0
BROKEN RECORDS: 0
BROKEN RECORDS: 0
BROKEN RECORDS: 0
BROKEN RECORDS: 0
BROKEN RECORDS: 0
BROKEN RECORDS: 0
BROKEN RECORDS: 0
2013-04-23T00:22:09.404+0200: [GC [ParNew: 3040832K->174821K(3040832K), 0.1632140 secs] 26629283K->23981451K(30070848K), 0.1634560 secs] [Times: user=1.63 sys=0.36, real=0.16 secs] 
BROKEN RECORDS: 0
BROKEN RECORDS: 0
BROKEN RECORDS: 0
BROKEN RECORDS: 0
BROKEN RECORDS: 0
BROKEN RECORDS: 0
BROKEN RECORDS: 0
BROKEN RECORDS: 0
