2013-04-23T00:16:29.374+0200: [GC [ParNew: 2702976K->337856K(3040832K), 0.9775910 secs] 2702976K->2490201K(30070848K), 0.9776900 secs] [Times: user=1.75 sys=10.67, real=0.98 secs] 
2013-04-23T00:16:31.157+0200: [GC [ParNew: 3040832K->337856K(3040832K), 1.1047540 secs] 5193177K->5119818K(30070848K), 1.1048330 secs] [Times: user=2.59 sys=11.71, real=1.10 secs] 
2013-04-23T00:16:33.043+0200: [GC [ParNew: 3040832K->337856K(3040832K), 1.1541270 secs] 7822794K->7815613K(30070848K), 1.1542010 secs] [Times: user=3.87 sys=11.08, real=1.16 secs] 
2013-04-23T00:16:34.931+0200: [GC [ParNew: 3040832K->337856K(3040832K), 1.0949680 secs] 10518589K->10550868K(30070848K), 1.0951040 secs] [Times: user=3.61 sys=10.55, real=1.10 secs] 
2013-04-23T00:16:36.779+0200: [GC [ParNew: 3040832K->337856K(3040832K), 1.1790070 secs] 13253844K->13277382K(30070848K), 1.1790780 secs] [Times: user=4.10 sys=11.13, real=1.18 secs] 
2013-04-23T00:16:38.683+0200: [GC [ParNew: 3040832K->337856K(3040832K), 1.5160380 secs] 15980358K->15959555K(30070848K), 1.5160980 secs] [Times: user=17.16 sys=2.52, real=1.52 secs] 
2013-04-23T00:16:40.932+0200: [GC [ParNew: 3040832K->337856K(3040832K), 1.1306920 secs] 18662531K->18706272K(30070848K), 1.1307460 secs] [Times: user=3.86 sys=10.77, real=1.13 secs] 
2013-04-23T00:16:42.806+0200: [GC [ParNew: 3040832K->337856K(3040832K), 1.1707470 secs] 21409248K->21407460K(30070848K), 1.1707950 secs] [Times: user=4.09 sys=11.06, real=1.18 secs] 
2013-04-23T00:16:55.946+0200: [GC [ParNew: 3040832K->337856K(3040832K), 1.4574220 secs] 24110436K->23517406K(30070848K), 1.4575040 secs] [Times: user=17.05 sys=1.85, real=1.46 secs] 
2013-04-23T00:17:22.390+0200: [GC [ParNew: 3040832K->337856K(3040832K), 0.2366280 secs] 26285918K->24037676K(30070848K), 0.2368850 secs] [Times: user=2.34 sys=0.64, real=0.24 secs] 
BROKEN RECORDS: 0
BROKEN RECORDS: 0
BROKEN RECORDS: 0
BROKEN RECORDS: 0
BROKEN RECORDS: 0
BROKEN RECORDS: 0
BROKEN RECORDS: 0
BROKEN RECORDS: 0
BROKEN RECORDS: 0
BROKEN RECORDS: 0
BROKEN RECORDS: 0
BROKEN RECORDS: 0
BROKEN RECORDS: 0
BROKEN RECORDS: 0
BROKEN RECORDS: 0
BROKEN RECORDS: 0
BROKEN RECORDS: 0
BROKEN RECORDS: 0
BROKEN RECORDS: 0
BROKEN RECORDS: 0
BROKEN RECORDS: 0
BROKEN RECORDS: 0
BROKEN RECORDS: 0
BROKEN RECORDS: 0
BROKEN RECORDS: 0
BROKEN RECORDS: 0
BROKEN RECORDS: 0
BROKEN RECORDS: 0
BROKEN RECORDS: 0
BROKEN RECORDS: 0
BROKEN RECORDS: 0
BROKEN RECORDS: 0
BROKEN RECORDS: 0
BROKEN RECORDS: 0
BROKEN RECORDS: 0
BROKEN RECORDS: 0
BROKEN RECORDS: 0
BROKEN RECORDS: 0
BROKEN RECORDS: 0
BROKEN RECORDS: 0
BROKEN RECORDS: 0
BROKEN RECORDS: 0
BROKEN RECORDS: 0
BROKEN RECORDS: 0
BROKEN RECORDS: 0
2013-04-23T00:22:07.053+0200: [GC [ParNew: 3040804K->273472K(3040832K), 0.1727320 secs] 26740625K->24227584K(30070848K), 0.1729300 secs] [Times: user=1.82 sys=0.39, real=0.18 secs] 
BROKEN RECORDS: 0
BROKEN RECORDS: 0
BROKEN RECORDS: 0
BROKEN RECORDS: 0
BROKEN RECORDS: 0
BROKEN RECORDS: 0
BROKEN RECORDS: 0
BROKEN RECORDS: 0
BROKEN RECORDS: 0
BROKEN RECORDS: 0
BROKEN RECORDS: 0
BROKEN RECORDS: 0
BROKEN RECORDS: 0
BROKEN RECORDS: 0
BROKEN RECORDS: 0
BROKEN RECORDS: 0
BROKEN RECORDS: 0
BROKEN RECORDS: 0
BROKEN RECORDS: 0
BROKEN RECORDS: 0
BROKEN RECORDS: 0
BROKEN RECORDS: 0
BROKEN RECORDS: 0
BROKEN RECORDS: 0
BROKEN RECORDS: 0
BROKEN RECORDS: 0
BROKEN RECORDS: 0
BROKEN RECORDS: 0
BROKEN RECORDS: 0
BROKEN RECORDS: 0
BROKEN RECORDS: 0
BROKEN RECORDS: 0
BROKEN RECORDS: 0
BROKEN RECORDS: 0
BROKEN RECORDS: 0
BROKEN RECORDS: 0
BROKEN RECORDS: 0
BROKEN RECORDS: 0
BROKEN RECORDS: 0
BROKEN RECORDS: 0
BROKEN RECORDS: 0
BROKEN RECORDS: 0
BROKEN RECORDS: 0
