2013-04-23T00:16:29.200+0200: [GC [ParNew: 2702976K->337856K(3040832K), 0.9473310 secs] 2702976K->2484777K(30070848K), 0.9474030 secs] [Times: user=1.97 sys=9.94, real=0.95 secs] 
2013-04-23T00:16:30.995+0200: [GC [ParNew: 3040832K->337856K(3040832K), 1.0928030 secs] 5187753K->5113866K(30070848K), 1.0928510 secs] [Times: user=2.55 sys=11.56, real=1.10 secs] 
2013-04-23T00:16:32.942+0200: [GC [ParNew: 3040832K->337856K(3040832K), 1.1545540 secs] 7816842K->7807932K(30070848K), 1.1546280 secs] [Times: user=3.76 sys=11.20, real=1.15 secs] 
2013-04-23T00:16:34.913+0200: [GC [ParNew: 3040832K->337856K(3040832K), 1.1314940 secs] 10510908K->10544052K(30070848K), 1.1315490 secs] [Times: user=3.44 sys=11.20, real=1.13 secs] 
2013-04-23T00:16:36.830+0200: [GC [ParNew: 3040832K->337856K(3040832K), 1.1866680 secs] 13247028K->13269189K(30070848K), 1.1867170 secs] [Times: user=4.01 sys=11.36, real=1.18 secs] 
2013-04-23T00:16:38.801+0200: [GC [ParNew: 3040832K->337856K(3040832K), 1.6517320 secs] 15972165K->15937659K(30070848K), 1.6517770 secs] [Times: user=18.94 sys=2.50, real=1.65 secs] 
2013-04-23T00:16:41.226+0200: [GC [ParNew: 3040832K->337856K(3040832K), 1.1859120 secs] 18640635K->18706755K(30070848K), 1.1859720 secs] [Times: user=4.35 sys=11.00, real=1.19 secs] 
2013-04-23T00:16:43.196+0200: [GC [ParNew: 3040832K->337856K(3040832K), 1.1779960 secs] 21409731K->21410280K(30070848K), 1.1780690 secs] [Times: user=4.18 sys=11.08, real=1.18 secs] 
2013-04-23T00:16:55.959+0200: [GC [ParNew: 3040832K->337856K(3040832K), 1.3539340 secs] 24113256K->23534986K(30070848K), 1.3540430 secs] [Times: user=15.77 sys=1.78, real=1.35 secs] 
2013-04-23T00:17:21.580+0200: [GC [ParNew: 3040832K->337856K(3040832K), 0.2464660 secs] 26237964K->23956238K(30070848K), 0.2467240 secs] [Times: user=2.48 sys=0.58, real=0.25 secs] 
BROKEN RECORDS: 0
BROKEN RECORDS: 0
BROKEN RECORDS: 0
BROKEN RECORDS: 0
BROKEN RECORDS: 0
BROKEN RECORDS: 0
BROKEN RECORDS: 0
BROKEN RECORDS: 0
BROKEN RECORDS: 0
BROKEN RECORDS: 0
BROKEN RECORDS: 0
BROKEN RECORDS: 0
BROKEN RECORDS: 0
BROKEN RECORDS: 0
BROKEN RECORDS: 0
BROKEN RECORDS: 0
BROKEN RECORDS: 0
BROKEN RECORDS: 0
BROKEN RECORDS: 0
BROKEN RECORDS: 0
BROKEN RECORDS: 0
BROKEN RECORDS: 0
BROKEN RECORDS: 0
BROKEN RECORDS: 0
BROKEN RECORDS: 0
BROKEN RECORDS: 0
BROKEN RECORDS: 0
BROKEN RECORDS: 0
BROKEN RECORDS: 0
BROKEN RECORDS: 0
BROKEN RECORDS: 0
BROKEN RECORDS: 0
BROKEN RECORDS: 0
BROKEN RECORDS: 0
BROKEN RECORDS: 0
BROKEN RECORDS: 0
BROKEN RECORDS: 0
BROKEN RECORDS: 0
BROKEN RECORDS: 0
BROKEN RECORDS: 0
BROKEN RECORDS: 0
BROKEN RECORDS: 0
BROKEN RECORDS: 0
BROKEN RECORDS: 0
BROKEN RECORDS: 0
BROKEN RECORDS: 0
BROKEN RECORDS: 0
BROKEN RECORDS: 0
BROKEN RECORDS: 0
BROKEN RECORDS: 0
BROKEN RECORDS: 0
BROKEN RECORDS: 0
BROKEN RECORDS: 0
BROKEN RECORDS: 0
BROKEN RECORDS: 0
BROKEN RECORDS: 0
BROKEN RECORDS: 0
BROKEN RECORDS: 0
BROKEN RECORDS: 0
BROKEN RECORDS: 0
BROKEN RECORDS: 0
BROKEN RECORDS: 0
2013-04-23T00:22:08.160+0200: [GC [ParNew: 3040832K->251125K(3040832K), 0.1771810 secs] 26659214K->24124406K(30070848K), 0.1773590 secs] [Times: user=1.85 sys=0.42, real=0.18 secs] 
BROKEN RECORDS: 0
BROKEN RECORDS: 0
BROKEN RECORDS: 0
BROKEN RECORDS: 0
BROKEN RECORDS: 0
BROKEN RECORDS: 0
BROKEN RECORDS: 0
BROKEN RECORDS: 0
BROKEN RECORDS: 0
BROKEN RECORDS: 0
BROKEN RECORDS: 0
BROKEN RECORDS: 0
BROKEN RECORDS: 0
BROKEN RECORDS: 0
BROKEN RECORDS: 0
BROKEN RECORDS: 0
BROKEN RECORDS: 0
BROKEN RECORDS: 0
BROKEN RECORDS: 0
BROKEN RECORDS: 0
BROKEN RECORDS: 0
BROKEN RECORDS: 0
BROKEN RECORDS: 0
BROKEN RECORDS: 0
BROKEN RECORDS: 0
BROKEN RECORDS: 0
