2013-04-23T00:16:28.178+0200: [GC [ParNew: 2702976K->337855K(3040832K), 1.0239270 secs] 2702976K->2491093K(30070848K), 1.0240000 secs] [Times: user=3.16 sys=9.83, real=1.02 secs] 
2013-04-23T00:16:30.248+0200: [GC [ParNew: 3040831K->337856K(3040832K), 1.1856100 secs] 5194069K->5122246K(30070848K), 1.1856850 secs] [Times: user=4.02 sys=11.16, real=1.18 secs] 
2013-04-23T00:16:32.435+0200: [GC [ParNew: 3040832K->337856K(3040832K), 1.1964300 secs] 7825222K->7814223K(30070848K), 1.1964870 secs] [Times: user=4.67 sys=10.72, real=1.20 secs] 
2013-04-23T00:16:34.670+0200: [GC [ParNew: 3040832K->337856K(3040832K), 1.1448380 secs] 10517199K->10532350K(30070848K), 1.1448950 secs] [Times: user=3.94 sys=10.89, real=1.14 secs] 
2013-04-23T00:16:36.913+0200: [GC [ParNew: 3040832K->337856K(3040832K), 1.1517030 secs] 13235326K->13259888K(30070848K), 1.1517620 secs] [Times: user=4.00 sys=10.90, real=1.15 secs] 
2013-04-23T00:16:39.083+0200: [GC [ParNew: 3040832K->337856K(3040832K), 1.8438230 secs] 15962864K->15946703K(30070848K), 1.8438980 secs] [Times: user=21.04 sys=2.88, real=1.84 secs] 
2013-04-23T00:16:41.874+0200: [GC [ParNew: 3040832K->337856K(3040832K), 1.2539840 secs] 18649679K->18649527K(30070848K), 1.2540400 secs] [Times: user=4.14 sys=11.67, real=1.26 secs] 
2013-04-23T00:16:44.194+0200: [GC [ParNew: 3040832K->337856K(3040832K), 1.5258970 secs] 21352503K->21329264K(30070848K), 1.5259550 secs] [Times: user=3.58 sys=15.84, real=1.53 secs] 
2013-04-23T00:16:56.168+0200: [GC [ParNew: 3040832K->337856K(3040832K), 1.5444120 secs] 24032240K->23520979K(30070848K), 1.5445190 secs] [Times: user=17.88 sys=2.10, real=1.54 secs] 
2013-04-23T00:17:28.657+0200: [GC [ParNew: 3040832K->337856K(3040832K), 0.2633890 secs] 26223955K->23759842K(30070848K), 0.2636170 secs] [Times: user=2.36 sys=0.93, real=0.26 secs] 
BROKEN RECORDS: 0
BROKEN RECORDS: 0
BROKEN RECORDS: 0
BROKEN RECORDS: 0
BROKEN RECORDS: 0
BROKEN RECORDS: 0
BROKEN RECORDS: 0
BROKEN RECORDS: 0
BROKEN RECORDS: 0
BROKEN RECORDS: 0
BROKEN RECORDS: 0
BROKEN RECORDS: 0
BROKEN RECORDS: 0
BROKEN RECORDS: 0
BROKEN RECORDS: 0
BROKEN RECORDS: 0
BROKEN RECORDS: 0
BROKEN RECORDS: 0
BROKEN RECORDS: 0
BROKEN RECORDS: 0
BROKEN RECORDS: 0
BROKEN RECORDS: 0
BROKEN RECORDS: 0
BROKEN RECORDS: 0
BROKEN RECORDS: 0
BROKEN RECORDS: 0
BROKEN RECORDS: 0
BROKEN RECORDS: 0
BROKEN RECORDS: 0
BROKEN RECORDS: 0
BROKEN RECORDS: 0
BROKEN RECORDS: 0
BROKEN RECORDS: 0
BROKEN RECORDS: 0
BROKEN RECORDS: 0
BROKEN RECORDS: 0
BROKEN RECORDS: 0
BROKEN RECORDS: 0
BROKEN RECORDS: 0
BROKEN RECORDS: 0
BROKEN RECORDS: 0
BROKEN RECORDS: 0
BROKEN RECORDS: 0
BROKEN RECORDS: 0
BROKEN RECORDS: 0
BROKEN RECORDS: 0
BROKEN RECORDS: 0
BROKEN RECORDS: 0
BROKEN RECORDS: 0
BROKEN RECORDS: 0
BROKEN RECORDS: 0
BROKEN RECORDS: 0
BROKEN RECORDS: 0
BROKEN RECORDS: 0
BROKEN RECORDS: 0
BROKEN RECORDS: 0
BROKEN RECORDS: 0
BROKEN RECORDS: 0
BROKEN RECORDS: 0
BROKEN RECORDS: 0
BROKEN RECORDS: 0
BROKEN RECORDS: 0
BROKEN RECORDS: 0
BROKEN RECORDS: 0
BROKEN RECORDS: 0
BROKEN RECORDS: 0
BROKEN RECORDS: 0
2013-04-23T00:22:08.647+0200: [GC [ParNew: 3040832K->250711K(3040832K), 0.1808130 secs] 26462818K->23907914K(30070848K), 0.1810070 secs] [Times: user=1.99 sys=0.31, real=0.19 secs] 
BROKEN RECORDS: 0
BROKEN RECORDS: 0
BROKEN RECORDS: 0
BROKEN RECORDS: 0
BROKEN RECORDS: 0
BROKEN RECORDS: 0
BROKEN RECORDS: 0
BROKEN RECORDS: 0
BROKEN RECORDS: 0
BROKEN RECORDS: 0
BROKEN RECORDS: 0
BROKEN RECORDS: 0
BROKEN RECORDS: 0
BROKEN RECORDS: 0
BROKEN RECORDS: 0
BROKEN RECORDS: 0
BROKEN RECORDS: 0
BROKEN RECORDS: 0
BROKEN RECORDS: 0
BROKEN RECORDS: 0
BROKEN RECORDS: 0
