2013-04-23T00:16:27.482+0200: [GC [ParNew: 2702976K->337856K(3040832K), 1.0073830 secs] 2702976K->2490964K(30070848K), 1.0074630 secs] [Times: user=3.10 sys=9.38, real=1.01 secs] 
2013-04-23T00:16:29.549+0200: [GC [ParNew: 3040832K->337856K(3040832K), 1.1636480 secs] 5193940K->5126712K(30070848K), 1.1637240 secs] [Times: user=3.66 sys=11.39, real=1.17 secs] 
2013-04-23T00:16:31.768+0200: [GC [ParNew: 3040832K->337856K(3040832K), 1.1702940 secs] 7829688K->7816681K(30070848K), 1.1703670 secs] [Times: user=4.58 sys=10.60, real=1.17 secs] 
2013-04-23T00:16:34.004+0200: [GC [ParNew: 3040832K->337856K(3040832K), 1.0409410 secs] 10519657K->10567815K(30070848K), 1.0409980 secs] [Times: user=2.81 sys=10.61, real=1.04 secs] 
2013-04-23T00:16:36.022+0200: [GC [ParNew: 3040832K->337856K(3040832K), 1.1922940 secs] 13270791K->13269645K(30070848K), 1.1923600 secs] [Times: user=4.38 sys=11.06, real=1.19 secs] 
2013-04-23T00:16:38.282+0200: [GC [ParNew: 3040832K->337856K(3040832K), 1.7750730 secs] 15972621K->15945127K(30070848K), 1.7751480 secs] [Times: user=20.14 sys=2.71, real=1.77 secs] 
2013-04-23T00:16:41.094+0200: [GC [ParNew: 3040832K->337856K(3040832K), 1.1084380 secs] 18648103K->18680766K(30070848K), 1.1085150 secs] [Times: user=4.40 sys=9.96, real=1.11 secs] 
2013-04-23T00:16:43.280+0200: [GC [ParNew: 3040832K->337856K(3040832K), 1.4425840 secs] 21383742K->21381282K(30070848K), 1.4426430 secs] [Times: user=4.01 sys=14.07, real=1.45 secs] 
2013-04-23T00:16:55.937+0200: [GC [ParNew: 3040832K->337856K(3040832K), 1.6160170 secs] 24084258K->23522091K(30070848K), 1.6161270 secs] [Times: user=18.68 sys=2.08, real=1.62 secs] 
2013-04-23T00:17:29.069+0200: [GC [ParNew: 3040832K->337856K(3040832K), 0.2858570 secs] 26227243K->23866617K(30070848K), 0.2860220 secs] [Times: user=2.46 sys=1.03, real=0.28 secs] 
BROKEN RECORDS: 0
BROKEN RECORDS: 0
BROKEN RECORDS: 0
BROKEN RECORDS: 0
BROKEN RECORDS: 0
BROKEN RECORDS: 0
BROKEN RECORDS: 0
BROKEN RECORDS: 0
BROKEN RECORDS: 0
BROKEN RECORDS: 0
BROKEN RECORDS: 0
BROKEN RECORDS: 0
BROKEN RECORDS: 0
BROKEN RECORDS: 0
BROKEN RECORDS: 0
BROKEN RECORDS: 0
BROKEN RECORDS: 0
BROKEN RECORDS: 0
BROKEN RECORDS: 0
BROKEN RECORDS: 0
BROKEN RECORDS: 0
BROKEN RECORDS: 0
BROKEN RECORDS: 0
BROKEN RECORDS: 0
BROKEN RECORDS: 0
BROKEN RECORDS: 0
BROKEN RECORDS: 0
BROKEN RECORDS: 0
BROKEN RECORDS: 0
BROKEN RECORDS: 0
BROKEN RECORDS: 0
BROKEN RECORDS: 0
BROKEN RECORDS: 0
BROKEN RECORDS: 0
BROKEN RECORDS: 0
BROKEN RECORDS: 0
BROKEN RECORDS: 0
BROKEN RECORDS: 0
BROKEN RECORDS: 0
BROKEN RECORDS: 0
BROKEN RECORDS: 0
BROKEN RECORDS: 0
BROKEN RECORDS: 0
BROKEN RECORDS: 0
BROKEN RECORDS: 0
BROKEN RECORDS: 0
BROKEN RECORDS: 0
BROKEN RECORDS: 0
BROKEN RECORDS: 0
BROKEN RECORDS: 0
BROKEN RECORDS: 0
BROKEN RECORDS: 0
BROKEN RECORDS: 0
BROKEN RECORDS: 0
2013-04-23T00:22:07.613+0200: [GC [ParNew: 3040832K->219876K(3040832K), 0.1951500 secs] 26569593K->24025446K(30070848K), 0.1953810 secs] [Times: user=1.84 sys=0.45, real=0.19 secs] 
BROKEN RECORDS: 0
BROKEN RECORDS: 0
BROKEN RECORDS: 0
BROKEN RECORDS: 0
BROKEN RECORDS: 0
BROKEN RECORDS: 0
BROKEN RECORDS: 0
BROKEN RECORDS: 0
BROKEN RECORDS: 0
BROKEN RECORDS: 0
BROKEN RECORDS: 0
BROKEN RECORDS: 0
BROKEN RECORDS: 0
BROKEN RECORDS: 0
BROKEN RECORDS: 0
BROKEN RECORDS: 0
BROKEN RECORDS: 0
BROKEN RECORDS: 0
BROKEN RECORDS: 0
BROKEN RECORDS: 0
BROKEN RECORDS: 0
BROKEN RECORDS: 0
BROKEN RECORDS: 0
BROKEN RECORDS: 0
BROKEN RECORDS: 0
BROKEN RECORDS: 0
BROKEN RECORDS: 0
BROKEN RECORDS: 0
BROKEN RECORDS: 0
BROKEN RECORDS: 0
BROKEN RECORDS: 0
BROKEN RECORDS: 0
BROKEN RECORDS: 0
BROKEN RECORDS: 0
