2013-04-23T00:16:26.252+0200: [GC [ParNew: 2702976K->337856K(3040832K), 1.0182790 secs] 2702976K->2482261K(30070848K), 1.0183520 secs] [Times: user=3.08 sys=9.87, real=1.02 secs] 
2013-04-23T00:16:28.273+0200: [GC [ParNew: 3040832K->337856K(3040832K), 1.1807250 secs] 5185237K->5114670K(30070848K), 1.1807930 secs] [Times: user=3.99 sys=11.16, real=1.18 secs] 
2013-04-23T00:16:30.531+0200: [GC [ParNew: 3040832K->337856K(3040832K), 1.1969640 secs] 7817646K->7810946K(30070848K), 1.1970090 secs] [Times: user=4.80 sys=10.53, real=1.19 secs] 
2013-04-23T00:16:32.813+0200: [GC [ParNew: 3040832K->337856K(3040832K), 1.0734320 secs] 10513922K->10549338K(30070848K), 1.0734970 secs] [Times: user=3.13 sys=10.77, real=1.07 secs] 
2013-04-23T00:16:34.925+0200: [GC [ParNew: 3040832K->337856K(3040832K), 1.1659460 secs] 13252314K->13253985K(30070848K), 1.1659920 secs] [Times: user=4.45 sys=10.34, real=1.17 secs] 
2013-04-23T00:16:37.037+0200: [GC [ParNew: 3040832K->337856K(3040832K), 1.8294630 secs] 15956961K->15950405K(30070848K), 1.8295290 secs] [Times: user=20.86 sys=2.68, real=1.83 secs] 
2013-04-23T00:16:39.904+0200: [GC [ParNew: 3040832K->337856K(3040832K), 1.1409910 secs] 18653381K->18667251K(30070848K), 1.1410590 secs] [Times: user=4.43 sys=9.96, real=1.14 secs] 
2013-04-23T00:16:42.134+0200: [GC [ParNew: 3040832K->337856K(3040832K), 1.6033570 secs] 21370227K->21366647K(30070848K), 1.6034070 secs] [Times: user=4.24 sys=14.88, real=1.60 secs] 
2013-04-23T00:16:56.051+0200: [GC [ParNew: 3040832K->337856K(3040832K), 1.5110440 secs] 24069623K->23506240K(30070848K), 1.5111460 secs] [Times: user=17.39 sys=2.15, real=1.51 secs] 
2013-04-23T00:17:30.179+0200: [GC [ParNew: 3040832K->337856K(3040832K), 0.2617560 secs] 26209216K->23790265K(30070848K), 0.2619950 secs] [Times: user=2.81 sys=0.44, real=0.26 secs] 
BROKEN RECORDS: 0
BROKEN RECORDS: 0
BROKEN RECORDS: 0
BROKEN RECORDS: 0
BROKEN RECORDS: 0
BROKEN RECORDS: 0
BROKEN RECORDS: 0
BROKEN RECORDS: 0
BROKEN RECORDS: 0
BROKEN RECORDS: 0
BROKEN RECORDS: 0
BROKEN RECORDS: 0
BROKEN RECORDS: 0
BROKEN RECORDS: 0
BROKEN RECORDS: 0
BROKEN RECORDS: 0
BROKEN RECORDS: 0
BROKEN RECORDS: 0
BROKEN RECORDS: 0
BROKEN RECORDS: 0
BROKEN RECORDS: 0
BROKEN RECORDS: 0
BROKEN RECORDS: 0
BROKEN RECORDS: 0
BROKEN RECORDS: 0
BROKEN RECORDS: 0
BROKEN RECORDS: 0
BROKEN RECORDS: 0
BROKEN RECORDS: 0
BROKEN RECORDS: 0
BROKEN RECORDS: 0
BROKEN RECORDS: 0
BROKEN RECORDS: 0
BROKEN RECORDS: 0
BROKEN RECORDS: 0
BROKEN RECORDS: 0
BROKEN RECORDS: 0
BROKEN RECORDS: 0
BROKEN RECORDS: 0
BROKEN RECORDS: 0
BROKEN RECORDS: 0
BROKEN RECORDS: 0
BROKEN RECORDS: 0
BROKEN RECORDS: 0
BROKEN RECORDS: 0
BROKEN RECORDS: 0
BROKEN RECORDS: 0
BROKEN RECORDS: 0
BROKEN RECORDS: 0
BROKEN RECORDS: 0
BROKEN RECORDS: 0
BROKEN RECORDS: 0
BROKEN RECORDS: 0
BROKEN RECORDS: 0
BROKEN RECORDS: 0
BROKEN RECORDS: 0
BROKEN RECORDS: 0
BROKEN RECORDS: 0
BROKEN RECORDS: 0
BROKEN RECORDS: 0
BROKEN RECORDS: 0
BROKEN RECORDS: 0
BROKEN RECORDS: 0
BROKEN RECORDS: 0
BROKEN RECORDS: 0
BROKEN RECORDS: 0
BROKEN RECORDS: 0
BROKEN RECORDS: 0
BROKEN RECORDS: 0
BROKEN RECORDS: 0
BROKEN RECORDS: 0
BROKEN RECORDS: 0
BROKEN RECORDS: 0
BROKEN RECORDS: 0
BROKEN RECORDS: 0
BROKEN RECORDS: 0
BROKEN RECORDS: 0
BROKEN RECORDS: 0
BROKEN RECORDS: 0
BROKEN RECORDS: 0
2013-04-23T00:22:09.497+0200: [GC [ParNew: 3040832K->253912K(3040832K), 0.2440140 secs] 26493241K->23980305K(30070848K), 0.2442640 secs] [Times: user=2.35 sys=0.32, real=0.25 secs] 
BROKEN RECORDS: 0
BROKEN RECORDS: 0
BROKEN RECORDS: 0
BROKEN RECORDS: 0
BROKEN RECORDS: 0
BROKEN RECORDS: 0
BROKEN RECORDS: 0
BROKEN RECORDS: 0
