2013-04-23T00:16:27.759+0200: [GC [ParNew: 2702976K->337856K(3040832K), 1.0077930 secs] 2702976K->2483914K(30070848K), 1.0078650 secs] [Times: user=3.06 sys=9.75, real=1.01 secs] 
2013-04-23T00:16:29.873+0200: [GC [ParNew: 3040832K->337856K(3040832K), 1.1747170 secs] 5186890K->5118499K(30070848K), 1.1747900 secs] [Times: user=3.84 sys=11.31, real=1.18 secs] 
2013-04-23T00:16:32.055+0200: [GC [ParNew: 3040832K->337856K(3040832K), 1.1622720 secs] 7821475K->7810996K(30070848K), 1.1623240 secs] [Times: user=4.05 sys=11.02, real=1.16 secs] 
2013-04-23T00:16:34.295+0200: [GC [ParNew: 3040832K->337856K(3040832K), 1.0875110 secs] 10513972K->10559538K(30070848K), 1.0875830 secs] [Times: user=3.31 sys=10.56, real=1.09 secs] 
2013-04-23T00:16:36.455+0200: [GC [ParNew: 3040832K->337856K(3040832K), 1.1947700 secs] 13262514K->13263768K(30070848K), 1.1948550 secs] [Times: user=4.45 sys=11.03, real=1.19 secs] 
2013-04-23T00:16:38.728+0200: [GC [ParNew: 3040832K->337856K(3040832K), 1.7519540 secs] 15966744K->15964062K(30070848K), 1.7519990 secs] [Times: user=20.09 sys=2.62, real=1.75 secs] 
2013-04-23T00:16:41.197+0200: [GC [ParNew: 3040832K->337856K(3040832K), 1.1698360 secs] 18667038K->18678187K(30070848K), 1.1698910 secs] [Times: user=4.44 sys=10.70, real=1.17 secs] 
2013-04-23T00:16:43.073+0200: [GC [ParNew: 3040832K->337856K(3040832K), 1.4457910 secs] 21381163K->21370667K(30070848K), 1.4458640 secs] [Times: user=4.11 sys=14.38, real=1.44 secs] 
2013-04-23T00:16:55.985+0200: [GC [ParNew: 3040832K->337856K(3040832K), 1.4599610 secs] 24073643K->23526204K(30070848K), 1.4600660 secs] [Times: user=16.72 sys=1.99, real=1.46 secs] 
2013-04-23T00:17:35.820+0200: [GC [ParNew: 3040832K->337856K(3040832K), 0.2822820 secs] 26229180K->23832055K(30070848K), 0.2825120 secs] [Times: user=2.47 sys=1.05, real=0.28 secs] 
BROKEN RECORDS: 0
BROKEN RECORDS: 0
BROKEN RECORDS: 0
BROKEN RECORDS: 0
BROKEN RECORDS: 0
BROKEN RECORDS: 0
BROKEN RECORDS: 0
BROKEN RECORDS: 0
BROKEN RECORDS: 0
BROKEN RECORDS: 0
BROKEN RECORDS: 0
BROKEN RECORDS: 0
BROKEN RECORDS: 0
BROKEN RECORDS: 0
BROKEN RECORDS: 0
BROKEN RECORDS: 0
BROKEN RECORDS: 0
BROKEN RECORDS: 0
BROKEN RECORDS: 0
BROKEN RECORDS: 0
BROKEN RECORDS: 0
BROKEN RECORDS: 0
BROKEN RECORDS: 0
BROKEN RECORDS: 0
BROKEN RECORDS: 0
BROKEN RECORDS: 0
BROKEN RECORDS: 0
BROKEN RECORDS: 0
BROKEN RECORDS: 0
BROKEN RECORDS: 0
BROKEN RECORDS: 0
BROKEN RECORDS: 0
BROKEN RECORDS: 0
BROKEN RECORDS: 0
BROKEN RECORDS: 0
BROKEN RECORDS: 0
BROKEN RECORDS: 0
BROKEN RECORDS: 0
BROKEN RECORDS: 0
BROKEN RECORDS: 0
BROKEN RECORDS: 0
BROKEN RECORDS: 0
BROKEN RECORDS: 0
BROKEN RECORDS: 0
BROKEN RECORDS: 0
BROKEN RECORDS: 0
BROKEN RECORDS: 0
BROKEN RECORDS: 0
BROKEN RECORDS: 0
BROKEN RECORDS: 0
BROKEN RECORDS: 0
BROKEN RECORDS: 0
BROKEN RECORDS: 0
BROKEN RECORDS: 0
BROKEN RECORDS: 0
BROKEN RECORDS: 0
BROKEN RECORDS: 0
BROKEN RECORDS: 0
BROKEN RECORDS: 0
BROKEN RECORDS: 0
BROKEN RECORDS: 0
BROKEN RECORDS: 0
BROKEN RECORDS: 0
BROKEN RECORDS: 0
BROKEN RECORDS: 0
BROKEN RECORDS: 0
BROKEN RECORDS: 0
BROKEN RECORDS: 0
BROKEN RECORDS: 0
BROKEN RECORDS: 0
BROKEN RECORDS: 0
2013-04-23T00:22:08.746+0200: [GC [ParNew: 3040832K->202901K(3040832K), 0.1919940 secs] 26535031K->23985605K(30070848K), 0.1922190 secs] [Times: user=1.80 sys=0.49, real=0.19 secs] 
BROKEN RECORDS: 0
BROKEN RECORDS: 0
BROKEN RECORDS: 0
BROKEN RECORDS: 0
BROKEN RECORDS: 0
BROKEN RECORDS: 0
BROKEN RECORDS: 0
BROKEN RECORDS: 0
BROKEN RECORDS: 0
BROKEN RECORDS: 0
BROKEN RECORDS: 0
BROKEN RECORDS: 0
BROKEN RECORDS: 0
BROKEN RECORDS: 0
BROKEN RECORDS: 0
BROKEN RECORDS: 0
BROKEN RECORDS: 0
