2013-04-23T00:16:29.122+0200: [GC [ParNew: 2702976K->337856K(3040832K), 0.9593130 secs] 2702976K->2482154K(30070848K), 0.9594130 secs] [Times: user=1.88 sys=10.29, real=0.95 secs] 
2013-04-23T00:16:30.989+0200: [GC [ParNew: 3040832K->337856K(3040832K), 1.0976100 secs] 5185130K->5118790K(30070848K), 1.0976780 secs] [Times: user=2.84 sys=11.32, real=1.10 secs] 
2013-04-23T00:16:32.953+0200: [GC [ParNew: 3040832K->337856K(3040832K), 1.1440650 secs] 7821766K->7812088K(30070848K), 1.1441210 secs] [Times: user=3.61 sys=11.20, real=1.14 secs] 
2013-04-23T00:16:34.912+0200: [GC [ParNew: 3040832K->337856K(3040832K), 1.1108800 secs] 10515064K->10571034K(30070848K), 1.1109590 secs] [Times: user=3.66 sys=10.71, real=1.11 secs] 
2013-04-23T00:16:36.824+0200: [GC [ParNew: 3040832K->337856K(3040832K), 1.1648470 secs] 13274010K->13285478K(30070848K), 1.1649150 secs] [Times: user=4.00 sys=11.08, real=1.16 secs] 
2013-04-23T00:16:38.835+0200: [GC [ParNew: 3040832K->337856K(3040832K), 1.5883100 secs] 15988454K->15983883K(30070848K), 1.5883880 secs] [Times: user=18.06 sys=2.55, real=1.59 secs] 
2013-04-23T00:16:41.267+0200: [GC [ParNew: 3040832K->337856K(3040832K), 1.1251060 secs] 18686859K->18712831K(30070848K), 1.1251640 secs] [Times: user=3.81 sys=10.75, real=1.13 secs] 
2013-04-23T00:16:43.228+0200: [GC [ParNew: 3040832K->337856K(3040832K), 1.1735360 secs] 21415807K->21409313K(30070848K), 1.1736120 secs] [Times: user=3.91 sys=11.29, real=1.18 secs] 
2013-04-23T00:16:55.971+0200: [GC [ParNew: 3040832K->337856K(3040832K), 1.3602310 secs] 24112289K->23518363K(30070848K), 1.3603470 secs] [Times: user=15.81 sys=1.83, real=1.36 secs] 
2013-04-23T00:17:43.479+0200: [GC [ParNew: 3039862K->337856K(3040832K), 0.2420130 secs] 26220370K->23905173K(30070848K), 0.2421760 secs] [Times: user=2.50 sys=0.55, real=0.24 secs] 
BROKEN RECORDS: 0
BROKEN RECORDS: 0
BROKEN RECORDS: 0
BROKEN RECORDS: 0
BROKEN RECORDS: 0
BROKEN RECORDS: 0
BROKEN RECORDS: 0
BROKEN RECORDS: 0
BROKEN RECORDS: 0
BROKEN RECORDS: 0
BROKEN RECORDS: 0
BROKEN RECORDS: 0
BROKEN RECORDS: 0
BROKEN RECORDS: 0
BROKEN RECORDS: 0
BROKEN RECORDS: 0
BROKEN RECORDS: 0
BROKEN RECORDS: 0
BROKEN RECORDS: 0
BROKEN RECORDS: 0
BROKEN RECORDS: 0
BROKEN RECORDS: 0
BROKEN RECORDS: 0
BROKEN RECORDS: 0
BROKEN RECORDS: 0
BROKEN RECORDS: 0
BROKEN RECORDS: 0
BROKEN RECORDS: 0
BROKEN RECORDS: 0
BROKEN RECORDS: 0
BROKEN RECORDS: 0
BROKEN RECORDS: 0
BROKEN RECORDS: 0
BROKEN RECORDS: 0
BROKEN RECORDS: 0
BROKEN RECORDS: 0
BROKEN RECORDS: 0
BROKEN RECORDS: 0
BROKEN RECORDS: 0
BROKEN RECORDS: 0
BROKEN RECORDS: 0
BROKEN RECORDS: 0
BROKEN RECORDS: 0
BROKEN RECORDS: 0
BROKEN RECORDS: 0
BROKEN RECORDS: 0
BROKEN RECORDS: 0
BROKEN RECORDS: 0
BROKEN RECORDS: 0
BROKEN RECORDS: 0
BROKEN RECORDS: 0
BROKEN RECORDS: 0
BROKEN RECORDS: 0
BROKEN RECORDS: 0
BROKEN RECORDS: 0
BROKEN RECORDS: 0
BROKEN RECORDS: 0
BROKEN RECORDS: 0
BROKEN RECORDS: 0
BROKEN RECORDS: 0
BROKEN RECORDS: 0
BROKEN RECORDS: 0
BROKEN RECORDS: 0
2013-04-23T00:22:08.192+0200: [GC [ParNew: 3040832K->242795K(3040832K), 0.1666520 secs] 26608149K->24112463K(30070848K), 0.1668440 secs] [Times: user=1.80 sys=0.30, real=0.17 secs] 
BROKEN RECORDS: 0
BROKEN RECORDS: 0
BROKEN RECORDS: 0
BROKEN RECORDS: 0
BROKEN RECORDS: 0
BROKEN RECORDS: 0
BROKEN RECORDS: 0
BROKEN RECORDS: 0
BROKEN RECORDS: 0
BROKEN RECORDS: 0
BROKEN RECORDS: 0
BROKEN RECORDS: 0
BROKEN RECORDS: 0
BROKEN RECORDS: 0
BROKEN RECORDS: 0
BROKEN RECORDS: 0
BROKEN RECORDS: 0
BROKEN RECORDS: 0
BROKEN RECORDS: 0
BROKEN RECORDS: 0
BROKEN RECORDS: 0
BROKEN RECORDS: 0
BROKEN RECORDS: 0
BROKEN RECORDS: 0
BROKEN RECORDS: 0
