2013-04-23T00:16:28.416+0200: [GC [ParNew: 2702976K->337856K(3040832K), 1.0047890 secs] 2702976K->2491340K(30070848K), 1.0048850 secs] [Times: user=3.14 sys=9.64, real=1.00 secs] 
2013-04-23T00:16:30.550+0200: [GC [ParNew: 3040832K->337856K(3040832K), 1.1865590 secs] 5194316K->5123650K(30070848K), 1.1866970 secs] [Times: user=3.90 sys=11.42, real=1.19 secs] 
2013-04-23T00:16:32.857+0200: [GC [ParNew: 3040832K->337856K(3040832K), 1.1809290 secs] 7826626K->7813706K(30070848K), 1.1810030 secs] [Times: user=4.47 sys=10.84, real=1.18 secs] 
2013-04-23T00:16:35.014+0200: [GC [ParNew: 3040832K->337856K(3040832K), 1.0685540 secs] 10516682K->10557701K(30070848K), 1.0686100 secs] [Times: user=3.26 sys=10.46, real=1.06 secs] 
2013-04-23T00:16:37.055+0200: [GC [ParNew: 3040832K->337856K(3040832K), 1.2005590 secs] 13260677K->13268687K(30070848K), 1.2006620 secs] [Times: user=4.35 sys=11.01, real=1.20 secs] 
2013-04-23T00:16:39.304+0200: [GC [ParNew: 3040832K->337856K(3040832K), 1.7587080 secs] 15971663K->15959761K(30070848K), 1.7587540 secs] [Times: user=20.08 sys=2.72, real=1.76 secs] 
2013-04-23T00:16:42.151+0200: [GC [ParNew: 3040832K->337856K(3040832K), 1.1392850 secs] 18662737K->18671516K(30070848K), 1.1393430 secs] [Times: user=4.36 sys=10.39, real=1.14 secs] 
2013-04-23T00:16:44.309+0200: [GC [ParNew: 3040832K->337856K(3040832K), 1.2996730 secs] 21374492K->21363036K(30070848K), 1.2997300 secs] [Times: user=4.36 sys=12.19, real=1.30 secs] 
2013-04-23T00:16:55.994+0200: [GC [ParNew: 3040832K->337856K(3040832K), 1.5363430 secs] 24066012K->23517004K(30070848K), 1.5364500 secs] [Times: user=17.93 sys=1.96, real=1.53 secs] 
2013-04-23T00:17:29.241+0200: [GC [ParNew: 3040832K->337856K(3040832K), 0.2932670 secs] 26219980K->23782021K(30070848K), 0.2935470 secs] [Times: user=2.98 sys=0.70, real=0.30 secs] 
BROKEN RECORDS: 0
BROKEN RECORDS: 0
BROKEN RECORDS: 0
BROKEN RECORDS: 0
BROKEN RECORDS: 0
BROKEN RECORDS: 0
BROKEN RECORDS: 0
BROKEN RECORDS: 0
BROKEN RECORDS: 0
BROKEN RECORDS: 0
BROKEN RECORDS: 0
BROKEN RECORDS: 0
BROKEN RECORDS: 0
BROKEN RECORDS: 0
BROKEN RECORDS: 0
BROKEN RECORDS: 0
BROKEN RECORDS: 0
BROKEN RECORDS: 0
BROKEN RECORDS: 0
BROKEN RECORDS: 0
BROKEN RECORDS: 0
BROKEN RECORDS: 0
BROKEN RECORDS: 0
BROKEN RECORDS: 0
BROKEN RECORDS: 0
BROKEN RECORDS: 0
BROKEN RECORDS: 0
BROKEN RECORDS: 0
BROKEN RECORDS: 0
BROKEN RECORDS: 0
BROKEN RECORDS: 0
BROKEN RECORDS: 0
BROKEN RECORDS: 0
BROKEN RECORDS: 0
BROKEN RECORDS: 0
BROKEN RECORDS: 0
BROKEN RECORDS: 0
BROKEN RECORDS: 0
BROKEN RECORDS: 0
BROKEN RECORDS: 0
BROKEN RECORDS: 0
BROKEN RECORDS: 0
BROKEN RECORDS: 0
BROKEN RECORDS: 0
BROKEN RECORDS: 0
BROKEN RECORDS: 0
BROKEN RECORDS: 0
BROKEN RECORDS: 0
BROKEN RECORDS: 0
BROKEN RECORDS: 0
BROKEN RECORDS: 0
BROKEN RECORDS: 0
BROKEN RECORDS: 0
BROKEN RECORDS: 0
BROKEN RECORDS: 0
BROKEN RECORDS: 0
BROKEN RECORDS: 0
BROKEN RECORDS: 0
BROKEN RECORDS: 0
BROKEN RECORDS: 0
BROKEN RECORDS: 0
BROKEN RECORDS: 0
BROKEN RECORDS: 0
BROKEN RECORDS: 0
BROKEN RECORDS: 0
BROKEN RECORDS: 0
BROKEN RECORDS: 0
BROKEN RECORDS: 0
BROKEN RECORDS: 0
BROKEN RECORDS: 0
BROKEN RECORDS: 0
BROKEN RECORDS: 0
BROKEN RECORDS: 0
BROKEN RECORDS: 0
BROKEN RECORDS: 0
BROKEN RECORDS: 0
BROKEN RECORDS: 0
BROKEN RECORDS: 0
BROKEN RECORDS: 0
BROKEN RECORDS: 0
2013-04-23T00:22:09.589+0200: [GC [ParNew: 3040832K->326385K(3040832K), 0.1979200 secs] 26484997K->24004376K(30070848K), 0.1980940 secs] [Times: user=2.08 sys=0.30, real=0.20 secs] 
BROKEN RECORDS: 0
BROKEN RECORDS: 0
BROKEN RECORDS: 0
BROKEN RECORDS: 0
BROKEN RECORDS: 0
BROKEN RECORDS: 0
BROKEN RECORDS: 0
BROKEN RECORDS: 0
