2013-04-23T00:16:25.812+0200: [GC [ParNew: 2702976K->337856K(3040832K), 1.0150960 secs] 2702976K->2489886K(30070848K), 1.0151670 secs] [Times: user=2.93 sys=10.05, real=1.01 secs] 
2013-04-23T00:16:27.941+0200: [GC [ParNew: 3040832K->337856K(3040832K), 1.1962140 secs] 5192862K->5124750K(30070848K), 1.1962880 secs] [Times: user=4.12 sys=10.98, real=1.19 secs] 
2013-04-23T00:16:30.240+0200: [GC [ParNew: 3040832K->337856K(3040832K), 1.1898800 secs] 7827726K->7819577K(30070848K), 1.1899550 secs] [Times: user=4.91 sys=10.52, real=1.19 secs] 
2013-04-23T00:16:32.458+0200: [GC [ParNew: 3040832K->337856K(3040832K), 1.0575570 secs] 10522553K->10534854K(30070848K), 1.0576260 secs] [Times: user=3.17 sys=10.51, real=1.05 secs] 
2013-04-23T00:16:34.605+0200: [GC [ParNew: 3040832K->337856K(3040832K), 1.1851390 secs] 13237830K->13239917K(30070848K), 1.1851880 secs] [Times: user=4.66 sys=10.61, real=1.19 secs] 
2013-04-23T00:16:36.747+0200: [GC [ParNew: 3040832K->337856K(3040832K), 1.5321270 secs] 15942893K->15930670K(30070848K), 1.5321710 secs] [Times: user=17.52 sys=2.37, real=1.53 secs] 
2013-04-23T00:16:39.281+0200: [GC [ParNew: 3040832K->337856K(3040832K), 1.1256460 secs] 18633646K->18645051K(30070848K), 1.1256950 secs] [Times: user=4.34 sys=9.50, real=1.13 secs] 
2013-04-23T00:16:41.795+0200: [GC [ParNew: 3040832K->337856K(3040832K), 1.5081320 secs] 21348027K->21313616K(30070848K), 1.5082060 secs] [Times: user=4.08 sys=14.53, real=1.51 secs] 
2013-04-23T00:16:56.047+0200: [GC [ParNew: 3040832K->337856K(3040832K), 1.6336770 secs] 24016592K->23490090K(30070848K), 1.6337870 secs] [Times: user=18.55 sys=2.16, real=1.63 secs] 
2013-04-23T00:17:27.234+0200: [GC [ParNew: 3036202K->337856K(3040832K), 0.2677430 secs] 26188437K->23777913K(30070848K), 0.2680040 secs] [Times: user=2.62 sys=0.60, real=0.26 secs] 
BROKEN RECORDS: 0
BROKEN RECORDS: 0
BROKEN RECORDS: 0
BROKEN RECORDS: 0
BROKEN RECORDS: 0
BROKEN RECORDS: 0
BROKEN RECORDS: 0
BROKEN RECORDS: 0
BROKEN RECORDS: 0
BROKEN RECORDS: 0
BROKEN RECORDS: 0
BROKEN RECORDS: 0
BROKEN RECORDS: 0
BROKEN RECORDS: 0
BROKEN RECORDS: 0
BROKEN RECORDS: 0
BROKEN RECORDS: 0
BROKEN RECORDS: 0
BROKEN RECORDS: 0
BROKEN RECORDS: 0
BROKEN RECORDS: 0
BROKEN RECORDS: 0
BROKEN RECORDS: 0
BROKEN RECORDS: 0
2013-04-23T00:21:25.798+0200: [GC [ParNew: 3040832K->247949K(3040832K), 0.1944270 secs] 26480889K->23938340K(30070848K), 0.1946470 secs] [Times: user=1.92 sys=0.39, real=0.19 secs] 
BROKEN RECORDS: 0
BROKEN RECORDS: 0
BROKEN RECORDS: 0
BROKEN RECORDS: 0
BROKEN RECORDS: 0
BROKEN RECORDS: 0
BROKEN RECORDS: 0
BROKEN RECORDS: 0
BROKEN RECORDS: 0
BROKEN RECORDS: 0
BROKEN RECORDS: 0
BROKEN RECORDS: 0
BROKEN RECORDS: 0
BROKEN RECORDS: 0
BROKEN RECORDS: 0
BROKEN RECORDS: 0
BROKEN RECORDS: 0
BROKEN RECORDS: 0
BROKEN RECORDS: 0
BROKEN RECORDS: 0
BROKEN RECORDS: 0
BROKEN RECORDS: 0
BROKEN RECORDS: 0
BROKEN RECORDS: 0
BROKEN RECORDS: 0
BROKEN RECORDS: 0
BROKEN RECORDS: 0
BROKEN RECORDS: 0
BROKEN RECORDS: 0
BROKEN RECORDS: 0
BROKEN RECORDS: 0
BROKEN RECORDS: 0
BROKEN RECORDS: 0
BROKEN RECORDS: 0
BROKEN RECORDS: 0
BROKEN RECORDS: 0
BROKEN RECORDS: 0
BROKEN RECORDS: 0
BROKEN RECORDS: 0
BROKEN RECORDS: 0
BROKEN RECORDS: 0
BROKEN RECORDS: 0
BROKEN RECORDS: 0
BROKEN RECORDS: 0
BROKEN RECORDS: 0
BROKEN RECORDS: 0
BROKEN RECORDS: 0
BROKEN RECORDS: 0
BROKEN RECORDS: 0
BROKEN RECORDS: 0
BROKEN RECORDS: 0
BROKEN RECORDS: 0
BROKEN RECORDS: 0
BROKEN RECORDS: 0
BROKEN RECORDS: 0
BROKEN RECORDS: 0
BROKEN RECORDS: 0
BROKEN RECORDS: 0
BROKEN RECORDS: 0
BROKEN RECORDS: 0
BROKEN RECORDS: 0
BROKEN RECORDS: 0
BROKEN RECORDS: 0
BROKEN RECORDS: 0
