2013-04-23T00:16:27.170+0200: [GC [ParNew: 2702976K->337855K(3040832K), 1.0159940 secs] 2702976K->2489523K(30070848K), 1.0160910 secs] [Times: user=3.04 sys=9.86, real=1.01 secs] 
2013-04-23T00:16:29.321+0200: [GC [ParNew: 3040831K->337856K(3040832K), 1.1785720 secs] 5192499K->5123206K(30070848K), 1.1786310 secs] [Times: user=3.74 sys=11.33, real=1.18 secs] 
2013-04-23T00:16:31.567+0200: [GC [ParNew: 3040832K->337856K(3040832K), 1.1643180 secs] 7826182K->7819257K(30070848K), 1.1643900 secs] [Times: user=4.03 sys=11.03, real=1.16 secs] 
2013-04-23T00:16:33.677+0200: [GC [ParNew: 3040832K->337856K(3040832K), 1.0459660 secs] 10522233K->10515005K(30070848K), 1.0460470 secs] [Times: user=2.94 sys=10.59, real=1.04 secs] 
2013-04-23T00:16:35.682+0200: [GC [ParNew: 3040832K->337856K(3040832K), 1.2012130 secs] 13217981K->13231882K(30070848K), 1.2013480 secs] [Times: user=4.60 sys=10.64, real=1.20 secs] 
2013-04-23T00:16:37.909+0200: [GC [ParNew: 3040832K->337856K(3040832K), 1.6068500 secs] 15934858K->15942677K(30070848K), 1.6069110 secs] [Times: user=18.27 sys=2.58, real=1.61 secs] 
2013-04-23T00:16:40.439+0200: [GC [ParNew: 3040832K->337856K(3040832K), 1.1172610 secs] 18645653K->18669928K(30070848K), 1.1173240 secs] [Times: user=4.32 sys=10.12, real=1.12 secs] 
2013-04-23T00:16:42.573+0200: [GC [ParNew: 3040832K->337856K(3040832K), 1.4981880 secs] 21372904K->21362248K(30070848K), 1.4982570 secs] [Times: user=3.97 sys=14.97, real=1.50 secs] 
2013-04-23T00:16:56.043+0200: [GC [ParNew: 3040832K->337856K(3040832K), 1.3794860 secs] 24065224K->23454490K(30070848K), 1.3795780 secs] [Times: user=15.99 sys=1.85, real=1.38 secs] 
2013-04-23T00:17:25.687+0200: [GC [ParNew: 3040832K->337856K(3040832K), 0.3421300 secs] 26157466K->23885918K(30070848K), 0.3424860 secs] [Times: user=2.50 sys=1.33, real=0.34 secs] 
BROKEN RECORDS: 0
BROKEN RECORDS: 0
BROKEN RECORDS: 0
BROKEN RECORDS: 0
BROKEN RECORDS: 0
BROKEN RECORDS: 0
BROKEN RECORDS: 0
BROKEN RECORDS: 0
BROKEN RECORDS: 0
BROKEN RECORDS: 0
BROKEN RECORDS: 0
BROKEN RECORDS: 0
BROKEN RECORDS: 0
BROKEN RECORDS: 0
BROKEN RECORDS: 0
BROKEN RECORDS: 0
BROKEN RECORDS: 0
BROKEN RECORDS: 0
BROKEN RECORDS: 0
BROKEN RECORDS: 0
BROKEN RECORDS: 0
BROKEN RECORDS: 0
BROKEN RECORDS: 0
BROKEN RECORDS: 0
BROKEN RECORDS: 0
BROKEN RECORDS: 0
BROKEN RECORDS: 0
BROKEN RECORDS: 0
BROKEN RECORDS: 0
BROKEN RECORDS: 0
BROKEN RECORDS: 0
BROKEN RECORDS: 0
BROKEN RECORDS: 0
BROKEN RECORDS: 0
BROKEN RECORDS: 0
BROKEN RECORDS: 0
BROKEN RECORDS: 0
BROKEN RECORDS: 0
BROKEN RECORDS: 0
BROKEN RECORDS: 0
BROKEN RECORDS: 0
BROKEN RECORDS: 0
BROKEN RECORDS: 0
BROKEN RECORDS: 0
BROKEN RECORDS: 0
BROKEN RECORDS: 0
BROKEN RECORDS: 0
BROKEN RECORDS: 0
BROKEN RECORDS: 0
BROKEN RECORDS: 0
BROKEN RECORDS: 0
BROKEN RECORDS: 0
BROKEN RECORDS: 0
BROKEN RECORDS: 0
BROKEN RECORDS: 0
BROKEN RECORDS: 0
BROKEN RECORDS: 0
BROKEN RECORDS: 0
BROKEN RECORDS: 0
BROKEN RECORDS: 0
BROKEN RECORDS: 0
BROKEN RECORDS: 0
BROKEN RECORDS: 0
BROKEN RECORDS: 0
BROKEN RECORDS: 0
BROKEN RECORDS: 0
BROKEN RECORDS: 0
BROKEN RECORDS: 0
BROKEN RECORDS: 0
BROKEN RECORDS: 0
BROKEN RECORDS: 0
BROKEN RECORDS: 0
BROKEN RECORDS: 0
BROKEN RECORDS: 0
BROKEN RECORDS: 0
BROKEN RECORDS: 0
BROKEN RECORDS: 0
BROKEN RECORDS: 0
BROKEN RECORDS: 0
BROKEN RECORDS: 0
2013-04-23T00:22:09.497+0200: [GC [ParNew: 3040832K->237859K(3040832K), 0.3529550 secs] 26588894K->24029562K(30070848K), 0.3531630 secs] [Times: user=1.70 sys=0.28, real=0.35 secs] 
BROKEN RECORDS: 0
BROKEN RECORDS: 0
BROKEN RECORDS: 0
BROKEN RECORDS: 0
BROKEN RECORDS: 0
BROKEN RECORDS: 0
BROKEN RECORDS: 0
BROKEN RECORDS: 0
