2013-04-23T00:16:25.454+0200: [GC [ParNew: 2702976K->337856K(3040832K), 1.0379410 secs] 2702976K->2486801K(30070848K), 1.0380060 secs] [Times: user=3.24 sys=9.85, real=1.04 secs] 
2013-04-23T00:16:27.629+0200: [GC [ParNew: 3040832K->337856K(3040832K), 1.2000070 secs] 5189777K->5116515K(30070848K), 1.2000660 secs] [Times: user=3.94 sys=11.52, real=1.20 secs] 
2013-04-23T00:16:29.877+0200: [GC [ParNew: 3040832K->337856K(3040832K), 1.1676250 secs] 7819491K->7805043K(30070848K), 1.1677230 secs] [Times: user=3.96 sys=11.15, real=1.17 secs] 
2013-04-23T00:16:31.988+0200: [GC [ParNew: 3040832K->337856K(3040832K), 1.0683870 secs] 10508019K->10547117K(30070848K), 1.0684690 secs] [Times: user=3.44 sys=10.20, real=1.07 secs] 
2013-04-23T00:16:34.033+0200: [GC [ParNew: 3040832K->337856K(3040832K), 1.2162000 secs] 13250093K->13266107K(30070848K), 1.2162790 secs] [Times: user=4.83 sys=10.56, real=1.21 secs] 
2013-04-23T00:16:36.306+0200: [GC [ParNew: 3040832K->337856K(3040832K), 1.7908480 secs] 15969083K->15939668K(30070848K), 1.7908990 secs] [Times: user=20.51 sys=2.68, real=1.79 secs] 
2013-04-23T00:16:39.165+0200: [GC [ParNew: 3040832K->337856K(3040832K), 1.1333320 secs] 18642644K->18696661K(30070848K), 1.1333940 secs] [Times: user=4.33 sys=9.98, real=1.13 secs] 
2013-04-23T00:16:41.267+0200: [GC [ParNew: 3040832K->337856K(3040832K), 1.4965730 secs] 21399637K->21392727K(30070848K), 1.4966350 secs] [Times: user=4.17 sys=14.33, real=1.49 secs] 
2013-04-23T00:16:56.018+0200: [GC [ParNew: 3040832K->337856K(3040832K), 1.4564220 secs] 24095703K->23531520K(30070848K), 1.4565240 secs] [Times: user=16.41 sys=2.24, real=1.46 secs] 
2013-04-23T00:17:28.273+0200: [GC [ParNew: 3040832K->337856K(3040832K), 0.6765710 secs] 26234496K->23882189K(30070848K), 0.6767480 secs] [Times: user=3.20 sys=0.53, real=0.68 secs] 
BROKEN RECORDS: 0
BROKEN RECORDS: 0
BROKEN RECORDS: 0
BROKEN RECORDS: 0
BROKEN RECORDS: 0
BROKEN RECORDS: 0
BROKEN RECORDS: 0
BROKEN RECORDS: 0
BROKEN RECORDS: 0
BROKEN RECORDS: 0
BROKEN RECORDS: 0
BROKEN RECORDS: 0
BROKEN RECORDS: 0
BROKEN RECORDS: 0
BROKEN RECORDS: 0
BROKEN RECORDS: 0
BROKEN RECORDS: 0
BROKEN RECORDS: 0
BROKEN RECORDS: 0
BROKEN RECORDS: 0
BROKEN RECORDS: 0
BROKEN RECORDS: 0
BROKEN RECORDS: 0
BROKEN RECORDS: 0
BROKEN RECORDS: 0
BROKEN RECORDS: 0
BROKEN RECORDS: 0
BROKEN RECORDS: 0
BROKEN RECORDS: 0
BROKEN RECORDS: 0
BROKEN RECORDS: 0
BROKEN RECORDS: 0
BROKEN RECORDS: 0
BROKEN RECORDS: 0
BROKEN RECORDS: 0
BROKEN RECORDS: 0
BROKEN RECORDS: 0
BROKEN RECORDS: 0
BROKEN RECORDS: 0
BROKEN RECORDS: 0
BROKEN RECORDS: 0
BROKEN RECORDS: 0
BROKEN RECORDS: 0
BROKEN RECORDS: 0
BROKEN RECORDS: 0
BROKEN RECORDS: 0
BROKEN RECORDS: 0
BROKEN RECORDS: 0
2013-04-23T00:22:07.427+0200: [GC [ParNew: 3040832K->290243K(3040832K), 0.2120870 secs] 26585165K->24069639K(30070848K), 0.2123230 secs] [Times: user=1.92 sys=0.43, real=0.21 secs] 
BROKEN RECORDS: 0
BROKEN RECORDS: 0
BROKEN RECORDS: 0
BROKEN RECORDS: 0
BROKEN RECORDS: 0
BROKEN RECORDS: 0
BROKEN RECORDS: 0
BROKEN RECORDS: 0
BROKEN RECORDS: 0
BROKEN RECORDS: 0
BROKEN RECORDS: 0
BROKEN RECORDS: 0
BROKEN RECORDS: 0
BROKEN RECORDS: 0
BROKEN RECORDS: 0
BROKEN RECORDS: 0
BROKEN RECORDS: 0
BROKEN RECORDS: 0
BROKEN RECORDS: 0
BROKEN RECORDS: 0
BROKEN RECORDS: 0
BROKEN RECORDS: 0
BROKEN RECORDS: 0
BROKEN RECORDS: 0
BROKEN RECORDS: 0
BROKEN RECORDS: 0
BROKEN RECORDS: 0
BROKEN RECORDS: 0
BROKEN RECORDS: 0
BROKEN RECORDS: 0
BROKEN RECORDS: 0
BROKEN RECORDS: 0
BROKEN RECORDS: 0
BROKEN RECORDS: 0
BROKEN RECORDS: 0
BROKEN RECORDS: 0
BROKEN RECORDS: 0
BROKEN RECORDS: 0
BROKEN RECORDS: 0
BROKEN RECORDS: 0
