2013-06-07T17:17:48.387+0200: [GC [ParNew: 2702976K->337855K(3040832K), 0.9310370 secs] 2702976K->2489195K(30070848K), 0.9311030 secs] [Times: user=2.22 sys=9.52, real=0.93 secs] 
2013-06-07T17:17:50.092+0200: [GC [ParNew: 3040831K->337856K(3040832K), 1.0561800 secs] 5192171K->5128408K(30070848K), 1.0562190 secs] [Times: user=2.88 sys=10.76, real=1.05 secs] 
2013-06-07T17:17:51.902+0200: [GC [ParNew: 3040832K->337856K(3040832K), 1.0582860 secs] 7831384K->7824171K(30070848K), 1.0583250 secs] [Times: user=3.00 sys=10.72, real=1.06 secs] 
2013-06-07T17:17:53.663+0200: [GC [ParNew: 3040832K->337856K(3040832K), 1.0098960 secs] 10527147K->10528531K(30070848K), 1.0099330 secs] [Times: user=3.16 sys=9.89, real=1.02 secs] 
2013-06-07T17:17:55.398+0200: [GC [ParNew: 3040832K->337856K(3040832K), 1.0704990 secs] 13231507K->13247841K(30070848K), 1.0705360 secs] [Times: user=3.40 sys=10.47, real=1.07 secs] 
2013-06-07T17:17:57.183+0200: [GC [ParNew: 3040832K->337856K(3040832K), 1.3572780 secs] 15950817K->15948807K(30070848K), 1.3573820 secs] [Times: user=15.29 sys=2.32, real=1.36 secs] 
2013-06-07T17:17:59.265+0200: [GC [ParNew: 3040832K->337856K(3040832K), 1.0795760 secs] 18651783K->18666229K(30070848K), 1.0796510 secs] [Times: user=2.92 sys=10.98, real=1.08 secs] 
2013-06-07T17:18:01.039+0200: [GC [ParNew: 3040832K->337856K(3040832K), 1.1585880 secs] 21369205K->21363384K(30070848K), 1.1586620 secs] [Times: user=4.04 sys=10.97, real=1.16 secs] 
2013-06-07T17:18:09.597+0200: [GC [ParNew: 3040832K->337856K(3040832K), 1.5455810 secs] 24066360K->23475150K(30070848K), 1.5456470 secs] [Times: user=17.75 sys=2.17, real=1.55 secs] 
2013-06-07T17:18:23.594+0200: [GC [ParNew: 3040832K->187482K(3040832K), 0.0778330 secs] 26178126K->23324776K(30070848K), 0.0779950 secs] [Times: user=0.96 sys=0.03, real=0.08 secs] 
