2013-06-07T17:17:49.781+0200: [GC [ParNew: 2702976K->337856K(3040832K), 0.9423340 secs] 2702976K->2492152K(30070848K), 0.9424090 secs] [Times: user=2.15 sys=9.84, real=0.94 secs] 
2013-06-07T17:17:51.496+0200: [GC [ParNew: 3040832K->337856K(3040832K), 1.0532400 secs] 5195128K->5127017K(30070848K), 1.0532890 secs] [Times: user=2.65 sys=10.93, real=1.05 secs] 
2013-06-07T17:17:53.283+0200: [GC [ParNew: 3040832K->337856K(3040832K), 1.0711370 secs] 7829993K->7822548K(30070848K), 1.0712100 secs] [Times: user=3.29 sys=10.30, real=1.08 secs] 
2013-06-07T17:17:55.038+0200: [GC [ParNew: 3040832K->337856K(3040832K), 1.0120350 secs] 10525524K->10551848K(30070848K), 1.0121080 secs] [Times: user=3.03 sys=10.07, real=1.01 secs] 
2013-06-07T17:17:56.759+0200: [GC [ParNew: 3040832K->337856K(3040832K), 1.0830920 secs] 13254824K->13277209K(30070848K), 1.0831610 secs] [Times: user=3.70 sys=10.32, real=1.08 secs] 
2013-06-07T17:17:58.536+0200: [GC [ParNew: 3040832K->337856K(3040832K), 1.3968350 secs] 15980185K->15965881K(30070848K), 1.3969080 secs] [Times: user=15.79 sys=2.18, real=1.40 secs] 
2013-06-07T17:18:00.626+0200: [GC [ParNew: 3040832K->337856K(3040832K), 1.0724380 secs] 18668857K->18687530K(30070848K), 1.0724930 secs] [Times: user=3.00 sys=10.89, real=1.07 secs] 
2013-06-07T17:18:02.401+0200: [GC [ParNew: 3040832K->337856K(3040832K), 1.1367410 secs] 21390506K->21378697K(30070848K), 1.1367870 secs] [Times: user=3.70 sys=11.02, real=1.14 secs] 
2013-06-07T17:18:09.987+0200: [GC [ParNew: 3040832K->337856K(3040832K), 1.5807220 secs] 24081673K->23543833K(30070848K), 1.5808150 secs] [Times: user=18.33 sys=2.03, real=1.58 secs] 
2013-06-07T17:18:26.004+0200: [GC [ParNew: 3040832K->147031K(3040832K), 0.0798250 secs] 26246809K->23353008K(30070848K), 0.0799670 secs] [Times: user=0.98 sys=0.03, real=0.08 secs] 
