2013-06-07T17:17:48.769+0200: [GC [ParNew: 2702976K->337856K(3040832K), 0.9323280 secs] 2702976K->2489515K(30070848K), 0.9324020 secs] [Times: user=2.03 sys=9.51, real=0.94 secs] 
2013-06-07T17:17:50.457+0200: [GC [ParNew: 3040832K->337856K(3040832K), 1.0505420 secs] 5192491K->5119330K(30070848K), 1.0506100 secs] [Times: user=2.65 sys=10.93, real=1.05 secs] 
2013-06-07T17:17:52.238+0200: [GC [ParNew: 3040832K->337856K(3040832K), 1.0603690 secs] 7822306K->7815350K(30070848K), 1.0604400 secs] [Times: user=3.06 sys=10.68, real=1.06 secs] 
2013-06-07T17:17:53.983+0200: [GC [ParNew: 3040832K->337856K(3040832K), 1.0081330 secs] 10518326K->10554318K(30070848K), 1.0082060 secs] [Times: user=3.41 sys=9.43, real=1.01 secs] 
2013-06-07T17:17:55.697+0200: [GC [ParNew: 3040832K->337856K(3040832K), 1.0743190 secs] 13257294K->13269146K(30070848K), 1.0743920 secs] [Times: user=3.44 sys=10.47, real=1.08 secs] 
2013-06-07T17:17:57.465+0200: [GC [ParNew: 3040832K->337856K(3040832K), 1.4383610 secs] 15972122K->15981702K(30070848K), 1.4384330 secs] [Times: user=16.56 sys=2.11, real=1.44 secs] 
2013-06-07T17:17:59.616+0200: [GC [ParNew: 3040832K->337856K(3040832K), 1.0866400 secs] 18684678K->18737703K(30070848K), 1.0866960 secs] [Times: user=3.00 sys=10.84, real=1.09 secs] 
2013-06-07T17:18:01.415+0200: [GC [ParNew: 3040832K->337856K(3040832K), 1.1543810 secs] 21440679K->21425509K(30070848K), 1.1544280 secs] [Times: user=3.97 sys=10.99, real=1.16 secs] 
2013-06-07T17:18:09.434+0200: [GC [ParNew: 3040832K->337856K(3040832K), 1.6338440 secs] 24128485K->23557672K(30070848K), 1.6339120 secs] [Times: user=19.00 sys=2.20, real=1.63 secs] 
2013-06-07T17:18:24.278+0200: [GC [ParNew: 3040832K->139608K(3040832K), 0.0793480 secs] 26260648K->23359425K(30070848K), 0.0794990 secs] [Times: user=0.99 sys=0.02, real=0.07 secs] 
