2013-06-07T17:17:49.168+0200: [GC [ParNew: 2702976K->337856K(3040832K), 0.9077810 secs] 2702976K->2483318K(30070848K), 0.9078540 secs] [Times: user=2.14 sys=9.14, real=0.90 secs] 
2013-06-07T17:17:50.848+0200: [GC [ParNew: 3040832K->337856K(3040832K), 1.0543200 secs] 5186294K->5111700K(30070848K), 1.0543660 secs] [Times: user=3.02 sys=10.61, real=1.05 secs] 
2013-06-07T17:17:52.658+0200: [GC [ParNew: 3040832K->337856K(3040832K), 1.0664030 secs] 7814676K->7807015K(30070848K), 1.0664610 secs] [Times: user=3.26 sys=10.54, real=1.06 secs] 
2013-06-07T17:17:54.445+0200: [GC [ParNew: 3040832K->337856K(3040832K), 1.0394590 secs] 10509991K->10526710K(30070848K), 1.0395170 secs] [Times: user=3.23 sys=10.23, real=1.03 secs] 
2013-06-07T17:17:56.179+0200: [GC [ParNew: 3040832K->337856K(3040832K), 1.0817500 secs] 13229686K->13259531K(30070848K), 1.0818080 secs] [Times: user=3.25 sys=10.76, real=1.08 secs] 
2013-06-07T17:17:57.986+0200: [GC [ParNew: 3040832K->337856K(3040832K), 1.5097560 secs] 15962507K->15984797K(30070848K), 1.5098270 secs] [Times: user=17.38 sys=2.16, real=1.50 secs] 
2013-06-07T17:18:00.158+0200: [GC [ParNew: 3040832K->337856K(3040832K), 1.0665360 secs] 18687773K->18703980K(30070848K), 1.0666070 secs] [Times: user=2.82 sys=10.99, real=1.06 secs] 
2013-06-07T17:18:01.935+0200: [GC [ParNew: 3040832K->337856K(3040832K), 1.1594650 secs] 21406956K->21421496K(30070848K), 1.1595190 secs] [Times: user=4.06 sys=10.92, real=1.16 secs] 
2013-06-07T17:18:09.653+0200: [GC [ParNew: 3040832K->337856K(3040832K), 1.4870010 secs] 24124472K->23502879K(30070848K), 1.4870970 secs] [Times: user=17.35 sys=1.89, real=1.48 secs] 
2013-06-07T17:18:24.659+0200: [GC [ParNew: 3040832K->188512K(3040832K), 0.0780870 secs] 26205855K->23353535K(30070848K), 0.0782450 secs] [Times: user=0.98 sys=0.01, real=0.08 secs] 
