2013-06-07T17:17:49.951+0200: [GC [ParNew: 2702976K->337856K(3040832K), 0.9244130 secs] 2702976K->2485454K(30070848K), 0.9244790 secs] [Times: user=2.09 sys=9.29, real=0.93 secs] 
2013-06-07T17:17:51.609+0200: [GC [ParNew: 3040832K->337856K(3040832K), 1.0543950 secs] 5188430K->5116767K(30070848K), 1.0544570 secs] [Times: user=2.61 sys=11.01, real=1.05 secs] 
2013-06-07T17:17:53.396+0200: [GC [ParNew: 3040832K->337856K(3040832K), 1.0619580 secs] 7819743K->7805006K(30070848K), 1.0620270 secs] [Times: user=3.18 sys=10.57, real=1.06 secs] 
2013-06-07T17:17:55.151+0200: [GC [ParNew: 3040832K->337856K(3040832K), 1.0169720 secs] 10507982K->10550538K(30070848K), 1.0170410 secs] [Times: user=3.28 sys=9.81, real=1.02 secs] 
2013-06-07T17:17:56.903+0200: [GC [ParNew: 3040832K->337856K(3040832K), 1.0855900 secs] 13253514K->13280157K(30070848K), 1.0856590 secs] [Times: user=3.24 sys=10.83, real=1.09 secs] 
2013-06-07T17:17:58.671+0200: [GC [ParNew: 3040832K->337856K(3040832K), 1.2397370 secs] 15983133K->15988711K(30070848K), 1.2398050 secs] [Times: user=14.12 sys=1.98, real=1.24 secs] 
2013-06-07T17:18:00.634+0200: [GC [ParNew: 3040832K->337856K(3040832K), 1.0410630 secs] 18691687K->18712569K(30070848K), 1.0411300 secs] [Times: user=3.03 sys=10.41, real=1.04 secs] 
2013-06-07T17:18:02.389+0200: [GC [ParNew: 3040832K->337856K(3040832K), 1.1542470 secs] 21415545K->21409659K(30070848K), 1.1543160 secs] [Times: user=3.98 sys=10.96, real=1.15 secs] 
2013-06-07T17:18:09.611+0200: [GC [ParNew: 3040832K->337856K(3040832K), 1.4580660 secs] 24112635K->23525139K(30070848K), 1.4581640 secs] [Times: user=16.87 sys=2.03, real=1.46 secs] 
2013-06-07T17:18:24.857+0200: [GC [ParNew: 3040832K->179038K(3040832K), 0.0804540 secs] 26228115K->23366321K(30070848K), 0.0806120 secs] [Times: user=1.03 sys=0.00, real=0.08 secs] 
