2013-06-07T17:17:48.598+0200: [GC [ParNew: 2702976K->337856K(3040832K), 0.9222350 secs] 2702976K->2490997K(30070848K), 0.9223060 secs] [Times: user=2.08 sys=9.42, real=0.93 secs] 
2013-06-07T17:17:50.285+0200: [GC [ParNew: 3040832K->337856K(3040832K), 1.0472180 secs] 5193973K->5130573K(30070848K), 1.0472900 secs] [Times: user=2.50 sys=11.03, real=1.05 secs] 
2013-06-07T17:17:52.014+0200: [GC [ParNew: 3040832K->337856K(3040832K), 1.0511640 secs] 7833549K->7826776K(30070848K), 1.0512300 secs] [Times: user=3.08 sys=10.54, real=1.05 secs] 
2013-06-07T17:17:53.774+0200: [GC [ParNew: 3040832K->337856K(3040832K), 1.0060010 secs] 10529752K->10574549K(30070848K), 1.0060680 secs] [Times: user=3.14 sys=9.89, real=1.01 secs] 
2013-06-07T17:17:55.497+0200: [GC [ParNew: 3040832K->337856K(3040832K), 1.0616450 secs] 13277525K->13291490K(30070848K), 1.0617100 secs] [Times: user=3.19 sys=10.55, real=1.06 secs] 
2013-06-07T17:17:57.222+0200: [GC [ParNew: 3040832K->337856K(3040832K), 1.3481160 secs] 15994466K->15993417K(30070848K), 1.3481830 secs] [Times: user=15.43 sys=2.08, real=1.34 secs] 
2013-06-07T17:17:59.244+0200: [GC [ParNew: 3040832K->337856K(3040832K), 1.0355390 secs] 18696393K->18706965K(30070848K), 1.0356060 secs] [Times: user=3.04 sys=10.37, real=1.03 secs] 
2013-06-07T17:18:00.994+0200: [GC [ParNew: 3040832K->337856K(3040832K), 1.1410340 secs] 21409941K->21431429K(30070848K), 1.1411030 secs] [Times: user=3.66 sys=11.12, real=1.14 secs] 
2013-06-07T17:18:09.624+0200: [GC [ParNew: 3040832K->337856K(3040832K), 1.2729080 secs] 24134405K->23514060K(30070848K), 1.2730060 secs] [Times: user=14.88 sys=1.62, real=1.27 secs] 
2013-06-07T17:18:23.291+0200: [GC [ParNew: 3040832K->187930K(3040832K), 0.0782230 secs] 26217036K->23364135K(30070848K), 0.0783650 secs] [Times: user=0.99 sys=0.00, real=0.08 secs] 
