2013-06-07T17:17:47.611+0200: [GC [ParNew: 2702976K->337855K(3040832K), 0.9447950 secs] 2702976K->2482584K(30070848K), 0.9448840 secs] [Times: user=2.14 sys=9.80, real=0.95 secs] 
2013-06-07T17:17:49.331+0200: [GC [ParNew: 3040831K->337856K(3040832K), 1.0617790 secs] 5185560K->5120716K(30070848K), 1.0618510 secs] [Times: user=2.84 sys=10.88, real=1.06 secs] 
2013-06-07T17:17:51.120+0200: [GC [ParNew: 3040832K->337856K(3040832K), 1.0686440 secs] 7823692K->7816856K(30070848K), 1.0687240 secs] [Times: user=3.37 sys=10.45, real=1.07 secs] 
2013-06-07T17:17:52.912+0200: [GC [ParNew: 3040832K->337856K(3040832K), 1.0186330 secs] 10519832K->10551246K(30070848K), 1.0187080 secs] [Times: user=3.12 sys=10.06, real=1.02 secs] 
2013-06-07T17:17:54.611+0200: [GC [ParNew: 3040832K->337856K(3040832K), 1.0810110 secs] 13254222K->13265210K(30070848K), 1.0810900 secs] [Times: user=3.58 sys=10.40, real=1.08 secs] 
2013-06-07T17:17:56.424+0200: [GC [ParNew: 3040832K->337856K(3040832K), 1.3256790 secs] 15968186K->15993357K(30070848K), 1.3257600 secs] [Times: user=15.23 sys=1.91, real=1.33 secs] 
2013-06-07T17:17:58.464+0200: [GC [ParNew: 3040832K->337856K(3040832K), 1.0728820 secs] 18696333K->18709755K(30070848K), 1.0729510 secs] [Times: user=3.59 sys=10.31, real=1.08 secs] 
2013-06-07T17:18:00.258+0200: [GC [ParNew: 3040832K->337856K(3040832K), 1.1044980 secs] 21412731K->21430377K(30070848K), 1.1045860 secs] [Times: user=3.53 sys=10.76, real=1.10 secs] 
2013-06-07T17:18:09.967+0200: [GC [ParNew: 3040832K->337856K(3040832K), 1.2445560 secs] 24133353K->23515222K(30070848K), 1.2446740 secs] [Times: user=14.65 sys=1.44, real=1.24 secs] 
2013-06-07T17:18:23.835+0200: [GC [ParNew: 3040832K->155175K(3040832K), 0.0890510 secs] 26218198K->23332542K(30070848K), 0.0891910 secs] [Times: user=1.05 sys=0.01, real=0.09 secs] 
