2013-06-07T17:17:46.886+0200: [GC [ParNew: 2702976K->337856K(3040832K), 0.9339070 secs] 2702976K->2490684K(30070848K), 0.9340110 secs] [Times: user=2.41 sys=9.40, real=0.93 secs] 
2013-06-07T17:17:48.576+0200: [GC [ParNew: 3040832K->337856K(3040832K), 1.0524160 secs] 5193660K->5130260K(30070848K), 1.0524970 secs] [Times: user=2.77 sys=10.80, real=1.06 secs] 
2013-06-07T17:17:50.374+0200: [GC [ParNew: 3040832K->337856K(3040832K), 1.0720720 secs] 7833236K->7824870K(30070848K), 1.0721710 secs] [Times: user=3.20 sys=10.42, real=1.08 secs] 
2013-06-07T17:17:52.161+0200: [GC [ParNew: 3040832K->337856K(3040832K), 1.0244450 secs] 10527846K->10554971K(30070848K), 1.0245240 secs] [Times: user=3.21 sys=10.04, real=1.03 secs] 
2013-06-07T17:17:53.908+0200: [GC [ParNew: 3040832K->337856K(3040832K), 1.0818690 secs] 13257947K->13261827K(30070848K), 1.0819450 secs] [Times: user=3.54 sys=10.45, real=1.08 secs] 
2013-06-07T17:17:55.705+0200: [GC [ParNew: 2999980K->337856K(3040832K), 1.5700430 secs] 15923951K->15948162K(30070848K), 1.5701870 secs] [Times: user=17.74 sys=2.43, real=1.58 secs] 
2013-06-07T17:17:57.976+0200: [GC [ParNew: 3040832K->337856K(3040832K), 1.0843330 secs] 18651138K->18697055K(30070848K), 1.0844160 secs] [Times: user=3.12 sys=10.91, real=1.08 secs] 
2013-06-07T17:17:59.762+0200: [GC [ParNew: 3040832K->337856K(3040832K), 1.1628390 secs] 21400031K->21425617K(30070848K), 1.1629150 secs] [Times: user=3.83 sys=11.22, real=1.16 secs] 
2013-06-07T17:18:09.671+0200: [GC [ParNew: 3040832K->337856K(3040832K), 1.8204860 secs] 24128593K->23508536K(30070848K), 1.8206110 secs] [Times: user=21.32 sys=2.24, real=1.82 secs] 
2013-06-07T17:18:23.806+0200: [GC [ParNew: 3040832K->178809K(3040832K), 0.0851450 secs] 26211512K->23349490K(30070848K), 0.0853100 secs] [Times: user=1.02 sys=0.01, real=0.08 secs] 
