2013-06-07T17:17:46.947+0200: [GC [ParNew: 2702976K->337856K(3040832K), 0.8924730 secs] 2702976K->2491208K(30070848K), 0.8925450 secs] [Times: user=2.12 sys=8.71, real=0.89 secs] 
2013-06-07T17:17:48.584+0200: [GC [ParNew: 3040832K->337856K(3040832K), 1.0739900 secs] 5194184K->5123482K(30070848K), 1.0740660 secs] [Times: user=2.93 sys=10.83, real=1.07 secs] 
2013-06-07T17:17:50.392+0200: [GC [ParNew: 3040832K->337856K(3040832K), 1.0713480 secs] 7826458K->7814475K(30070848K), 1.0714200 secs] [Times: user=3.42 sys=10.45, real=1.08 secs] 
2013-06-07T17:17:52.177+0200: [GC [ParNew: 3040832K->337856K(3040832K), 1.0375950 secs] 10517451K->10552675K(30070848K), 1.0376710 secs] [Times: user=3.22 sys=10.21, real=1.04 secs] 
2013-06-07T17:17:53.901+0200: [GC [ParNew: 3040832K->337856K(3040832K), 1.0829470 secs] 13255651K->13256842K(30070848K), 1.0830220 secs] [Times: user=3.54 sys=10.44, real=1.09 secs] 
2013-06-07T17:17:55.688+0200: [GC [ParNew: 3040832K->337856K(3040832K), 1.6035930 secs] 15959818K->15953134K(30070848K), 1.6036670 secs] [Times: user=18.43 sys=2.38, real=1.60 secs] 
2013-06-07T17:17:58.685+0200: [GC [ParNew: 3040832K->337856K(3040832K), 1.0855740 secs] 18656110K->18674878K(30070848K), 1.0856480 secs] [Times: user=2.93 sys=10.95, real=1.08 secs] 
2013-06-07T17:18:01.152+0200: [GC [ParNew: 3040832K->337856K(3040832K), 1.1557080 secs] 21377854K->21350518K(30070848K), 1.1557880 secs] [Times: user=4.10 sys=10.87, real=1.15 secs] 
2013-06-07T17:18:09.589+0200: [GC [ParNew: 3040832K->337856K(3040832K), 1.5709910 secs] 24053494K->23504192K(30070848K), 1.5710710 secs] [Times: user=18.46 sys=1.79, real=1.57 secs] 
2013-06-07T17:18:24.134+0200: [GC [ParNew: 3040832K->147066K(3040832K), 0.0825450 secs] 26207168K->23313402K(30070848K), 0.0826420 secs] [Times: user=1.04 sys=0.01, real=0.08 secs] 
