2013-06-07T17:17:47.675+0200: [GC [ParNew: 2702976K->337856K(3040832K), 0.9414930 secs] 2702976K->2490280K(30070848K), 0.9415780 secs] [Times: user=2.34 sys=9.65, real=0.95 secs] 
2013-06-07T17:17:49.627+0200: [GC [ParNew: 3040832K->337856K(3040832K), 1.0527050 secs] 5193256K->5120067K(30070848K), 1.0527530 secs] [Times: user=2.67 sys=10.92, real=1.06 secs] 
2013-06-07T17:17:51.736+0200: [GC [ParNew: 3040832K->337856K(3040832K), 1.0740310 secs] 7823043K->7810772K(30070848K), 1.0740770 secs] [Times: user=3.25 sys=10.65, real=1.07 secs] 
2013-06-07T17:17:53.736+0200: [GC [ParNew: 3040832K->337856K(3040832K), 1.0507060 secs] 10513748K->10551757K(30070848K), 1.0507540 secs] [Times: user=3.32 sys=10.27, real=1.05 secs] 
2013-06-07T17:17:55.762+0200: [GC [ParNew: 3040832K->337856K(3040832K), 1.0869940 secs] 13254733K->13279456K(30070848K), 1.0870620 secs] [Times: user=3.71 sys=10.32, real=1.09 secs] 
2013-06-07T17:17:57.825+0200: [GC [ParNew: 3040832K->337856K(3040832K), 1.6438220 secs] 15982432K->15970273K(30070848K), 1.6438980 secs] [Times: user=19.15 sys=2.15, real=1.65 secs] 
2013-06-07T17:18:00.393+0200: [GC [ParNew: 3040832K->337856K(3040832K), 1.0305620 secs] 18673249K->18692561K(30070848K), 1.0306370 secs] [Times: user=3.25 sys=10.08, real=1.03 secs] 
2013-06-07T17:18:02.430+0200: [GC [ParNew: 3040832K->337856K(3040832K), 1.1257590 secs] 21395537K->21363783K(30070848K), 1.1258360 secs] [Times: user=4.01 sys=10.54, real=1.13 secs] 
2013-06-07T17:18:09.690+0200: [GC [ParNew: 2997310K->337856K(3040832K), 1.5252050 secs] 24023237K->23514517K(30070848K), 1.5253130 secs] [Times: user=18.04 sys=1.71, real=1.52 secs] 
2013-06-07T17:18:25.049+0200: [GC [ParNew: 3040832K->180070K(3040832K), 0.0793260 secs] 26217493K->23356732K(30070848K), 0.0794710 secs] [Times: user=0.99 sys=0.02, real=0.08 secs] 
