2013-06-07T17:17:47.610+0200: [GC [ParNew: 2702976K->337856K(3040832K), 0.9200620 secs] 2702976K->2492265K(30070848K), 0.9201470 secs] [Times: user=2.16 sys=9.38, real=0.92 secs] 
2013-06-07T17:17:49.316+0200: [GC [ParNew: 3040832K->337856K(3040832K), 1.0611050 secs] 5195241K->5126139K(30070848K), 1.0611810 secs] [Times: user=2.69 sys=10.97, real=1.06 secs] 
2013-06-07T17:17:51.060+0200: [GC [ParNew: 3040832K->337856K(3040832K), 1.0619830 secs] 7829115K->7814827K(30070848K), 1.0620570 secs] [Times: user=3.31 sys=10.45, real=1.07 secs] 
2013-06-07T17:17:52.846+0200: [GC [ParNew: 3040832K->337856K(3040832K), 1.0195310 secs] 10517803K->10541374K(30070848K), 1.0196050 secs] [Times: user=3.50 sys=9.70, real=1.02 secs] 
2013-06-07T17:17:54.564+0200: [GC [ParNew: 3040832K->337856K(3040832K), 1.0819090 secs] 13244350K->13256618K(30070848K), 1.0819840 secs] [Times: user=3.61 sys=10.38, real=1.08 secs] 
2013-06-07T17:17:56.362+0200: [GC [ParNew: 3040832K->337856K(3040832K), 1.6625430 secs] 15959594K->15931427K(30070848K), 1.6626160 secs] [Times: user=18.96 sys=2.62, real=1.66 secs] 
2013-06-07T17:17:58.721+0200: [GC [ParNew: 3040832K->337856K(3040832K), 1.0889790 secs] 18634403K->18691334K(30070848K), 1.0890360 secs] [Times: user=3.11 sys=10.65, real=1.09 secs] 
2013-06-07T17:18:00.546+0200: [GC [ParNew: 3040832K->337856K(3040832K), 1.1562710 secs] 21394310K->21394540K(30070848K), 1.1563190 secs] [Times: user=3.98 sys=10.96, real=1.16 secs] 
2013-06-07T17:18:09.605+0200: [GC [ParNew: 3040832K->337856K(3040832K), 1.5099930 secs] 24097516K->23487321K(30070848K), 1.5100990 secs] [Times: user=17.35 sys=1.94, real=1.51 secs] 
2013-06-07T17:18:25.835+0200: [GC [ParNew: 3040832K->188056K(3040832K), 0.0811940 secs] 26190297K->23337521K(30070848K), 0.0813460 secs] [Times: user=1.02 sys=0.01, real=0.08 secs] 
