2013-06-07T17:17:49.520+0200: [GC [ParNew: 2702976K->337856K(3040832K), 0.9101380 secs] 2702976K->2484783K(30070848K), 0.9102250 secs] [Times: user=1.89 sys=9.52, real=0.91 secs] 
2013-06-07T17:17:51.204+0200: [GC [ParNew: 3040832K->337856K(3040832K), 1.0466100 secs] 5187759K->5119350K(30070848K), 1.0466770 secs] [Times: user=2.79 sys=10.74, real=1.05 secs] 
2013-06-07T17:17:53.023+0200: [GC [ParNew: 3040832K->337856K(3040832K), 1.0582890 secs] 7822326K->7815593K(30070848K), 1.0583520 secs] [Times: user=3.23 sys=10.46, real=1.06 secs] 
2013-06-07T17:17:54.804+0200: [GC [ParNew: 3040832K->337856K(3040832K), 1.0403850 secs] 10518569K->10565896K(30070848K), 1.0404520 secs] [Times: user=3.32 sys=10.15, real=1.04 secs] 
2013-06-07T17:17:56.550+0200: [GC [ParNew: 3040832K->337856K(3040832K), 1.0819040 secs] 13268872K->13294971K(30070848K), 1.0819720 secs] [Times: user=3.34 sys=10.67, real=1.08 secs] 
2013-06-07T17:17:58.365+0200: [GC [ParNew: 3040832K->337856K(3040832K), 1.4943430 secs] 15997947K->15998946K(30070848K), 1.4943890 secs] [Times: user=17.20 sys=2.16, real=1.50 secs] 
2013-06-07T17:18:00.552+0200: [GC [ParNew: 3040832K->337856K(3040832K), 1.1036500 secs] 18701922K->18750305K(30070848K), 1.1037150 secs] [Times: user=2.87 sys=11.42, real=1.11 secs] 
2013-06-07T17:18:02.360+0200: [GC [ParNew: 3040832K->337856K(3040832K), 1.1620860 secs] 21453281K->21465388K(30070848K), 1.1621510 secs] [Times: user=3.64 sys=11.41, real=1.16 secs] 
2013-06-07T17:18:09.598+0200: [GC [ParNew: 3040832K->337856K(3040832K), 1.5623720 secs] 24168364K->23539728K(30070848K), 1.5624640 secs] [Times: user=18.33 sys=1.90, real=1.56 secs] 
2013-06-07T17:18:23.827+0200: [GC [ParNew: 3040832K->187457K(3040832K), 0.0785300 secs] 26242704K->23389329K(30070848K), 0.0786940 secs] [Times: user=0.98 sys=0.02, real=0.08 secs] 
