2013-06-07T17:17:49.121+0200: [GC [ParNew: 2702976K->337855K(3040832K), 0.9231010 secs] 2702976K->2491028K(30070848K), 0.9231770 secs] [Times: user=2.08 sys=9.36, real=0.93 secs] 
2013-06-07T17:17:50.818+0200: [GC [ParNew: 3040831K->337856K(3040832K), 1.0524150 secs] 5194004K->5124489K(30070848K), 1.0524640 secs] [Times: user=2.66 sys=10.94, real=1.05 secs] 
2013-06-07T17:17:52.633+0200: [GC [ParNew: 3040832K->337856K(3040832K), 1.0456620 secs] 7827465K->7818163K(30070848K), 1.0457180 secs] [Times: user=2.98 sys=10.34, real=1.05 secs] 
2013-06-07T17:17:54.392+0200: [GC [ParNew: 3040832K->337856K(3040832K), 1.0342000 secs] 10521139K->10546182K(30070848K), 1.0342490 secs] [Times: user=2.87 sys=10.52, real=1.04 secs] 
2013-06-07T17:17:56.137+0200: [GC [ParNew: 3040832K->337856K(3040832K), 1.0730540 secs] 13249158K->13276890K(30070848K), 1.0731000 secs] [Times: user=3.28 sys=10.62, real=1.07 secs] 
2013-06-07T17:17:57.914+0200: [GC [ParNew: 3040832K->337856K(3040832K), 1.3879890 secs] 15979866K->15942703K(30070848K), 1.3880460 secs] [Times: user=15.80 sys=2.05, real=1.39 secs] 
2013-06-07T17:18:00.007+0200: [GC [ParNew: 3040832K->337856K(3040832K), 1.0381160 secs] 18645679K->18691789K(30070848K), 1.0381630 secs] [Times: user=3.30 sys=10.14, real=1.04 secs] 
2013-06-07T17:18:01.749+0200: [GC [ParNew: 3040832K->337856K(3040832K), 1.1576650 secs] 21394765K->21396947K(30070848K), 1.1577130 secs] [Times: user=4.07 sys=10.93, real=1.16 secs] 
2013-06-07T17:18:09.596+0200: [GC [ParNew: 3040832K->337856K(3040832K), 1.5098240 secs] 24099923K->23513516K(30070848K), 1.5099110 secs] [Times: user=17.66 sys=1.90, real=1.51 secs] 
2013-06-07T17:18:26.463+0200: [GC [ParNew: 3040832K->187567K(3040832K), 0.0791440 secs] 26216492K->23363227K(30070848K), 0.0792830 secs] [Times: user=0.98 sys=0.04, real=0.08 secs] 
