2013-06-07T17:17:47.816+0200: [GC [ParNew: 2702976K->337856K(3040832K), 0.9521640 secs] 2702976K->2487777K(30070848K), 0.9522340 secs] [Times: user=2.29 sys=9.72, real=0.95 secs] 
2013-06-07T17:17:49.493+0200: [GC [ParNew: 3040832K->337856K(3040832K), 1.0656620 secs] 5190753K->5119666K(30070848K), 1.0657390 secs] [Times: user=2.73 sys=11.04, real=1.07 secs] 
2013-06-07T17:17:51.320+0200: [GC [ParNew: 3040832K->337856K(3040832K), 1.0863300 secs] 7822642K->7815686K(30070848K), 1.0863990 secs] [Times: user=3.24 sys=10.84, real=1.08 secs] 
2013-06-07T17:17:53.131+0200: [GC [ParNew: 3040832K->337856K(3040832K), 1.0545820 secs] 10518662K->10551101K(30070848K), 1.0546520 secs] [Times: user=3.44 sys=10.19, real=1.05 secs] 
2013-06-07T17:17:54.877+0200: [GC [ParNew: 3040832K->337856K(3040832K), 1.1211770 secs] 13254077K->13277998K(30070848K), 1.1212470 secs] [Times: user=3.46 sys=11.06, real=1.13 secs] 
2013-06-07T17:17:56.714+0200: [GC [ParNew: 3040832K->337856K(3040832K), 1.4474760 secs] 15980974K->16002080K(30070848K), 1.4475470 secs] [Times: user=16.37 sys=2.42, real=1.45 secs] 
2013-06-07T17:17:58.886+0200: [GC [ParNew: 3040832K->337856K(3040832K), 1.1113850 secs] 18705056K->18740472K(30070848K), 1.1114600 secs] [Times: user=3.20 sys=11.20, real=1.11 secs] 
2013-06-07T17:18:00.702+0200: [GC [ParNew: 3040832K->337856K(3040832K), 1.1557700 secs] 21443448K->21434233K(30070848K), 1.1558420 secs] [Times: user=3.83 sys=11.14, real=1.15 secs] 
2013-06-07T17:18:11.195+0200: [GC [ParNew: 3040832K->337856K(3040832K), 1.2906200 secs] 24137209K->23516780K(30070848K), 1.2907260 secs] [Times: user=15.06 sys=1.66, real=1.29 secs] 
2013-06-07T17:18:26.047+0200: [GC [ParNew: 3040832K->186650K(3040832K), 0.0819210 secs] 26219756K->23365575K(30070848K), 0.0820800 secs] [Times: user=1.04 sys=0.01, real=0.08 secs] 
