2013-06-07T17:17:48.198+0200: [GC [ParNew: 2702976K->337855K(3040832K), 0.9247970 secs] 2702976K->2491154K(30070848K), 0.9248760 secs] [Times: user=2.00 sys=9.61, real=0.93 secs] 
2013-06-07T17:17:49.899+0200: [GC [ParNew: 3040831K->337856K(3040832K), 1.0460740 secs] 5194130K->5129695K(30070848K), 1.0461420 secs] [Times: user=2.57 sys=10.94, real=1.05 secs] 
2013-06-07T17:17:51.696+0200: [GC [ParNew: 3040832K->337856K(3040832K), 1.0620740 secs] 7832671K->7825555K(30070848K), 1.0621180 secs] [Times: user=3.02 sys=10.73, real=1.06 secs] 
2013-06-07T17:17:53.473+0200: [GC [ParNew: 3040832K->337856K(3040832K), 1.0105700 secs] 10528531K->10534077K(30070848K), 1.0106350 secs] [Times: user=3.33 sys=9.74, real=1.01 secs] 
2013-06-07T17:17:55.209+0200: [GC [ParNew: 3040832K->337856K(3040832K), 1.0715970 secs] 13237053K->13250441K(30070848K), 1.0716630 secs] [Times: user=3.39 sys=10.48, real=1.07 secs] 
2013-06-07T17:17:57.003+0200: [GC [ParNew: 3040832K->337856K(3040832K), 1.5071780 secs] 15953417K->15964822K(30070848K), 1.5072250 secs] [Times: user=17.23 sys=2.33, real=1.50 secs] 
2013-06-07T17:17:59.233+0200: [GC [ParNew: 3040832K->337856K(3040832K), 1.1014900 secs] 18667798K->18693866K(30070848K), 1.1015370 secs] [Times: user=3.18 sys=11.09, real=1.10 secs] 
2013-06-07T17:18:01.056+0200: [GC [ParNew: 3040832K->337856K(3040832K), 1.1668940 secs] 21396842K->21415704K(30070848K), 1.1669590 secs] [Times: user=3.86 sys=11.24, real=1.17 secs] 
2013-06-07T17:18:09.546+0200: [GC [ParNew: 3040832K->337856K(3040832K), 1.4755980 secs] 24118680K->23502725K(30070848K), 1.4756520 secs] [Times: user=17.23 sys=1.89, real=1.47 secs] 
2013-06-07T17:18:23.664+0200: [GC [ParNew: 3040832K->184763K(3040832K), 0.0847660 secs] 26205701K->23349632K(30070848K), 0.0849200 secs] [Times: user=1.08 sys=0.00, real=0.08 secs] 
