2013-06-07T17:50:22.590+0200: [GC [ParNew: 2702976K->337855K(3040832K), 0.9228090 secs] 2702976K->2484050K(30070848K), 0.9228810 secs] [Times: user=2.01 sys=9.76, real=0.93 secs] 
2013-06-07T17:50:24.289+0200: [GC [ParNew: 3040831K->337856K(3040832K), 1.0425210 secs] 5187026K->5122308K(30070848K), 1.0425880 secs] [Times: user=2.57 sys=10.87, real=1.04 secs] 
2013-06-07T17:50:26.055+0200: [GC [ParNew: 3040832K->337856K(3040832K), 1.0425350 secs] 7825284K->7812757K(30070848K), 1.0426070 secs] [Times: user=3.35 sys=10.15, real=1.04 secs] 
2013-06-07T17:50:27.810+0200: [GC [ParNew: 3040832K->337856K(3040832K), 1.0145920 secs] 10515733K->10536550K(30070848K), 1.0146650 secs] [Times: user=3.18 sys=9.95, real=1.02 secs] 
2013-06-07T17:50:29.543+0200: [GC [ParNew: 3040832K->337856K(3040832K), 1.0724620 secs] 13239526K->13267962K(30070848K), 1.0725170 secs] [Times: user=3.59 sys=10.29, real=1.08 secs] 
2013-06-07T17:50:31.338+0200: [GC [ParNew: 3040832K->337856K(3040832K), 1.4424370 secs] 15970938K->15964446K(30070848K), 1.4424830 secs] [Times: user=16.53 sys=2.17, real=1.44 secs] 
2013-06-07T17:50:33.482+0200: [GC [ParNew: 3040832K->337856K(3040832K), 1.0567940 secs] 18667422K->18730628K(30070848K), 1.0568660 secs] [Times: user=3.11 sys=10.57, real=1.06 secs] 
2013-06-07T17:50:35.251+0200: [GC [ParNew: 3040832K->337856K(3040832K), 1.1472480 secs] 21433604K->21419362K(30070848K), 1.1473210 secs] [Times: user=3.81 sys=11.02, real=1.15 secs] 
2013-06-07T17:50:43.358+0200: [GC [ParNew: 3040832K->337856K(3040832K), 1.5766930 secs] 24122338K->23505876K(30070848K), 1.5767640 secs] [Times: user=18.52 sys=1.94, real=1.58 secs] 
2013-06-07T17:51:01.583+0200: [GC [ParNew: 3040832K->188933K(3040832K), 0.0787760 secs] 26208852K->23356953K(30070848K), 0.0789320 secs] [Times: user=0.99 sys=0.01, real=0.08 secs] 
