2013-06-07T17:50:20.416+0200: [GC [ParNew: 2702976K->337855K(3040832K), 0.9325070 secs] 2702976K->2493812K(30070848K), 0.9325790 secs] [Times: user=2.09 sys=9.58, real=0.93 secs] 
2013-06-07T17:50:22.114+0200: [GC [ParNew: 3040831K->337856K(3040832K), 1.0472160 secs] 5196788K->5129046K(30070848K), 1.0472750 secs] [Times: user=2.54 sys=10.70, real=1.04 secs] 
2013-06-07T17:50:23.892+0200: [GC [ParNew: 3040832K->337856K(3040832K), 1.0540180 secs] 7832022K->7820071K(30070848K), 1.0540870 secs] [Times: user=3.14 sys=10.50, real=1.05 secs] 
2013-06-07T17:50:25.669+0200: [GC [ParNew: 3040832K->337856K(3040832K), 1.0014150 secs] 10523047K->10544377K(30070848K), 1.0014870 secs] [Times: user=3.11 sys=9.85, real=1.01 secs] 
2013-06-07T17:50:27.368+0200: [GC [ParNew: 3040832K->337856K(3040832K), 1.0804480 secs] 13247353K->13275501K(30070848K), 1.0805030 secs] [Times: user=3.43 sys=10.49, real=1.08 secs] 
2013-06-07T17:50:29.163+0200: [GC [ParNew: 3040832K->337856K(3040832K), 1.4544850 secs] 15978477K->15959178K(30070848K), 1.4545310 secs] [Times: user=16.65 sys=2.22, real=1.45 secs] 
2013-06-07T17:50:31.341+0200: [GC [ParNew: 3040832K->337856K(3040832K), 1.0551170 secs] 18662154K->18710953K(30070848K), 1.0551830 secs] [Times: user=3.19 sys=10.47, real=1.06 secs] 
2013-06-07T17:50:33.100+0200: [GC [ParNew: 3040832K->337856K(3040832K), 1.1188130 secs] 21413929K->21398503K(30070848K), 1.1188890 secs] [Times: user=3.41 sys=11.04, real=1.12 secs] 
2013-06-07T17:50:45.039+0200: [GC [ParNew: 3040832K->337856K(3040832K), 1.3568730 secs] 24101479K->23516517K(30070848K), 1.3569620 secs] [Times: user=15.69 sys=1.90, real=1.35 secs] 
2013-06-07T17:51:02.018+0200: [GC [ParNew: 3040832K->155564K(3040832K), 0.0754050 secs] 26219493K->23334226K(30070848K), 0.0755540 secs] [Times: user=0.95 sys=0.01, real=0.07 secs] 
