2013-06-07T17:50:19.699+0200: [GC [ParNew: 2702976K->337856K(3040832K), 0.9525000 secs] 2702976K->2485722K(30070848K), 0.9525750 secs] [Times: user=2.32 sys=9.69, real=0.96 secs] 
2013-06-07T17:50:21.426+0200: [GC [ParNew: 3040832K->337856K(3040832K), 1.0706450 secs] 5188698K->5127203K(30070848K), 1.0707100 secs] [Times: user=2.98 sys=10.85, real=1.07 secs] 
2013-06-07T17:50:23.262+0200: [GC [ParNew: 3040832K->337856K(3040832K), 1.0847730 secs] 7830179K->7819380K(30070848K), 1.0848520 secs] [Times: user=3.36 sys=10.69, real=1.08 secs] 
2013-06-07T17:50:25.040+0200: [GC [ParNew: 3040832K->337856K(3040832K), 1.0537620 secs] 10522356K->10574805K(30070848K), 1.0538400 secs] [Times: user=3.14 sys=10.50, real=1.05 secs] 
2013-06-07T17:50:26.819+0200: [GC [ParNew: 3040832K->337856K(3040832K), 1.0955690 secs] 13277781K->13280476K(30070848K), 1.0956450 secs] [Times: user=3.77 sys=10.42, real=1.09 secs] 
2013-06-07T17:50:28.639+0200: [GC [ParNew: 3040832K->337856K(3040832K), 1.5552120 secs] 15983452K->15968284K(30070848K), 1.5552690 secs] [Times: user=17.49 sys=2.69, real=1.55 secs] 
2013-06-07T17:50:30.898+0200: [GC [ParNew: 3040832K->337856K(3040832K), 1.0676230 secs] 18671260K->18707669K(30070848K), 1.0676880 secs] [Times: user=2.75 sys=11.08, real=1.07 secs] 
2013-06-07T17:50:32.689+0200: [GC [ParNew: 3040832K->337856K(3040832K), 1.1540490 secs] 21410645K->21420223K(30070848K), 1.1541240 secs] [Times: user=3.85 sys=10.89, real=1.16 secs] 
2013-06-07T17:50:45.091+0200: [GC [ParNew: 3040832K->337856K(3040832K), 1.3414470 secs] 24123199K->23500683K(30070848K), 1.3415350 secs] [Times: user=15.50 sys=1.87, real=1.34 secs] 
2013-06-07T17:51:01.865+0200: [GC [ParNew: 3040832K->180567K(3040832K), 0.0798840 secs] 26203659K->23343394K(30070848K), 0.0800040 secs] [Times: user=1.00 sys=0.01, real=0.08 secs] 
