2013-06-07T17:50:21.940+0200: [GC [ParNew: 2702976K->337855K(3040832K), 0.9336980 secs] 2702976K->2488703K(30070848K), 0.9337720 secs] [Times: user=2.25 sys=9.64, real=0.93 secs] 
2013-06-07T17:50:23.647+0200: [GC [ParNew: 3040831K->337856K(3040832K), 1.0482840 secs] 5191679K->5119863K(30070848K), 1.0483320 secs] [Times: user=2.79 sys=10.75, real=1.04 secs] 
2013-06-07T17:50:25.447+0200: [GC [ParNew: 3040832K->337856K(3040832K), 1.0585000 secs] 7822839K->7809063K(30070848K), 1.0585470 secs] [Times: user=3.11 sys=10.59, real=1.05 secs] 
2013-06-07T17:50:27.229+0200: [GC [ParNew: 3040832K->337856K(3040832K), 1.0081110 secs] 10512039K->10535546K(30070848K), 1.0081660 secs] [Times: user=2.99 sys=10.07, real=1.00 secs] 
2013-06-07T17:50:28.950+0200: [GC [ParNew: 3040832K->337856K(3040832K), 1.0822920 secs] 13238522K->13267534K(30070848K), 1.0823400 secs] [Times: user=3.25 sys=10.77, real=1.08 secs] 
2013-06-07T17:50:30.745+0200: [GC [ParNew: 3040832K->337856K(3040832K), 1.4791610 secs] 15970510K->15974935K(30070848K), 1.4792160 secs] [Times: user=16.95 sys=2.24, real=1.48 secs] 
2013-06-07T17:50:32.927+0200: [GC [ParNew: 3040832K->337856K(3040832K), 1.0477340 secs] 18677911K->18688420K(30070848K), 1.0477980 secs] [Times: user=2.98 sys=10.59, real=1.04 secs] 
2013-06-07T17:50:34.678+0200: [GC [ParNew: 3040832K->337856K(3040832K), 1.1305870 secs] 21391396K->21382244K(30070848K), 1.1306600 secs] [Times: user=3.61 sys=11.04, real=1.14 secs] 
2013-06-07T17:50:44.907+0200: [GC [ParNew: 3040832K->337856K(3040832K), 1.5926790 secs] 24085220K->23517254K(30070848K), 1.5927830 secs] [Times: user=18.63 sys=2.01, real=1.59 secs] 
2013-06-07T17:51:01.238+0200: [GC [ParNew: 3040832K->154908K(3040832K), 0.0773440 secs] 26220230K->23334306K(30070848K), 0.0775010 secs] [Times: user=0.98 sys=0.01, real=0.08 secs] 
