2013-06-07T17:50:22.362+0200: [GC [ParNew: 2702976K->337855K(3040832K), 0.9201190 secs] 2702976K->2487563K(30070848K), 0.9201900 secs] [Times: user=1.97 sys=9.71, real=0.92 secs] 
2013-06-07T17:50:24.036+0200: [GC [ParNew: 3040831K->337856K(3040832K), 1.0430750 secs] 5190539K->5128286K(30070848K), 1.0431230 secs] [Times: user=2.54 sys=10.93, real=1.04 secs] 
2013-06-07T17:50:25.810+0200: [GC [ParNew: 3040832K->337856K(3040832K), 1.0541220 secs] 7831262K->7821424K(30070848K), 1.0541920 secs] [Times: user=3.35 sys=10.31, real=1.06 secs] 
2013-06-07T17:50:27.557+0200: [GC [ParNew: 3040832K->337856K(3040832K), 0.9987090 secs] 10524400K->10529977K(30070848K), 0.9987860 secs] [Times: user=3.34 sys=9.59, real=1.00 secs] 
2013-06-07T17:50:29.253+0200: [GC [ParNew: 3040832K->337856K(3040832K), 1.0801720 secs] 13232953K->13264079K(30070848K), 1.0802450 secs] [Times: user=3.31 sys=10.67, real=1.08 secs] 
2013-06-07T17:50:31.017+0200: [GC [ParNew: 3040832K->337856K(3040832K), 1.4834110 secs] 15967055K->15931365K(30070848K), 1.4834860 secs] [Times: user=16.81 sys=2.44, real=1.48 secs] 
2013-06-07T17:50:33.194+0200: [GC [ParNew: 3040832K->337856K(3040832K), 1.1550750 secs] 18634341K->18704974K(30070848K), 1.1551480 secs] [Times: user=3.35 sys=11.63, real=1.15 secs] 
2013-06-07T17:50:35.043+0200: [GC [ParNew: 3040832K->337856K(3040832K), 1.1494760 secs] 21407950K->21403953K(30070848K), 1.1495490 secs] [Times: user=4.01 sys=10.88, real=1.15 secs] 
2013-06-07T17:50:44.888+0200: [GC [ParNew: 3040832K->337856K(3040832K), 1.2521490 secs] 24106929K->23518345K(30070848K), 1.2522350 secs] [Times: user=14.55 sys=1.67, real=1.25 secs] 
2013-06-07T17:51:01.708+0200: [GC [ParNew: 3040832K->188077K(3040832K), 0.0788370 secs] 26221321K->23368566K(30070848K), 0.0789590 secs] [Times: user=0.97 sys=0.05, real=0.08 secs] 
