2013-06-07T17:50:20.608+0200: [GC [ParNew: 2702976K->337855K(3040832K), 0.9397470 secs] 2702976K->2493460K(30070848K), 0.9398230 secs] [Times: user=1.95 sys=9.91, real=0.94 secs] 
2013-06-07T17:50:22.323+0200: [GC [ParNew: 3040831K->337856K(3040832K), 1.0544890 secs] 5196436K->5123118K(30070848K), 1.0545410 secs] [Times: user=2.71 sys=10.90, real=1.06 secs] 
2013-06-07T17:50:24.142+0200: [GC [ParNew: 3040832K->337856K(3040832K), 1.0677860 secs] 7826094K->7818433K(30070848K), 1.0678530 secs] [Times: user=3.10 sys=10.73, real=1.07 secs] 
2013-06-07T17:50:25.922+0200: [GC [ParNew: 3040832K->337856K(3040832K), 1.0329020 secs] 10521409K->10556697K(30070848K), 1.0329510 secs] [Times: user=3.29 sys=9.80, real=1.04 secs] 
2013-06-07T17:50:27.684+0200: [GC [ParNew: 3040832K->337856K(3040832K), 1.0875400 secs] 13259673K->13288846K(30070848K), 1.0875890 secs] [Times: user=3.51 sys=10.58, real=1.09 secs] 
2013-06-07T17:50:29.466+0200: [GC [ParNew: 3040832K->337856K(3040832K), 1.3444690 secs] 15991822K->15977070K(30070848K), 1.3445200 secs] [Times: user=15.18 sys=2.27, real=1.34 secs] 
2013-06-07T17:50:31.526+0200: [GC [ParNew: 3040832K->337856K(3040832K), 1.0832030 secs] 18680046K->18695805K(30070848K), 1.0832660 secs] [Times: user=2.84 sys=10.93, real=1.08 secs] 
2013-06-07T17:50:33.332+0200: [GC [ParNew: 3040832K->337856K(3040832K), 1.1598840 secs] 21398781K->21403908K(30070848K), 1.1599520 secs] [Times: user=3.92 sys=11.09, real=1.16 secs] 
2013-06-07T17:50:44.994+0200: [GC [ParNew: 3040832K->337856K(3040832K), 1.5508390 secs] 24106884K->23510813K(30070848K), 1.5509420 secs] [Times: user=18.06 sys=2.03, real=1.55 secs] 
2013-06-07T17:51:00.426+0200: [GC [ParNew: 3040832K->197014K(3040832K), 0.0826330 secs] 26213789K->23369971K(30070848K), 0.0827910 secs] [Times: user=1.05 sys=0.01, real=0.08 secs] 
