2013-06-07T17:50:21.401+0200: [GC [ParNew: 2702976K->337856K(3040832K), 0.9368280 secs] 2702976K->2492239K(30070848K), 0.9369010 secs] [Times: user=2.08 sys=9.81, real=0.94 secs] 
2013-06-07T17:50:23.069+0200: [GC [ParNew: 3040832K->337856K(3040832K), 1.0499790 secs] 5195215K->5122952K(30070848K), 1.0500450 secs] [Times: user=2.71 sys=10.76, real=1.05 secs] 
2013-06-07T17:50:24.894+0200: [GC [ParNew: 3040832K->337856K(3040832K), 1.0637460 secs] 7825928K->7815833K(30070848K), 1.0638020 secs] [Times: user=3.24 sys=10.53, real=1.06 secs] 
2013-06-07T17:50:26.621+0200: [GC [ParNew: 3040832K->337856K(3040832K), 1.0368410 secs] 10518809K->10532359K(30070848K), 1.0368830 secs] [Times: user=3.34 sys=10.09, real=1.04 secs] 
2013-06-07T17:50:28.382+0200: [GC [ParNew: 3040832K->337856K(3040832K), 1.0877980 secs] 13235335K->13263899K(30070848K), 1.0878400 secs] [Times: user=3.33 sys=10.75, real=1.09 secs] 
2013-06-07T17:50:30.205+0200: [GC [ParNew: 3040832K->337856K(3040832K), 1.5249860 secs] 15966875K->15958302K(30070848K), 1.5250560 secs] [Times: user=17.42 sys=2.35, real=1.53 secs] 
2013-06-07T17:50:32.442+0200: [GC [ParNew: 3040832K->337856K(3040832K), 1.0637780 secs] 18661278K->18689363K(30070848K), 1.0638480 secs] [Times: user=2.74 sys=11.04, real=1.07 secs] 
2013-06-07T17:50:34.219+0200: [GC [ParNew: 3040832K->337856K(3040832K), 1.0974500 secs] 21392339K->21365419K(30070848K), 1.0975190 secs] [Times: user=3.39 sys=10.71, real=1.10 secs] 
2013-06-07T17:50:44.880+0200: [GC [ParNew: 3040832K->337856K(3040832K), 1.2944940 secs] 24068395K->23502733K(30070848K), 1.2945930 secs] [Times: user=14.97 sys=1.80, real=1.30 secs] 
2013-06-07T17:51:01.133+0200: [GC [ParNew: 3040832K->187704K(3040832K), 0.0832320 secs] 26205709K->23352582K(30070848K), 0.0833780 secs] [Times: user=1.04 sys=0.02, real=0.09 secs] 
