2013-06-07T17:50:20.524+0200: [GC [ParNew: 2702976K->337856K(3040832K), 0.9252840 secs] 2702976K->2484656K(30070848K), 0.9253590 secs] [Times: user=2.02 sys=9.63, real=0.92 secs] 
2013-06-07T17:50:22.468+0200: [GC [ParNew: 3040832K->337856K(3040832K), 1.0559550 secs] 5187632K->5120238K(30070848K), 1.0560160 secs] [Times: user=2.55 sys=11.10, real=1.06 secs] 
2013-06-07T17:50:24.553+0200: [GC [ParNew: 3040832K->337856K(3040832K), 1.0582680 secs] 7823214K->7811615K(30070848K), 1.0583350 secs] [Times: user=3.26 sys=10.45, real=1.06 secs] 
2013-06-07T17:50:26.621+0200: [GC [ParNew: 3040832K->337856K(3040832K), 1.0024190 secs] 10514591K->10539475K(30070848K), 1.0024880 secs] [Times: user=2.99 sys=9.98, real=1.00 secs] 
2013-06-07T17:50:28.608+0200: [GC [ParNew: 3040832K->337856K(3040832K), 1.0591020 secs] 13242451K->13257312K(30070848K), 1.0591510 secs] [Times: user=3.52 sys=10.00, real=1.06 secs] 
2013-06-07T17:50:30.635+0200: [GC [ParNew: 3040832K->337856K(3040832K), 1.3289790 secs] 15960288K->15956742K(30070848K), 1.3290310 secs] [Times: user=15.16 sys=2.09, real=1.33 secs] 
2013-06-07T17:50:32.953+0200: [GC [ParNew: 3040832K->337856K(3040832K), 1.0135980 secs] 18659718K->18664783K(30070848K), 1.0136410 secs] [Times: user=3.06 sys=10.06, real=1.01 secs] 
2013-06-07T17:50:34.944+0200: [GC [ParNew: 3040832K->337856K(3040832K), 1.1449490 secs] 21367759K->21366260K(30070848K), 1.1450180 secs] [Times: user=3.79 sys=10.81, real=1.14 secs] 
2013-06-07T17:50:44.920+0200: [GC [ParNew: 3040832K->337856K(3040832K), 1.5699370 secs] 24069236K->23495634K(30070848K), 1.5700350 secs] [Times: user=18.18 sys=2.06, real=1.57 secs] 
2013-06-07T17:51:00.657+0200: [GC [ParNew: 3040832K->188388K(3040832K), 0.0833800 secs] 26198610K->23346166K(30070848K), 0.0835310 secs] [Times: user=1.07 sys=0.00, real=0.09 secs] 
