2013-06-07T17:50:19.381+0200: [GC [ParNew: 2702976K->337856K(3040832K), 0.9217630 secs] 2702976K->2489657K(30070848K), 0.9218390 secs] [Times: user=2.12 sys=9.35, real=0.92 secs] 
2013-06-07T17:50:21.047+0200: [GC [ParNew: 3040832K->337856K(3040832K), 1.0487310 secs] 5192633K->5126137K(30070848K), 1.0488150 secs] [Times: user=2.89 sys=10.66, real=1.05 secs] 
2013-06-07T17:50:22.857+0200: [GC [ParNew: 3040832K->337856K(3040832K), 1.0557630 secs] 7829113K->7822316K(30070848K), 1.0558360 secs] [Times: user=3.13 sys=10.54, real=1.06 secs] 
2013-06-07T17:50:24.597+0200: [GC [ParNew: 3040832K->337856K(3040832K), 1.0237990 secs] 10525292K->10544669K(30070848K), 1.0238480 secs] [Times: user=3.35 sys=9.76, real=1.03 secs] 
2013-06-07T17:50:26.685+0200: [GC [ParNew: 3040832K->337856K(3040832K), 1.0837860 secs] 13247645K->13276977K(30070848K), 1.0838390 secs] [Times: user=3.58 sys=10.40, real=1.08 secs] 
2013-06-07T17:50:28.855+0200: [GC [ParNew: 3040832K->337856K(3040832K), 1.5482760 secs] 15979953K->15974614K(30070848K), 1.5483520 secs] [Times: user=17.50 sys=2.60, real=1.55 secs] 
2013-06-07T17:50:31.371+0200: [GC [ParNew: 3040832K->337856K(3040832K), 1.0600790 secs] 18677590K->18680863K(30070848K), 1.0601370 secs] [Times: user=2.81 sys=10.91, real=1.06 secs] 
2013-06-07T17:50:33.496+0200: [GC [ParNew: 3040832K->337856K(3040832K), 1.1459000 secs] 21383839K->21373247K(30070848K), 1.1459470 secs] [Times: user=3.91 sys=10.81, real=1.15 secs] 
2013-06-07T17:50:43.127+0200: [GC [ParNew: 3040832K->337856K(3040832K), 1.5684580 secs] 24076223K->23505954K(30070848K), 1.5685670 secs] [Times: user=18.29 sys=2.04, real=1.57 secs] 
2013-06-07T17:51:00.086+0200: [GC [ParNew: 3040832K->179824K(3040832K), 0.0795890 secs] 26208930K->23347922K(30070848K), 0.0797230 secs] [Times: user=0.98 sys=0.03, real=0.08 secs] 
