2013-06-07T17:50:18.934+0200: [GC [ParNew: 2702976K->337855K(3040832K), 0.9436960 secs] 2702976K->2491554K(30070848K), 0.9437710 secs] [Times: user=2.27 sys=9.55, real=0.95 secs] 
2013-06-07T17:50:20.631+0200: [GC [ParNew: 3040831K->337856K(3040832K), 1.0635070 secs] 5194530K->5132947K(30070848K), 1.0635540 secs] [Times: user=2.86 sys=10.89, real=1.06 secs] 
2013-06-07T17:50:22.438+0200: [GC [ParNew: 3040832K->337856K(3040832K), 1.0591640 secs] 7835923K->7823300K(30070848K), 1.0592360 secs] [Times: user=3.24 sys=10.48, real=1.06 secs] 
2013-06-07T17:50:24.210+0200: [GC [ParNew: 3040832K->337856K(3040832K), 1.0507150 secs] 10526276K->10543251K(30070848K), 1.0507730 secs] [Times: user=3.48 sys=10.01, real=1.05 secs] 
2013-06-07T17:50:25.962+0200: [GC [ParNew: 3040832K->337856K(3040832K), 1.0756820 secs] 13246227K->13255902K(30070848K), 1.0757380 secs] [Times: user=3.76 sys=10.17, real=1.08 secs] 
2013-06-07T17:50:27.750+0200: [GC [ParNew: 3040832K->337856K(3040832K), 1.2893020 secs] 15958878K->15929303K(30070848K), 1.2893650 secs] [Times: user=14.91 sys=1.82, real=1.29 secs] 
2013-06-07T17:50:29.744+0200: [GC [ParNew: 3040832K->337856K(3040832K), 1.0514980 secs] 18632279K->18663309K(30070848K), 1.0515720 secs] [Times: user=3.14 sys=10.19, real=1.05 secs] 
2013-06-07T17:50:31.510+0200: [GC [ParNew: 3040832K->337856K(3040832K), 1.1383220 secs] 21366285K->21355181K(30070848K), 1.1383950 secs] [Times: user=3.41 sys=11.34, real=1.14 secs] 
2013-06-07T17:50:44.884+0200: [GC [ParNew: 3040832K->337856K(3040832K), 1.5441180 secs] 24058157K->23495409K(30070848K), 1.5442860 secs] [Times: user=17.93 sys=2.03, real=1.55 secs] 
2013-06-07T17:51:02.857+0200: [GC [ParNew: 3040832K->188105K(3040832K), 0.0851700 secs] 26198385K->23345658K(30070848K), 0.0853230 secs] [Times: user=1.08 sys=0.01, real=0.08 secs] 
