2013-06-07T17:50:18.299+0200: [GC [ParNew: 2702976K->337856K(3040832K), 0.9431050 secs] 2702976K->2493365K(30070848K), 0.9431780 secs] [Times: user=2.13 sys=9.74, real=0.95 secs] 
2013-06-07T17:50:19.994+0200: [GC [ParNew: 3040832K->337856K(3040832K), 1.0706190 secs] 5196341K->5134486K(30070848K), 1.0707620 secs] [Times: user=2.79 sys=11.04, real=1.07 secs] 
2013-06-07T17:50:21.743+0200: [GC [ParNew: 3040832K->337856K(3040832K), 1.0824040 secs] 7837462K->7831178K(30070848K), 1.0824490 secs] [Times: user=3.41 sys=10.60, real=1.08 secs] 
2013-06-07T17:50:23.536+0200: [GC [ParNew: 3040832K->337856K(3040832K), 1.0610710 secs] 10534154K->10572164K(30070848K), 1.0611170 secs] [Times: user=3.44 sys=10.05, real=1.06 secs] 
2013-06-07T17:50:25.295+0200: [GC [ParNew: 3040832K->337856K(3040832K), 1.0970040 secs] 13275140K->13290257K(30070848K), 1.0970610 secs] [Times: user=3.67 sys=10.53, real=1.10 secs] 
2013-06-07T17:50:27.072+0200: [GC [ParNew: 3040832K->337856K(3040832K), 1.4390110 secs] 15993233K->16002269K(30070848K), 1.4390570 secs] [Times: user=16.78 sys=1.87, real=1.44 secs] 
2013-06-07T17:50:29.224+0200: [GC [ParNew: 3040832K->337856K(3040832K), 1.0776360 secs] 18705245K->18730640K(30070848K), 1.0776920 secs] [Times: user=3.30 sys=10.45, real=1.08 secs] 
2013-06-07T17:50:31.277+0200: [GC [ParNew: 3040832K->337856K(3040832K), 1.1334150 secs] 21433616K->21429235K(30070848K), 1.1334880 secs] [Times: user=3.26 sys=11.42, real=1.13 secs] 
2013-06-07T17:50:44.926+0200: [GC [ParNew: 3040832K->337856K(3040832K), 1.4744840 secs] 24132211K->23480492K(30070848K), 1.4745880 secs] [Times: user=17.12 sys=1.88, real=1.48 secs] 
2013-06-07T17:51:02.773+0200: [GC [ParNew: 3040832K->180318K(3040832K), 0.0860330 secs] 26183468K->23322955K(30070848K), 0.0861940 secs] [Times: user=1.08 sys=0.00, real=0.09 secs] 
