2013-06-07T17:50:18.508+0200: [GC [ParNew: 2702976K->337855K(3040832K), 0.9506420 secs] 2702976K->2482354K(30070848K), 0.9507370 secs] [Times: user=2.00 sys=9.88, real=0.95 secs] 
2013-06-07T17:50:20.236+0200: [GC [ParNew: 3040831K->337856K(3040832K), 1.0689920 secs] 5185330K->5116242K(30070848K), 1.0690720 secs] [Times: user=2.88 sys=10.91, real=1.08 secs] 
2013-06-07T17:50:22.071+0200: [GC [ParNew: 3040832K->337856K(3040832K), 1.0742240 secs] 7819218K->7809091K(30070848K), 1.0742940 secs] [Times: user=3.29 sys=10.62, real=1.08 secs] 
2013-06-07T17:50:23.871+0200: [GC [ParNew: 3040832K->337856K(3040832K), 1.0177240 secs] 10512067K->10539416K(30070848K), 1.0177980 secs] [Times: user=3.13 sys=10.03, real=1.02 secs] 
2013-06-07T17:50:25.610+0200: [GC [ParNew: 3040832K->337856K(3040832K), 1.0859740 secs] 13242392K->13255076K(30070848K), 1.0860480 secs] [Times: user=3.43 sys=10.61, real=1.08 secs] 
2013-06-07T17:50:27.412+0200: [GC [ParNew: 3040832K->337856K(3040832K), 1.4815420 secs] 15958052K->15964078K(30070848K), 1.4816170 secs] [Times: user=17.11 sys=2.08, real=1.48 secs] 
2013-06-07T17:50:29.579+0200: [GC [ParNew: 3040832K->337856K(3040832K), 1.0903730 secs] 18667054K->18686335K(30070848K), 1.0904480 secs] [Times: user=3.09 sys=11.02, real=1.09 secs] 
2013-06-07T17:50:31.385+0200: [GC [ParNew: 3040832K->337856K(3040832K), 1.1382740 secs] 21389311K->21380128K(30070848K), 1.1383520 secs] [Times: user=3.53 sys=11.20, real=1.13 secs] 
2013-06-07T17:50:44.882+0200: [GC [ParNew: 3040832K->337856K(3040832K), 1.5900380 secs] 24083104K->23507453K(30070848K), 1.5901400 secs] [Times: user=18.67 sys=1.90, real=1.59 secs] 
2013-06-07T17:51:00.897+0200: [GC [ParNew: 3040832K->179797K(3040832K), 0.0794710 secs] 26210429K->23349394K(30070848K), 0.0796210 secs] [Times: user=0.99 sys=0.01, real=0.08 secs] 
