2013-06-07T17:50:23.463+0200: [GC [ParNew: 2702976K->337856K(3040832K), 0.9160680 secs] 2702976K->2494194K(30070848K), 0.9161410 secs] [Times: user=2.09 sys=9.42, real=0.92 secs] 
2013-06-07T17:50:25.124+0200: [GC [ParNew: 3040832K->337856K(3040832K), 1.0438100 secs] 5197170K->5123780K(30070848K), 1.0438580 secs] [Times: user=2.67 sys=10.81, real=1.05 secs] 
2013-06-07T17:50:26.932+0200: [GC [ParNew: 3040832K->337856K(3040832K), 1.0513130 secs] 7826756K->7812307K(30070848K), 1.0513690 secs] [Times: user=3.20 sys=10.43, real=1.05 secs] 
2013-06-07T17:50:28.708+0200: [GC [ParNew: 3040832K->337856K(3040832K), 1.0242770 secs] 10515283K->10532483K(30070848K), 1.0243260 secs] [Times: user=3.36 sys=9.90, real=1.02 secs] 
2013-06-07T17:50:30.462+0200: [GC [ParNew: 3040832K->337856K(3040832K), 1.0667520 secs] 13235459K->13237514K(30070848K), 1.0668070 secs] [Times: user=3.29 sys=10.52, real=1.07 secs] 
2013-06-07T17:50:32.212+0200: [GC [ParNew: 3040832K->337856K(3040832K), 1.4109910 secs] 15940490K->15932013K(30070848K), 1.4110390 secs] [Times: user=16.22 sys=2.09, real=1.41 secs] 
2013-06-07T17:50:34.293+0200: [GC [ParNew: 3040832K->337856K(3040832K), 1.0455610 secs] 18634989K->18648315K(30070848K), 1.0456090 secs] [Times: user=3.22 sys=10.32, real=1.05 secs] 
2013-06-07T17:50:36.031+0200: [GC [ParNew: 3040832K->337856K(3040832K), 1.1399080 secs] 21351291K->21336217K(30070848K), 1.1399660 secs] [Times: user=3.51 sys=11.24, real=1.14 secs] 
2013-06-07T17:50:44.900+0200: [GC [ParNew: 3040832K->337856K(3040832K), 1.5230960 secs] 24039193K->23474812K(30070848K), 1.5231810 secs] [Times: user=17.60 sys=2.16, real=1.53 secs] 
2013-06-07T17:51:00.377+0200: [GC [ParNew: 3040832K->179888K(3040832K), 0.0798350 secs] 26177788K->23316844K(30070848K), 0.0799780 secs] [Times: user=1.01 sys=0.02, real=0.08 secs] 
