2013-06-07T17:50:22.199+0200: [GC [ParNew: 2702976K->337855K(3040832K), 0.9431820 secs] 2702976K->2494459K(30070848K), 0.9433390 secs] [Times: user=2.16 sys=9.81, real=0.94 secs] 
2013-06-07T17:50:23.908+0200: [GC [ParNew: 3040831K->337856K(3040832K), 1.0573900 secs] 5197435K->5133211K(30070848K), 1.0574360 secs] [Times: user=2.54 sys=11.10, real=1.05 secs] 
2013-06-07T17:50:25.708+0200: [GC [ParNew: 3040832K->337856K(3040832K), 1.0768570 secs] 7836187K->7827206K(30070848K), 1.0769210 secs] [Times: user=3.34 sys=10.61, real=1.07 secs] 
2013-06-07T17:50:27.498+0200: [GC [ParNew: 3040832K->337856K(3040832K), 1.0482830 secs] 10530182K->10566526K(30070848K), 1.0483550 secs] [Times: user=3.42 sys=10.15, real=1.04 secs] 
2013-06-07T17:50:29.248+0200: [GC [ParNew: 3040832K->337856K(3040832K), 1.1045830 secs] 13269502K->13296402K(30070848K), 1.1046550 secs] [Times: user=3.51 sys=10.81, real=1.10 secs] 
2013-06-07T17:50:31.047+0200: [GC [ParNew: 3040832K->337856K(3040832K), 1.4441680 secs] 15999378K->15991221K(30070848K), 1.4442410 secs] [Times: user=16.26 sys=2.48, real=1.45 secs] 
2013-06-07T17:50:33.182+0200: [GC [ParNew: 3040832K->337856K(3040832K), 1.0799940 secs] 18694197K->18745333K(30070848K), 1.0800670 secs] [Times: user=2.71 sys=11.29, real=1.08 secs] 
2013-06-07T17:50:34.976+0200: [GC [ParNew: 3040832K->337856K(3040832K), 1.1502830 secs] 21448309K->21461569K(30070848K), 1.1503560 secs] [Times: user=3.62 sys=11.28, real=1.14 secs] 
2013-06-07T17:50:45.072+0200: [GC [ParNew: 3040832K->337856K(3040832K), 1.5345860 secs] 24164545K->23527942K(30070848K), 1.5346930 secs] [Times: user=17.93 sys=1.96, real=1.54 secs] 
2013-06-07T17:51:01.900+0200: [GC [ParNew: 3040832K->197114K(3040832K), 0.0804590 secs] 26230918K->23387200K(30070848K), 0.0806140 secs] [Times: user=1.02 sys=0.00, real=0.08 secs] 
