2013-06-07T17:50:19.839+0200: [GC [ParNew: 2702976K->337855K(3040832K), 0.9338360 secs] 2702976K->2486931K(30070848K), 0.9339060 secs] [Times: user=2.14 sys=9.74, real=0.94 secs] 
2013-06-07T17:50:21.758+0200: [GC [ParNew: 3040831K->337856K(3040832K), 1.0520200 secs] 5189907K->5125682K(30070848K), 1.0520820 secs] [Times: user=2.69 sys=10.89, real=1.06 secs] 
2013-06-07T17:50:23.773+0200: [GC [ParNew: 3040832K->337856K(3040832K), 1.0675360 secs] 7828658K->7816130K(30070848K), 1.0676040 secs] [Times: user=3.26 sys=10.56, real=1.07 secs] 
2013-06-07T17:50:25.856+0200: [GC [ParNew: 3040832K->337856K(3040832K), 1.0391750 secs] 10519106K->10566336K(30070848K), 1.0392440 secs] [Times: user=3.38 sys=10.08, real=1.04 secs] 
2013-06-07T17:50:27.926+0200: [GC [ParNew: 3040832K->337856K(3040832K), 1.0795760 secs] 13269312K->13294995K(30070848K), 1.0796410 secs] [Times: user=3.36 sys=10.62, real=1.08 secs] 
2013-06-07T17:50:29.939+0200: [GC [ParNew: 3040832K->337856K(3040832K), 1.4444180 secs] 15997971K->15991159K(30070848K), 1.4444860 secs] [Times: user=16.71 sys=2.04, real=1.45 secs] 
2013-06-07T17:50:32.383+0200: [GC [ParNew: 3040832K->337856K(3040832K), 1.0446870 secs] 18694135K->18727598K(30070848K), 1.0447560 secs] [Times: user=3.32 sys=10.20, real=1.05 secs] 
2013-06-07T17:50:34.453+0200: [GC [ParNew: 3040832K->337856K(3040832K), 1.1096590 secs] 21430574K->21414604K(30070848K), 1.1097270 secs] [Times: user=3.30 sys=11.08, real=1.11 secs] 
2013-06-07T17:50:45.043+0200: [GC [ParNew: 3040832K->337856K(3040832K), 1.3775890 secs] 24117580K->23544368K(30070848K), 1.3776900 secs] [Times: user=15.95 sys=1.90, real=1.38 secs] 
2013-06-07T17:51:01.810+0200: [GC [ParNew: 3040832K->147946K(3040832K), 0.0752600 secs] 26247344K->23354458K(30070848K), 0.0754200 secs] [Times: user=0.97 sys=0.00, real=0.07 secs] 
