2013-06-07T17:50:19.105+0200: [GC [ParNew: 2702976K->337855K(3040832K), 0.9340860 secs] 2702976K->2489989K(30070848K), 0.9341560 secs] [Times: user=2.10 sys=9.81, real=0.94 secs] 
2013-06-07T17:50:20.783+0200: [GC [ParNew: 3040831K->337856K(3040832K), 1.0417990 secs] 5192965K->5117971K(30070848K), 1.0418460 secs] [Times: user=2.86 sys=10.61, real=1.04 secs] 
2013-06-07T17:50:22.560+0200: [GC [ParNew: 3040832K->337856K(3040832K), 1.0587560 secs] 7820947K->7809412K(30070848K), 1.0588220 secs] [Times: user=3.14 sys=10.58, real=1.06 secs] 
2013-06-07T17:50:24.292+0200: [GC [ParNew: 3040832K->337856K(3040832K), 1.0414610 secs] 10512388K->10540473K(30070848K), 1.0415310 secs] [Times: user=3.31 sys=10.17, real=1.04 secs] 
2013-06-07T17:50:26.056+0200: [GC [ParNew: 3040832K->337856K(3040832K), 1.0837840 secs] 13243449K->13270316K(30070848K), 1.0838560 secs] [Times: user=3.49 sys=10.55, real=1.08 secs] 
2013-06-07T17:50:27.843+0200: [GC [ParNew: 3040832K->337856K(3040832K), 1.5779190 secs] 15973292K->15967729K(30070848K), 1.5779890 secs] [Times: user=18.20 sys=2.28, real=1.58 secs] 
2013-06-07T17:50:30.094+0200: [GC [ParNew: 3040832K->337856K(3040832K), 1.0617490 secs] 18670705K->18687328K(30070848K), 1.0618030 secs] [Times: user=3.35 sys=10.40, real=1.07 secs] 
2013-06-07T17:50:31.870+0200: [GC [ParNew: 3040832K->337856K(3040832K), 1.1347170 secs] 21390304K->21361655K(30070848K), 1.1347820 secs] [Times: user=3.90 sys=10.79, real=1.13 secs] 
2013-06-07T17:50:44.891+0200: [GC [ParNew: 3040832K->337856K(3040832K), 1.3173820 secs] 24064631K->23493975K(30070848K), 1.3174860 secs] [Times: user=15.23 sys=1.84, real=1.32 secs] 
2013-06-07T17:51:03.650+0200: [GC [ParNew: 3040832K->187996K(3040832K), 0.0815570 secs] 26196951K->23344116K(30070848K), 0.0817160 secs] [Times: user=1.03 sys=0.01, real=0.08 secs] 
