2013-06-07T17:50:23.287+0200: [GC [ParNew: 2702976K->337855K(3040832K), 0.9140960 secs] 2702976K->2494602K(30070848K), 0.9141690 secs] [Times: user=2.03 sys=9.43, real=0.92 secs] 
2013-06-07T17:50:24.967+0200: [GC [ParNew: 3040831K->337856K(3040832K), 1.0322970 secs] 5197578K->5124079K(30070848K), 1.0323790 secs] [Times: user=2.72 sys=10.62, real=1.04 secs] 
2013-06-07T17:50:26.754+0200: [GC [ParNew: 3040832K->337856K(3040832K), 1.0407870 secs] 7827055K->7819033K(30070848K), 1.0408390 secs] [Times: user=3.02 sys=10.44, real=1.04 secs] 
2013-06-07T17:50:28.509+0200: [GC [ParNew: 3040832K->337856K(3040832K), 0.9789370 secs] 10522009K->10531109K(30070848K), 0.9789940 secs] [Times: user=3.04 sys=9.63, real=0.98 secs] 
2013-06-07T17:50:30.212+0200: [GC [ParNew: 3040832K->337856K(3040832K), 1.0734260 secs] 13234085K->13245937K(30070848K), 1.0734810 secs] [Times: user=3.20 sys=10.70, real=1.07 secs] 
2013-06-07T17:50:31.999+0200: [GC [ParNew: 3040832K->337856K(3040832K), 1.4506630 secs] 15948913K->15940916K(30070848K), 1.4507230 secs] [Times: user=16.42 sys=2.41, real=1.46 secs] 
2013-06-07T17:50:34.172+0200: [GC [ParNew: 3040832K->337856K(3040832K), 1.0742060 secs] 18643892K->18660067K(30070848K), 1.0742570 secs] [Times: user=2.99 sys=10.92, real=1.07 secs] 
2013-06-07T17:50:35.970+0200: [GC [ParNew: 3040832K->337856K(3040832K), 1.1499610 secs] 21363043K->21369740K(30070848K), 1.1500190 secs] [Times: user=3.76 sys=11.14, real=1.15 secs] 
2013-06-07T17:50:44.891+0200: [GC [ParNew: 3040832K->337856K(3040832K), 1.4883590 secs] 24072716K->23506574K(30070848K), 1.4884590 secs] [Times: user=17.29 sys=1.98, real=1.49 secs] 
2013-06-07T17:51:00.348+0200: [GC [ParNew: 3040832K->188010K(3040832K), 0.0767280 secs] 26209550K->23356729K(30070848K), 0.0768950 secs] [Times: user=0.99 sys=0.00, real=0.07 secs] 
