2013-06-07T17:50:18.189+0200: [GC [ParNew: 2702976K->337856K(3040832K), 0.9483810 secs] 2702976K->2482829K(30070848K), 0.9484690 secs] [Times: user=2.21 sys=9.77, real=0.95 secs] 
2013-06-07T17:50:19.914+0200: [GC [ParNew: 3040832K->337856K(3040832K), 1.0677820 secs] 5185805K->5124066K(30070848K), 1.0678400 secs] [Times: user=2.92 sys=10.73, real=1.06 secs] 
2013-06-07T17:50:21.748+0200: [GC [ParNew: 3040832K->337856K(3040832K), 1.0892320 secs] 7827042K->7815251K(30070848K), 1.0892920 secs] [Times: user=3.41 sys=10.68, real=1.09 secs] 
2013-06-07T17:50:23.549+0200: [GC [ParNew: 3040832K->337856K(3040832K), 1.0318240 secs] 10518227K->10554860K(30070848K), 1.0318720 secs] [Times: user=3.25 sys=10.10, real=1.03 secs] 
2013-06-07T17:50:25.295+0200: [GC [ParNew: 3040832K->337856K(3040832K), 1.1065050 secs] 13257836K->13270904K(30070848K), 1.1065630 secs] [Times: user=3.83 sys=10.48, real=1.10 secs] 
2013-06-07T17:50:27.146+0200: [GC [ParNew: 3040832K->337856K(3040832K), 1.6112330 secs] 15973880K->15978882K(30070848K), 1.6112920 secs] [Times: user=18.54 sys=2.34, real=1.61 secs] 
2013-06-07T17:50:29.473+0200: [GC [ParNew: 3040832K->337856K(3040832K), 1.0687880 secs] 18681858K->18690157K(30070848K), 1.0688360 secs] [Times: user=3.20 sys=10.63, real=1.08 secs] 
2013-06-07T17:50:31.258+0200: [GC [ParNew: 3040832K->337856K(3040832K), 1.1236480 secs] 21393133K->21374281K(30070848K), 1.1237290 secs] [Times: user=3.44 sys=10.94, real=1.13 secs] 
2013-06-07T17:50:45.032+0200: [GC [ParNew: 3040832K->337856K(3040832K), 1.2843760 secs] 24077257K->23517203K(30070848K), 1.2844680 secs] [Times: user=14.85 sys=1.76, real=1.29 secs] 
2013-06-07T17:51:00.273+0200: [GC [ParNew: 3040832K->188773K(3040832K), 0.0823310 secs] 26220179K->23368121K(30070848K), 0.0824820 secs] [Times: user=1.04 sys=0.01, real=0.08 secs] 
