2013-06-07T17:50:20.774+0200: [GC [ParNew: 2702976K->337855K(3040832K), 0.9354530 secs] 2702976K->2491856K(30070848K), 0.9355260 secs] [Times: user=2.01 sys=9.67, real=0.94 secs] 
2013-06-07T17:50:22.474+0200: [GC [ParNew: 3040831K->337856K(3040832K), 1.0492380 secs] 5194832K->5131159K(30070848K), 1.0493210 secs] [Times: user=2.57 sys=10.98, real=1.05 secs] 
2013-06-07T17:50:24.258+0200: [GC [ParNew: 3040832K->337856K(3040832K), 1.0684110 secs] 7834135K->7824457K(30070848K), 1.0684860 secs] [Times: user=3.26 sys=10.59, real=1.07 secs] 
2013-06-07T17:50:26.020+0200: [GC [ParNew: 3040832K->337856K(3040832K), 1.0409160 secs] 10527433K->10572422K(30070848K), 1.0409890 secs] [Times: user=3.17 sys=10.31, real=1.04 secs] 
2013-06-07T17:50:27.802+0200: [GC [ParNew: 3040832K->337856K(3040832K), 1.0793810 secs] 13275398K->13277998K(30070848K), 1.0794540 secs] [Times: user=3.74 sys=10.25, real=1.08 secs] 
2013-06-07T17:50:29.532+0200: [GC [ParNew: 3040832K->337856K(3040832K), 1.4379680 secs] 15980974K->16000927K(30070848K), 1.4380400 secs] [Times: user=16.21 sys=2.45, real=1.44 secs] 
2013-06-07T17:50:31.691+0200: [GC [ParNew: 3040832K->337856K(3040832K), 1.0510970 secs] 18703903K->18730899K(30070848K), 1.0511680 secs] [Times: user=2.66 sys=10.95, real=1.05 secs] 
2013-06-07T17:50:33.449+0200: [GC [ParNew: 3040832K->337856K(3040832K), 1.1508310 secs] 21433875K->21447487K(30070848K), 1.1509060 secs] [Times: user=3.95 sys=10.94, real=1.15 secs] 
2013-06-07T17:50:44.981+0200: [GC [ParNew: 3040832K->337856K(3040832K), 1.4827370 secs] 24150463K->23520039K(30070848K), 1.4828500 secs] [Times: user=17.36 sys=1.84, real=1.49 secs] 
2013-06-07T17:51:00.256+0200: [GC [ParNew: 3040832K->155746K(3040832K), 0.0757120 secs] 26223015K->23337929K(30070848K), 0.0758400 secs] [Times: user=0.95 sys=0.03, real=0.08 secs] 
