2013-06-07T17:50:22.751+0200: [GC [ParNew: 2702976K->337856K(3040832K), 0.9386870 secs] 2702976K->2486500K(30070848K), 0.9387590 secs] [Times: user=2.22 sys=9.65, real=0.94 secs] 
2013-06-07T17:50:24.393+0200: [GC [ParNew: 3040832K->337856K(3040832K), 1.0562280 secs] 5189476K->5114807K(30070848K), 1.0562730 secs] [Times: user=2.87 sys=10.77, real=1.05 secs] 
2013-06-07T17:50:26.173+0200: [GC [ParNew: 3040832K->337856K(3040832K), 1.0717380 secs] 7817783K->7805544K(30070848K), 1.0717820 secs] [Times: user=3.55 sys=10.32, real=1.07 secs] 
2013-06-07T17:50:27.959+0200: [GC [ParNew: 3040832K->337856K(3040832K), 1.0402350 secs] 10508520K->10547458K(30070848K), 1.0402880 secs] [Times: user=3.09 sys=10.37, real=1.05 secs] 
2013-06-07T17:50:29.703+0200: [GC [ParNew: 3040832K->337856K(3040832K), 1.0980810 secs] 13250434K->13275828K(30070848K), 1.0981240 secs] [Times: user=3.62 sys=10.61, real=1.10 secs] 
2013-06-07T17:50:31.474+0200: [GC [ParNew: 3040832K->337856K(3040832K), 1.3321530 secs] 15978804K->15985599K(30070848K), 1.3322160 secs] [Times: user=15.28 sys=2.01, real=1.33 secs] 
2013-06-07T17:50:33.524+0200: [GC [ParNew: 3040832K->337856K(3040832K), 1.0670480 secs] 18688575K->18731483K(30070848K), 1.0671210 secs] [Times: user=2.98 sys=10.83, real=1.06 secs] 
2013-06-07T17:50:35.286+0200: [GC [ParNew: 3040832K->337856K(3040832K), 1.1559310 secs] 21434459K->21434144K(30070848K), 1.1560040 secs] [Times: user=3.81 sys=11.16, real=1.16 secs] 
2013-06-07T17:50:44.953+0200: [GC [ParNew: 3040832K->337856K(3040832K), 1.4914570 secs] 24137120K->23541076K(30070848K), 1.4915150 secs] [Times: user=17.28 sys=2.06, real=1.49 secs] 
2013-06-07T17:51:01.003+0200: [GC [ParNew: 3040832K->188664K(3040832K), 0.0812490 secs] 26244052K->23391885K(30070848K), 0.0813990 secs] [Times: user=0.97 sys=0.07, real=0.08 secs] 
