2013-06-07T17:50:21.278+0200: [GC [ParNew: 2702976K->337856K(3040832K), 0.9329220 secs] 2702976K->2484686K(30070848K), 0.9330010 secs] [Times: user=2.12 sys=9.72, real=0.93 secs] 
2013-06-07T17:50:22.965+0200: [GC [ParNew: 3040832K->337856K(3040832K), 1.0489830 secs] 5187662K->5125389K(30070848K), 1.0490300 secs] [Times: user=2.80 sys=10.75, real=1.05 secs] 
2013-06-07T17:50:24.775+0200: [GC [ParNew: 3040832K->337856K(3040832K), 1.0492270 secs] 7828365K->7821632K(30070848K), 1.0492890 secs] [Times: user=3.18 sys=10.14, real=1.05 secs] 
2013-06-07T17:50:26.538+0200: [GC [ParNew: 3040832K->337856K(3040832K), 1.0133870 secs] 10524608K->10527145K(30070848K), 1.0134630 secs] [Times: user=3.08 sys=10.04, real=1.01 secs] 
2013-06-07T17:50:28.264+0200: [GC [ParNew: 3040832K->337856K(3040832K), 1.0677780 secs] 13230121K->13242997K(30070848K), 1.0679250 secs] [Times: user=3.53 sys=10.30, real=1.06 secs] 
2013-06-07T17:50:30.055+0200: [GC [ParNew: 3040832K->337856K(3040832K), 1.3181020 secs] 15945973K->15943195K(30070848K), 1.3181560 secs] [Times: user=15.00 sys=1.98, real=1.32 secs] 
2013-06-07T17:50:32.077+0200: [GC [ParNew: 3040832K->337856K(3040832K), 1.0418040 secs] 18646171K->18663883K(30070848K), 1.0418610 secs] [Times: user=3.20 sys=10.28, real=1.04 secs] 
2013-06-07T17:50:33.833+0200: [GC [ParNew: 3040832K->337856K(3040832K), 1.1435200 secs] 21366859K->21355242K(30070848K), 1.1435690 secs] [Times: user=3.79 sys=11.02, real=1.14 secs] 
2013-06-07T17:50:44.878+0200: [GC [ParNew: 3040832K->337856K(3040832K), 1.5283810 secs] 24058218K->23483336K(30070848K), 1.5284480 secs] [Times: user=17.86 sys=1.97, real=1.53 secs] 
2013-06-07T17:51:01.311+0200: [GC [ParNew: 3040832K->187941K(3040832K), 0.0764180 secs] 26186312K->23333422K(30070848K), 0.0765230 secs] [Times: user=0.98 sys=0.00, real=0.07 secs] 
