2013-06-07T17:50:18.802+0200: [GC [ParNew: 2702976K->337856K(3040832K), 0.9404950 secs] 2702976K->2492416K(30070848K), 0.9405640 secs] [Times: user=2.09 sys=9.58, real=0.94 secs] 
2013-06-07T17:50:20.495+0200: [GC [ParNew: 3040832K->337856K(3040832K), 1.0712500 secs] 5195392K->5133416K(30070848K), 1.0712950 secs] [Times: user=3.04 sys=10.56, real=1.07 secs] 
2013-06-07T17:50:22.322+0200: [GC [ParNew: 3040832K->337856K(3040832K), 1.0582170 secs] 7836392K->7824281K(30070848K), 1.0582580 secs] [Times: user=3.21 sys=10.49, real=1.05 secs] 
2013-06-07T17:50:24.064+0200: [GC [ParNew: 3040832K->337856K(3040832K), 1.0103520 secs] 10527257K->10536197K(30070848K), 1.0103970 secs] [Times: user=3.13 sys=9.94, real=1.01 secs] 
2013-06-07T17:50:25.781+0200: [GC [ParNew: 3040832K->337856K(3040832K), 1.0715960 secs] 13239173K->13255571K(30070848K), 1.0716730 secs] [Times: user=3.24 sys=10.36, real=1.07 secs] 
2013-06-07T17:50:27.575+0200: [GC [ParNew: 3040832K->337856K(3040832K), 1.4548320 secs] 15958547K->15953047K(30070848K), 1.4549100 secs] [Times: user=16.70 sys=2.14, real=1.45 secs] 
2013-06-07T17:50:29.693+0200: [GC [ParNew: 3040832K->337856K(3040832K), 1.1155670 secs] 18656023K->18694801K(30070848K), 1.1156440 secs] [Times: user=3.07 sys=11.36, real=1.12 secs] 
2013-06-07T17:50:31.510+0200: [GC [ParNew: 3040832K->337856K(3040832K), 1.1862280 secs] 21397777K->21420802K(30070848K), 1.1862870 secs] [Times: user=4.37 sys=10.73, real=1.19 secs] 
2013-06-07T17:50:44.900+0200: [GC [ParNew: 3040832K->337856K(3040832K), 1.2949140 secs] 24123778K->23498695K(30070848K), 1.2950160 secs] [Times: user=15.07 sys=1.69, real=1.30 secs] 
2013-06-07T17:51:00.547+0200: [GC [ParNew: 3040832K->188459K(3040832K), 0.0823940 secs] 26201671K->23349298K(30070848K), 0.0825270 secs] [Times: user=1.02 sys=0.01, real=0.09 secs] 
