2013-06-07T17:50:23.061+0200: [GC [ParNew: 2702976K->337855K(3040832K), 0.9406650 secs] 2702976K->2485707K(30070848K), 0.9407390 secs] [Times: user=2.16 sys=9.75, real=0.94 secs] 
2013-06-07T17:50:24.754+0200: [GC [ParNew: 3040831K->337856K(3040832K), 1.0557090 secs] 5188683K->5118905K(30070848K), 1.0557790 secs] [Times: user=2.84 sys=10.79, real=1.05 secs] 
2013-06-07T17:50:26.555+0200: [GC [ParNew: 3040832K->337856K(3040832K), 1.0566690 secs] 7821881K->7807208K(30070848K), 1.0567350 secs] [Times: user=3.09 sys=10.59, real=1.05 secs] 
2013-06-07T17:50:28.336+0200: [GC [ParNew: 3040832K->337856K(3040832K), 1.0157070 secs] 10510184K->10543456K(30070848K), 1.0157780 secs] [Times: user=2.96 sys=10.18, real=1.01 secs] 
2013-06-07T17:50:30.079+0200: [GC [ParNew: 3040832K->337856K(3040832K), 1.0846420 secs] 13246432K->13265903K(30070848K), 1.0847080 secs] [Times: user=3.42 sys=10.62, real=1.08 secs] 
2013-06-07T17:50:31.877+0200: [GC [ParNew: 3040832K->337856K(3040832K), 1.3671610 secs] 15968879K->15979388K(30070848K), 1.3672300 secs] [Times: user=15.66 sys=2.09, real=1.36 secs] 
2013-06-07T17:50:33.967+0200: [GC [ParNew: 3040832K->337856K(3040832K), 1.0814200 secs] 18682364K->18724343K(30070848K), 1.0814900 secs] [Times: user=2.80 sys=11.20, real=1.08 secs] 
2013-06-07T17:50:35.753+0200: [GC [ParNew: 3040832K->337856K(3040832K), 1.1496330 secs] 21427319K->21420793K(30070848K), 1.1497000 secs] [Times: user=3.88 sys=11.01, real=1.14 secs] 
2013-06-07T17:50:44.913+0200: [GC [ParNew: 3040832K->337856K(3040832K), 1.4927220 secs] 24123769K->23495293K(30070848K), 1.4928180 secs] [Times: user=17.48 sys=1.86, real=1.49 secs] 
2013-06-07T17:51:01.592+0200: [GC [ParNew: 3040832K->180331K(3040832K), 0.0781060 secs] 26198269K->23337768K(30070848K), 0.0782550 secs] [Times: user=1.00 sys=0.00, real=0.08 secs] 
