2013-06-07T17:50:21.069+0200: [GC [ParNew: 2702976K->337856K(3040832K), 0.9082910 secs] 2702976K->2486386K(30070848K), 0.9083640 secs] [Times: user=1.95 sys=9.45, real=0.91 secs] 
2013-06-07T17:50:22.749+0200: [GC [ParNew: 3040832K->337856K(3040832K), 1.0445130 secs] 5189362K->5120581K(30070848K), 1.0445700 secs] [Times: user=2.90 sys=10.23, real=1.05 secs] 
2013-06-07T17:50:24.544+0200: [GC [ParNew: 3040832K->337856K(3040832K), 1.0529830 secs] 7823557K->7817137K(30070848K), 1.0530270 secs] [Times: user=3.36 sys=10.27, real=1.05 secs] 
2013-06-07T17:50:26.308+0200: [GC [ParNew: 3040832K->337856K(3040832K), 1.0177930 secs] 10520113K->10555305K(30070848K), 1.0178560 secs] [Times: user=3.30 sys=9.88, real=1.02 secs] 
2013-06-07T17:50:28.032+0200: [GC [ParNew: 3040832K->337856K(3040832K), 1.0550020 secs] 13258281K->13263314K(30070848K), 1.0550750 secs] [Times: user=3.37 sys=10.09, real=1.06 secs] 
2013-06-07T17:50:29.801+0200: [GC [ParNew: 3040832K->337856K(3040832K), 1.4427560 secs] 15966290K->15963127K(30070848K), 1.4428310 secs] [Times: user=16.06 sys=2.67, real=1.44 secs] 
2013-06-07T17:50:31.959+0200: [GC [ParNew: 3040832K->337856K(3040832K), 1.0751210 secs] 18666103K->18704817K(30070848K), 1.0751930 secs] [Times: user=2.94 sys=10.99, real=1.08 secs] 
2013-06-07T17:50:33.758+0200: [GC [ParNew: 3040832K->337856K(3040832K), 1.1544650 secs] 21407793K->21424223K(30070848K), 1.1545340 secs] [Times: user=3.88 sys=10.78, real=1.15 secs] 
2013-06-07T17:50:45.085+0200: [GC [ParNew: 3040832K->337856K(3040832K), 1.3351920 secs] 24127199K->23529751K(30070848K), 1.3352950 secs] [Times: user=15.49 sys=1.64, real=1.33 secs] 
2013-06-07T17:51:02.969+0200: [GC [ParNew: 3040832K->148102K(3040832K), 0.0787220 secs] 26232727K->23339997K(30070848K), 0.0788690 secs] [Times: user=1.00 sys=0.01, real=0.08 secs] 
