2013-06-07T17:50:21.643+0200: [GC [ParNew: 2702976K->337855K(3040832K), 0.8999130 secs] 2702976K->2484691K(30070848K), 0.8999880 secs] [Times: user=1.97 sys=9.31, real=0.90 secs] 
2013-06-07T17:50:23.298+0200: [GC [ParNew: 3040831K->337856K(3040832K), 1.0446520 secs] 5187667K->5117316K(30070848K), 1.0447100 secs] [Times: user=2.60 sys=10.90, real=1.04 secs] 
2013-06-07T17:50:25.084+0200: [GC [ParNew: 3040832K->337856K(3040832K), 1.0581750 secs] 7820292K->7813079K(30070848K), 1.0582380 secs] [Times: user=3.09 sys=10.61, real=1.06 secs] 
2013-06-07T17:50:26.845+0200: [GC [ParNew: 3040832K->337856K(3040832K), 1.0324220 secs] 10516055K->10549006K(30070848K), 1.0324960 secs] [Times: user=3.23 sys=10.14, real=1.03 secs] 
2013-06-07T17:50:28.581+0200: [GC [ParNew: 3040832K->337856K(3040832K), 1.0679130 secs] 13251982K->13258551K(30070848K), 1.0679870 secs] [Times: user=3.29 sys=10.54, real=1.07 secs] 
2013-06-07T17:50:30.361+0200: [GC [ParNew: 3040832K->337856K(3040832K), 1.5076470 secs] 15961527K->15979527K(30070848K), 1.5077180 secs] [Times: user=17.20 sys=2.37, real=1.51 secs] 
2013-06-07T17:50:32.572+0200: [GC [ParNew: 3040832K->337856K(3040832K), 1.0314730 secs] 18682503K->18709147K(30070848K), 1.0315450 secs] [Times: user=3.47 sys=9.88, real=1.03 secs] 
2013-06-07T17:50:34.307+0200: [GC [ParNew: 3040832K->337856K(3040832K), 1.1496270 secs] 21412123K->21418404K(30070848K), 1.1497010 secs] [Times: user=3.89 sys=11.00, real=1.15 secs] 
2013-06-07T17:50:44.969+0200: [GC [ParNew: 3040832K->337856K(3040832K), 1.5734620 secs] 24121380K->23506094K(30070848K), 1.5735590 secs] [Times: user=18.41 sys=1.98, real=1.57 secs] 
2013-06-07T17:51:00.855+0200: [GC [ParNew: 3040832K->167843K(3040832K), 0.0814490 secs] 26209070K->23336081K(30070848K), 0.0816100 secs] [Times: user=1.01 sys=0.02, real=0.08 secs] 
