2013-04-22T23:28:25.696+0200: [GC [ParNew: 2702976K->337856K(3040832K), 0.9327870 secs] 2702976K->2492782K(30070848K), 0.9328630 secs] [Times: user=2.12 sys=9.68, real=0.93 secs] 
2013-04-22T23:28:27.381+0200: [GC [ParNew: 3040832K->337856K(3040832K), 1.0527300 secs] 5195758K->5123174K(30070848K), 1.0527790 secs] [Times: user=2.79 sys=10.78, real=1.06 secs] 
2013-04-22T23:28:29.199+0200: [GC [ParNew: 3040832K->337856K(3040832K), 1.0622390 secs] 7826150K->7815864K(30070848K), 1.0623130 secs] [Times: user=3.27 sys=10.49, real=1.06 secs] 
2013-04-22T23:28:30.985+0200: [GC [ParNew: 3040832K->337856K(3040832K), 1.0124140 secs] 10518840K->10535591K(30070848K), 1.0124900 secs] [Times: user=3.27 sys=9.79, real=1.01 secs] 
2013-04-22T23:28:32.704+0200: [GC [ParNew: 3040832K->337856K(3040832K), 1.0926610 secs] 13238567K->13251124K(30070848K), 1.0927110 secs] [Times: user=3.13 sys=11.02, real=1.09 secs] 
2013-04-22T23:28:34.510+0200: [GC [ParNew: 3040832K->337856K(3040832K), 1.4505200 secs] 15954100K->15984490K(30070848K), 1.4505910 secs] [Times: user=16.32 sys=2.51, real=1.45 secs] 
2013-04-22T23:28:36.663+0200: [GC [ParNew: 3040832K->337856K(3040832K), 1.0922190 secs] 18687466K->18696469K(30070848K), 1.0922910 secs] [Times: user=3.08 sys=11.04, real=1.09 secs] 
2013-04-22T23:28:38.447+0200: [GC [ParNew: 3040832K->337856K(3040832K), 1.1237390 secs] 21399445K->21393207K(30070848K), 1.1238090 secs] [Times: user=3.26 sys=11.30, real=1.13 secs] 
2013-04-22T23:28:53.191+0200: [GC [ParNew: 3040832K->337856K(3040832K), 1.5660390 secs] 24096183K->23485321K(30070848K), 1.5661270 secs] [Times: user=18.31 sys=1.90, real=1.56 secs] 
2013-04-22T23:29:53.488+0200: [GC [ParNew: 3040431K->337856K(3040832K), 0.2669720 secs] 26187896K->23733953K(30070848K), 0.2671440 secs] [Times: user=2.40 sys=0.84, real=0.26 secs] 
BROKEN RECORDS: 0
BROKEN RECORDS: 0
BROKEN RECORDS: 0
BROKEN RECORDS: 0
BROKEN RECORDS: 0
BROKEN RECORDS: 0
BROKEN RECORDS: 0
BROKEN RECORDS: 0
BROKEN RECORDS: 0
BROKEN RECORDS: 0
BROKEN RECORDS: 0
BROKEN RECORDS: 0
BROKEN RECORDS: 0
BROKEN RECORDS: 0
BROKEN RECORDS: 0
BROKEN RECORDS: 0
BROKEN RECORDS: 0
BROKEN RECORDS: 0
BROKEN RECORDS: 0
BROKEN RECORDS: 0
BROKEN RECORDS: 0
BROKEN RECORDS: 0
BROKEN RECORDS: 0
BROKEN RECORDS: 0
BROKEN RECORDS: 0
BROKEN RECORDS: 0
BROKEN RECORDS: 0
2013-04-22T23:34:54.487+0200: [GC [ParNew: 3040832K->215655K(3040832K), 0.2329740 secs] 26436929K->23828276K(30070848K), 0.2331500 secs] [Times: user=1.92 sys=0.24, real=0.23 secs] 
BROKEN RECORDS: 0
BROKEN RECORDS: 0
BROKEN RECORDS: 0
BROKEN RECORDS: 0
BROKEN RECORDS: 0
BROKEN RECORDS: 0
BROKEN RECORDS: 0
BROKEN RECORDS: 0
BROKEN RECORDS: 0
BROKEN RECORDS: 0
BROKEN RECORDS: 0
BROKEN RECORDS: 0
BROKEN RECORDS: 0
BROKEN RECORDS: 0
BROKEN RECORDS: 0
BROKEN RECORDS: 0
BROKEN RECORDS: 0
BROKEN RECORDS: 0
BROKEN RECORDS: 0
BROKEN RECORDS: 0
BROKEN RECORDS: 0
BROKEN RECORDS: 0
BROKEN RECORDS: 0
BROKEN RECORDS: 0
BROKEN RECORDS: 0
BROKEN RECORDS: 0
BROKEN RECORDS: 0
BROKEN RECORDS: 0
BROKEN RECORDS: 0
BROKEN RECORDS: 0
BROKEN RECORDS: 0
BROKEN RECORDS: 0
BROKEN RECORDS: 0
BROKEN RECORDS: 0
BROKEN RECORDS: 0
BROKEN RECORDS: 0
BROKEN RECORDS: 0
BROKEN RECORDS: 0
BROKEN RECORDS: 0
BROKEN RECORDS: 0
BROKEN RECORDS: 0
BROKEN RECORDS: 0
BROKEN RECORDS: 0
BROKEN RECORDS: 0
BROKEN RECORDS: 0
BROKEN RECORDS: 0
BROKEN RECORDS: 0
BROKEN RECORDS: 0
BROKEN RECORDS: 0
BROKEN RECORDS: 0
BROKEN RECORDS: 0
BROKEN RECORDS: 0
BROKEN RECORDS: 0
BROKEN RECORDS: 0
BROKEN RECORDS: 0
BROKEN RECORDS: 0
BROKEN RECORDS: 0
BROKEN RECORDS: 0
BROKEN RECORDS: 0
BROKEN RECORDS: 0
BROKEN RECORDS: 0
