2013-04-22T23:28:25.797+0200: [GC [ParNew: 2702976K->337856K(3040832K), 0.9408410 secs] 2702976K->2491270K(30070848K), 0.9409140 secs] [Times: user=2.07 sys=9.89, real=0.94 secs] 
2013-04-22T23:28:27.503+0200: [GC [ParNew: 3040832K->337856K(3040832K), 1.0575310 secs] 5194246K->5122659K(30070848K), 1.0575890 secs] [Times: user=2.66 sys=10.98, real=1.06 secs] 
2013-04-22T23:28:29.301+0200: [GC [ParNew: 3040832K->337856K(3040832K), 1.0752280 secs] 7825635K->7818990K(30070848K), 1.0752830 secs] [Times: user=3.35 sys=10.58, real=1.08 secs] 
2013-04-22T23:28:31.099+0200: [GC [ParNew: 3040832K->337856K(3040832K), 1.0227500 secs] 10521966K->10556935K(30070848K), 1.0228080 secs] [Times: user=3.30 sys=9.85, real=1.02 secs] 
2013-04-22T23:28:32.822+0200: [GC [ParNew: 3040832K->337856K(3040832K), 1.1140570 secs] 13259911K->13276437K(30070848K), 1.1141290 secs] [Times: user=2.97 sys=11.45, real=1.12 secs] 
2013-04-22T23:28:34.631+0200: [GC [ParNew: 3040832K->337856K(3040832K), 1.4973940 secs] 15979413K->15971000K(30070848K), 1.4974670 secs] [Times: user=17.09 sys=2.35, real=1.50 secs] 
2013-04-22T23:28:36.810+0200: [GC [ParNew: 3040832K->337856K(3040832K), 1.0658020 secs] 18673976K->18699660K(30070848K), 1.0658590 secs] [Times: user=2.75 sys=10.98, real=1.07 secs] 
2013-04-22T23:28:38.580+0200: [GC [ParNew: 3040832K->337856K(3040832K), 1.1328990 secs] 21402636K->21407283K(30070848K), 1.1329410 secs] [Times: user=3.38 sys=11.22, real=1.14 secs] 
2013-04-22T23:28:53.173+0200: [GC [ParNew: 3040832K->337856K(3040832K), 1.5530960 secs] 24110259K->23502662K(30070848K), 1.5531770 secs] [Times: user=18.03 sys=2.04, real=1.55 secs] 
2013-04-22T23:29:27.264+0200: [GC [ParNew: 3040832K->337856K(3040832K), 0.3729680 secs] 26205638K->23920601K(30070848K), 0.3731010 secs] [Times: user=2.69 sys=1.53, real=0.37 secs] 
BROKEN RECORDS: 0
BROKEN RECORDS: 0
BROKEN RECORDS: 0
BROKEN RECORDS: 0
BROKEN RECORDS: 0
BROKEN RECORDS: 0
BROKEN RECORDS: 0
BROKEN RECORDS: 0
BROKEN RECORDS: 0
BROKEN RECORDS: 0
BROKEN RECORDS: 0
BROKEN RECORDS: 0
2013-04-22T23:32:37.971+0200: [GC [ParNew: 3040832K->337856K(3040832K), 0.3542920 secs] 26623577K->24279141K(30070848K), 0.3544870 secs] [Times: user=2.84 sys=0.67, real=0.35 secs] 
BROKEN RECORDS: 0
BROKEN RECORDS: 0
BROKEN RECORDS: 0
BROKEN RECORDS: 0
BROKEN RECORDS: 0
BROKEN RECORDS: 0
BROKEN RECORDS: 0
BROKEN RECORDS: 0
BROKEN RECORDS: 0
BROKEN RECORDS: 0
BROKEN RECORDS: 0
BROKEN RECORDS: 0
BROKEN RECORDS: 0
BROKEN RECORDS: 0
BROKEN RECORDS: 0
BROKEN RECORDS: 0
BROKEN RECORDS: 0
BROKEN RECORDS: 0
BROKEN RECORDS: 0
BROKEN RECORDS: 0
BROKEN RECORDS: 0
BROKEN RECORDS: 0
BROKEN RECORDS: 0
BROKEN RECORDS: 0
BROKEN RECORDS: 0
BROKEN RECORDS: 0
BROKEN RECORDS: 0
BROKEN RECORDS: 0
BROKEN RECORDS: 0
BROKEN RECORDS: 0
BROKEN RECORDS: 0
BROKEN RECORDS: 0
BROKEN RECORDS: 0
BROKEN RECORDS: 0
BROKEN RECORDS: 0
BROKEN RECORDS: 0
BROKEN RECORDS: 0
BROKEN RECORDS: 0
BROKEN RECORDS: 0
BROKEN RECORDS: 0
BROKEN RECORDS: 0
BROKEN RECORDS: 0
BROKEN RECORDS: 0
BROKEN RECORDS: 0
BROKEN RECORDS: 0
BROKEN RECORDS: 0
BROKEN RECORDS: 0
BROKEN RECORDS: 0
BROKEN RECORDS: 0
BROKEN RECORDS: 0
BROKEN RECORDS: 0
BROKEN RECORDS: 0
BROKEN RECORDS: 0
BROKEN RECORDS: 0
BROKEN RECORDS: 0
BROKEN RECORDS: 0
BROKEN RECORDS: 0
BROKEN RECORDS: 0
BROKEN RECORDS: 0
BROKEN RECORDS: 0
BROKEN RECORDS: 0
BROKEN RECORDS: 0
BROKEN RECORDS: 0
BROKEN RECORDS: 0
BROKEN RECORDS: 0
BROKEN RECORDS: 0
BROKEN RECORDS: 0
BROKEN RECORDS: 0
BROKEN RECORDS: 0
BROKEN RECORDS: 0
BROKEN RECORDS: 0
BROKEN RECORDS: 0
BROKEN RECORDS: 0
BROKEN RECORDS: 0
BROKEN RECORDS: 0
BROKEN RECORDS: 0
2013-04-22T23:35:06.150+0200: [GC [ParNew: 3040832K->148710K(3040832K), 2.2463760 secs] 26982117K->24329944K(30070848K), 2.2464950 secs] [Times: user=2.15 sys=0.43, real=2.25 secs] 
