2013-04-22T23:28:25.358+0200: [GC [ParNew: 2702976K->337856K(3040832K), 0.9443050 secs] 2702976K->2486657K(30070848K), 0.9443750 secs] [Times: user=2.28 sys=9.68, real=0.94 secs] 
2013-04-22T23:28:27.266+0200: [GC [ParNew: 3040832K->337856K(3040832K), 1.0592230 secs] 5189633K->5122802K(30070848K), 1.0592780 secs] [Times: user=2.68 sys=10.99, real=1.06 secs] 
2013-04-22T23:28:29.264+0200: [GC [ParNew: 3040832K->337856K(3040832K), 1.0692740 secs] 7825778K->7818781K(30070848K), 1.0693420 secs] [Times: user=3.53 sys=10.29, real=1.07 secs] 
2013-04-22T23:28:31.256+0200: [GC [ParNew: 3040832K->337856K(3040832K), 1.0159160 secs] 10521757K->10549586K(30070848K), 1.0159660 secs] [Times: user=3.17 sys=9.98, real=1.02 secs] 
2013-04-22T23:28:33.155+0200: [GC [ParNew: 3040832K->337856K(3040832K), 1.0691680 secs] 13252562K->13265054K(30070848K), 1.0692280 secs] [Times: user=3.61 sys=10.03, real=1.07 secs] 
2013-04-22T23:28:35.145+0200: [GC [ParNew: 3040832K->337856K(3040832K), 1.5598840 secs] 15968030K->15935766K(30070848K), 1.5599360 secs] [Times: user=17.75 sys=2.47, real=1.56 secs] 
2013-04-22T23:28:37.577+0200: [GC [ParNew: 3040832K->337856K(3040832K), 1.1105050 secs] 18638742K->18699643K(30070848K), 1.1105460 secs] [Times: user=3.55 sys=10.84, real=1.12 secs] 
2013-04-22T23:28:39.593+0200: [GC [ParNew: 3040832K->337856K(3040832K), 1.1386960 secs] 21402619K->21402400K(30070848K), 1.1387650 secs] [Times: user=3.98 sys=10.51, real=1.14 secs] 
2013-04-22T23:28:53.300+0200: [GC [ParNew: 3040832K->337856K(3040832K), 1.6155170 secs] 24105376K->23474408K(30070848K), 1.6156190 secs] [Times: user=18.93 sys=2.01, real=1.61 secs] 
2013-04-22T23:29:24.740+0200: [GC [ParNew: 3040832K->337856K(3040832K), 0.3660180 secs] 26177384K->23851012K(30070848K), 0.3662320 secs] [Times: user=2.27 sys=1.68, real=0.37 secs] 
BROKEN RECORDS: 0
BROKEN RECORDS: 0
BROKEN RECORDS: 0
BROKEN RECORDS: 0
BROKEN RECORDS: 0
BROKEN RECORDS: 0
BROKEN RECORDS: 0
BROKEN RECORDS: 0
2013-04-22T23:32:30.726+0200: [GC [ParNew: 3040832K->337856K(3040832K), 0.2811530 secs] 26553988K->24183107K(30070848K), 0.2813410 secs] [Times: user=2.37 sys=0.86, real=0.28 secs] 
BROKEN RECORDS: 0
BROKEN RECORDS: 0
BROKEN RECORDS: 0
BROKEN RECORDS: 0
BROKEN RECORDS: 0
BROKEN RECORDS: 0
BROKEN RECORDS: 0
BROKEN RECORDS: 0
BROKEN RECORDS: 0
BROKEN RECORDS: 0
BROKEN RECORDS: 0
BROKEN RECORDS: 0
BROKEN RECORDS: 0
BROKEN RECORDS: 0
BROKEN RECORDS: 0
BROKEN RECORDS: 0
BROKEN RECORDS: 0
BROKEN RECORDS: 0
BROKEN RECORDS: 0
BROKEN RECORDS: 0
BROKEN RECORDS: 0
BROKEN RECORDS: 0
BROKEN RECORDS: 0
BROKEN RECORDS: 0
BROKEN RECORDS: 0
BROKEN RECORDS: 0
BROKEN RECORDS: 0
BROKEN RECORDS: 0
BROKEN RECORDS: 0
BROKEN RECORDS: 0
BROKEN RECORDS: 0
BROKEN RECORDS: 0
BROKEN RECORDS: 0
BROKEN RECORDS: 0
BROKEN RECORDS: 0
BROKEN RECORDS: 0
BROKEN RECORDS: 0
BROKEN RECORDS: 0
BROKEN RECORDS: 0
BROKEN RECORDS: 0
BROKEN RECORDS: 0
BROKEN RECORDS: 0
BROKEN RECORDS: 0
BROKEN RECORDS: 0
BROKEN RECORDS: 0
BROKEN RECORDS: 0
BROKEN RECORDS: 0
BROKEN RECORDS: 0
BROKEN RECORDS: 0
BROKEN RECORDS: 0
BROKEN RECORDS: 0
BROKEN RECORDS: 0
BROKEN RECORDS: 0
BROKEN RECORDS: 0
BROKEN RECORDS: 0
BROKEN RECORDS: 0
BROKEN RECORDS: 0
BROKEN RECORDS: 0
BROKEN RECORDS: 0
BROKEN RECORDS: 0
BROKEN RECORDS: 0
BROKEN RECORDS: 0
BROKEN RECORDS: 0
BROKEN RECORDS: 0
BROKEN RECORDS: 0
BROKEN RECORDS: 0
BROKEN RECORDS: 0
BROKEN RECORDS: 0
BROKEN RECORDS: 0
BROKEN RECORDS: 0
BROKEN RECORDS: 0
BROKEN RECORDS: 0
BROKEN RECORDS: 0
BROKEN RECORDS: 0
BROKEN RECORDS: 0
BROKEN RECORDS: 0
BROKEN RECORDS: 0
BROKEN RECORDS: 0
BROKEN RECORDS: 0
BROKEN RECORDS: 0
2013-04-22T23:35:06.036+0200: [GC [ParNew: 3040832K->79085K(3040832K), 0.1368280 secs] 26886083K->24197426K(30070848K), 0.1369350 secs] [Times: user=1.35 sys=0.39, real=0.13 secs] 
