2013-04-22T23:28:27.464+0200: [GC [ParNew: 2702976K->337855K(3040832K), 0.9292710 secs] 2702976K->2483919K(30070848K), 0.9293700 secs] [Times: user=1.97 sys=9.81, real=0.93 secs] 
2013-04-22T23:28:29.341+0200: [GC [ParNew: 3040831K->337856K(3040832K), 1.0339200 secs] 5186895K->5113806K(30070848K), 1.0339950 secs] [Times: user=2.77 sys=10.61, real=1.03 secs] 
2013-04-22T23:28:31.350+0200: [GC [ParNew: 3040832K->337856K(3040832K), 1.0625410 secs] 7816782K->7809698K(30070848K), 1.0626150 secs] [Times: user=3.20 sys=10.50, real=1.06 secs] 
2013-04-22T23:28:33.304+0200: [GC [ParNew: 3040832K->337856K(3040832K), 0.9981420 secs] 10512674K->10548794K(30070848K), 0.9982200 secs] [Times: user=3.31 sys=9.61, real=1.00 secs] 
2013-04-22T23:28:35.211+0200: [GC [ParNew: 3040832K->337856K(3040832K), 1.0645960 secs] 13251770K->13261990K(30070848K), 1.0646690 secs] [Times: user=3.48 sys=10.31, real=1.07 secs] 
2013-04-22T23:28:37.192+0200: [GC [ParNew: 3040832K->337856K(3040832K), 1.4828550 secs] 15964966K->15950246K(30070848K), 1.4829160 secs] [Times: user=17.17 sys=2.07, real=1.48 secs] 
2013-04-22T23:28:39.630+0200: [GC [ParNew: 3040832K->337856K(3040832K), 1.0829090 secs] 18653222K->18681242K(30070848K), 1.0829670 secs] [Times: user=3.55 sys=10.47, real=1.08 secs] 
2013-04-22T23:28:41.588+0200: [GC [ParNew: 3040832K->337856K(3040832K), 1.1317820 secs] 21384218K->21372890K(30070848K), 1.1318390 secs] [Times: user=3.70 sys=10.62, real=1.13 secs] 
2013-04-22T23:28:53.122+0200: [GC [ParNew: 3040832K->337856K(3040832K), 1.3434220 secs] 24075866K->23504223K(30070848K), 1.3435230 secs] [Times: user=15.48 sys=1.73, real=1.34 secs] 
2013-04-22T23:29:54.783+0200: [GC [ParNew: 3040832K->337856K(3040832K), 0.2729940 secs] 26207199K->23783638K(30070848K), 0.2732230 secs] [Times: user=2.22 sys=0.88, real=0.28 secs] 
BROKEN RECORDS: 0
BROKEN RECORDS: 0
BROKEN RECORDS: 0
BROKEN RECORDS: 0
BROKEN RECORDS: 0
BROKEN RECORDS: 0
BROKEN RECORDS: 0
BROKEN RECORDS: 0
BROKEN RECORDS: 0
BROKEN RECORDS: 0
BROKEN RECORDS: 0
BROKEN RECORDS: 0
BROKEN RECORDS: 0
BROKEN RECORDS: 0
BROKEN RECORDS: 0
BROKEN RECORDS: 0
BROKEN RECORDS: 0
BROKEN RECORDS: 0
BROKEN RECORDS: 0
BROKEN RECORDS: 0
BROKEN RECORDS: 0
BROKEN RECORDS: 0
BROKEN RECORDS: 0
BROKEN RECORDS: 0
BROKEN RECORDS: 0
BROKEN RECORDS: 0
BROKEN RECORDS: 0
BROKEN RECORDS: 0
BROKEN RECORDS: 0
BROKEN RECORDS: 0
BROKEN RECORDS: 0
BROKEN RECORDS: 0
BROKEN RECORDS: 0
BROKEN RECORDS: 0
BROKEN RECORDS: 0
BROKEN RECORDS: 0
BROKEN RECORDS: 0
BROKEN RECORDS: 0
BROKEN RECORDS: 0
BROKEN RECORDS: 0
BROKEN RECORDS: 0
BROKEN RECORDS: 0
BROKEN RECORDS: 0
BROKEN RECORDS: 0
BROKEN RECORDS: 0
BROKEN RECORDS: 0
BROKEN RECORDS: 0
BROKEN RECORDS: 0
BROKEN RECORDS: 0
BROKEN RECORDS: 0
BROKEN RECORDS: 0
BROKEN RECORDS: 0
BROKEN RECORDS: 0
BROKEN RECORDS: 0
2013-04-22T23:35:00.166+0200: [GC [ParNew: 3040832K->185597K(3040832K), 0.1653170 secs] 26486614K->23851358K(30070848K), 0.1655480 secs] [Times: user=1.79 sys=0.31, real=0.17 secs] 
BROKEN RECORDS: 0
BROKEN RECORDS: 0
BROKEN RECORDS: 0
BROKEN RECORDS: 0
BROKEN RECORDS: 0
BROKEN RECORDS: 0
BROKEN RECORDS: 0
BROKEN RECORDS: 0
BROKEN RECORDS: 0
BROKEN RECORDS: 0
BROKEN RECORDS: 0
BROKEN RECORDS: 0
BROKEN RECORDS: 0
BROKEN RECORDS: 0
BROKEN RECORDS: 0
BROKEN RECORDS: 0
BROKEN RECORDS: 0
BROKEN RECORDS: 0
BROKEN RECORDS: 0
BROKEN RECORDS: 0
BROKEN RECORDS: 0
BROKEN RECORDS: 0
BROKEN RECORDS: 0
BROKEN RECORDS: 0
BROKEN RECORDS: 0
BROKEN RECORDS: 0
BROKEN RECORDS: 0
BROKEN RECORDS: 0
BROKEN RECORDS: 0
BROKEN RECORDS: 0
BROKEN RECORDS: 0
BROKEN RECORDS: 0
BROKEN RECORDS: 0
BROKEN RECORDS: 0
