2013-04-22T23:28:25.764+0200: [GC [ParNew: 2702976K->337856K(3040832K), 0.9412420 secs] 2702976K->2488852K(30070848K), 0.9413180 secs] [Times: user=2.20 sys=9.59, real=0.94 secs] 
2013-04-22T23:28:27.458+0200: [GC [ParNew: 3040832K->337856K(3040832K), 1.0528660 secs] 5191828K->5119179K(30070848K), 1.0529420 secs] [Times: user=2.77 sys=10.83, real=1.06 secs] 
2013-04-22T23:28:29.271+0200: [GC [ParNew: 3040832K->337856K(3040832K), 1.0791250 secs] 7822155K->7815070K(30070848K), 1.0791800 secs] [Times: user=3.75 sys=10.21, real=1.08 secs] 
2013-04-22T23:28:31.058+0200: [GC [ParNew: 3040832K->337856K(3040832K), 1.0136610 secs] 10518046K->10569823K(30070848K), 1.0137330 secs] [Times: user=3.26 sys=9.81, real=1.02 secs] 
2013-04-22T23:28:32.771+0200: [GC [ParNew: 3040832K->337856K(3040832K), 1.0929130 secs] 13272799K->13283754K(30070848K), 1.0929860 secs] [Times: user=4.04 sys=10.10, real=1.09 secs] 
2013-04-22T23:28:34.556+0200: [GC [ParNew: 3040832K->337856K(3040832K), 1.3721630 secs] 15986730K->15986962K(30070848K), 1.3722160 secs] [Times: user=15.92 sys=1.88, real=1.37 secs] 
2013-04-22T23:28:36.883+0200: [GC [ParNew: 3040832K->337856K(3040832K), 1.0841620 secs] 18689938K->18708066K(30070848K), 1.0842030 secs] [Times: user=4.48 sys=9.47, real=1.08 secs] 
2013-04-22T23:28:38.953+0200: [GC [ParNew: 3040832K->337856K(3040832K), 1.1660490 secs] 21411042K->21405284K(30070848K), 1.1660920 secs] [Times: user=4.90 sys=10.20, real=1.16 secs] 
2013-04-22T23:28:53.214+0200: [GC [ParNew: 3040832K->337856K(3040832K), 1.3853620 secs] 24108260K->23511036K(30070848K), 1.3854650 secs] [Times: user=16.18 sys=1.71, real=1.38 secs] 
2013-04-22T23:29:48.986+0200: [GC [ParNew: 3040117K->337856K(3040832K), 0.2308920 secs] 26213298K->23780045K(30070848K), 0.2311040 secs] [Times: user=2.34 sys=0.54, real=0.23 secs] 
BROKEN RECORDS: 0
BROKEN RECORDS: 0
BROKEN RECORDS: 0
BROKEN RECORDS: 0
BROKEN RECORDS: 0
BROKEN RECORDS: 0
BROKEN RECORDS: 0
BROKEN RECORDS: 0
BROKEN RECORDS: 0
BROKEN RECORDS: 0
BROKEN RECORDS: 0
BROKEN RECORDS: 0
BROKEN RECORDS: 0
BROKEN RECORDS: 0
BROKEN RECORDS: 0
BROKEN RECORDS: 0
BROKEN RECORDS: 0
BROKEN RECORDS: 0
BROKEN RECORDS: 0
BROKEN RECORDS: 0
BROKEN RECORDS: 0
BROKEN RECORDS: 0
BROKEN RECORDS: 0
BROKEN RECORDS: 0
2013-04-22T23:34:25.925+0200: [GC [ParNew: 3040832K->195180K(3040832K), 0.2166310 secs] 26483021K->23901871K(30070848K), 0.2168820 secs] [Times: user=1.79 sys=0.62, real=0.22 secs] 
BROKEN RECORDS: 0
BROKEN RECORDS: 0
BROKEN RECORDS: 0
BROKEN RECORDS: 0
BROKEN RECORDS: 0
BROKEN RECORDS: 0
BROKEN RECORDS: 0
BROKEN RECORDS: 0
BROKEN RECORDS: 0
BROKEN RECORDS: 0
BROKEN RECORDS: 0
BROKEN RECORDS: 0
BROKEN RECORDS: 0
BROKEN RECORDS: 0
BROKEN RECORDS: 0
BROKEN RECORDS: 0
BROKEN RECORDS: 0
BROKEN RECORDS: 0
BROKEN RECORDS: 0
BROKEN RECORDS: 0
BROKEN RECORDS: 0
BROKEN RECORDS: 0
BROKEN RECORDS: 0
BROKEN RECORDS: 0
BROKEN RECORDS: 0
BROKEN RECORDS: 0
BROKEN RECORDS: 0
BROKEN RECORDS: 0
BROKEN RECORDS: 0
BROKEN RECORDS: 0
BROKEN RECORDS: 0
BROKEN RECORDS: 0
BROKEN RECORDS: 0
BROKEN RECORDS: 0
BROKEN RECORDS: 0
BROKEN RECORDS: 0
BROKEN RECORDS: 0
BROKEN RECORDS: 0
BROKEN RECORDS: 0
BROKEN RECORDS: 0
BROKEN RECORDS: 0
BROKEN RECORDS: 0
BROKEN RECORDS: 0
BROKEN RECORDS: 0
BROKEN RECORDS: 0
BROKEN RECORDS: 0
BROKEN RECORDS: 0
BROKEN RECORDS: 0
BROKEN RECORDS: 0
BROKEN RECORDS: 0
BROKEN RECORDS: 0
BROKEN RECORDS: 0
BROKEN RECORDS: 0
BROKEN RECORDS: 0
BROKEN RECORDS: 0
BROKEN RECORDS: 0
BROKEN RECORDS: 0
BROKEN RECORDS: 0
BROKEN RECORDS: 0
BROKEN RECORDS: 0
BROKEN RECORDS: 0
BROKEN RECORDS: 0
BROKEN RECORDS: 0
BROKEN RECORDS: 0
