2013-04-22T23:28:26.604+0200: [GC [ParNew: 2702976K->337856K(3040832K), 0.9395610 secs] 2702976K->2487758K(30070848K), 0.9396340 secs] [Times: user=2.10 sys=9.87, real=0.94 secs] 
2013-04-22T23:28:28.562+0200: [GC [ParNew: 3040832K->337856K(3040832K), 1.0530820 secs] 5190734K->5117002K(30070848K), 1.0531540 secs] [Times: user=2.66 sys=10.81, real=1.06 secs] 
2013-04-22T23:28:30.635+0200: [GC [ParNew: 3040832K->337856K(3040832K), 1.0737390 secs] 7819978K->7806266K(30070848K), 1.0738100 secs] [Times: user=3.32 sys=10.57, real=1.07 secs] 
2013-04-22T23:28:32.697+0200: [GC [ParNew: 3040832K->337856K(3040832K), 1.0132530 secs] 10509242K->10505087K(30070848K), 1.0133250 secs] [Times: user=3.29 sys=9.74, real=1.01 secs] 
2013-04-22T23:28:34.717+0200: [GC [ParNew: 3040832K->337856K(3040832K), 1.1100580 secs] 13208063K->13218954K(30070848K), 1.1101330 secs] [Times: user=2.93 sys=11.46, real=1.11 secs] 
2013-04-22T23:28:36.802+0200: [GC [ParNew: 3040832K->337856K(3040832K), 1.4747610 secs] 15921930K->15918256K(30070848K), 1.4748350 secs] [Times: user=16.55 sys=2.59, real=1.48 secs] 
2013-04-22T23:28:39.266+0200: [GC [ParNew: 3040832K->337856K(3040832K), 1.0605090 secs] 18621232K->18637823K(30070848K), 1.0605820 secs] [Times: user=2.81 sys=10.88, real=1.07 secs] 
2013-04-22T23:28:41.300+0200: [GC [ParNew: 3040832K->337856K(3040832K), 1.1020790 secs] 21340799K->21325917K(30070848K), 1.1021530 secs] [Times: user=3.53 sys=10.73, real=1.11 secs] 
2013-04-22T23:28:53.148+0200: [GC [ParNew: 3040832K->337856K(3040832K), 1.5189690 secs] 24028893K->23471208K(30070848K), 1.5190800 secs] [Times: user=17.55 sys=2.12, real=1.52 secs] 
2013-04-22T23:29:26.498+0200: [GC [ParNew: 3034498K->337856K(3040832K), 0.3112050 secs] 26183659K->23782695K(30070848K), 0.3114660 secs] [Times: user=2.51 sys=0.83, real=0.31 secs] 
BROKEN RECORDS: 0
BROKEN RECORDS: 0
BROKEN RECORDS: 0
BROKEN RECORDS: 0
BROKEN RECORDS: 0
BROKEN RECORDS: 0
BROKEN RECORDS: 0
BROKEN RECORDS: 0
BROKEN RECORDS: 0
BROKEN RECORDS: 0
BROKEN RECORDS: 0
BROKEN RECORDS: 0
BROKEN RECORDS: 0
BROKEN RECORDS: 0
BROKEN RECORDS: 0
BROKEN RECORDS: 0
2013-04-22T23:33:55.938+0200: [GC [ParNew: 3040832K->337856K(3040832K), 0.2539270 secs] 26485671K->24009530K(30070848K), 0.2541310 secs] [Times: user=2.52 sys=0.45, real=0.25 secs] 
BROKEN RECORDS: 0
BROKEN RECORDS: 0
BROKEN RECORDS: 0
BROKEN RECORDS: 0
BROKEN RECORDS: 0
BROKEN RECORDS: 0
BROKEN RECORDS: 0
BROKEN RECORDS: 0
BROKEN RECORDS: 0
BROKEN RECORDS: 0
BROKEN RECORDS: 0
BROKEN RECORDS: 0
BROKEN RECORDS: 0
BROKEN RECORDS: 0
BROKEN RECORDS: 0
BROKEN RECORDS: 0
BROKEN RECORDS: 0
BROKEN RECORDS: 0
BROKEN RECORDS: 0
BROKEN RECORDS: 0
BROKEN RECORDS: 0
BROKEN RECORDS: 0
BROKEN RECORDS: 0
BROKEN RECORDS: 0
BROKEN RECORDS: 0
BROKEN RECORDS: 0
BROKEN RECORDS: 0
BROKEN RECORDS: 0
BROKEN RECORDS: 0
BROKEN RECORDS: 0
BROKEN RECORDS: 0
BROKEN RECORDS: 0
BROKEN RECORDS: 0
BROKEN RECORDS: 0
BROKEN RECORDS: 0
BROKEN RECORDS: 0
BROKEN RECORDS: 0
BROKEN RECORDS: 0
BROKEN RECORDS: 0
BROKEN RECORDS: 0
BROKEN RECORDS: 0
BROKEN RECORDS: 0
BROKEN RECORDS: 0
BROKEN RECORDS: 0
BROKEN RECORDS: 0
BROKEN RECORDS: 0
BROKEN RECORDS: 0
BROKEN RECORDS: 0
BROKEN RECORDS: 0
BROKEN RECORDS: 0
BROKEN RECORDS: 0
BROKEN RECORDS: 0
BROKEN RECORDS: 0
BROKEN RECORDS: 0
BROKEN RECORDS: 0
BROKEN RECORDS: 0
BROKEN RECORDS: 0
BROKEN RECORDS: 0
BROKEN RECORDS: 0
BROKEN RECORDS: 0
BROKEN RECORDS: 0
BROKEN RECORDS: 0
BROKEN RECORDS: 0
BROKEN RECORDS: 0
BROKEN RECORDS: 0
BROKEN RECORDS: 0
BROKEN RECORDS: 0
BROKEN RECORDS: 0
BROKEN RECORDS: 0
BROKEN RECORDS: 0
BROKEN RECORDS: 0
BROKEN RECORDS: 0
