2013-04-22T23:28:27.014+0200: [GC [ParNew: 2702976K->337856K(3040832K), 0.9278040 secs] 2702976K->2487957K(30070848K), 0.9278760 secs] [Times: user=2.13 sys=9.50, real=0.93 secs] 
2013-04-22T23:28:28.707+0200: [GC [ParNew: 3040832K->337856K(3040832K), 1.0527500 secs] 5190933K->5117747K(30070848K), 1.0528060 secs] [Times: user=2.75 sys=10.83, real=1.05 secs] 
2013-04-22T23:28:30.524+0200: [GC [ParNew: 3040832K->337856K(3040832K), 1.0687110 secs] 7820723K->7809572K(30070848K), 1.0687680 secs] [Times: user=3.33 sys=10.49, real=1.06 secs] 
2013-04-22T23:28:32.305+0200: [GC [ParNew: 3040832K->337856K(3040832K), 1.0329980 secs] 10512548K->10552479K(30070848K), 1.0330440 secs] [Times: user=3.15 sys=10.22, real=1.03 secs] 
2013-04-22T23:28:34.056+0200: [GC [ParNew: 3040832K->337856K(3040832K), 1.0844120 secs] 13255455K->13265001K(30070848K), 1.0844660 secs] [Times: user=3.29 sys=10.76, real=1.08 secs] 
2013-04-22T23:28:35.845+0200: [GC [ParNew: 3040832K->337856K(3040832K), 1.3355030 secs] 15967977K->15927741K(30070848K), 1.3355420 secs] [Times: user=15.15 sys=2.09, real=1.33 secs] 
2013-04-22T23:28:37.903+0200: [GC [ParNew: 3040832K->337856K(3040832K), 1.0552550 secs] 18630717K->18701895K(30070848K), 1.0553230 secs] [Times: user=3.55 sys=10.11, real=1.05 secs] 
2013-04-22T23:28:39.662+0200: [GC [ParNew: 3040832K->337856K(3040832K), 1.1368760 secs] 21404871K->21415313K(30070848K), 1.1369440 secs] [Times: user=3.42 sys=11.29, real=1.14 secs] 
2013-04-22T23:28:53.154+0200: [GC [ParNew: 3040832K->337856K(3040832K), 1.3319370 secs] 24118289K->23525996K(30070848K), 1.3320430 secs] [Times: user=15.45 sys=1.80, real=1.33 secs] 
2013-04-22T23:29:23.225+0200: [GC [ParNew: 3040832K->337856K(3040832K), 0.3871380 secs] 26294510K->23965262K(30070848K), 0.3874000 secs] [Times: user=2.46 sys=1.41, real=0.39 secs] 
2013-04-22T23:29:23.614+0200: [GC [ParNew: 345578K->22346K(3040832K), 0.2823010 secs] 23972985K->24020596K(30070848K), 0.2826320 secs] [Times: user=2.33 sys=0.91, real=0.28 secs] 
BROKEN RECORDS: 0
BROKEN RECORDS: 0
BROKEN RECORDS: 0
BROKEN RECORDS: 0
BROKEN RECORDS: 0
BROKEN RECORDS: 0
BROKEN RECORDS: 0
2013-04-22T23:31:09.226+0200: [GC [ParNew: 2718630K->337856K(3040832K), 0.3003030 secs] 26716880K->24744457K(30070848K), 0.3005250 secs] [Times: user=2.81 sys=0.81, real=0.30 secs] 
BROKEN RECORDS: 0
BROKEN RECORDS: 0
BROKEN RECORDS: 0
BROKEN RECORDS: 0
BROKEN RECORDS: 0
BROKEN RECORDS: 0
BROKEN RECORDS: 0
BROKEN RECORDS: 0
BROKEN RECORDS: 0
BROKEN RECORDS: 0
BROKEN RECORDS: 0
BROKEN RECORDS: 0
BROKEN RECORDS: 0
BROKEN RECORDS: 0
BROKEN RECORDS: 0
BROKEN RECORDS: 0
BROKEN RECORDS: 0
BROKEN RECORDS: 0
BROKEN RECORDS: 0
BROKEN RECORDS: 0
BROKEN RECORDS: 0
BROKEN RECORDS: 0
BROKEN RECORDS: 0
BROKEN RECORDS: 0
BROKEN RECORDS: 0
BROKEN RECORDS: 0
BROKEN RECORDS: 0
BROKEN RECORDS: 0
BROKEN RECORDS: 0
BROKEN RECORDS: 0
BROKEN RECORDS: 0
BROKEN RECORDS: 0
BROKEN RECORDS: 0
BROKEN RECORDS: 0
BROKEN RECORDS: 0
BROKEN RECORDS: 0
BROKEN RECORDS: 0
BROKEN RECORDS: 0
BROKEN RECORDS: 0
BROKEN RECORDS: 0
BROKEN RECORDS: 0
BROKEN RECORDS: 0
BROKEN RECORDS: 0
BROKEN RECORDS: 0
BROKEN RECORDS: 0
BROKEN RECORDS: 0
BROKEN RECORDS: 0
BROKEN RECORDS: 0
BROKEN RECORDS: 0
BROKEN RECORDS: 0
BROKEN RECORDS: 0
BROKEN RECORDS: 0
BROKEN RECORDS: 0
BROKEN RECORDS: 0
BROKEN RECORDS: 0
BROKEN RECORDS: 0
BROKEN RECORDS: 0
BROKEN RECORDS: 0
BROKEN RECORDS: 0
BROKEN RECORDS: 0
BROKEN RECORDS: 0
BROKEN RECORDS: 0
BROKEN RECORDS: 0
BROKEN RECORDS: 0
BROKEN RECORDS: 0
BROKEN RECORDS: 0
BROKEN RECORDS: 0
BROKEN RECORDS: 0
BROKEN RECORDS: 0
BROKEN RECORDS: 0
BROKEN RECORDS: 0
BROKEN RECORDS: 0
BROKEN RECORDS: 0
2013-04-22T23:35:02.931+0200: [GC [ParNew: 3040832K->3040832K(3040832K), 0.0000270 secs][Tenured: 24406601K->24654788K(27030016K), 2.4652810 secs] 27447433K->24654788K(30070848K), [Perm : 12822K->12822K(21248K)], 2.4654860 secs] [Times: user=2.33 sys=0.14, real=2.46 secs] 
BROKEN RECORDS: 0
BROKEN RECORDS: 0
BROKEN RECORDS: 0
BROKEN RECORDS: 0
BROKEN RECORDS: 0
BROKEN RECORDS: 0
BROKEN RECORDS: 0
BROKEN RECORDS: 0
