2013-04-22T23:28:27.579+0200: [GC [ParNew: 2702976K->337855K(3040832K), 0.9314690 secs] 2702976K->2490104K(30070848K), 0.9315430 secs] [Times: user=2.09 sys=9.69, real=0.93 secs] 
2013-04-22T23:28:29.287+0200: [GC [ParNew: 3040831K->337856K(3040832K), 1.0611630 secs] 5193080K->5125591K(30070848K), 1.0612380 secs] [Times: user=2.74 sys=10.92, real=1.06 secs] 
2013-04-22T23:28:31.103+0200: [GC [ParNew: 3040832K->337856K(3040832K), 1.0375810 secs] 7828567K->7819785K(30070848K), 1.0376370 secs] [Times: user=2.93 sys=10.34, real=1.04 secs] 
2013-04-22T23:28:32.852+0200: [GC [ParNew: 3040832K->337856K(3040832K), 0.9994670 secs] 10522761K->10532341K(30070848K), 0.9995250 secs] [Times: user=3.14 sys=9.80, real=1.00 secs] 
2013-04-22T23:28:34.568+0200: [GC [ParNew: 3040832K->337856K(3040832K), 1.0858560 secs] 13235317K->13263145K(30070848K), 1.0859010 secs] [Times: user=3.31 sys=10.74, real=1.09 secs] 
2013-04-22T23:28:36.377+0200: [GC [ParNew: 3040832K->337856K(3040832K), 1.4030310 secs] 15966121K->16011494K(30070848K), 1.4031010 secs] [Times: user=15.92 sys=2.10, real=1.40 secs] 
2013-04-22T23:28:38.494+0200: [GC [ParNew: 3040832K->337856K(3040832K), 1.0515930 secs] 18714470K->18724114K(30070848K), 1.0516450 secs] [Times: user=3.19 sys=10.42, real=1.05 secs] 
2013-04-22T23:28:40.259+0200: [GC [ParNew: 3040832K->337856K(3040832K), 1.1360550 secs] 21427090K->21418931K(30070848K), 1.1361250 secs] [Times: user=3.24 sys=11.45, real=1.14 secs] 
2013-04-22T23:28:53.213+0200: [GC [ParNew: 3040832K->337856K(3040832K), 1.6064700 secs] 24121907K->23493052K(30070848K), 1.6065460 secs] [Times: user=18.70 sys=1.99, real=1.60 secs] 
2013-04-22T23:29:37.294+0200: [GC [ParNew: 3035732K->337856K(3040832K), 0.3298230 secs] 26190929K->23868905K(30070848K), 0.3299990 secs] [Times: user=2.09 sys=1.46, real=0.33 secs] 
BROKEN RECORDS: 0
BROKEN RECORDS: 0
BROKEN RECORDS: 0
BROKEN RECORDS: 0
BROKEN RECORDS: 0
BROKEN RECORDS: 0
BROKEN RECORDS: 0
BROKEN RECORDS: 0
BROKEN RECORDS: 0
BROKEN RECORDS: 0
BROKEN RECORDS: 0
BROKEN RECORDS: 0
BROKEN RECORDS: 0
BROKEN RECORDS: 0
BROKEN RECORDS: 0
BROKEN RECORDS: 0
BROKEN RECORDS: 0
BROKEN RECORDS: 0
BROKEN RECORDS: 0
BROKEN RECORDS: 0
BROKEN RECORDS: 0
BROKEN RECORDS: 0
BROKEN RECORDS: 0
BROKEN RECORDS: 0
BROKEN RECORDS: 0
2013-04-22T23:34:53.283+0200: [GC [ParNew: 3040832K->286291K(3040832K), 0.1592390 secs] 26571881K->24076077K(30070848K), 0.1594100 secs] [Times: user=1.61 sys=0.41, real=0.16 secs] 
BROKEN RECORDS: 0
BROKEN RECORDS: 0
BROKEN RECORDS: 0
BROKEN RECORDS: 0
BROKEN RECORDS: 0
BROKEN RECORDS: 0
BROKEN RECORDS: 0
BROKEN RECORDS: 0
BROKEN RECORDS: 0
BROKEN RECORDS: 0
BROKEN RECORDS: 0
BROKEN RECORDS: 0
BROKEN RECORDS: 0
BROKEN RECORDS: 0
BROKEN RECORDS: 0
BROKEN RECORDS: 0
BROKEN RECORDS: 0
BROKEN RECORDS: 0
BROKEN RECORDS: 0
BROKEN RECORDS: 0
BROKEN RECORDS: 0
BROKEN RECORDS: 0
BROKEN RECORDS: 0
BROKEN RECORDS: 0
BROKEN RECORDS: 0
BROKEN RECORDS: 0
BROKEN RECORDS: 0
BROKEN RECORDS: 0
BROKEN RECORDS: 0
BROKEN RECORDS: 0
BROKEN RECORDS: 0
BROKEN RECORDS: 0
BROKEN RECORDS: 0
BROKEN RECORDS: 0
BROKEN RECORDS: 0
BROKEN RECORDS: 0
BROKEN RECORDS: 0
BROKEN RECORDS: 0
BROKEN RECORDS: 0
BROKEN RECORDS: 0
BROKEN RECORDS: 0
BROKEN RECORDS: 0
BROKEN RECORDS: 0
BROKEN RECORDS: 0
BROKEN RECORDS: 0
BROKEN RECORDS: 0
BROKEN RECORDS: 0
BROKEN RECORDS: 0
BROKEN RECORDS: 0
BROKEN RECORDS: 0
BROKEN RECORDS: 0
BROKEN RECORDS: 0
BROKEN RECORDS: 0
BROKEN RECORDS: 0
BROKEN RECORDS: 0
BROKEN RECORDS: 0
BROKEN RECORDS: 0
BROKEN RECORDS: 0
BROKEN RECORDS: 0
BROKEN RECORDS: 0
BROKEN RECORDS: 0
BROKEN RECORDS: 0
BROKEN RECORDS: 0
