2013-04-22T23:28:27.221+0200: [GC [ParNew: 2702976K->337856K(3040832K), 0.9217580 secs] 2702976K->2485074K(30070848K), 0.9218320 secs] [Times: user=2.07 sys=9.57, real=0.92 secs] 
2013-04-22T23:28:28.907+0200: [GC [ParNew: 3040832K->337856K(3040832K), 1.0477650 secs] 5188050K->5115407K(30070848K), 1.0478110 secs] [Times: user=3.02 sys=10.49, real=1.04 secs] 
2013-04-22T23:28:30.726+0200: [GC [ParNew: 3040832K->337856K(3040832K), 1.0311420 secs] 7818383K->7811619K(30070848K), 1.0311950 secs] [Times: user=2.98 sys=10.05, real=1.02 secs] 
2013-04-22T23:28:32.460+0200: [GC [ParNew: 3040832K->337856K(3040832K), 1.0424680 secs] 10514595K->10538389K(30070848K), 1.0425130 secs] [Times: user=3.40 sys=10.11, real=1.04 secs] 
2013-04-22T23:28:34.206+0200: [GC [ParNew: 3040832K->337856K(3040832K), 1.0726970 secs] 13241365K->13240155K(30070848K), 1.0727430 secs] [Times: user=3.30 sys=10.59, real=1.07 secs] 
2013-04-22T23:28:35.972+0200: [GC [ParNew: 3040832K->337856K(3040832K), 1.4538690 secs] 15943131K->15940545K(30070848K), 1.4539350 secs] [Times: user=16.44 sys=2.25, real=1.46 secs] 
2013-04-22T23:28:38.130+0200: [GC [ParNew: 3040832K->337856K(3040832K), 1.0214700 secs] 18643521K->18670389K(30070848K), 1.0215420 secs] [Times: user=3.32 sys=9.91, real=1.02 secs] 
2013-04-22T23:28:39.854+0200: [GC [ParNew: 3040832K->337856K(3040832K), 1.1240120 secs] 21373365K->21397638K(30070848K), 1.1240850 secs] [Times: user=3.24 sys=11.32, real=1.13 secs] 
2013-04-22T23:28:53.226+0200: [GC [ParNew: 3040832K->337856K(3040832K), 1.5160260 secs] 24100614K->23519174K(30070848K), 1.5161100 secs] [Times: user=17.63 sys=1.92, real=1.51 secs] 
2013-04-22T23:29:36.774+0200: [GC [ParNew: 3036231K->337856K(3040832K), 0.2517380 secs] 26217550K->23753937K(30070848K), 0.2519560 secs] [Times: user=2.28 sys=0.69, real=0.25 secs] 
BROKEN RECORDS: 0
BROKEN RECORDS: 0
BROKEN RECORDS: 0
BROKEN RECORDS: 0
BROKEN RECORDS: 0
BROKEN RECORDS: 0
BROKEN RECORDS: 0
BROKEN RECORDS: 0
BROKEN RECORDS: 0
BROKEN RECORDS: 0
BROKEN RECORDS: 0
BROKEN RECORDS: 0
BROKEN RECORDS: 0
BROKEN RECORDS: 0
BROKEN RECORDS: 0
BROKEN RECORDS: 0
2013-04-22T23:33:22.626+0200: [GC [ParNew: 3040832K->291704K(3040832K), 0.1491890 secs] 26456913K->23909074K(30070848K), 0.1493860 secs] [Times: user=1.61 sys=0.30, real=0.15 secs] 
BROKEN RECORDS: 0
BROKEN RECORDS: 0
BROKEN RECORDS: 0
BROKEN RECORDS: 0
BROKEN RECORDS: 0
BROKEN RECORDS: 0
BROKEN RECORDS: 0
BROKEN RECORDS: 0
BROKEN RECORDS: 0
BROKEN RECORDS: 0
BROKEN RECORDS: 0
BROKEN RECORDS: 0
BROKEN RECORDS: 0
BROKEN RECORDS: 0
BROKEN RECORDS: 0
BROKEN RECORDS: 0
BROKEN RECORDS: 0
BROKEN RECORDS: 0
BROKEN RECORDS: 0
BROKEN RECORDS: 0
BROKEN RECORDS: 0
BROKEN RECORDS: 0
BROKEN RECORDS: 0
BROKEN RECORDS: 0
BROKEN RECORDS: 0
BROKEN RECORDS: 0
BROKEN RECORDS: 0
BROKEN RECORDS: 0
BROKEN RECORDS: 0
BROKEN RECORDS: 0
BROKEN RECORDS: 0
BROKEN RECORDS: 0
BROKEN RECORDS: 0
BROKEN RECORDS: 0
BROKEN RECORDS: 0
BROKEN RECORDS: 0
BROKEN RECORDS: 0
BROKEN RECORDS: 0
BROKEN RECORDS: 0
BROKEN RECORDS: 0
BROKEN RECORDS: 0
BROKEN RECORDS: 0
BROKEN RECORDS: 0
BROKEN RECORDS: 0
BROKEN RECORDS: 0
BROKEN RECORDS: 0
BROKEN RECORDS: 0
BROKEN RECORDS: 0
BROKEN RECORDS: 0
BROKEN RECORDS: 0
BROKEN RECORDS: 0
BROKEN RECORDS: 0
BROKEN RECORDS: 0
BROKEN RECORDS: 0
BROKEN RECORDS: 0
BROKEN RECORDS: 0
BROKEN RECORDS: 0
BROKEN RECORDS: 0
BROKEN RECORDS: 0
BROKEN RECORDS: 0
BROKEN RECORDS: 0
BROKEN RECORDS: 0
BROKEN RECORDS: 0
BROKEN RECORDS: 0
BROKEN RECORDS: 0
BROKEN RECORDS: 0
BROKEN RECORDS: 0
BROKEN RECORDS: 0
BROKEN RECORDS: 0
BROKEN RECORDS: 0
BROKEN RECORDS: 0
BROKEN RECORDS: 0
