2013-04-22T23:28:24.692+0200: [GC [ParNew: 2702976K->337856K(3040832K), 0.9561390 secs] 2702976K->2482593K(30070848K), 0.9562440 secs] [Times: user=2.11 sys=10.04, real=0.96 secs] 
2013-04-22T23:28:26.412+0200: [GC [ParNew: 3040832K->337856K(3040832K), 1.0636540 secs] 5185569K->5124278K(30070848K), 1.0637440 secs] [Times: user=2.86 sys=10.66, real=1.06 secs] 
2013-04-22T23:28:28.231+0200: [GC [ParNew: 3040832K->337856K(3040832K), 1.0834280 secs] 7827254K->7812549K(30070848K), 1.0835080 secs] [Times: user=3.56 sys=10.40, real=1.08 secs] 
2013-04-22T23:28:30.028+0200: [GC [ParNew: 3040832K->337856K(3040832K), 1.0276560 secs] 10515525K->10568711K(30070848K), 1.0277340 secs] [Times: user=3.40 sys=9.88, real=1.02 secs] 
2013-04-22T23:28:31.765+0200: [GC [ParNew: 3040832K->337856K(3040832K), 1.1063940 secs] 13271687K->13279376K(30070848K), 1.1064710 secs] [Times: user=3.11 sys=11.02, real=1.11 secs] 
2013-04-22T23:28:33.576+0200: [GC [ParNew: 3040832K->337856K(3040832K), 1.3753620 secs] 15982352K->15978038K(30070848K), 1.3754390 secs] [Times: user=15.68 sys=2.10, real=1.37 secs] 
2013-04-22T23:28:35.646+0200: [GC [ParNew: 3040832K->337856K(3040832K), 1.0881250 secs] 18681014K->18716398K(30070848K), 1.0882160 secs] [Times: user=2.84 sys=11.23, real=1.09 secs] 
2013-04-22T23:28:37.430+0200: [GC [ParNew: 3040832K->337856K(3040832K), 1.1345140 secs] 21419374K->21400042K(30070848K), 1.1345920 secs] [Times: user=3.59 sys=10.89, real=1.13 secs] 
2013-04-22T23:28:53.165+0200: [GC [ParNew: 3040832K->337856K(3040832K), 1.5424680 secs] 24103018K->23509412K(30070848K), 1.5425850 secs] [Times: user=17.85 sys=2.11, real=1.54 secs] 
2013-04-22T23:29:23.958+0200: [GC [ParNew: 3036055K->337856K(3040832K), 0.3646410 secs] 26207611K->23846474K(30070848K), 0.3647810 secs] [Times: user=3.38 sys=0.83, real=0.37 secs] 
BROKEN RECORDS: 0
BROKEN RECORDS: 0
BROKEN RECORDS: 0
BROKEN RECORDS: 0
BROKEN RECORDS: 0
BROKEN RECORDS: 0
BROKEN RECORDS: 0
BROKEN RECORDS: 0
BROKEN RECORDS: 0
BROKEN RECORDS: 0
BROKEN RECORDS: 0
BROKEN RECORDS: 0
BROKEN RECORDS: 0
BROKEN RECORDS: 0
BROKEN RECORDS: 0
BROKEN RECORDS: 0
2013-04-22T23:32:55.629+0200: [GC [ParNew: 3040832K->330152K(3040832K), 0.2421740 secs] 26549450K->24074779K(30070848K), 0.2424560 secs] [Times: user=2.61 sys=0.37, real=0.25 secs] 
BROKEN RECORDS: 0
BROKEN RECORDS: 0
BROKEN RECORDS: 0
BROKEN RECORDS: 0
BROKEN RECORDS: 0
BROKEN RECORDS: 0
BROKEN RECORDS: 0
BROKEN RECORDS: 0
BROKEN RECORDS: 0
BROKEN RECORDS: 0
BROKEN RECORDS: 0
BROKEN RECORDS: 0
BROKEN RECORDS: 0
BROKEN RECORDS: 0
BROKEN RECORDS: 0
BROKEN RECORDS: 0
BROKEN RECORDS: 0
BROKEN RECORDS: 0
BROKEN RECORDS: 0
BROKEN RECORDS: 0
BROKEN RECORDS: 0
BROKEN RECORDS: 0
BROKEN RECORDS: 0
BROKEN RECORDS: 0
BROKEN RECORDS: 0
BROKEN RECORDS: 0
BROKEN RECORDS: 0
BROKEN RECORDS: 0
BROKEN RECORDS: 0
BROKEN RECORDS: 0
BROKEN RECORDS: 0
BROKEN RECORDS: 0
BROKEN RECORDS: 0
BROKEN RECORDS: 0
BROKEN RECORDS: 0
BROKEN RECORDS: 0
BROKEN RECORDS: 0
BROKEN RECORDS: 0
BROKEN RECORDS: 0
BROKEN RECORDS: 0
BROKEN RECORDS: 0
BROKEN RECORDS: 0
BROKEN RECORDS: 0
BROKEN RECORDS: 0
BROKEN RECORDS: 0
BROKEN RECORDS: 0
BROKEN RECORDS: 0
BROKEN RECORDS: 0
BROKEN RECORDS: 0
BROKEN RECORDS: 0
BROKEN RECORDS: 0
BROKEN RECORDS: 0
BROKEN RECORDS: 0
BROKEN RECORDS: 0
BROKEN RECORDS: 0
BROKEN RECORDS: 0
BROKEN RECORDS: 0
BROKEN RECORDS: 0
BROKEN RECORDS: 0
BROKEN RECORDS: 0
BROKEN RECORDS: 0
BROKEN RECORDS: 0
BROKEN RECORDS: 0
BROKEN RECORDS: 0
BROKEN RECORDS: 0
BROKEN RECORDS: 0
BROKEN RECORDS: 0
BROKEN RECORDS: 0
BROKEN RECORDS: 0
BROKEN RECORDS: 0
BROKEN RECORDS: 0
BROKEN RECORDS: 0
