2013-04-22T23:28:25.340+0200: [GC [ParNew: 2702976K->337856K(3040832K), 0.9446500 secs] 2702976K->2487860K(30070848K), 0.9447410 secs] [Times: user=2.42 sys=9.55, real=0.94 secs] 
2013-04-22T23:28:27.061+0200: [GC [ParNew: 3040832K->337856K(3040832K), 1.0720970 secs] 5190836K->5121841K(30070848K), 1.0721540 secs] [Times: user=2.88 sys=10.94, real=1.08 secs] 
2013-04-22T23:28:28.879+0200: [GC [ParNew: 3040832K->337856K(3040832K), 1.0850720 secs] 7824817K->7813634K(30070848K), 1.0851560 secs] [Times: user=3.33 sys=10.67, real=1.08 secs] 
2013-04-22T23:28:30.688+0200: [GC [ParNew: 3040832K->337856K(3040832K), 1.0656610 secs] 10516610K->10555100K(30070848K), 1.0657480 secs] [Times: user=3.41 sys=10.35, real=1.07 secs] 
2013-04-22T23:28:32.475+0200: [GC [ParNew: 3040832K->337856K(3040832K), 1.1392560 secs] 13258076K->13283983K(30070848K), 1.1393310 secs] [Times: user=3.12 sys=11.63, real=1.14 secs] 
2013-04-22T23:28:34.331+0200: [GC [ParNew: 3040832K->337856K(3040832K), 1.4893230 secs] 15986959K->15978770K(30070848K), 1.4894060 secs] [Times: user=16.93 sys=2.32, real=1.49 secs] 
2013-04-22T23:28:36.527+0200: [GC [ParNew: 3040832K->337856K(3040832K), 1.0956360 secs] 18681746K->18689885K(30070848K), 1.0957130 secs] [Times: user=3.17 sys=11.01, real=1.09 secs] 
2013-04-22T23:28:38.318+0200: [GC [ParNew: 3040832K->337856K(3040832K), 1.1527970 secs] 21392861K->21389761K(30070848K), 1.1528750 secs] [Times: user=3.66 sys=11.26, real=1.15 secs] 
2013-04-22T23:28:53.232+0200: [GC [ParNew: 3040832K->337856K(3040832K), 1.2682170 secs] 24092737K->23528489K(30070848K), 1.2683340 secs] [Times: user=14.56 sys=1.85, real=1.27 secs] 
2013-04-22T23:29:39.602+0200: [GC [ParNew: 3040832K->337856K(3040832K), 0.3272360 secs] 26231465K->23871338K(30070848K), 0.3274530 secs] [Times: user=2.66 sys=1.12, real=0.33 secs] 
BROKEN RECORDS: 0
BROKEN RECORDS: 0
BROKEN RECORDS: 0
BROKEN RECORDS: 0
BROKEN RECORDS: 0
BROKEN RECORDS: 0
BROKEN RECORDS: 0
BROKEN RECORDS: 0
BROKEN RECORDS: 0
BROKEN RECORDS: 0
BROKEN RECORDS: 0
BROKEN RECORDS: 0
BROKEN RECORDS: 0
BROKEN RECORDS: 0
BROKEN RECORDS: 0
BROKEN RECORDS: 0
2013-04-22T23:33:37.714+0200: [GC [ParNew: 3040832K->327192K(3040832K), 0.2474140 secs] 26574314K->24066179K(30070848K), 0.2476240 secs] [Times: user=2.07 sys=0.45, real=0.25 secs] 
BROKEN RECORDS: 0
BROKEN RECORDS: 0
BROKEN RECORDS: 0
BROKEN RECORDS: 0
BROKEN RECORDS: 0
BROKEN RECORDS: 0
BROKEN RECORDS: 0
BROKEN RECORDS: 0
BROKEN RECORDS: 0
BROKEN RECORDS: 0
BROKEN RECORDS: 0
BROKEN RECORDS: 0
BROKEN RECORDS: 0
BROKEN RECORDS: 0
BROKEN RECORDS: 0
BROKEN RECORDS: 0
BROKEN RECORDS: 0
BROKEN RECORDS: 0
BROKEN RECORDS: 0
BROKEN RECORDS: 0
BROKEN RECORDS: 0
BROKEN RECORDS: 0
BROKEN RECORDS: 0
BROKEN RECORDS: 0
BROKEN RECORDS: 0
BROKEN RECORDS: 0
BROKEN RECORDS: 0
BROKEN RECORDS: 0
BROKEN RECORDS: 0
BROKEN RECORDS: 0
BROKEN RECORDS: 0
BROKEN RECORDS: 0
BROKEN RECORDS: 0
BROKEN RECORDS: 0
BROKEN RECORDS: 0
BROKEN RECORDS: 0
BROKEN RECORDS: 0
BROKEN RECORDS: 0
BROKEN RECORDS: 0
BROKEN RECORDS: 0
BROKEN RECORDS: 0
BROKEN RECORDS: 0
BROKEN RECORDS: 0
BROKEN RECORDS: 0
BROKEN RECORDS: 0
BROKEN RECORDS: 0
BROKEN RECORDS: 0
BROKEN RECORDS: 0
BROKEN RECORDS: 0
BROKEN RECORDS: 0
BROKEN RECORDS: 0
BROKEN RECORDS: 0
BROKEN RECORDS: 0
BROKEN RECORDS: 0
BROKEN RECORDS: 0
BROKEN RECORDS: 0
BROKEN RECORDS: 0
BROKEN RECORDS: 0
BROKEN RECORDS: 0
BROKEN RECORDS: 0
BROKEN RECORDS: 0
BROKEN RECORDS: 0
BROKEN RECORDS: 0
BROKEN RECORDS: 0
BROKEN RECORDS: 0
BROKEN RECORDS: 0
BROKEN RECORDS: 0
BROKEN RECORDS: 0
BROKEN RECORDS: 0
BROKEN RECORDS: 0
BROKEN RECORDS: 0
BROKEN RECORDS: 0
