2013-04-22T23:28:26.752+0200: [GC [ParNew: 2702976K->337855K(3040832K), 0.9509830 secs] 2702976K->2487534K(30070848K), 0.9510550 secs] [Times: user=2.08 sys=10.00, real=0.95 secs] 
2013-04-22T23:28:28.468+0200: [GC [ParNew: 3040831K->337856K(3040832K), 1.0595560 secs] 5190510K->5122479K(30070848K), 1.0596210 secs] [Times: user=2.83 sys=10.84, real=1.06 secs] 
2013-04-22T23:28:30.266+0200: [GC [ParNew: 3040832K->337856K(3040832K), 1.0620670 secs] 7825455K->7818018K(30070848K), 1.0621370 secs] [Times: user=3.45 sys=10.11, real=1.06 secs] 
2013-04-22T23:28:32.036+0200: [GC [ParNew: 3040832K->337856K(3040832K), 1.0257840 secs] 10520994K->10570914K(30070848K), 1.0258540 secs] [Times: user=3.00 sys=10.22, real=1.03 secs] 
2013-04-22T23:28:33.976+0200: [GC [ParNew: 3040832K->337856K(3040832K), 1.0900600 secs] 13273890K->13275977K(30070848K), 1.0901260 secs] [Times: user=3.48 sys=10.63, real=1.09 secs] 
2013-04-22T23:28:36.052+0200: [GC [ParNew: 3040832K->337856K(3040832K), 1.4480360 secs] 15978953K->15960679K(30070848K), 1.4480860 secs] [Times: user=16.33 sys=2.45, real=1.44 secs] 
2013-04-22T23:28:38.477+0200: [GC [ParNew: 3040832K->337856K(3040832K), 1.0838130 secs] 18663655K->18713383K(30070848K), 1.0838790 secs] [Times: user=2.92 sys=11.08, real=1.08 secs] 
2013-04-22T23:28:40.527+0200: [GC [ParNew: 3040832K->337856K(3040832K), 1.1106890 secs] 21416359K->21408264K(30070848K), 1.1107340 secs] [Times: user=3.18 sys=11.07, real=1.11 secs] 
2013-04-22T23:28:53.124+0200: [GC [ParNew: 3040832K->337856K(3040832K), 1.5049910 secs] 24111240K->23500698K(30070848K), 1.5050920 secs] [Times: user=17.57 sys=1.91, real=1.50 secs] 
2013-04-22T23:29:35.035+0200: [GC [ParNew: 3040832K->337856K(3040832K), 0.2515320 secs] 26203674K->23878409K(30070848K), 0.2517030 secs] [Times: user=2.42 sys=0.74, real=0.26 secs] 
BROKEN RECORDS: 0
BROKEN RECORDS: 0
BROKEN RECORDS: 0
BROKEN RECORDS: 0
BROKEN RECORDS: 0
BROKEN RECORDS: 0
BROKEN RECORDS: 0
BROKEN RECORDS: 0
BROKEN RECORDS: 0
BROKEN RECORDS: 0
BROKEN RECORDS: 0
BROKEN RECORDS: 0
BROKEN RECORDS: 0
BROKEN RECORDS: 0
BROKEN RECORDS: 0
BROKEN RECORDS: 0
2013-04-22T23:32:55.922+0200: [GC [ParNew: 3040832K->337856K(3040832K), 0.2470740 secs] 26581385K->24164560K(30070848K), 0.2474530 secs] [Times: user=2.53 sys=0.47, real=0.25 secs] 
BROKEN RECORDS: 0
BROKEN RECORDS: 0
BROKEN RECORDS: 0
BROKEN RECORDS: 0
BROKEN RECORDS: 0
BROKEN RECORDS: 0
BROKEN RECORDS: 0
BROKEN RECORDS: 0
BROKEN RECORDS: 0
BROKEN RECORDS: 0
BROKEN RECORDS: 0
BROKEN RECORDS: 0
BROKEN RECORDS: 0
BROKEN RECORDS: 0
BROKEN RECORDS: 0
BROKEN RECORDS: 0
BROKEN RECORDS: 0
BROKEN RECORDS: 0
BROKEN RECORDS: 0
BROKEN RECORDS: 0
BROKEN RECORDS: 0
BROKEN RECORDS: 0
BROKEN RECORDS: 0
BROKEN RECORDS: 0
BROKEN RECORDS: 0
BROKEN RECORDS: 0
BROKEN RECORDS: 0
BROKEN RECORDS: 0
BROKEN RECORDS: 0
BROKEN RECORDS: 0
BROKEN RECORDS: 0
BROKEN RECORDS: 0
BROKEN RECORDS: 0
BROKEN RECORDS: 0
BROKEN RECORDS: 0
BROKEN RECORDS: 0
BROKEN RECORDS: 0
BROKEN RECORDS: 0
BROKEN RECORDS: 0
BROKEN RECORDS: 0
BROKEN RECORDS: 0
BROKEN RECORDS: 0
BROKEN RECORDS: 0
BROKEN RECORDS: 0
BROKEN RECORDS: 0
BROKEN RECORDS: 0
BROKEN RECORDS: 0
BROKEN RECORDS: 0
BROKEN RECORDS: 0
BROKEN RECORDS: 0
BROKEN RECORDS: 0
BROKEN RECORDS: 0
BROKEN RECORDS: 0
BROKEN RECORDS: 0
BROKEN RECORDS: 0
BROKEN RECORDS: 0
BROKEN RECORDS: 0
BROKEN RECORDS: 0
BROKEN RECORDS: 0
BROKEN RECORDS: 0
BROKEN RECORDS: 0
BROKEN RECORDS: 0
BROKEN RECORDS: 0
BROKEN RECORDS: 0
BROKEN RECORDS: 0
BROKEN RECORDS: 0
BROKEN RECORDS: 0
BROKEN RECORDS: 0
BROKEN RECORDS: 0
BROKEN RECORDS: 0
BROKEN RECORDS: 0
BROKEN RECORDS: 0
