2013-04-22T23:28:28.332+0200: [GC [ParNew: 2702976K->337855K(3040832K), 0.9262680 secs] 2702976K->2488269K(30070848K), 0.9263280 secs] [Times: user=2.06 sys=9.61, real=0.93 secs] 
2013-04-22T23:28:30.295+0200: [GC [ParNew: 3040831K->337856K(3040832K), 1.0360430 secs] 5191245K->5122774K(30070848K), 1.0361070 secs] [Times: user=2.92 sys=10.13, real=1.03 secs] 
2013-04-22T23:28:32.347+0200: [GC [ParNew: 3040832K->337856K(3040832K), 1.0432880 secs] 7825750K->7810789K(30070848K), 1.0433600 secs] [Times: user=3.14 sys=10.37, real=1.04 secs] 
2013-04-22T23:28:34.387+0200: [GC [ParNew: 3040832K->337856K(3040832K), 0.9862150 secs] 10513765K->10521520K(30070848K), 0.9862940 secs] [Times: user=3.33 sys=9.44, real=0.99 secs] 
2013-04-22T23:28:36.353+0200: [GC [ParNew: 3040832K->337856K(3040832K), 1.0803940 secs] 13224496K->13236700K(30070848K), 1.0804530 secs] [Times: user=3.61 sys=10.32, real=1.08 secs] 
2013-04-22T23:28:38.409+0200: [GC [ParNew: 3040832K->337856K(3040832K), 1.3785550 secs] 15939676K->15942180K(30070848K), 1.3786300 secs] [Times: user=15.77 sys=2.12, real=1.38 secs] 
2013-04-22T23:28:40.746+0200: [GC [ParNew: 3040832K->337856K(3040832K), 1.0754050 secs] 18645156K->18687744K(30070848K), 1.0754630 secs] [Times: user=2.92 sys=10.74, real=1.07 secs] 
2013-04-22T23:28:42.778+0200: [GC [ParNew: 3040832K->337856K(3040832K), 1.1344460 secs] 21390720K->21371836K(30070848K), 1.1345300 secs] [Times: user=3.28 sys=11.42, real=1.14 secs] 
2013-04-22T23:28:53.156+0200: [GC [ParNew: 3040832K->337856K(3040832K), 1.5767550 secs] 24074812K->23513958K(30070848K), 1.5768450 secs] [Times: user=18.24 sys=2.13, real=1.58 secs] 
2013-04-22T23:29:39.721+0200: [GC [ParNew: 3031851K->337856K(3040832K), 0.3655600 secs] 26207954K->23882602K(30070848K), 0.3657420 secs] [Times: user=2.75 sys=1.30, real=0.36 secs] 
BROKEN RECORDS: 0
BROKEN RECORDS: 0
BROKEN RECORDS: 0
BROKEN RECORDS: 0
BROKEN RECORDS: 0
BROKEN RECORDS: 0
BROKEN RECORDS: 0
BROKEN RECORDS: 0
BROKEN RECORDS: 0
BROKEN RECORDS: 0
BROKEN RECORDS: 0
BROKEN RECORDS: 0
BROKEN RECORDS: 0
BROKEN RECORDS: 0
BROKEN RECORDS: 0
BROKEN RECORDS: 0
BROKEN RECORDS: 0
2013-04-22T23:33:59.927+0200: [GC [ParNew: 3040832K->335662K(3040832K), 0.1670090 secs] 26585578K->24096210K(30070848K), 0.1671990 secs] [Times: user=1.84 sys=0.29, real=0.17 secs] 
BROKEN RECORDS: 0
BROKEN RECORDS: 0
BROKEN RECORDS: 0
BROKEN RECORDS: 0
BROKEN RECORDS: 0
BROKEN RECORDS: 0
BROKEN RECORDS: 0
BROKEN RECORDS: 0
BROKEN RECORDS: 0
BROKEN RECORDS: 0
BROKEN RECORDS: 0
BROKEN RECORDS: 0
BROKEN RECORDS: 0
BROKEN RECORDS: 0
BROKEN RECORDS: 0
BROKEN RECORDS: 0
BROKEN RECORDS: 0
BROKEN RECORDS: 0
BROKEN RECORDS: 0
BROKEN RECORDS: 0
BROKEN RECORDS: 0
BROKEN RECORDS: 0
BROKEN RECORDS: 0
BROKEN RECORDS: 0
BROKEN RECORDS: 0
BROKEN RECORDS: 0
BROKEN RECORDS: 0
BROKEN RECORDS: 0
BROKEN RECORDS: 0
BROKEN RECORDS: 0
BROKEN RECORDS: 0
BROKEN RECORDS: 0
BROKEN RECORDS: 0
BROKEN RECORDS: 0
BROKEN RECORDS: 0
BROKEN RECORDS: 0
BROKEN RECORDS: 0
BROKEN RECORDS: 0
BROKEN RECORDS: 0
BROKEN RECORDS: 0
BROKEN RECORDS: 0
BROKEN RECORDS: 0
BROKEN RECORDS: 0
BROKEN RECORDS: 0
BROKEN RECORDS: 0
BROKEN RECORDS: 0
BROKEN RECORDS: 0
BROKEN RECORDS: 0
BROKEN RECORDS: 0
BROKEN RECORDS: 0
BROKEN RECORDS: 0
BROKEN RECORDS: 0
BROKEN RECORDS: 0
BROKEN RECORDS: 0
BROKEN RECORDS: 0
BROKEN RECORDS: 0
BROKEN RECORDS: 0
BROKEN RECORDS: 0
BROKEN RECORDS: 0
BROKEN RECORDS: 0
BROKEN RECORDS: 0
BROKEN RECORDS: 0
BROKEN RECORDS: 0
BROKEN RECORDS: 0
BROKEN RECORDS: 0
BROKEN RECORDS: 0
BROKEN RECORDS: 0
BROKEN RECORDS: 0
BROKEN RECORDS: 0
BROKEN RECORDS: 0
BROKEN RECORDS: 0
