2013-04-22T23:28:24.872+0200: [GC [ParNew: 2702976K->337855K(3040832K), 0.9577520 secs] 2702976K->2485345K(30070848K), 0.9578250 secs] [Times: user=2.42 sys=9.75, real=0.96 secs] 
2013-04-22T23:28:26.585+0200: [GC [ParNew: 3040831K->337856K(3040832K), 1.0701450 secs] 5188321K->5119866K(30070848K), 1.0702180 secs] [Times: user=2.81 sys=10.98, real=1.07 secs] 
2013-04-22T23:28:28.396+0200: [GC [ParNew: 3040832K->337856K(3040832K), 1.0850080 secs] 7822842K->7816013K(30070848K), 1.0850600 secs] [Times: user=3.59 sys=10.27, real=1.08 secs] 
2013-04-22T23:28:30.185+0200: [GC [ParNew: 3040832K->337856K(3040832K), 1.0427690 secs] 10518989K->10528025K(30070848K), 1.0428400 secs] [Times: user=3.36 sys=10.10, real=1.04 secs] 
2013-04-22T23:28:31.949+0200: [GC [ParNew: 3040832K->337856K(3040832K), 1.1095720 secs] 13231001K->13260173K(30070848K), 1.1096240 secs] [Times: user=3.72 sys=10.65, real=1.11 secs] 
2013-04-22T23:28:33.761+0200: [GC [ParNew: 3040832K->337856K(3040832K), 1.8816670 secs] 15963149K->15965878K(30070848K), 1.8817340 secs] [Times: user=20.68 sys=3.47, real=1.89 secs] 
2013-04-22T23:28:36.346+0200: [GC [ParNew: 3040832K->337856K(3040832K), 1.0864510 secs] 18668854K->18683972K(30070848K), 1.0865230 secs] [Times: user=3.05 sys=10.94, real=1.08 secs] 
2013-04-22T23:28:38.124+0200: [GC [ParNew: 3040832K->337856K(3040832K), 1.1307770 secs] 21386948K->21392460K(30070848K), 1.1308480 secs] [Times: user=3.33 sys=11.31, real=1.13 secs] 
2013-04-22T23:28:53.195+0200: [GC [ParNew: 3040832K->337856K(3040832K), 1.7212460 secs] 24095436K->23512843K(30070848K), 1.7213310 secs] [Times: user=20.26 sys=2.06, real=1.72 secs] 
2013-04-22T23:29:30.009+0200: [GC [ParNew: 3040715K->337856K(3040832K), 0.2767260 secs] 26215703K->23871738K(30070848K), 0.2769780 secs] [Times: user=2.71 sys=0.67, real=0.28 secs] 
BROKEN RECORDS: 0
BROKEN RECORDS: 0
BROKEN RECORDS: 0
BROKEN RECORDS: 0
BROKEN RECORDS: 0
BROKEN RECORDS: 0
BROKEN RECORDS: 0
BROKEN RECORDS: 0
BROKEN RECORDS: 0
BROKEN RECORDS: 0
BROKEN RECORDS: 0
BROKEN RECORDS: 0
BROKEN RECORDS: 0
BROKEN RECORDS: 0
BROKEN RECORDS: 0
BROKEN RECORDS: 0
2013-04-22T23:32:45.981+0200: [GC [ParNew: 3040832K->271908K(3040832K), 0.1840790 secs] 26574714K->24035802K(30070848K), 0.1842870 secs] [Times: user=1.98 sys=0.34, real=0.18 secs] 
BROKEN RECORDS: 0
BROKEN RECORDS: 0
BROKEN RECORDS: 0
BROKEN RECORDS: 0
BROKEN RECORDS: 0
BROKEN RECORDS: 0
BROKEN RECORDS: 0
BROKEN RECORDS: 0
BROKEN RECORDS: 0
BROKEN RECORDS: 0
BROKEN RECORDS: 0
BROKEN RECORDS: 0
BROKEN RECORDS: 0
BROKEN RECORDS: 0
BROKEN RECORDS: 0
BROKEN RECORDS: 0
BROKEN RECORDS: 0
BROKEN RECORDS: 0
BROKEN RECORDS: 0
BROKEN RECORDS: 0
BROKEN RECORDS: 0
BROKEN RECORDS: 0
BROKEN RECORDS: 0
BROKEN RECORDS: 0
BROKEN RECORDS: 0
BROKEN RECORDS: 0
BROKEN RECORDS: 0
BROKEN RECORDS: 0
BROKEN RECORDS: 0
BROKEN RECORDS: 0
BROKEN RECORDS: 0
BROKEN RECORDS: 0
BROKEN RECORDS: 0
BROKEN RECORDS: 0
BROKEN RECORDS: 0
BROKEN RECORDS: 0
BROKEN RECORDS: 0
BROKEN RECORDS: 0
BROKEN RECORDS: 0
BROKEN RECORDS: 0
BROKEN RECORDS: 0
BROKEN RECORDS: 0
BROKEN RECORDS: 0
BROKEN RECORDS: 0
BROKEN RECORDS: 0
BROKEN RECORDS: 0
BROKEN RECORDS: 0
BROKEN RECORDS: 0
BROKEN RECORDS: 0
BROKEN RECORDS: 0
BROKEN RECORDS: 0
BROKEN RECORDS: 0
BROKEN RECORDS: 0
BROKEN RECORDS: 0
BROKEN RECORDS: 0
BROKEN RECORDS: 0
BROKEN RECORDS: 0
BROKEN RECORDS: 0
BROKEN RECORDS: 0
BROKEN RECORDS: 0
BROKEN RECORDS: 0
BROKEN RECORDS: 0
BROKEN RECORDS: 0
BROKEN RECORDS: 0
BROKEN RECORDS: 0
BROKEN RECORDS: 0
BROKEN RECORDS: 0
BROKEN RECORDS: 0
BROKEN RECORDS: 0
BROKEN RECORDS: 0
BROKEN RECORDS: 0
BROKEN RECORDS: 0
