2013-04-22T23:28:25.397+0200: [GC [ParNew: 2702976K->337856K(3040832K), 0.9220500 secs] 2702976K->2492092K(30070848K), 0.9221240 secs] [Times: user=1.91 sys=9.57, real=0.92 secs] 
2013-04-22T23:28:27.073+0200: [GC [ParNew: 3040832K->337856K(3040832K), 1.0593560 secs] 5195068K->5125974K(30070848K), 1.0594150 secs] [Times: user=2.75 sys=10.94, real=1.06 secs] 
2013-04-22T23:28:28.864+0200: [GC [ParNew: 3040832K->337856K(3040832K), 1.0517030 secs] 7828950K->7822121K(30070848K), 1.0517710 secs] [Times: user=3.15 sys=10.19, real=1.06 secs] 
2013-04-22T23:28:30.620+0200: [GC [ParNew: 3040832K->337856K(3040832K), 1.0221750 secs] 10525097K->10564067K(30070848K), 1.0222440 secs] [Times: user=3.43 sys=9.79, real=1.02 secs] 
2013-04-22T23:28:32.366+0200: [GC [ParNew: 3040832K->337856K(3040832K), 1.0879960 secs] 13267043K->13293046K(30070848K), 1.0880630 secs] [Times: user=3.59 sys=10.50, real=1.09 secs] 
2013-04-22T23:28:34.157+0200: [GC [ParNew: 3040832K->337856K(3040832K), 1.5519740 secs] 15996022K->15985848K(30070848K), 1.5520440 secs] [Times: user=17.42 sys=2.53, real=1.55 secs] 
2013-04-22T23:28:36.423+0200: [GC [ParNew: 3040832K->337856K(3040832K), 1.0925550 secs] 18688824K->18708489K(30070848K), 1.0926220 secs] [Times: user=2.94 sys=11.20, real=1.10 secs] 
2013-04-22T23:28:38.233+0200: [GC [ParNew: 3040832K->337856K(3040832K), 1.1331970 secs] 21411465K->21412367K(30070848K), 1.1332580 secs] [Times: user=3.79 sys=10.89, real=1.14 secs] 
2013-04-22T23:28:53.191+0200: [GC [ParNew: 3040832K->337856K(3040832K), 1.7130640 secs] 24115343K->23512933K(30070848K), 1.7131520 secs] [Times: user=19.97 sys=2.24, real=1.72 secs] 
2013-04-22T23:29:47.279+0200: [GC [ParNew: 3040832K->337856K(3040832K), 0.2649860 secs] 26215909K->23819370K(30070848K), 0.2651270 secs] [Times: user=2.19 sys=0.78, real=0.26 secs] 
BROKEN RECORDS: 0
BROKEN RECORDS: 0
BROKEN RECORDS: 0
BROKEN RECORDS: 0
BROKEN RECORDS: 0
BROKEN RECORDS: 0
BROKEN RECORDS: 0
BROKEN RECORDS: 0
BROKEN RECORDS: 0
BROKEN RECORDS: 0
BROKEN RECORDS: 0
BROKEN RECORDS: 0
BROKEN RECORDS: 0
BROKEN RECORDS: 0
BROKEN RECORDS: 0
BROKEN RECORDS: 0
BROKEN RECORDS: 0
BROKEN RECORDS: 0
BROKEN RECORDS: 0
BROKEN RECORDS: 0
BROKEN RECORDS: 0
BROKEN RECORDS: 0
BROKEN RECORDS: 0
BROKEN RECORDS: 0
BROKEN RECORDS: 0
BROKEN RECORDS: 0
BROKEN RECORDS: 0
BROKEN RECORDS: 0
BROKEN RECORDS: 0
BROKEN RECORDS: 0
BROKEN RECORDS: 0
BROKEN RECORDS: 0
BROKEN RECORDS: 0
BROKEN RECORDS: 0
BROKEN RECORDS: 0
BROKEN RECORDS: 0
BROKEN RECORDS: 0
BROKEN RECORDS: 0
BROKEN RECORDS: 0
BROKEN RECORDS: 0
BROKEN RECORDS: 0
BROKEN RECORDS: 0
BROKEN RECORDS: 0
2013-04-22T23:34:59.617+0200: [GC [ParNew: 3040832K->219325K(3040832K), 0.1921470 secs] 26522346K->23911415K(30070848K), 0.1922940 secs] [Times: user=1.94 sys=0.30, real=0.20 secs] 
BROKEN RECORDS: 0
BROKEN RECORDS: 0
BROKEN RECORDS: 0
BROKEN RECORDS: 0
BROKEN RECORDS: 0
BROKEN RECORDS: 0
BROKEN RECORDS: 0
BROKEN RECORDS: 0
BROKEN RECORDS: 0
BROKEN RECORDS: 0
BROKEN RECORDS: 0
BROKEN RECORDS: 0
BROKEN RECORDS: 0
BROKEN RECORDS: 0
BROKEN RECORDS: 0
BROKEN RECORDS: 0
BROKEN RECORDS: 0
BROKEN RECORDS: 0
BROKEN RECORDS: 0
BROKEN RECORDS: 0
BROKEN RECORDS: 0
BROKEN RECORDS: 0
BROKEN RECORDS: 0
BROKEN RECORDS: 0
BROKEN RECORDS: 0
BROKEN RECORDS: 0
BROKEN RECORDS: 0
BROKEN RECORDS: 0
BROKEN RECORDS: 0
BROKEN RECORDS: 0
BROKEN RECORDS: 0
BROKEN RECORDS: 0
BROKEN RECORDS: 0
BROKEN RECORDS: 0
BROKEN RECORDS: 0
BROKEN RECORDS: 0
BROKEN RECORDS: 0
BROKEN RECORDS: 0
BROKEN RECORDS: 0
BROKEN RECORDS: 0
BROKEN RECORDS: 0
BROKEN RECORDS: 0
BROKEN RECORDS: 0
BROKEN RECORDS: 0
BROKEN RECORDS: 0
