2013-06-07T16:42:53.262+0200: [GC [ParNew: 2702976K->337855K(3040832K), 0.9380470 secs] 2702976K->2489954K(30070848K), 0.9381290 secs] [Times: user=2.24 sys=9.58, real=0.94 secs] 
2013-06-07T16:42:54.945+0200: [GC [ParNew: 3040831K->337856K(3040832K), 1.0399300 secs] 5192930K->5122097K(30070848K), 1.0399780 secs] [Times: user=2.86 sys=10.28, real=1.04 secs] 
2013-06-07T16:42:56.707+0200: [GC [ParNew: 3040832K->337856K(3040832K), 1.0654710 secs] 7825073K->7814211K(30070848K), 1.0655190 secs] [Times: user=3.18 sys=10.62, real=1.07 secs] 
2013-06-07T16:42:58.497+0200: [GC [ParNew: 3040832K->337856K(3040832K), 1.0369570 secs] 10517187K->10565313K(30070848K), 1.0370060 secs] [Times: user=3.36 sys=10.06, real=1.04 secs] 
2013-06-07T16:43:00.195+0200: [GC [ParNew: 3040832K->337856K(3040832K), 1.0720520 secs] 13268289K->13296693K(30070848K), 1.0720980 secs] [Times: user=3.50 sys=10.01, real=1.07 secs] 
2013-06-07T16:43:01.981+0200: [GC [ParNew: 3040832K->337856K(3040832K), 1.4564030 secs] 15999669K->16002174K(30070848K), 1.4564780 secs] [Times: user=16.83 sys=2.06, real=1.45 secs] 
2013-06-07T16:43:04.101+0200: [GC [ParNew: 3040832K->337856K(3040832K), 1.0492930 secs] 18705150K->18713193K(30070848K), 1.0493680 secs] [Times: user=3.19 sys=10.38, real=1.04 secs] 
2013-06-07T16:43:05.853+0200: [GC [ParNew: 3040832K->337856K(3040832K), 1.1417330 secs] 21416169K->21385311K(30070848K), 1.1418070 secs] [Times: user=3.98 sys=10.46, real=1.14 secs] 
2013-06-07T16:43:12.526+0200: [GC [ParNew: 3040832K->337856K(3040832K), 1.5040100 secs] 24088287K->23500439K(30070848K), 1.5040930 secs] [Times: user=17.49 sys=2.00, real=1.51 secs] 
2013-06-07T16:43:26.577+0200: [GC [ParNew: 3040832K->178368K(3040832K), 0.0815580 secs] 26203415K->23340952K(30070848K), 0.0817120 secs] [Times: user=1.02 sys=0.03, real=0.08 secs] 
