2013-06-07T16:42:52.393+0200: [GC [ParNew: 2702976K->337855K(3040832K), 0.9403100 secs] 2702976K->2493426K(30070848K), 0.9404520 secs] [Times: user=2.25 sys=9.59, real=0.94 secs] 
2013-06-07T16:42:54.107+0200: [GC [ParNew: 3040831K->337856K(3040832K), 1.0684110 secs] 5196402K->5132710K(30070848K), 1.0684900 secs] [Times: user=2.89 sys=10.57, real=1.06 secs] 
2013-06-07T16:42:55.909+0200: [GC [ParNew: 3040832K->337856K(3040832K), 1.0690590 secs] 7835686K->7826512K(30070848K), 1.0691350 secs] [Times: user=3.39 sys=10.43, real=1.07 secs] 
2013-06-07T16:42:57.682+0200: [GC [ParNew: 3040832K->337856K(3040832K), 1.0683240 secs] 10529488K->10573613K(30070848K), 1.0684070 secs] [Times: user=3.23 sys=10.59, real=1.07 secs] 
2013-06-07T16:42:59.464+0200: [GC [ParNew: 3040832K->337856K(3040832K), 1.1185000 secs] 13276589K->13287672K(30070848K), 1.1185770 secs] [Times: user=2.94 sys=11.21, real=1.12 secs] 
2013-06-07T16:43:01.306+0200: [GC [ParNew: 3040832K->337856K(3040832K), 1.6541330 secs] 15990648K->16018829K(30070848K), 1.6542110 secs] [Times: user=19.32 sys=2.12, real=1.65 secs] 
2013-06-07T16:43:03.665+0200: [GC [ParNew: 3040832K->337856K(3040832K), 1.1117420 secs] 18721805K->18741342K(30070848K), 1.1118240 secs] [Times: user=3.25 sys=11.15, real=1.11 secs] 
2013-06-07T16:43:05.500+0200: [GC [ParNew: 3040832K->337856K(3040832K), 1.1501610 secs] 21444318K->21456585K(30070848K), 1.1502410 secs] [Times: user=3.92 sys=10.90, real=1.15 secs] 
2013-06-07T16:43:12.612+0200: [GC [ParNew: 3040832K->337856K(3040832K), 2.0833960 secs] 24159561K->23525898K(30070848K), 2.0835130 secs] [Times: user=24.23 sys=2.75, real=2.09 secs] 
2013-06-07T16:43:25.917+0200: [GC [ParNew: 3040832K->178911K(3040832K), 0.0779150 secs] 26228874K->23366954K(30070848K), 0.0780800 secs] [Times: user=0.99 sys=0.00, real=0.08 secs] 
