2013-06-07T16:42:52.658+0200: [GC [ParNew: 2702976K->337855K(3040832K), 0.9379640 secs] 2702976K->2489708K(30070848K), 0.9380680 secs] [Times: user=2.20 sys=9.53, real=0.94 secs] 
2013-06-07T16:42:54.301+0200: [GC [ParNew: 3040831K->337856K(3040832K), 1.0844570 secs] 5192684K->5125230K(30070848K), 1.0845040 secs] [Times: user=2.86 sys=10.94, real=1.09 secs] 
2013-06-07T16:42:56.120+0200: [GC [ParNew: 3040832K->337856K(3040832K), 1.0737900 secs] 7828206K->7818688K(30070848K), 1.0738390 secs] [Times: user=3.44 sys=10.47, real=1.07 secs] 
2013-06-07T16:42:57.896+0200: [GC [ParNew: 3040832K->337856K(3040832K), 1.0389480 secs] 10521664K->10569374K(30070848K), 1.0389910 secs] [Times: user=3.30 sys=10.14, real=1.04 secs] 
2013-06-07T16:42:59.592+0200: [GC [ParNew: 3040832K->337856K(3040832K), 1.0697940 secs] 13272350K->13280776K(30070848K), 1.0698480 secs] [Times: user=3.58 sys=10.04, real=1.07 secs] 
2013-06-07T16:43:01.365+0200: [GC [ParNew: 3040832K->337856K(3040832K), 1.2473320 secs] 15983752K->15975307K(30070848K), 1.2473770 secs] [Times: user=14.25 sys=1.95, real=1.24 secs] 
2013-06-07T16:43:03.263+0200: [GC [ParNew: 3040832K->337856K(3040832K), 1.1017650 secs] 18678283K->18719975K(30070848K), 1.1018110 secs] [Times: user=3.16 sys=11.10, real=1.10 secs] 
2013-06-07T16:43:05.069+0200: [GC [ParNew: 3040832K->337856K(3040832K), 1.1676020 secs] 21422951K->21418698K(30070848K), 1.1676640 secs] [Times: user=4.22 sys=10.59, real=1.17 secs] 
2013-06-07T16:43:12.574+0200: [GC [ParNew: 3040832K->337856K(3040832K), 1.2703560 secs] 24121674K->23505613K(30070848K), 1.2704390 secs] [Times: user=14.65 sys=1.83, real=1.28 secs] 
2013-06-07T16:43:26.090+0200: [GC [ParNew: 3040832K->187315K(3040832K), 0.0886530 secs] 26208589K->23355073K(30070848K), 0.0888050 secs] [Times: user=1.10 sys=0.02, real=0.09 secs] 
