2013-06-07T16:42:53.097+0200: [GC [ParNew: 2702976K->337855K(3040832K), 0.9373740 secs] 2702976K->2484105K(30070848K), 0.9374800 secs] [Times: user=2.07 sys=9.74, real=0.94 secs] 
2013-06-07T16:42:54.779+0200: [GC [ParNew: 3040831K->337856K(3040832K), 1.0598090 secs] 5187081K->5114943K(30070848K), 1.0598950 secs] [Times: user=2.90 sys=10.76, real=1.06 secs] 
2013-06-07T16:42:56.615+0200: [GC [ParNew: 3040832K->337856K(3040832K), 1.0621520 secs] 7817919K->7811155K(30070848K), 1.0622340 secs] [Times: user=3.21 sys=10.45, real=1.06 secs] 
2013-06-07T16:42:58.331+0200: [GC [ParNew: 3040832K->337856K(3040832K), 1.0164530 secs] 10514131K->10526016K(30070848K), 1.0165330 secs] [Times: user=3.16 sys=9.99, real=1.02 secs] 
2013-06-07T16:43:00.071+0200: [GC [ParNew: 3040832K->337856K(3040832K), 1.0725780 secs] 13228992K->13236521K(30070848K), 1.0726560 secs] [Times: user=3.53 sys=10.35, real=1.07 secs] 
2013-06-07T16:43:01.858+0200: [GC [ParNew: 3040832K->337856K(3040832K), 1.5418680 secs] 15939497K->15916998K(30070848K), 1.5419170 secs] [Times: user=17.45 sys=2.28, real=1.54 secs] 
2013-06-07T16:43:04.085+0200: [GC [ParNew: 3040832K->337856K(3040832K), 1.1053290 secs] 18619974K->18659872K(30070848K), 1.1053970 secs] [Times: user=3.33 sys=10.98, real=1.11 secs] 
2013-06-07T16:43:05.906+0200: [GC [ParNew: 3040832K->337856K(3040832K), 1.1729410 secs] 21362848K->21371626K(30070848K), 1.1730190 secs] [Times: user=4.14 sys=11.03, real=1.17 secs] 
2013-06-07T16:43:13.994+0200: [GC [ParNew: 3040832K->337856K(3040832K), 1.5604200 secs] 24074602K->23495718K(30070848K), 1.5604990 secs] [Times: user=18.02 sys=2.16, real=1.56 secs] 
2013-06-07T16:43:25.888+0200: [GC [ParNew: 3040832K->186849K(3040832K), 0.0810430 secs] 26198694K->23344712K(30070848K), 0.0812610 secs] [Times: user=1.01 sys=0.02, real=0.08 secs] 
