2013-06-07T16:42:52.881+0200: [GC [ParNew: 2702976K->337855K(3040832K), 0.9382720 secs] 2702976K->2490986K(30070848K), 0.9383580 secs] [Times: user=2.03 sys=9.83, real=0.93 secs] 
2013-06-07T16:42:54.575+0200: [GC [ParNew: 3040831K->337856K(3040832K), 1.0625890 secs] 5193962K->5119339K(30070848K), 1.0626460 secs] [Times: user=2.84 sys=10.85, real=1.07 secs] 
2013-06-07T16:42:56.399+0200: [GC [ParNew: 3040832K->337856K(3040832K), 1.0757000 secs] 7822315K->7815702K(30070848K), 1.0757470 secs] [Times: user=3.22 sys=10.71, real=1.07 secs] 
2013-06-07T16:42:58.191+0200: [GC [ParNew: 3040832K->337856K(3040832K), 1.0402730 secs] 10518678K->10545066K(30070848K), 1.0403200 secs] [Times: user=3.58 sys=9.86, real=1.04 secs] 
2013-06-07T16:42:59.953+0200: [GC [ParNew: 3040832K->337856K(3040832K), 1.0971220 secs] 13248042K->13276158K(30070848K), 1.0971680 secs] [Times: user=3.54 sys=10.65, real=1.10 secs] 
2013-06-07T16:43:01.755+0200: [GC [ParNew: 3040832K->337856K(3040832K), 1.6683570 secs] 15979134K->15981703K(30070848K), 1.6684040 secs] [Times: user=19.40 sys=2.22, real=1.67 secs] 
2013-06-07T16:43:04.118+0200: [GC [ParNew: 3040832K->337856K(3040832K), 1.1045690 secs] 18684679K->18722208K(30070848K), 1.1046160 secs] [Times: user=3.15 sys=11.15, real=1.10 secs] 
2013-06-07T16:43:05.946+0200: [GC [ParNew: 3040832K->337856K(3040832K), 1.1564830 secs] 21425184K->21435210K(30070848K), 1.1565310 secs] [Times: user=3.94 sys=11.01, real=1.16 secs] 
2013-06-07T16:43:12.700+0200: [GC [ParNew: 3040832K->337856K(3040832K), 1.4657760 secs] 24138186K->23530717K(30070848K), 1.4658730 secs] [Times: user=17.30 sys=1.67, real=1.46 secs] 
2013-06-07T16:43:27.048+0200: [GC [ParNew: 3040832K->154580K(3040832K), 0.0735090 secs] 26233693K->23347441K(30070848K), 0.0736710 secs] [Times: user=0.93 sys=0.00, real=0.07 secs] 
