2013-04-23T01:30:58.571+0200: [GC [ParNew: 2702976K->337856K(3040832K), 0.9290000 secs] 2702976K->2495196K(30070848K), 0.9290710 secs] [Times: user=1.86 sys=9.92, real=0.93 secs] 
2013-04-23T01:31:00.275+0200: [GC [ParNew: 3040832K->337856K(3040832K), 1.0587050 secs] 5198172K->5132472K(30070848K), 1.0587760 secs] [Times: user=2.89 sys=10.58, real=1.05 secs] 
2013-04-23T01:31:02.086+0200: [GC [ParNew: 3040832K->337856K(3040832K), 1.0637450 secs] 7835448K->7824481K(30070848K), 1.0638140 secs] [Times: user=3.07 sys=10.69, real=1.07 secs] 
2013-04-23T01:31:03.862+0200: [GC [ParNew: 3040832K->337856K(3040832K), 1.0368000 secs] 10527457K->10545105K(30070848K), 1.0368700 secs] [Times: user=3.21 sys=10.21, real=1.04 secs] 
2013-04-23T01:31:05.605+0200: [GC [ParNew: 3040832K->337856K(3040832K), 1.1050580 secs] 13248081K->13273892K(30070848K), 1.1051270 secs] [Times: user=3.05 sys=11.16, real=1.11 secs] 
2013-04-23T01:31:07.414+0200: [GC [ParNew: 3040832K->337856K(3040832K), 1.4498660 secs] 15976868K->15985263K(30070848K), 1.4499190 secs] [Times: user=16.46 sys=2.36, real=1.44 secs] 
2013-04-23T01:31:09.559+0200: [GC [ParNew: 3040832K->337856K(3040832K), 1.0711480 secs] 18688239K->18727177K(30070848K), 1.0712180 secs] [Times: user=2.74 sys=11.13, real=1.07 secs] 
2013-04-23T01:31:11.334+0200: [GC [ParNew: 3040832K->337856K(3040832K), 1.1121200 secs] 21430153K->21416008K(30070848K), 1.1121830 secs] [Times: user=3.19 sys=11.13, real=1.12 secs] 
2013-04-23T01:31:28.542+0200: [GC [ParNew: 3040832K->337856K(3040832K), 1.4066190 secs] 24118984K->23515357K(30070848K), 1.4067190 secs] [Times: user=16.39 sys=1.77, real=1.41 secs] 
2013-04-23T01:31:55.881+0200: [GC [ParNew: 3040832K->337856K(3040832K), 0.5518530 secs] 26218333K->24048736K(30070848K), 0.5724110 secs] [Times: user=3.32 sys=1.97, real=0.58 secs] 
BROKEN RECORDS: 0
BROKEN RECORDS: 0
BROKEN RECORDS: 0
BROKEN RECORDS: 0
BROKEN RECORDS: 0
BROKEN RECORDS: 0
BROKEN RECORDS: 0
BROKEN RECORDS: 0
BROKEN RECORDS: 0
BROKEN RECORDS: 0
BROKEN RECORDS: 0
BROKEN RECORDS: 0
BROKEN RECORDS: 0
BROKEN RECORDS: 0
BROKEN RECORDS: 0
BROKEN RECORDS: 0
BROKEN RECORDS: 0
BROKEN RECORDS: 0
BROKEN RECORDS: 0
BROKEN RECORDS: 0
BROKEN RECORDS: 0
BROKEN RECORDS: 0
BROKEN RECORDS: 0
BROKEN RECORDS: 0
BROKEN RECORDS: 0
BROKEN RECORDS: 0
BROKEN RECORDS: 0
BROKEN RECORDS: 0
BROKEN RECORDS: 0
BROKEN RECORDS: 0
BROKEN RECORDS: 0
BROKEN RECORDS: 0
BROKEN RECORDS: 0
BROKEN RECORDS: 0
BROKEN RECORDS: 0
BROKEN RECORDS: 0
BROKEN RECORDS: 0
BROKEN RECORDS: 0
BROKEN RECORDS: 0
BROKEN RECORDS: 0
BROKEN RECORDS: 0
BROKEN RECORDS: 0
BROKEN RECORDS: 0
BROKEN RECORDS: 0
BROKEN RECORDS: 0
BROKEN RECORDS: 0
BROKEN RECORDS: 0
BROKEN RECORDS: 0
BROKEN RECORDS: 0
BROKEN RECORDS: 0
BROKEN RECORDS: 0
BROKEN RECORDS: 0
BROKEN RECORDS: 0
BROKEN RECORDS: 0
BROKEN RECORDS: 0
BROKEN RECORDS: 0
BROKEN RECORDS: 0
BROKEN RECORDS: 0
BROKEN RECORDS: 0
BROKEN RECORDS: 0
BROKEN RECORDS: 0
BROKEN RECORDS: 0
BROKEN RECORDS: 0
BROKEN RECORDS: 0
BROKEN RECORDS: 0
BROKEN RECORDS: 0
BROKEN RECORDS: 0
BROKEN RECORDS: 0
BROKEN RECORDS: 0
BROKEN RECORDS: 0
BROKEN RECORDS: 0
BROKEN RECORDS: 0
BROKEN RECORDS: 0
BROKEN RECORDS: 0
BROKEN RECORDS: 0
2013-04-23T01:35:54.442+0200: [GC [ParNew: 3040832K->325723K(3040832K), 0.3830550 secs] 26751712K->24306867K(30070848K), 0.3832140 secs] [Times: user=3.19 sys=0.41, real=0.38 secs] 
BROKEN RECORDS: 0
BROKEN RECORDS: 0
BROKEN RECORDS: 0
BROKEN RECORDS: 0
BROKEN RECORDS: 0
BROKEN RECORDS: 0
BROKEN RECORDS: 0
BROKEN RECORDS: 0
BROKEN RECORDS: 0
BROKEN RECORDS: 0
BROKEN RECORDS: 0
BROKEN RECORDS: 0
BROKEN RECORDS: 0
