2013-04-23T01:31:00.446+0200: [GC [ParNew: 2702976K->337855K(3040832K), 0.9211130 secs] 2702976K->2491790K(30070848K), 0.9211860 secs] [Times: user=1.85 sys=9.83, real=0.92 secs] 
2013-04-23T01:31:02.131+0200: [GC [ParNew: 3040831K->337856K(3040832K), 1.0527750 secs] 5194766K->5123468K(30070848K), 1.0528220 secs] [Times: user=2.57 sys=11.04, real=1.05 secs] 
2013-04-23T01:31:03.936+0200: [GC [ParNew: 3040832K->337856K(3040832K), 1.0644410 secs] 7826444K->7818175K(30070848K), 1.0644880 secs] [Times: user=3.25 sys=10.54, real=1.07 secs] 
2013-04-23T01:31:05.724+0200: [GC [ParNew: 3040832K->337856K(3040832K), 1.0340070 secs] 10521151K->10562586K(30070848K), 1.0340540 secs] [Times: user=3.17 sys=10.23, real=1.04 secs] 
2013-04-23T01:31:07.482+0200: [GC [ParNew: 3040832K->337856K(3040832K), 1.0954420 secs] 13265562K->13291437K(30070848K), 1.0954850 secs] [Times: user=3.19 sys=11.00, real=1.09 secs] 
2013-04-23T01:31:09.300+0200: [GC [ParNew: 3040832K->337856K(3040832K), 1.5178530 secs] 15994413K->16015070K(30070848K), 1.5178940 secs] [Times: user=17.11 sys=2.60, real=1.52 secs] 
2013-04-23T01:31:11.521+0200: [GC [ParNew: 3040832K->337856K(3040832K), 1.0612190 secs] 18718046K->18725865K(30070848K), 1.0612780 secs] [Times: user=2.88 sys=10.87, real=1.06 secs] 
2013-04-23T01:31:13.297+0200: [GC [ParNew: 3040832K->337856K(3040832K), 1.1364820 secs] 21428841K->21439251K(30070848K), 1.1365500 secs] [Times: user=3.49 sys=11.23, real=1.14 secs] 
2013-04-23T01:31:28.458+0200: [GC [ParNew: 3040832K->337856K(3040832K), 1.5531260 secs] 24142227K->23514141K(30070848K), 1.5532350 secs] [Times: user=18.13 sys=2.02, real=1.56 secs] 
2013-04-23T01:32:32.157+0200: [GC [ParNew: 3040832K->337856K(3040832K), 0.2535220 secs] 26217117K->23699293K(30070848K), 0.3072760 secs] [Times: user=2.26 sys=0.59, real=0.31 secs] 
BROKEN RECORDS: 0
BROKEN RECORDS: 0
BROKEN RECORDS: 0
BROKEN RECORDS: 0
BROKEN RECORDS: 0
BROKEN RECORDS: 0
BROKEN RECORDS: 0
BROKEN RECORDS: 0
BROKEN RECORDS: 0
BROKEN RECORDS: 0
BROKEN RECORDS: 0
BROKEN RECORDS: 0
BROKEN RECORDS: 0
BROKEN RECORDS: 0
BROKEN RECORDS: 0
BROKEN RECORDS: 0
BROKEN RECORDS: 0
BROKEN RECORDS: 0
BROKEN RECORDS: 0
BROKEN RECORDS: 0
BROKEN RECORDS: 0
BROKEN RECORDS: 0
BROKEN RECORDS: 0
BROKEN RECORDS: 0
BROKEN RECORDS: 0
BROKEN RECORDS: 0
BROKEN RECORDS: 0
BROKEN RECORDS: 0
BROKEN RECORDS: 0
BROKEN RECORDS: 0
BROKEN RECORDS: 0
BROKEN RECORDS: 0
BROKEN RECORDS: 0
BROKEN RECORDS: 0
BROKEN RECORDS: 0
BROKEN RECORDS: 0
BROKEN RECORDS: 0
BROKEN RECORDS: 0
BROKEN RECORDS: 0
BROKEN RECORDS: 0
BROKEN RECORDS: 0
BROKEN RECORDS: 0
BROKEN RECORDS: 0
BROKEN RECORDS: 0
BROKEN RECORDS: 0
BROKEN RECORDS: 0
BROKEN RECORDS: 0
BROKEN RECORDS: 0
BROKEN RECORDS: 0
BROKEN RECORDS: 0
BROKEN RECORDS: 0
BROKEN RECORDS: 0
BROKEN RECORDS: 0
BROKEN RECORDS: 0
BROKEN RECORDS: 0
BROKEN RECORDS: 0
BROKEN RECORDS: 0
BROKEN RECORDS: 0
BROKEN RECORDS: 0
BROKEN RECORDS: 0
BROKEN RECORDS: 0
BROKEN RECORDS: 0
BROKEN RECORDS: 0
BROKEN RECORDS: 0
BROKEN RECORDS: 0
BROKEN RECORDS: 0
BROKEN RECORDS: 0
BROKEN RECORDS: 0
BROKEN RECORDS: 0
BROKEN RECORDS: 0
BROKEN RECORDS: 0
BROKEN RECORDS: 0
BROKEN RECORDS: 0
BROKEN RECORDS: 0
BROKEN RECORDS: 0
BROKEN RECORDS: 0
BROKEN RECORDS: 0
BROKEN RECORDS: 0
BROKEN RECORDS: 0
BROKEN RECORDS: 0
2013-04-23T01:35:56.023+0200: [GC [ParNew: 3040832K->200251K(3040832K), 0.2322150 secs] 26402269K->23878215K(30070848K), 0.2324220 secs] [Times: user=2.03 sys=0.53, real=0.23 secs] 
BROKEN RECORDS: 0
BROKEN RECORDS: 0
BROKEN RECORDS: 0
BROKEN RECORDS: 0
BROKEN RECORDS: 0
BROKEN RECORDS: 0
BROKEN RECORDS: 0
BROKEN RECORDS: 0
