2013-04-23T01:31:01.621+0200: [GC [ParNew: 2702976K->337856K(3040832K), 0.9415990 secs] 2702976K->2482093K(30070848K), 0.9416730 secs] [Times: user=2.23 sys=9.74, real=0.94 secs] 
2013-04-23T01:31:03.327+0200: [GC [ParNew: 3040832K->337856K(3040832K), 1.0545340 secs] 5185069K->5113451K(30070848K), 1.0546100 secs] [Times: user=2.76 sys=10.86, real=1.05 secs] 
2013-04-23T01:31:05.134+0200: [GC [ParNew: 3040832K->337856K(3040832K), 1.0777520 secs] 7816427K->7808894K(30070848K), 1.0778240 secs] [Times: user=3.31 sys=10.65, real=1.07 secs] 
2013-04-23T01:31:06.923+0200: [GC [ParNew: 3040832K->337856K(3040832K), 1.0430720 secs] 10511870K->10568961K(30070848K), 1.0431440 secs] [Times: user=3.19 sys=10.31, real=1.04 secs] 
2013-04-23T01:31:08.683+0200: [GC [ParNew: 3040832K->337856K(3040832K), 1.1132780 secs] 13271937K->13284526K(30070848K), 1.1133490 secs] [Times: user=3.09 sys=11.33, real=1.12 secs] 
2013-04-23T01:31:10.501+0200: [GC [ParNew: 3040832K->337856K(3040832K), 1.4210750 secs] 15987502K->16006558K(30070848K), 1.4211390 secs] [Times: user=16.21 sys=2.24, real=1.42 secs] 
2013-04-23T01:31:12.615+0200: [GC [ParNew: 3040832K->337856K(3040832K), 1.0635220 secs] 18709534K->18739252K(30070848K), 1.0635940 secs] [Times: user=2.87 sys=10.91, real=1.06 secs] 
2013-04-23T01:31:14.361+0200: [GC [ParNew: 3040832K->337856K(3040832K), 1.1179550 secs] 21442228K->21439223K(30070848K), 1.1180300 secs] [Times: user=3.49 sys=10.99, real=1.12 secs] 
2013-04-23T01:31:28.646+0200: [GC [ParNew: 3040832K->337856K(3040832K), 1.5487270 secs] 24142199K->23520772K(30070848K), 1.5488440 secs] [Times: user=18.22 sys=1.86, real=1.55 secs] 
2013-04-23T01:32:28.339+0200: [GC [ParNew: 3040832K->337856K(3040832K), 0.3504850 secs] 26223748K->23801604K(30070848K), 0.3507020 secs] [Times: user=2.51 sys=1.38, real=0.34 secs] 
BROKEN RECORDS: 0
BROKEN RECORDS: 0
BROKEN RECORDS: 0
BROKEN RECORDS: 0
BROKEN RECORDS: 0
BROKEN RECORDS: 0
BROKEN RECORDS: 0
BROKEN RECORDS: 0
BROKEN RECORDS: 0
BROKEN RECORDS: 0
BROKEN RECORDS: 0
BROKEN RECORDS: 0
BROKEN RECORDS: 0
BROKEN RECORDS: 0
BROKEN RECORDS: 0
BROKEN RECORDS: 0
BROKEN RECORDS: 0
BROKEN RECORDS: 0
BROKEN RECORDS: 0
BROKEN RECORDS: 0
BROKEN RECORDS: 0
BROKEN RECORDS: 0
BROKEN RECORDS: 0
BROKEN RECORDS: 0
BROKEN RECORDS: 0
BROKEN RECORDS: 0
BROKEN RECORDS: 0
BROKEN RECORDS: 0
BROKEN RECORDS: 0
BROKEN RECORDS: 0
BROKEN RECORDS: 0
BROKEN RECORDS: 0
BROKEN RECORDS: 0
BROKEN RECORDS: 0
BROKEN RECORDS: 0
BROKEN RECORDS: 0
BROKEN RECORDS: 0
BROKEN RECORDS: 0
BROKEN RECORDS: 0
BROKEN RECORDS: 0
BROKEN RECORDS: 0
BROKEN RECORDS: 0
BROKEN RECORDS: 0
BROKEN RECORDS: 0
BROKEN RECORDS: 0
BROKEN RECORDS: 0
BROKEN RECORDS: 0
BROKEN RECORDS: 0
BROKEN RECORDS: 0
BROKEN RECORDS: 0
BROKEN RECORDS: 0
BROKEN RECORDS: 0
BROKEN RECORDS: 0
BROKEN RECORDS: 0
BROKEN RECORDS: 0
BROKEN RECORDS: 0
BROKEN RECORDS: 0
BROKEN RECORDS: 0
BROKEN RECORDS: 0
BROKEN RECORDS: 0
BROKEN RECORDS: 0
BROKEN RECORDS: 0
BROKEN RECORDS: 0
BROKEN RECORDS: 0
BROKEN RECORDS: 0
BROKEN RECORDS: 0
BROKEN RECORDS: 0
BROKEN RECORDS: 0
BROKEN RECORDS: 0
BROKEN RECORDS: 0
BROKEN RECORDS: 0
BROKEN RECORDS: 0
BROKEN RECORDS: 0
BROKEN RECORDS: 0
BROKEN RECORDS: 0
BROKEN RECORDS: 0
BROKEN RECORDS: 0
BROKEN RECORDS: 0
BROKEN RECORDS: 0
BROKEN RECORDS: 0
2013-04-23T01:35:55.891+0200: [GC [ParNew: 3040832K->170953K(3040832K), 0.2111240 secs] 26504580K->23906650K(30070848K), 0.2113000 secs] [Times: user=2.00 sys=0.58, real=0.21 secs] 
BROKEN RECORDS: 0
BROKEN RECORDS: 0
BROKEN RECORDS: 0
BROKEN RECORDS: 0
BROKEN RECORDS: 0
BROKEN RECORDS: 0
BROKEN RECORDS: 0
BROKEN RECORDS: 0
