2013-04-23T01:30:57.207+0200: [GC [ParNew: 2702976K->337855K(3040832K), 0.9521190 secs] 2702976K->2491377K(30070848K), 0.9521900 secs] [Times: user=2.21 sys=9.85, real=0.95 secs] 
2013-04-23T01:30:58.935+0200: [GC [ParNew: 3040831K->337856K(3040832K), 1.0776470 secs] 5194353K->5132606K(30070848K), 1.0777250 secs] [Times: user=2.80 sys=10.97, real=1.08 secs] 
2013-04-23T01:31:00.739+0200: [GC [ParNew: 3040832K->337856K(3040832K), 1.0724780 secs] 7835582K->7823791K(30070848K), 1.0725540 secs] [Times: user=3.25 sys=10.63, real=1.07 secs] 
2013-04-23T01:31:02.535+0200: [GC [ParNew: 3040832K->337856K(3040832K), 1.0493240 secs] 10526767K->10574029K(30070848K), 1.0494010 secs] [Times: user=3.27 sys=10.30, real=1.05 secs] 
2013-04-23T01:31:04.306+0200: [GC [ParNew: 3040832K->337856K(3040832K), 1.1214150 secs] 13277005K->13278836K(30070848K), 1.1214900 secs] [Times: user=2.85 sys=11.48, real=1.12 secs] 
2013-04-23T01:31:06.132+0200: [GC [ParNew: 3040832K->337856K(3040832K), 1.9946060 secs] 15981812K->15982396K(30070848K), 1.9946830 secs] [Times: user=22.44 sys=3.40, real=2.00 secs] 
2013-04-23T01:31:08.839+0200: [GC [ParNew: 3040832K->337856K(3040832K), 1.0845060 secs] 18685372K->18709070K(30070848K), 1.0845820 secs] [Times: user=3.14 sys=10.89, real=1.08 secs] 
2013-04-23T01:31:10.862+0200: [GC [ParNew: 3040832K->337856K(3040832K), 1.1330910 secs] 21412046K->21395339K(30070848K), 1.1331700 secs] [Times: user=3.53 sys=11.13, real=1.13 secs] 
2013-04-23T01:31:28.530+0200: [GC [ParNew: 3040832K->337856K(3040832K), 1.5819690 secs] 24098315K->23498178K(30070848K), 1.5820770 secs] [Times: user=18.44 sys=1.99, real=1.58 secs] 
2013-04-23T01:31:58.299+0200: [GC [ParNew: 3026970K->337856K(3040832K), 0.4683690 secs] 26187293K->23962215K(30070848K), 0.4686450 secs] [Times: user=2.99 sys=1.89, real=0.47 secs] 
BROKEN RECORDS: 0
BROKEN RECORDS: 0
BROKEN RECORDS: 0
BROKEN RECORDS: 0
BROKEN RECORDS: 0
BROKEN RECORDS: 0
BROKEN RECORDS: 0
BROKEN RECORDS: 0
BROKEN RECORDS: 0
BROKEN RECORDS: 0
BROKEN RECORDS: 0
BROKEN RECORDS: 0
BROKEN RECORDS: 0
BROKEN RECORDS: 0
BROKEN RECORDS: 0
BROKEN RECORDS: 0
BROKEN RECORDS: 0
BROKEN RECORDS: 0
BROKEN RECORDS: 0
BROKEN RECORDS: 0
BROKEN RECORDS: 0
BROKEN RECORDS: 0
BROKEN RECORDS: 0
BROKEN RECORDS: 0
BROKEN RECORDS: 0
BROKEN RECORDS: 0
BROKEN RECORDS: 0
BROKEN RECORDS: 0
BROKEN RECORDS: 0
BROKEN RECORDS: 0
BROKEN RECORDS: 0
BROKEN RECORDS: 0
BROKEN RECORDS: 0
BROKEN RECORDS: 0
BROKEN RECORDS: 0
BROKEN RECORDS: 0
BROKEN RECORDS: 0
BROKEN RECORDS: 0
BROKEN RECORDS: 0
BROKEN RECORDS: 0
BROKEN RECORDS: 0
BROKEN RECORDS: 0
BROKEN RECORDS: 0
BROKEN RECORDS: 0
BROKEN RECORDS: 0
BROKEN RECORDS: 0
BROKEN RECORDS: 0
BROKEN RECORDS: 0
BROKEN RECORDS: 0
BROKEN RECORDS: 0
BROKEN RECORDS: 0
BROKEN RECORDS: 0
BROKEN RECORDS: 0
BROKEN RECORDS: 0
BROKEN RECORDS: 0
BROKEN RECORDS: 0
BROKEN RECORDS: 0
BROKEN RECORDS: 0
BROKEN RECORDS: 0
BROKEN RECORDS: 0
BROKEN RECORDS: 0
BROKEN RECORDS: 0
BROKEN RECORDS: 0
BROKEN RECORDS: 0
BROKEN RECORDS: 0
BROKEN RECORDS: 0
BROKEN RECORDS: 0
BROKEN RECORDS: 0
BROKEN RECORDS: 0
BROKEN RECORDS: 0
BROKEN RECORDS: 0
BROKEN RECORDS: 0
BROKEN RECORDS: 0
BROKEN RECORDS: 0
BROKEN RECORDS: 0
BROKEN RECORDS: 0
BROKEN RECORDS: 0
BROKEN RECORDS: 0
BROKEN RECORDS: 0
BROKEN RECORDS: 0
2013-04-23T01:35:55.523+0200: [GC [ParNew: 3040832K->227722K(3040832K), 0.2421260 secs] 26665191K->24133222K(30070848K), 0.2424200 secs] [Times: user=1.91 sys=0.74, real=0.24 secs] 
BROKEN RECORDS: 0
BROKEN RECORDS: 0
BROKEN RECORDS: 0
BROKEN RECORDS: 0
BROKEN RECORDS: 0
BROKEN RECORDS: 0
BROKEN RECORDS: 0
BROKEN RECORDS: 0
