2013-04-23T01:30:59.673+0200: [GC [ParNew: 2702976K->337855K(3040832K), 0.9264280 secs] 2702976K->2488269K(30070848K), 0.9265020 secs] [Times: user=2.15 sys=9.47, real=0.93 secs] 
2013-04-23T01:31:01.368+0200: [GC [ParNew: 3040831K->337856K(3040832K), 1.0545080 secs] 5191245K->5123377K(30070848K), 1.0545550 secs] [Times: user=2.70 sys=10.91, real=1.05 secs] 
2013-04-23T01:31:03.175+0200: [GC [ParNew: 3040832K->337856K(3040832K), 1.0468460 secs] 7826353K->7811713K(30070848K), 1.0469090 secs] [Times: user=3.25 sys=10.31, real=1.05 secs] 
2013-04-23T01:31:04.939+0200: [GC [ParNew: 3040832K->337856K(3040832K), 1.0421160 secs] 10514689K->10545143K(30070848K), 1.0421680 secs] [Times: user=3.35 sys=9.84, real=1.04 secs] 
2013-04-23T01:31:06.695+0200: [GC [ParNew: 3040832K->337856K(3040832K), 1.0976200 secs] 13248119K->13255969K(30070848K), 1.0976690 secs] [Times: user=2.98 sys=11.23, real=1.10 secs] 
2013-04-23T01:31:08.489+0200: [GC [ParNew: 3040832K->337856K(3040832K), 1.5219540 secs] 15958945K->15935517K(30070848K), 1.5220130 secs] [Times: user=17.20 sys=2.55, real=1.52 secs] 
2013-04-23T01:31:10.737+0200: [GC [ParNew: 3040832K->337856K(3040832K), 1.0696750 secs] 18638493K->18681849K(30070848K), 1.0697460 secs] [Times: user=3.06 sys=10.75, real=1.07 secs] 
2013-04-23T01:31:12.512+0200: [GC [ParNew: 3040832K->337856K(3040832K), 1.1192210 secs] 21384825K->21389889K(30070848K), 1.1192890 secs] [Times: user=3.33 sys=11.17, real=1.12 secs] 
2013-04-23T01:31:28.539+0200: [GC [ParNew: 3040832K->337856K(3040832K), 1.5168050 secs] 24092865K->23507999K(30070848K), 1.5169050 secs] [Times: user=17.67 sys=2.00, real=1.52 secs] 
2013-04-23T01:32:03.794+0200: [GC [ParNew: 3040832K->337856K(3040832K), 0.4013220 secs] 26223245K->23864636K(30070848K), 0.4016840 secs] [Times: user=2.86 sys=1.32, real=0.40 secs] 
BROKEN RECORDS: 0
BROKEN RECORDS: 0
BROKEN RECORDS: 0
BROKEN RECORDS: 0
BROKEN RECORDS: 0
BROKEN RECORDS: 0
BROKEN RECORDS: 0
BROKEN RECORDS: 0
BROKEN RECORDS: 0
BROKEN RECORDS: 0
BROKEN RECORDS: 0
BROKEN RECORDS: 0
BROKEN RECORDS: 0
BROKEN RECORDS: 0
BROKEN RECORDS: 0
BROKEN RECORDS: 0
BROKEN RECORDS: 0
BROKEN RECORDS: 0
BROKEN RECORDS: 0
BROKEN RECORDS: 0
BROKEN RECORDS: 0
BROKEN RECORDS: 0
BROKEN RECORDS: 0
BROKEN RECORDS: 0
BROKEN RECORDS: 0
BROKEN RECORDS: 0
BROKEN RECORDS: 0
BROKEN RECORDS: 0
BROKEN RECORDS: 0
BROKEN RECORDS: 0
BROKEN RECORDS: 0
BROKEN RECORDS: 0
BROKEN RECORDS: 0
BROKEN RECORDS: 0
BROKEN RECORDS: 0
BROKEN RECORDS: 0
BROKEN RECORDS: 0
BROKEN RECORDS: 0
BROKEN RECORDS: 0
BROKEN RECORDS: 0
BROKEN RECORDS: 0
BROKEN RECORDS: 0
BROKEN RECORDS: 0
BROKEN RECORDS: 0
BROKEN RECORDS: 0
BROKEN RECORDS: 0
BROKEN RECORDS: 0
BROKEN RECORDS: 0
BROKEN RECORDS: 0
BROKEN RECORDS: 0
BROKEN RECORDS: 0
BROKEN RECORDS: 0
BROKEN RECORDS: 0
BROKEN RECORDS: 0
BROKEN RECORDS: 0
BROKEN RECORDS: 0
BROKEN RECORDS: 0
BROKEN RECORDS: 0
BROKEN RECORDS: 0
BROKEN RECORDS: 0
BROKEN RECORDS: 0
BROKEN RECORDS: 0
BROKEN RECORDS: 0
BROKEN RECORDS: 0
BROKEN RECORDS: 0
BROKEN RECORDS: 0
BROKEN RECORDS: 0
BROKEN RECORDS: 0
BROKEN RECORDS: 0
BROKEN RECORDS: 0
BROKEN RECORDS: 0
BROKEN RECORDS: 0
BROKEN RECORDS: 0
BROKEN RECORDS: 0
BROKEN RECORDS: 0
BROKEN RECORDS: 0
BROKEN RECORDS: 0
BROKEN RECORDS: 0
BROKEN RECORDS: 0
BROKEN RECORDS: 0
2013-04-23T01:35:55.390+0200: [GC [ParNew: 3040832K->249805K(3040832K), 0.2244840 secs] 26567612K->24029780K(30070848K), 0.2247090 secs] [Times: user=2.09 sys=0.39, real=0.22 secs] 
BROKEN RECORDS: 0
BROKEN RECORDS: 0
BROKEN RECORDS: 0
BROKEN RECORDS: 0
BROKEN RECORDS: 0
BROKEN RECORDS: 0
BROKEN RECORDS: 0
BROKEN RECORDS: 0
