2013-04-23T01:31:00.513+0200: [GC [ParNew: 2702976K->337856K(3040832K), 0.9349740 secs] 2702976K->2490385K(30070848K), 0.9350480 secs] [Times: user=1.84 sys=10.03, real=0.93 secs] 
2013-04-23T01:31:02.233+0200: [GC [ParNew: 3040832K->337856K(3040832K), 1.0628570 secs] 5193361K->5131372K(30070848K), 1.0629140 secs] [Times: user=2.74 sys=10.96, real=1.06 secs] 
2013-04-23T01:31:04.050+0200: [GC [ParNew: 3040832K->337856K(3040832K), 1.0635050 secs] 7834348K->7826167K(30070848K), 1.0635590 secs] [Times: user=3.13 sys=10.65, real=1.06 secs] 
2013-04-23T01:31:05.858+0200: [GC [ParNew: 3040832K->337856K(3040832K), 1.0148570 secs] 10529143K->10552265K(30070848K), 1.0149150 secs] [Times: user=3.20 sys=9.93, real=1.01 secs] 
2013-04-23T01:31:07.604+0200: [GC [ParNew: 3040832K->337856K(3040832K), 1.1269920 secs] 13255241K->13285182K(30070848K), 1.1270380 secs] [Times: user=2.82 sys=11.78, real=1.13 secs] 
2013-04-23T01:31:09.445+0200: [GC [ParNew: 3040832K->337856K(3040832K), 1.4860020 secs] 15988158K->15955797K(30070848K), 1.4860760 secs] [Times: user=16.63 sys=2.48, real=1.49 secs] 
2013-04-23T01:31:11.655+0200: [GC [ParNew: 3040832K->337856K(3040832K), 1.0803220 secs] 18658773K->18717657K(30070848K), 1.0803950 secs] [Times: user=3.16 sys=10.82, real=1.08 secs] 
2013-04-23T01:31:13.449+0200: [GC [ParNew: 3040832K->337856K(3040832K), 1.1048640 secs] 21420633K->21407000K(30070848K), 1.1049360 secs] [Times: user=3.45 sys=10.85, real=1.10 secs] 
2013-04-23T01:31:28.590+0200: [GC [ParNew: 3040832K->337856K(3040832K), 1.5388690 secs] 24109976K->23504172K(30070848K), 1.5389760 secs] [Times: user=17.96 sys=1.98, real=1.54 secs] 
2013-04-23T01:32:30.202+0200: [GC [ParNew: 3040832K->337856K(3040832K), 0.2493330 secs] 26207148K->23796101K(30070848K), 0.2494730 secs] [Times: user=2.37 sys=0.72, real=0.24 secs] 
BROKEN RECORDS: 0
BROKEN RECORDS: 0
BROKEN RECORDS: 0
BROKEN RECORDS: 0
BROKEN RECORDS: 0
BROKEN RECORDS: 0
BROKEN RECORDS: 0
BROKEN RECORDS: 0
BROKEN RECORDS: 0
BROKEN RECORDS: 0
BROKEN RECORDS: 0
BROKEN RECORDS: 0
BROKEN RECORDS: 0
BROKEN RECORDS: 0
BROKEN RECORDS: 0
BROKEN RECORDS: 0
BROKEN RECORDS: 0
BROKEN RECORDS: 0
BROKEN RECORDS: 0
BROKEN RECORDS: 0
BROKEN RECORDS: 0
BROKEN RECORDS: 0
BROKEN RECORDS: 0
BROKEN RECORDS: 0
BROKEN RECORDS: 0
BROKEN RECORDS: 0
BROKEN RECORDS: 0
BROKEN RECORDS: 0
BROKEN RECORDS: 0
BROKEN RECORDS: 0
BROKEN RECORDS: 0
BROKEN RECORDS: 0
BROKEN RECORDS: 0
BROKEN RECORDS: 0
BROKEN RECORDS: 0
BROKEN RECORDS: 0
BROKEN RECORDS: 0
BROKEN RECORDS: 0
BROKEN RECORDS: 0
BROKEN RECORDS: 0
BROKEN RECORDS: 0
BROKEN RECORDS: 0
BROKEN RECORDS: 0
BROKEN RECORDS: 0
BROKEN RECORDS: 0
BROKEN RECORDS: 0
BROKEN RECORDS: 0
BROKEN RECORDS: 0
BROKEN RECORDS: 0
BROKEN RECORDS: 0
BROKEN RECORDS: 0
BROKEN RECORDS: 0
BROKEN RECORDS: 0
BROKEN RECORDS: 0
BROKEN RECORDS: 0
BROKEN RECORDS: 0
BROKEN RECORDS: 0
BROKEN RECORDS: 0
BROKEN RECORDS: 0
BROKEN RECORDS: 0
BROKEN RECORDS: 0
BROKEN RECORDS: 0
BROKEN RECORDS: 0
BROKEN RECORDS: 0
BROKEN RECORDS: 0
BROKEN RECORDS: 0
BROKEN RECORDS: 0
BROKEN RECORDS: 0
BROKEN RECORDS: 0
BROKEN RECORDS: 0
BROKEN RECORDS: 0
BROKEN RECORDS: 0
BROKEN RECORDS: 0
BROKEN RECORDS: 0
BROKEN RECORDS: 0
BROKEN RECORDS: 0
BROKEN RECORDS: 0
BROKEN RECORDS: 0
BROKEN RECORDS: 0
BROKEN RECORDS: 0
2013-04-23T01:35:55.745+0200: [GC [ParNew: 3040832K->196692K(3040832K), 0.2410530 secs] 26499077K->23957775K(30070848K), 0.2412610 secs] [Times: user=1.64 sys=0.83, real=0.24 secs] 
BROKEN RECORDS: 0
BROKEN RECORDS: 0
BROKEN RECORDS: 0
BROKEN RECORDS: 0
BROKEN RECORDS: 0
BROKEN RECORDS: 0
BROKEN RECORDS: 0
BROKEN RECORDS: 0
