2013-04-23T01:31:01.505+0200: [GC [ParNew: 2702976K->337856K(3040832K), 0.9246940 secs] 2702976K->2484672K(30070848K), 0.9247920 secs] [Times: user=2.04 sys=9.69, real=0.92 secs] 
2013-04-23T01:31:03.186+0200: [GC [ParNew: 3040832K->337856K(3040832K), 1.0378380 secs] 5187648K->5118113K(30070848K), 1.0379130 secs] [Times: user=2.80 sys=10.59, real=1.04 secs] 
2013-04-23T01:31:04.974+0200: [GC [ParNew: 3040832K->337856K(3040832K), 1.0411430 secs] 7821089K->7814260K(30070848K), 1.0412760 secs] [Times: user=3.11 sys=10.38, real=1.04 secs] 
2013-04-23T01:31:06.700+0200: [GC [ParNew: 3040832K->337856K(3040832K), 1.0101950 secs] 10517236K->10525344K(30070848K), 1.0102690 secs] [Times: user=3.22 sys=9.86, real=1.01 secs] 
2013-04-23T01:31:08.421+0200: [GC [ParNew: 3040832K->337856K(3040832K), 1.0749180 secs] 13228320K->13233064K(30070848K), 1.0749880 secs] [Times: user=3.21 sys=10.71, real=1.08 secs] 
2013-04-23T01:31:10.210+0200: [GC [ParNew: 3040832K->337856K(3040832K), 1.4419150 secs] 15936040K->15946965K(30070848K), 1.4419780 secs] [Times: user=16.22 sys=2.49, real=1.45 secs] 
2013-04-23T01:31:12.346+0200: [GC [ParNew: 3040832K->337856K(3040832K), 1.0628710 secs] 18649941K->18690832K(30070848K), 1.0629440 secs] [Times: user=3.01 sys=10.76, real=1.06 secs] 
2013-04-23T01:31:14.102+0200: [GC [ParNew: 3040832K->337856K(3040832K), 1.1078240 secs] 21393808K->21398263K(30070848K), 1.1078980 secs] [Times: user=3.38 sys=10.97, real=1.11 secs] 
2013-04-23T01:31:28.463+0200: [GC [ParNew: 3040832K->337856K(3040832K), 1.5414160 secs] 24101239K->23497900K(30070848K), 1.5415270 secs] [Times: user=18.07 sys=1.91, real=1.54 secs] 
2013-04-23T01:32:12.077+0200: [GC [ParNew: 3040832K->337856K(3040832K), 0.3658980 secs] 26200876K->23849790K(30070848K), 0.3660510 secs] [Times: user=2.67 sys=1.27, real=0.37 secs] 
BROKEN RECORDS: 0
BROKEN RECORDS: 0
BROKEN RECORDS: 0
BROKEN RECORDS: 0
BROKEN RECORDS: 0
BROKEN RECORDS: 0
BROKEN RECORDS: 0
BROKEN RECORDS: 0
BROKEN RECORDS: 0
BROKEN RECORDS: 0
BROKEN RECORDS: 0
BROKEN RECORDS: 0
BROKEN RECORDS: 0
BROKEN RECORDS: 0
BROKEN RECORDS: 0
BROKEN RECORDS: 0
BROKEN RECORDS: 0
BROKEN RECORDS: 0
BROKEN RECORDS: 0
BROKEN RECORDS: 0
BROKEN RECORDS: 0
BROKEN RECORDS: 0
BROKEN RECORDS: 0
BROKEN RECORDS: 0
BROKEN RECORDS: 0
BROKEN RECORDS: 0
BROKEN RECORDS: 0
BROKEN RECORDS: 0
BROKEN RECORDS: 0
BROKEN RECORDS: 0
BROKEN RECORDS: 0
BROKEN RECORDS: 0
BROKEN RECORDS: 0
BROKEN RECORDS: 0
BROKEN RECORDS: 0
BROKEN RECORDS: 0
BROKEN RECORDS: 0
BROKEN RECORDS: 0
BROKEN RECORDS: 0
BROKEN RECORDS: 0
BROKEN RECORDS: 0
BROKEN RECORDS: 0
BROKEN RECORDS: 0
BROKEN RECORDS: 0
BROKEN RECORDS: 0
BROKEN RECORDS: 0
BROKEN RECORDS: 0
BROKEN RECORDS: 0
BROKEN RECORDS: 0
BROKEN RECORDS: 0
BROKEN RECORDS: 0
BROKEN RECORDS: 0
BROKEN RECORDS: 0
BROKEN RECORDS: 0
BROKEN RECORDS: 0
BROKEN RECORDS: 0
BROKEN RECORDS: 0
BROKEN RECORDS: 0
BROKEN RECORDS: 0
BROKEN RECORDS: 0
BROKEN RECORDS: 0
BROKEN RECORDS: 0
BROKEN RECORDS: 0
BROKEN RECORDS: 0
BROKEN RECORDS: 0
BROKEN RECORDS: 0
BROKEN RECORDS: 0
BROKEN RECORDS: 0
BROKEN RECORDS: 0
BROKEN RECORDS: 0
BROKEN RECORDS: 0
BROKEN RECORDS: 0
BROKEN RECORDS: 0
BROKEN RECORDS: 0
BROKEN RECORDS: 0
BROKEN RECORDS: 0
BROKEN RECORDS: 0
BROKEN RECORDS: 0
BROKEN RECORDS: 0
BROKEN RECORDS: 0
2013-04-23T01:35:55.526+0200: [GC [ParNew: 3040832K->197717K(3040832K), 0.2619780 secs] 26552766K->23985327K(30070848K), 0.2622740 secs] [Times: user=1.92 sys=0.66, real=0.26 secs] 
BROKEN RECORDS: 0
BROKEN RECORDS: 0
BROKEN RECORDS: 0
BROKEN RECORDS: 0
BROKEN RECORDS: 0
BROKEN RECORDS: 0
BROKEN RECORDS: 0
BROKEN RECORDS: 0
