2013-04-23T01:30:57.162+0200: [GC [ParNew: 2702976K->337856K(3040832K), 0.9460850 secs] 2702976K->2487646K(30070848K), 0.9461830 secs] [Times: user=2.30 sys=9.61, real=0.95 secs] 
2013-04-23T01:30:58.842+0200: [GC [ParNew: 3040832K->337856K(3040832K), 1.0464860 secs] 5190622K->5118128K(30070848K), 1.0465570 secs] [Times: user=2.98 sys=10.53, real=1.05 secs] 
2013-04-23T01:31:00.610+0200: [GC [ParNew: 3040832K->337856K(3040832K), 1.0630940 secs] 7821104K->7811298K(30070848K), 1.0631490 secs] [Times: user=3.13 sys=10.52, real=1.06 secs] 
2013-04-23T01:31:02.387+0200: [GC [ParNew: 3040832K->337856K(3040832K), 1.0491640 secs] 10514274K->10564866K(30070848K), 1.0492370 secs] [Times: user=3.34 sys=10.23, real=1.05 secs] 
2013-04-23T01:31:04.134+0200: [GC [ParNew: 3040832K->337856K(3040832K), 1.0972100 secs] 13267842K->13269865K(30070848K), 1.0972780 secs] [Times: user=3.15 sys=11.07, real=1.10 secs] 
2013-04-23T01:31:05.912+0200: [GC [ParNew: 3040832K->337856K(3040832K), 1.6608120 secs] 15972841K->15959242K(30070848K), 1.6608790 secs] [Times: user=18.82 sys=2.66, real=1.66 secs] 
2013-04-23T01:31:08.276+0200: [GC [ParNew: 3040832K->337856K(3040832K), 1.0692080 secs] 18662218K->18665843K(30070848K), 1.0692670 secs] [Times: user=3.16 sys=10.68, real=1.07 secs] 
2013-04-23T01:31:10.059+0200: [GC [ParNew: 3040832K->337856K(3040832K), 1.1243960 secs] 21368819K->21372441K(30070848K), 1.1244500 secs] [Times: user=3.59 sys=10.97, real=1.13 secs] 
2013-04-23T01:31:28.511+0200: [GC [ParNew: 2997396K->337856K(3040832K), 1.7209090 secs] 24031982K->23502686K(30070848K), 1.7209820 secs] [Times: user=19.95 sys=2.24, real=1.72 secs] 
2013-04-23T01:32:05.254+0200: [GC [ParNew: 3040832K->337856K(3040832K), 0.3387970 secs] 26205662K->23741778K(30070848K), 0.3390610 secs] [Times: user=2.42 sys=0.82, real=0.34 secs] 
BROKEN RECORDS: 0
BROKEN RECORDS: 0
BROKEN RECORDS: 0
BROKEN RECORDS: 0
BROKEN RECORDS: 0
BROKEN RECORDS: 0
BROKEN RECORDS: 0
BROKEN RECORDS: 0
BROKEN RECORDS: 0
BROKEN RECORDS: 0
BROKEN RECORDS: 0
BROKEN RECORDS: 0
BROKEN RECORDS: 0
BROKEN RECORDS: 0
BROKEN RECORDS: 0
BROKEN RECORDS: 0
BROKEN RECORDS: 0
BROKEN RECORDS: 0
BROKEN RECORDS: 0
BROKEN RECORDS: 0
BROKEN RECORDS: 0
BROKEN RECORDS: 0
BROKEN RECORDS: 0
BROKEN RECORDS: 0
BROKEN RECORDS: 0
BROKEN RECORDS: 0
BROKEN RECORDS: 0
BROKEN RECORDS: 0
BROKEN RECORDS: 0
BROKEN RECORDS: 0
BROKEN RECORDS: 0
BROKEN RECORDS: 0
BROKEN RECORDS: 0
BROKEN RECORDS: 0
BROKEN RECORDS: 0
BROKEN RECORDS: 0
BROKEN RECORDS: 0
BROKEN RECORDS: 0
BROKEN RECORDS: 0
BROKEN RECORDS: 0
BROKEN RECORDS: 0
BROKEN RECORDS: 0
BROKEN RECORDS: 0
BROKEN RECORDS: 0
BROKEN RECORDS: 0
BROKEN RECORDS: 0
BROKEN RECORDS: 0
BROKEN RECORDS: 0
BROKEN RECORDS: 0
BROKEN RECORDS: 0
BROKEN RECORDS: 0
BROKEN RECORDS: 0
BROKEN RECORDS: 0
BROKEN RECORDS: 0
BROKEN RECORDS: 0
BROKEN RECORDS: 0
BROKEN RECORDS: 0
BROKEN RECORDS: 0
BROKEN RECORDS: 0
BROKEN RECORDS: 0
BROKEN RECORDS: 0
BROKEN RECORDS: 0
BROKEN RECORDS: 0
BROKEN RECORDS: 0
BROKEN RECORDS: 0
BROKEN RECORDS: 0
BROKEN RECORDS: 0
BROKEN RECORDS: 0
BROKEN RECORDS: 0
BROKEN RECORDS: 0
BROKEN RECORDS: 0
BROKEN RECORDS: 0
BROKEN RECORDS: 0
BROKEN RECORDS: 0
BROKEN RECORDS: 0
BROKEN RECORDS: 0
BROKEN RECORDS: 0
BROKEN RECORDS: 0
BROKEN RECORDS: 0
BROKEN RECORDS: 0
2013-04-23T01:35:55.536+0200: [GC [ParNew: 3040832K->233973K(3040832K), 0.4736860 secs] 26444754K->23893694K(30070848K), 0.4739360 secs] [Times: user=3.49 sys=0.59, real=0.47 secs] 
BROKEN RECORDS: 0
BROKEN RECORDS: 0
BROKEN RECORDS: 0
BROKEN RECORDS: 0
BROKEN RECORDS: 0
BROKEN RECORDS: 0
BROKEN RECORDS: 0
BROKEN RECORDS: 0
