2013-04-23T01:31:01.016+0200: [GC [ParNew: 2702976K->337856K(3040832K), 0.9316130 secs] 2702976K->2493592K(30070848K), 0.9316730 secs] [Times: user=2.28 sys=9.53, real=0.93 secs] 
2013-04-23T01:31:02.702+0200: [GC [ParNew: 3040832K->337856K(3040832K), 1.0461350 secs] 5196568K->5123822K(30070848K), 1.0462100 secs] [Times: user=2.77 sys=10.76, real=1.05 secs] 
2013-04-23T01:31:04.481+0200: [GC [ParNew: 3040832K->337856K(3040832K), 1.0776840 secs] 7826798K->7815167K(30070848K), 1.0777580 secs] [Times: user=3.60 sys=10.35, real=1.08 secs] 
2013-04-23T01:31:06.262+0200: [GC [ParNew: 3040832K->337856K(3040832K), 1.0449000 secs] 10518143K->10564477K(30070848K), 1.0449750 secs] [Times: user=3.10 sys=10.43, real=1.04 secs] 
2013-04-23T01:31:08.022+0200: [GC [ParNew: 3040832K->337856K(3040832K), 1.1306920 secs] 13267453K->13295121K(30070848K), 1.1307630 secs] [Times: user=3.12 sys=11.53, real=1.13 secs] 
2013-04-23T01:31:09.867+0200: [GC [ParNew: 3040832K->337856K(3040832K), 1.3799060 secs] 15998097K->16019234K(30070848K), 1.3799770 secs] [Times: user=15.48 sys=2.43, real=1.38 secs] 
2013-04-23T01:31:11.951+0200: [GC [ParNew: 3040832K->337856K(3040832K), 1.0685910 secs] 18722210K->18760028K(30070848K), 1.0686630 secs] [Times: user=2.81 sys=11.05, real=1.07 secs] 
2013-04-23T01:31:13.723+0200: [GC [ParNew: 3040832K->337856K(3040832K), 1.1356010 secs] 21463004K->21463009K(30070848K), 1.1356740 secs] [Times: user=3.68 sys=11.03, real=1.14 secs] 
2013-04-23T01:31:28.480+0200: [GC [ParNew: 3040832K->337856K(3040832K), 1.2738550 secs] 24165985K->23513374K(30070848K), 1.2740310 secs] [Times: user=14.93 sys=1.58, real=1.27 secs] 
2013-04-23T01:32:31.148+0200: [GC [ParNew: 3040832K->337856K(3040832K), 0.2268170 secs] 26216350K->23633984K(30070848K), 0.2270160 secs] [Times: user=2.66 sys=0.18, real=0.23 secs] 
BROKEN RECORDS: 0
BROKEN RECORDS: 0
BROKEN RECORDS: 0
BROKEN RECORDS: 0
BROKEN RECORDS: 0
BROKEN RECORDS: 0
BROKEN RECORDS: 0
BROKEN RECORDS: 0
BROKEN RECORDS: 0
BROKEN RECORDS: 0
BROKEN RECORDS: 0
BROKEN RECORDS: 0
BROKEN RECORDS: 0
BROKEN RECORDS: 0
BROKEN RECORDS: 0
BROKEN RECORDS: 0
BROKEN RECORDS: 0
BROKEN RECORDS: 0
BROKEN RECORDS: 0
BROKEN RECORDS: 0
BROKEN RECORDS: 0
BROKEN RECORDS: 0
BROKEN RECORDS: 0
BROKEN RECORDS: 0
BROKEN RECORDS: 0
BROKEN RECORDS: 0
BROKEN RECORDS: 0
BROKEN RECORDS: 0
BROKEN RECORDS: 0
BROKEN RECORDS: 0
BROKEN RECORDS: 0
BROKEN RECORDS: 0
BROKEN RECORDS: 0
BROKEN RECORDS: 0
BROKEN RECORDS: 0
BROKEN RECORDS: 0
BROKEN RECORDS: 0
BROKEN RECORDS: 0
BROKEN RECORDS: 0
BROKEN RECORDS: 0
BROKEN RECORDS: 0
BROKEN RECORDS: 0
BROKEN RECORDS: 0
BROKEN RECORDS: 0
BROKEN RECORDS: 0
BROKEN RECORDS: 0
BROKEN RECORDS: 0
BROKEN RECORDS: 0
BROKEN RECORDS: 0
BROKEN RECORDS: 0
BROKEN RECORDS: 0
BROKEN RECORDS: 0
BROKEN RECORDS: 0
BROKEN RECORDS: 0
BROKEN RECORDS: 0
BROKEN RECORDS: 0
BROKEN RECORDS: 0
BROKEN RECORDS: 0
BROKEN RECORDS: 0
BROKEN RECORDS: 0
BROKEN RECORDS: 0
BROKEN RECORDS: 0
BROKEN RECORDS: 0
BROKEN RECORDS: 0
BROKEN RECORDS: 0
BROKEN RECORDS: 0
BROKEN RECORDS: 0
BROKEN RECORDS: 0
BROKEN RECORDS: 0
BROKEN RECORDS: 0
BROKEN RECORDS: 0
BROKEN RECORDS: 0
BROKEN RECORDS: 0
BROKEN RECORDS: 0
BROKEN RECORDS: 0
BROKEN RECORDS: 0
BROKEN RECORDS: 0
BROKEN RECORDS: 0
BROKEN RECORDS: 0
BROKEN RECORDS: 0
2013-04-23T01:35:55.735+0200: [GC [ParNew: 3040832K->200072K(3040832K), 0.2727120 secs] 26336960K->23819014K(30070848K), 0.2729500 secs] [Times: user=1.95 sys=0.92, real=0.27 secs] 
BROKEN RECORDS: 0
BROKEN RECORDS: 0
BROKEN RECORDS: 0
BROKEN RECORDS: 0
BROKEN RECORDS: 0
BROKEN RECORDS: 0
BROKEN RECORDS: 0
BROKEN RECORDS: 0
