2013-04-23T01:30:58.007+0200: [GC [ParNew: 2702976K->337856K(3040832K), 0.9333770 secs] 2702976K->2485006K(30070848K), 0.9334510 secs] [Times: user=2.04 sys=9.74, real=0.93 secs] 
2013-04-23T01:30:59.716+0200: [GC [ParNew: 3040832K->337856K(3040832K), 1.0518800 secs] 5187982K->5115187K(30070848K), 1.0519380 secs] [Times: user=2.82 sys=10.75, real=1.05 secs] 
2013-04-23T01:31:01.515+0200: [GC [ParNew: 3040832K->337856K(3040832K), 1.0614650 secs] 7818163K->7811367K(30070848K), 1.0615110 secs] [Times: user=3.06 sys=10.69, real=1.06 secs] 
2013-04-23T01:31:03.279+0200: [GC [ParNew: 3040832K->337856K(3040832K), 1.0348630 secs] 10514343K->10570057K(30070848K), 1.0349330 secs] [Times: user=3.19 sys=10.20, real=1.03 secs] 
2013-04-23T01:31:05.026+0200: [GC [ParNew: 3040832K->337856K(3040832K), 1.1113440 secs] 13273033K->13300156K(30070848K), 1.1114180 secs] [Times: user=2.88 sys=11.52, real=1.11 secs] 
2013-04-23T01:31:06.832+0200: [GC [ParNew: 3040832K->337856K(3040832K), 1.5122530 secs] 16003132K->15964881K(30070848K), 1.5123150 secs] [Times: user=17.10 sys=2.53, real=1.51 secs] 
2013-04-23T01:31:09.035+0200: [GC [ParNew: 3040832K->337856K(3040832K), 1.0919380 secs] 18667857K->18734360K(30070848K), 1.0919920 secs] [Times: user=2.95 sys=11.12, real=1.09 secs] 
2013-04-23T01:31:10.851+0200: [GC [ParNew: 3040832K->337856K(3040832K), 1.1241030 secs] 21437336K->21433532K(30070848K), 1.1241550 secs] [Times: user=3.42 sys=11.11, real=1.12 secs] 
2013-04-23T01:31:28.508+0200: [GC [ParNew: 3040832K->337856K(3040832K), 1.5018140 secs] 24136508K->23519562K(30070848K), 1.5019150 secs] [Times: user=17.79 sys=1.69, real=1.50 secs] 
2013-04-23T01:32:28.084+0200: [GC [ParNew: 3040832K->337856K(3040832K), 0.2126170 secs] 26222543K->23692416K(30070848K), 0.2128300 secs] [Times: user=2.35 sys=0.22, real=0.21 secs] 
BROKEN RECORDS: 0
BROKEN RECORDS: 0
BROKEN RECORDS: 0
BROKEN RECORDS: 0
BROKEN RECORDS: 0
BROKEN RECORDS: 0
BROKEN RECORDS: 0
BROKEN RECORDS: 0
BROKEN RECORDS: 0
BROKEN RECORDS: 0
BROKEN RECORDS: 0
BROKEN RECORDS: 0
BROKEN RECORDS: 0
BROKEN RECORDS: 0
BROKEN RECORDS: 0
BROKEN RECORDS: 0
BROKEN RECORDS: 0
BROKEN RECORDS: 0
BROKEN RECORDS: 0
BROKEN RECORDS: 0
BROKEN RECORDS: 0
BROKEN RECORDS: 0
BROKEN RECORDS: 0
BROKEN RECORDS: 0
BROKEN RECORDS: 0
BROKEN RECORDS: 0
BROKEN RECORDS: 0
BROKEN RECORDS: 0
BROKEN RECORDS: 0
BROKEN RECORDS: 0
BROKEN RECORDS: 0
BROKEN RECORDS: 0
BROKEN RECORDS: 0
BROKEN RECORDS: 0
BROKEN RECORDS: 0
BROKEN RECORDS: 0
BROKEN RECORDS: 0
BROKEN RECORDS: 0
BROKEN RECORDS: 0
BROKEN RECORDS: 0
BROKEN RECORDS: 0
BROKEN RECORDS: 0
BROKEN RECORDS: 0
BROKEN RECORDS: 0
BROKEN RECORDS: 0
BROKEN RECORDS: 0
BROKEN RECORDS: 0
BROKEN RECORDS: 0
BROKEN RECORDS: 0
BROKEN RECORDS: 0
BROKEN RECORDS: 0
BROKEN RECORDS: 0
BROKEN RECORDS: 0
BROKEN RECORDS: 0
BROKEN RECORDS: 0
BROKEN RECORDS: 0
BROKEN RECORDS: 0
BROKEN RECORDS: 0
BROKEN RECORDS: 0
BROKEN RECORDS: 0
BROKEN RECORDS: 0
BROKEN RECORDS: 0
BROKEN RECORDS: 0
BROKEN RECORDS: 0
BROKEN RECORDS: 0
BROKEN RECORDS: 0
BROKEN RECORDS: 0
BROKEN RECORDS: 0
BROKEN RECORDS: 0
BROKEN RECORDS: 0
BROKEN RECORDS: 0
BROKEN RECORDS: 0
BROKEN RECORDS: 0
BROKEN RECORDS: 0
BROKEN RECORDS: 0
BROKEN RECORDS: 0
BROKEN RECORDS: 0
BROKEN RECORDS: 0
BROKEN RECORDS: 0
BROKEN RECORDS: 0
2013-04-23T01:35:55.875+0200: [GC [ParNew: 3040832K->186862K(3040832K), 0.3502660 secs] 26395392K->23856365K(30070848K), 0.3507450 secs] [Times: user=2.51 sys=0.72, real=0.35 secs] 
BROKEN RECORDS: 0
BROKEN RECORDS: 0
BROKEN RECORDS: 0
BROKEN RECORDS: 0
BROKEN RECORDS: 0
BROKEN RECORDS: 0
BROKEN RECORDS: 0
BROKEN RECORDS: 0
