2013-04-23T01:30:59.687+0200: [GC [ParNew: 2702976K->337856K(3040832K), 0.9205660 secs] 2702976K->2494337K(30070848K), 0.9206390 secs] [Times: user=2.33 sys=9.31, real=0.92 secs] 
2013-04-23T01:31:01.382+0200: [GC [ParNew: 3040832K->337856K(3040832K), 1.0489970 secs] 5197313K->5131547K(30070848K), 1.0490550 secs] [Times: user=2.65 sys=10.88, real=1.05 secs] 
2013-04-23T01:31:03.194+0200: [GC [ParNew: 3040832K->337856K(3040832K), 1.0570040 secs] 7834523K->7827598K(30070848K), 1.0570740 secs] [Times: user=3.14 sys=10.52, real=1.06 secs] 
2013-04-23T01:31:04.975+0200: [GC [ParNew: 3040832K->337856K(3040832K), 1.0392990 secs] 10530574K->10568840K(30070848K), 1.0393720 secs] [Times: user=3.24 sys=10.22, real=1.04 secs] 
2013-04-23T01:31:06.740+0200: [GC [ParNew: 3040832K->337856K(3040832K), 1.1077330 secs] 13271816K->13274127K(30070848K), 1.1078070 secs] [Times: user=3.13 sys=11.16, real=1.11 secs] 
2013-04-23T01:31:08.562+0200: [GC [ParNew: 3040832K->337856K(3040832K), 1.4800030 secs] 15977103K->15964913K(30070848K), 1.4800770 secs] [Times: user=16.55 sys=2.65, real=1.48 secs] 
2013-04-23T01:31:10.739+0200: [GC [ParNew: 3040832K->337856K(3040832K), 1.0724950 secs] 18667889K->18690115K(30070848K), 1.0725680 secs] [Times: user=2.84 sys=11.05, real=1.07 secs] 
2013-04-23T01:31:12.518+0200: [GC [ParNew: 3040832K->337856K(3040832K), 1.1182050 secs] 21393091K->21367867K(30070848K), 1.1182800 secs] [Times: user=3.48 sys=11.01, real=1.12 secs] 
2013-04-23T01:31:28.629+0200: [GC [ParNew: 3040832K->337856K(3040832K), 1.3749240 secs] 24070843K->23482665K(30070848K), 1.3750050 secs] [Times: user=16.01 sys=1.69, real=1.37 secs] 
2013-04-23T01:32:30.906+0200: [GC [ParNew: 3040832K->337856K(3040832K), 0.2264270 secs] 26185641K->23657985K(30070848K), 0.2265890 secs] [Times: user=2.57 sys=0.30, real=0.23 secs] 
BROKEN RECORDS: 0
BROKEN RECORDS: 0
BROKEN RECORDS: 0
BROKEN RECORDS: 0
BROKEN RECORDS: 0
BROKEN RECORDS: 0
BROKEN RECORDS: 0
BROKEN RECORDS: 0
BROKEN RECORDS: 0
BROKEN RECORDS: 0
BROKEN RECORDS: 0
BROKEN RECORDS: 0
BROKEN RECORDS: 0
BROKEN RECORDS: 0
BROKEN RECORDS: 0
BROKEN RECORDS: 0
BROKEN RECORDS: 0
BROKEN RECORDS: 0
BROKEN RECORDS: 0
BROKEN RECORDS: 0
BROKEN RECORDS: 0
BROKEN RECORDS: 0
BROKEN RECORDS: 0
BROKEN RECORDS: 0
BROKEN RECORDS: 0
BROKEN RECORDS: 0
BROKEN RECORDS: 0
BROKEN RECORDS: 0
BROKEN RECORDS: 0
BROKEN RECORDS: 0
BROKEN RECORDS: 0
BROKEN RECORDS: 0
BROKEN RECORDS: 0
BROKEN RECORDS: 0
BROKEN RECORDS: 0
BROKEN RECORDS: 0
BROKEN RECORDS: 0
BROKEN RECORDS: 0
BROKEN RECORDS: 0
BROKEN RECORDS: 0
BROKEN RECORDS: 0
BROKEN RECORDS: 0
BROKEN RECORDS: 0
BROKEN RECORDS: 0
BROKEN RECORDS: 0
BROKEN RECORDS: 0
BROKEN RECORDS: 0
BROKEN RECORDS: 0
BROKEN RECORDS: 0
BROKEN RECORDS: 0
BROKEN RECORDS: 0
BROKEN RECORDS: 0
BROKEN RECORDS: 0
BROKEN RECORDS: 0
BROKEN RECORDS: 0
BROKEN RECORDS: 0
BROKEN RECORDS: 0
BROKEN RECORDS: 0
BROKEN RECORDS: 0
BROKEN RECORDS: 0
BROKEN RECORDS: 0
BROKEN RECORDS: 0
BROKEN RECORDS: 0
BROKEN RECORDS: 0
BROKEN RECORDS: 0
BROKEN RECORDS: 0
BROKEN RECORDS: 0
BROKEN RECORDS: 0
BROKEN RECORDS: 0
BROKEN RECORDS: 0
BROKEN RECORDS: 0
BROKEN RECORDS: 0
BROKEN RECORDS: 0
BROKEN RECORDS: 0
BROKEN RECORDS: 0
BROKEN RECORDS: 0
BROKEN RECORDS: 0
BROKEN RECORDS: 0
BROKEN RECORDS: 0
BROKEN RECORDS: 0
2013-04-23T01:35:55.797+0200: [GC [ParNew: 3040832K->196578K(3040832K), 0.2662750 secs] 26360961K->23841744K(30070848K), 0.2665620 secs] [Times: user=1.83 sys=0.86, real=0.27 secs] 
BROKEN RECORDS: 0
BROKEN RECORDS: 0
BROKEN RECORDS: 0
BROKEN RECORDS: 0
BROKEN RECORDS: 0
BROKEN RECORDS: 0
BROKEN RECORDS: 0
BROKEN RECORDS: 0
