2013-04-23T01:30:59.485+0200: [GC [ParNew: 2702976K->337856K(3040832K), 0.9499460 secs] 2702976K->2488431K(30070848K), 0.9500100 secs] [Times: user=2.27 sys=9.74, real=0.95 secs] 
2013-04-23T01:31:01.228+0200: [GC [ParNew: 3040832K->337856K(3040832K), 1.0606150 secs] 5191407K->5126980K(30070848K), 1.0606870 secs] [Times: user=2.67 sys=11.00, real=1.06 secs] 
2013-04-23T01:31:03.044+0200: [GC [ParNew: 3040832K->337856K(3040832K), 1.0859010 secs] 7829956K->7820086K(30070848K), 1.0859670 secs] [Times: user=3.44 sys=10.64, real=1.08 secs] 
2013-04-23T01:31:04.830+0200: [GC [ParNew: 3040832K->337856K(3040832K), 1.0058000 secs] 10523062K->10536644K(30070848K), 1.0058670 secs] [Times: user=3.17 sys=9.85, real=1.01 secs] 
2013-04-23T01:31:06.560+0200: [GC [ParNew: 3040832K->337856K(3040832K), 1.1163500 secs] 13239620K->13261845K(30070848K), 1.1164060 secs] [Times: user=3.27 sys=11.06, real=1.12 secs] 
2013-04-23T01:31:08.391+0200: [GC [ParNew: 3040832K->337856K(3040832K), 1.5693180 secs] 15964821K->15931788K(30070848K), 1.5693730 secs] [Times: user=17.79 sys=2.57, real=1.57 secs] 
2013-04-23T01:31:10.653+0200: [GC [ParNew: 3040832K->337856K(3040832K), 1.0962550 secs] 18634764K->18700883K(30070848K), 1.0963020 secs] [Times: user=3.09 sys=11.12, real=1.10 secs] 
2013-04-23T01:31:12.462+0200: [GC [ParNew: 3040832K->337856K(3040832K), 1.1311930 secs] 21403859K->21397493K(30070848K), 1.1312690 secs] [Times: user=3.36 sys=11.25, real=1.12 secs] 
2013-04-23T01:31:28.535+0200: [GC [ParNew: 3040832K->337856K(3040832K), 1.6461680 secs] 24100469K->23513106K(30070848K), 1.6462730 secs] [Times: user=19.14 sys=2.04, real=1.64 secs] 
2013-04-23T01:32:32.348+0200: [GC [ParNew: 3040832K->337856K(3040832K), 0.2338000 secs] 26216082K->23678760K(30070848K), 0.2339620 secs] [Times: user=2.31 sys=0.48, real=0.23 secs] 
BROKEN RECORDS: 0
BROKEN RECORDS: 0
BROKEN RECORDS: 0
BROKEN RECORDS: 0
BROKEN RECORDS: 0
BROKEN RECORDS: 0
BROKEN RECORDS: 0
BROKEN RECORDS: 0
BROKEN RECORDS: 0
BROKEN RECORDS: 0
BROKEN RECORDS: 0
BROKEN RECORDS: 0
BROKEN RECORDS: 0
BROKEN RECORDS: 0
BROKEN RECORDS: 0
BROKEN RECORDS: 0
BROKEN RECORDS: 0
BROKEN RECORDS: 0
BROKEN RECORDS: 0
BROKEN RECORDS: 0
BROKEN RECORDS: 0
BROKEN RECORDS: 0
BROKEN RECORDS: 0
BROKEN RECORDS: 0
BROKEN RECORDS: 0
BROKEN RECORDS: 0
BROKEN RECORDS: 0
BROKEN RECORDS: 0
BROKEN RECORDS: 0
BROKEN RECORDS: 0
BROKEN RECORDS: 0
BROKEN RECORDS: 0
BROKEN RECORDS: 0
BROKEN RECORDS: 0
BROKEN RECORDS: 0
BROKEN RECORDS: 0
BROKEN RECORDS: 0
BROKEN RECORDS: 0
BROKEN RECORDS: 0
BROKEN RECORDS: 0
BROKEN RECORDS: 0
BROKEN RECORDS: 0
BROKEN RECORDS: 0
BROKEN RECORDS: 0
BROKEN RECORDS: 0
BROKEN RECORDS: 0
BROKEN RECORDS: 0
BROKEN RECORDS: 0
BROKEN RECORDS: 0
BROKEN RECORDS: 0
BROKEN RECORDS: 0
BROKEN RECORDS: 0
BROKEN RECORDS: 0
BROKEN RECORDS: 0
BROKEN RECORDS: 0
BROKEN RECORDS: 0
BROKEN RECORDS: 0
BROKEN RECORDS: 0
BROKEN RECORDS: 0
BROKEN RECORDS: 0
BROKEN RECORDS: 0
BROKEN RECORDS: 0
BROKEN RECORDS: 0
BROKEN RECORDS: 0
BROKEN RECORDS: 0
BROKEN RECORDS: 0
BROKEN RECORDS: 0
BROKEN RECORDS: 0
BROKEN RECORDS: 0
BROKEN RECORDS: 0
BROKEN RECORDS: 0
BROKEN RECORDS: 0
BROKEN RECORDS: 0
BROKEN RECORDS: 0
BROKEN RECORDS: 0
BROKEN RECORDS: 0
BROKEN RECORDS: 0
BROKEN RECORDS: 0
BROKEN RECORDS: 0
BROKEN RECORDS: 0
2013-04-23T01:35:55.852+0200: [GC [ParNew: 3040832K->181633K(3040832K), 0.2382480 secs] 26381736K->23835390K(30070848K), 0.2385270 secs] [Times: user=1.66 sys=0.56, real=0.24 secs] 
BROKEN RECORDS: 0
BROKEN RECORDS: 0
BROKEN RECORDS: 0
BROKEN RECORDS: 0
BROKEN RECORDS: 0
BROKEN RECORDS: 0
BROKEN RECORDS: 0
BROKEN RECORDS: 0
