2013-04-23T01:30:58.317+0200: [GC [ParNew: 2702976K->337856K(3040832K), 0.9637840 secs] 2702976K->2496568K(30070848K), 0.9639350 secs] [Times: user=2.18 sys=9.90, real=0.96 secs] 
2013-04-23T01:31:00.036+0200: [GC [ParNew: 3040832K->337856K(3040832K), 1.0661220 secs] 5199544K->5127985K(30070848K), 1.0661910 secs] [Times: user=2.84 sys=10.94, real=1.06 secs] 
2013-04-23T01:31:01.867+0200: [GC [ParNew: 3040832K->337856K(3040832K), 1.0550190 secs] 7830961K->7821571K(30070848K), 1.0550700 secs] [Times: user=3.18 sys=10.47, real=1.05 secs] 
2013-04-23T01:31:03.645+0200: [GC [ParNew: 3040832K->337856K(3040832K), 1.0516240 secs] 10524547K->10567327K(30070848K), 1.0516750 secs] [Times: user=3.52 sys=10.08, real=1.06 secs] 
2013-04-23T01:31:05.400+0200: [GC [ParNew: 3040832K->337856K(3040832K), 1.0980300 secs] 13270303K->13278921K(30070848K), 1.0980790 secs] [Times: user=3.22 sys=11.01, real=1.10 secs] 
2013-04-23T01:31:07.222+0200: [GC [ParNew: 3040832K->337856K(3040832K), 1.4357210 secs] 15981897K->15990805K(30070848K), 1.4357920 secs] [Times: user=16.06 sys=2.58, real=1.44 secs] 
2013-04-23T01:31:09.381+0200: [GC [ParNew: 3040832K->337856K(3040832K), 1.0803040 secs] 18693781K->18724363K(30070848K), 1.0803580 secs] [Times: user=3.05 sys=10.92, real=1.08 secs] 
2013-04-23T01:31:11.165+0200: [GC [ParNew: 3040832K->337856K(3040832K), 1.1262690 secs] 21427339K->21424495K(30070848K), 1.1263240 secs] [Times: user=3.70 sys=10.85, real=1.12 secs] 
2013-04-23T01:31:28.573+0200: [GC [ParNew: 3040832K->337856K(3040832K), 1.3462050 secs] 24127471K->23507868K(30070848K), 1.3462960 secs] [Times: user=15.53 sys=1.88, real=1.35 secs] 
2013-04-23T01:32:07.329+0200: [GC [ParNew: 3038249K->337856K(3040832K), 0.4043370 secs] 26208261K->23828653K(30070848K), 0.4045310 secs] [Times: user=2.73 sys=1.39, real=0.41 secs] 
BROKEN RECORDS: 0
BROKEN RECORDS: 0
BROKEN RECORDS: 0
BROKEN RECORDS: 0
BROKEN RECORDS: 0
BROKEN RECORDS: 0
BROKEN RECORDS: 0
BROKEN RECORDS: 0
BROKEN RECORDS: 0
BROKEN RECORDS: 0
BROKEN RECORDS: 0
BROKEN RECORDS: 0
BROKEN RECORDS: 0
BROKEN RECORDS: 0
BROKEN RECORDS: 0
BROKEN RECORDS: 0
BROKEN RECORDS: 0
BROKEN RECORDS: 0
BROKEN RECORDS: 0
BROKEN RECORDS: 0
BROKEN RECORDS: 0
BROKEN RECORDS: 0
BROKEN RECORDS: 0
BROKEN RECORDS: 0
BROKEN RECORDS: 0
BROKEN RECORDS: 0
BROKEN RECORDS: 0
BROKEN RECORDS: 0
BROKEN RECORDS: 0
BROKEN RECORDS: 0
BROKEN RECORDS: 0
BROKEN RECORDS: 0
BROKEN RECORDS: 0
BROKEN RECORDS: 0
BROKEN RECORDS: 0
BROKEN RECORDS: 0
BROKEN RECORDS: 0
BROKEN RECORDS: 0
BROKEN RECORDS: 0
BROKEN RECORDS: 0
BROKEN RECORDS: 0
BROKEN RECORDS: 0
BROKEN RECORDS: 0
BROKEN RECORDS: 0
BROKEN RECORDS: 0
BROKEN RECORDS: 0
BROKEN RECORDS: 0
BROKEN RECORDS: 0
BROKEN RECORDS: 0
BROKEN RECORDS: 0
BROKEN RECORDS: 0
BROKEN RECORDS: 0
BROKEN RECORDS: 0
BROKEN RECORDS: 0
BROKEN RECORDS: 0
BROKEN RECORDS: 0
BROKEN RECORDS: 0
BROKEN RECORDS: 0
BROKEN RECORDS: 0
BROKEN RECORDS: 0
BROKEN RECORDS: 0
BROKEN RECORDS: 0
BROKEN RECORDS: 0
BROKEN RECORDS: 0
BROKEN RECORDS: 0
BROKEN RECORDS: 0
BROKEN RECORDS: 0
BROKEN RECORDS: 0
BROKEN RECORDS: 0
BROKEN RECORDS: 0
BROKEN RECORDS: 0
BROKEN RECORDS: 0
BROKEN RECORDS: 0
BROKEN RECORDS: 0
BROKEN RECORDS: 0
BROKEN RECORDS: 0
BROKEN RECORDS: 0
BROKEN RECORDS: 0
BROKEN RECORDS: 0
BROKEN RECORDS: 0
2013-04-23T01:35:55.531+0200: [GC [ParNew: 3040832K->247095K(3040832K), 0.2413130 secs] 26531629K->24026273K(30070848K), 0.2415710 secs] [Times: user=1.93 sys=0.67, real=0.24 secs] 
BROKEN RECORDS: 0
BROKEN RECORDS: 0
BROKEN RECORDS: 0
BROKEN RECORDS: 0
BROKEN RECORDS: 0
BROKEN RECORDS: 0
BROKEN RECORDS: 0
BROKEN RECORDS: 0
