2013-04-23T01:31:02.357+0200: [GC [ParNew: 2702976K->337856K(3040832K), 0.9431960 secs] 2702976K->2490634K(30070848K), 0.9432940 secs] [Times: user=2.03 sys=9.95, real=0.94 secs] 
2013-04-23T01:31:04.045+0200: [GC [ParNew: 3040832K->337856K(3040832K), 1.0504490 secs] 5193610K->5128232K(30070848K), 1.0505240 secs] [Times: user=2.84 sys=10.73, real=1.04 secs] 
2013-04-23T01:31:05.837+0200: [GC [ParNew: 3040832K->337856K(3040832K), 1.0761620 secs] 7831208K->7824251K(30070848K), 1.0762320 secs] [Times: user=3.22 sys=10.71, real=1.07 secs] 
2013-04-23T01:31:07.639+0200: [GC [ParNew: 3040832K->337856K(3040832K), 1.0406450 secs] 10527227K->10563764K(30070848K), 1.0407100 secs] [Times: user=3.05 sys=10.42, real=1.04 secs] 
2013-04-23T01:31:09.403+0200: [GC [ParNew: 3040832K->337856K(3040832K), 1.1192610 secs] 13266740K->13268667K(30070848K), 1.1193320 secs] [Times: user=3.02 sys=11.49, real=1.12 secs] 
2013-04-23T01:31:11.224+0200: [GC [ParNew: 3040832K->337856K(3040832K), 1.4079840 secs] 15971643K->15980935K(30070848K), 1.4080570 secs] [Times: user=15.93 sys=2.34, real=1.41 secs] 
2013-04-23T01:31:13.346+0200: [GC [ParNew: 2999948K->337856K(3040832K), 1.1381820 secs] 18643028K->18692306K(30070848K), 1.1382490 secs] [Times: user=3.35 sys=11.39, real=1.13 secs] 
2013-04-23T01:31:15.202+0200: [GC [ParNew: 3040832K->337856K(3040832K), 1.1557340 secs] 21395282K->21422341K(30070848K), 1.1558040 secs] [Times: user=3.64 sys=11.33, real=1.16 secs] 
2013-04-23T01:31:28.498+0200: [GC [ParNew: 3040832K->337856K(3040832K), 1.2565490 secs] 24125317K->23514647K(30070848K), 1.2566610 secs] [Times: user=14.61 sys=1.67, real=1.26 secs] 
2013-04-23T01:32:30.490+0200: [GC [ParNew: 3040832K->337856K(3040832K), 0.1936350 secs] 26217623K->23652850K(30070848K), 0.1938500 secs] [Times: user=2.16 sys=0.21, real=0.20 secs] 
BROKEN RECORDS: 0
BROKEN RECORDS: 0
BROKEN RECORDS: 0
BROKEN RECORDS: 0
BROKEN RECORDS: 0
BROKEN RECORDS: 0
BROKEN RECORDS: 0
BROKEN RECORDS: 0
BROKEN RECORDS: 0
BROKEN RECORDS: 0
BROKEN RECORDS: 0
BROKEN RECORDS: 0
BROKEN RECORDS: 0
BROKEN RECORDS: 0
BROKEN RECORDS: 0
BROKEN RECORDS: 0
BROKEN RECORDS: 0
BROKEN RECORDS: 0
BROKEN RECORDS: 0
BROKEN RECORDS: 0
BROKEN RECORDS: 0
BROKEN RECORDS: 0
BROKEN RECORDS: 0
BROKEN RECORDS: 0
BROKEN RECORDS: 0
BROKEN RECORDS: 0
BROKEN RECORDS: 0
BROKEN RECORDS: 0
BROKEN RECORDS: 0
BROKEN RECORDS: 0
BROKEN RECORDS: 0
BROKEN RECORDS: 0
BROKEN RECORDS: 0
BROKEN RECORDS: 0
BROKEN RECORDS: 0
BROKEN RECORDS: 0
BROKEN RECORDS: 0
BROKEN RECORDS: 0
BROKEN RECORDS: 0
BROKEN RECORDS: 0
BROKEN RECORDS: 0
BROKEN RECORDS: 0
BROKEN RECORDS: 0
BROKEN RECORDS: 0
BROKEN RECORDS: 0
BROKEN RECORDS: 0
BROKEN RECORDS: 0
BROKEN RECORDS: 0
BROKEN RECORDS: 0
BROKEN RECORDS: 0
BROKEN RECORDS: 0
BROKEN RECORDS: 0
BROKEN RECORDS: 0
BROKEN RECORDS: 0
BROKEN RECORDS: 0
BROKEN RECORDS: 0
BROKEN RECORDS: 0
BROKEN RECORDS: 0
BROKEN RECORDS: 0
BROKEN RECORDS: 0
BROKEN RECORDS: 0
BROKEN RECORDS: 0
BROKEN RECORDS: 0
BROKEN RECORDS: 0
BROKEN RECORDS: 0
BROKEN RECORDS: 0
BROKEN RECORDS: 0
BROKEN RECORDS: 0
BROKEN RECORDS: 0
BROKEN RECORDS: 0
BROKEN RECORDS: 0
BROKEN RECORDS: 0
BROKEN RECORDS: 0
BROKEN RECORDS: 0
BROKEN RECORDS: 0
BROKEN RECORDS: 0
BROKEN RECORDS: 0
BROKEN RECORDS: 0
BROKEN RECORDS: 0
BROKEN RECORDS: 0
2013-04-23T01:35:55.904+0200: [GC [ParNew: 3040832K->189554K(3040832K), 0.2571920 secs] 26355826K->23818964K(30070848K), 0.2576670 secs] [Times: user=1.79 sys=0.80, real=0.26 secs] 
BROKEN RECORDS: 0
BROKEN RECORDS: 0
BROKEN RECORDS: 0
BROKEN RECORDS: 0
BROKEN RECORDS: 0
BROKEN RECORDS: 0
BROKEN RECORDS: 0
BROKEN RECORDS: 0
