2013-04-23T01:30:58.760+0200: [GC [ParNew: 2702976K->337856K(3040832K), 0.9402970 secs] 2702976K->2491437K(30070848K), 0.9403770 secs] [Times: user=2.10 sys=9.76, real=0.94 secs] 
2013-04-23T01:31:00.476+0200: [GC [ParNew: 3040832K->337856K(3040832K), 1.0567980 secs] 5194413K->5125567K(30070848K), 1.0568550 secs] [Times: user=2.74 sys=10.76, real=1.06 secs] 
2013-04-23T01:31:02.286+0200: [GC [ParNew: 3040832K->337856K(3040832K), 1.0635530 secs] 7828543K->7819377K(30070848K), 1.0636190 secs] [Times: user=3.45 sys=10.27, real=1.06 secs] 
2013-04-23T01:31:04.071+0200: [GC [ParNew: 3040832K->337856K(3040832K), 0.9994910 secs] 10522353K->10550534K(30070848K), 0.9995680 secs] [Times: user=3.10 sys=9.83, real=1.00 secs] 
2013-04-23T01:31:05.799+0200: [GC [ParNew: 3040832K->337856K(3040832K), 1.0940420 secs] 13253510K->13267923K(30070848K), 1.0941150 secs] [Times: user=3.33 sys=10.84, real=1.10 secs] 
2013-04-23T01:31:07.594+0200: [GC [ParNew: 3040832K->337856K(3040832K), 1.4500130 secs] 15970899K->15966360K(30070848K), 1.4500870 secs] [Times: user=16.51 sys=2.23, real=1.45 secs] 
2013-04-23T01:31:09.768+0200: [GC [ParNew: 3040832K->337856K(3040832K), 1.0674080 secs] 18669336K->18705489K(30070848K), 1.0674980 secs] [Times: user=2.89 sys=10.81, real=1.07 secs] 
2013-04-23T01:31:11.835+0200: [GC [ParNew: 3040832K->337856K(3040832K), 1.1260520 secs] 21408465K->21420220K(30070848K), 1.1261080 secs] [Times: user=3.24 sys=11.30, real=1.12 secs] 
2013-04-23T01:31:28.565+0200: [GC [ParNew: 3040832K->337856K(3040832K), 1.5754460 secs] 24123196K->23517200K(30070848K), 1.5755330 secs] [Times: user=18.58 sys=1.86, real=1.58 secs] 
2013-04-23T01:32:11.497+0200: [GC [ParNew: 3040832K->337856K(3040832K), 0.3601710 secs] 26220176K->23847765K(30070848K), 0.3603050 secs] [Times: user=2.45 sys=1.38, real=0.36 secs] 
BROKEN RECORDS: 0
BROKEN RECORDS: 0
BROKEN RECORDS: 0
BROKEN RECORDS: 0
BROKEN RECORDS: 0
BROKEN RECORDS: 0
BROKEN RECORDS: 0
BROKEN RECORDS: 0
BROKEN RECORDS: 0
BROKEN RECORDS: 0
BROKEN RECORDS: 0
BROKEN RECORDS: 0
BROKEN RECORDS: 0
BROKEN RECORDS: 0
BROKEN RECORDS: 0
BROKEN RECORDS: 0
BROKEN RECORDS: 0
BROKEN RECORDS: 0
BROKEN RECORDS: 0
BROKEN RECORDS: 0
BROKEN RECORDS: 0
BROKEN RECORDS: 0
BROKEN RECORDS: 0
BROKEN RECORDS: 0
BROKEN RECORDS: 0
BROKEN RECORDS: 0
BROKEN RECORDS: 0
BROKEN RECORDS: 0
BROKEN RECORDS: 0
BROKEN RECORDS: 0
BROKEN RECORDS: 0
BROKEN RECORDS: 0
BROKEN RECORDS: 0
BROKEN RECORDS: 0
BROKEN RECORDS: 0
BROKEN RECORDS: 0
BROKEN RECORDS: 0
BROKEN RECORDS: 0
BROKEN RECORDS: 0
BROKEN RECORDS: 0
BROKEN RECORDS: 0
BROKEN RECORDS: 0
BROKEN RECORDS: 0
BROKEN RECORDS: 0
BROKEN RECORDS: 0
BROKEN RECORDS: 0
BROKEN RECORDS: 0
BROKEN RECORDS: 0
BROKEN RECORDS: 0
BROKEN RECORDS: 0
BROKEN RECORDS: 0
BROKEN RECORDS: 0
BROKEN RECORDS: 0
BROKEN RECORDS: 0
BROKEN RECORDS: 0
BROKEN RECORDS: 0
BROKEN RECORDS: 0
BROKEN RECORDS: 0
BROKEN RECORDS: 0
BROKEN RECORDS: 0
BROKEN RECORDS: 0
BROKEN RECORDS: 0
BROKEN RECORDS: 0
BROKEN RECORDS: 0
BROKEN RECORDS: 0
BROKEN RECORDS: 0
BROKEN RECORDS: 0
BROKEN RECORDS: 0
BROKEN RECORDS: 0
BROKEN RECORDS: 0
BROKEN RECORDS: 0
BROKEN RECORDS: 0
BROKEN RECORDS: 0
BROKEN RECORDS: 0
BROKEN RECORDS: 0
BROKEN RECORDS: 0
BROKEN RECORDS: 0
BROKEN RECORDS: 0
BROKEN RECORDS: 0
BROKEN RECORDS: 0
2013-04-23T01:35:55.598+0200: [GC [ParNew: 3040832K->233945K(3040832K), 0.3874930 secs] 26550741K->23994972K(30070848K), 0.3877650 secs] [Times: user=2.07 sys=0.64, real=0.39 secs] 
BROKEN RECORDS: 0
BROKEN RECORDS: 0
BROKEN RECORDS: 0
BROKEN RECORDS: 0
BROKEN RECORDS: 0
BROKEN RECORDS: 0
BROKEN RECORDS: 0
BROKEN RECORDS: 0
