2013-04-23T01:31:02.796+0200: [GC [ParNew: 2650372K->337856K(3040832K), 0.9448220 secs] 2650372K->2481708K(30070848K), 0.9449000 secs] [Times: user=1.90 sys=10.15, real=0.95 secs] 
2013-04-23T01:31:04.492+0200: [GC [ParNew: 3040832K->337856K(3040832K), 1.0642160 secs] 5184684K->5118146K(30070848K), 1.0642650 secs] [Times: user=2.67 sys=11.08, real=1.06 secs] 
2013-04-23T01:31:06.310+0200: [GC [ParNew: 3040832K->337856K(3040832K), 1.0763750 secs] 7821122K->7806642K(30070848K), 1.0764330 secs] [Times: user=3.28 sys=10.66, real=1.08 secs] 
2013-04-23T01:31:08.090+0200: [GC [ParNew: 3040832K->337856K(3040832K), 1.0454860 secs] 10509618K->10550285K(30070848K), 1.0455360 secs] [Times: user=3.34 sys=10.20, real=1.04 secs] 
2013-04-23T01:31:09.841+0200: [GC [ParNew: 3040832K->337856K(3040832K), 1.1228070 secs] 13253261K->13277951K(30070848K), 1.1228530 secs] [Times: user=3.23 sys=11.32, real=1.12 secs] 
2013-04-23T01:31:11.668+0200: [GC [ParNew: 3040832K->337856K(3040832K), 1.4467650 secs] 15980927K->15993420K(30070848K), 1.4468150 secs] [Times: user=16.30 sys=2.48, real=1.44 secs] 
2013-04-23T01:31:13.828+0200: [GC [ParNew: 3040832K->337856K(3040832K), 1.0751640 secs] 18696396K->18740521K(30070848K), 1.0752320 secs] [Times: user=3.04 sys=10.88, real=1.07 secs] 
2013-04-23T01:31:15.587+0200: [GC [ParNew: 3040832K->337856K(3040832K), 1.1218880 secs] 21443497K->21435178K(30070848K), 1.1219550 secs] [Times: user=3.44 sys=11.09, real=1.12 secs] 
2013-04-23T01:31:28.510+0200: [GC [ParNew: 3040832K->337856K(3040832K), 1.4162950 secs] 24138154K->23537121K(30070848K), 1.4163790 secs] [Times: user=16.49 sys=1.87, real=1.42 secs] 
2013-04-23T01:32:04.023+0200: [GC [ParNew: 3040832K->337856K(3040832K), 0.4407770 secs] 26240097K->23872566K(30070848K), 0.4410050 secs] [Times: user=2.79 sys=1.57, real=0.44 secs] 
BROKEN RECORDS: 0
BROKEN RECORDS: 0
BROKEN RECORDS: 0
BROKEN RECORDS: 0
BROKEN RECORDS: 0
BROKEN RECORDS: 0
BROKEN RECORDS: 0
BROKEN RECORDS: 0
BROKEN RECORDS: 0
BROKEN RECORDS: 0
BROKEN RECORDS: 0
BROKEN RECORDS: 0
BROKEN RECORDS: 0
BROKEN RECORDS: 0
BROKEN RECORDS: 0
BROKEN RECORDS: 0
BROKEN RECORDS: 0
BROKEN RECORDS: 0
BROKEN RECORDS: 0
BROKEN RECORDS: 0
BROKEN RECORDS: 0
BROKEN RECORDS: 0
BROKEN RECORDS: 0
BROKEN RECORDS: 0
BROKEN RECORDS: 0
BROKEN RECORDS: 0
BROKEN RECORDS: 0
BROKEN RECORDS: 0
BROKEN RECORDS: 0
BROKEN RECORDS: 0
BROKEN RECORDS: 0
BROKEN RECORDS: 0
BROKEN RECORDS: 0
BROKEN RECORDS: 0
BROKEN RECORDS: 0
BROKEN RECORDS: 0
BROKEN RECORDS: 0
BROKEN RECORDS: 0
BROKEN RECORDS: 0
BROKEN RECORDS: 0
BROKEN RECORDS: 0
BROKEN RECORDS: 0
BROKEN RECORDS: 0
BROKEN RECORDS: 0
BROKEN RECORDS: 0
BROKEN RECORDS: 0
BROKEN RECORDS: 0
BROKEN RECORDS: 0
BROKEN RECORDS: 0
BROKEN RECORDS: 0
BROKEN RECORDS: 0
BROKEN RECORDS: 0
BROKEN RECORDS: 0
BROKEN RECORDS: 0
BROKEN RECORDS: 0
BROKEN RECORDS: 0
BROKEN RECORDS: 0
BROKEN RECORDS: 0
BROKEN RECORDS: 0
BROKEN RECORDS: 0
BROKEN RECORDS: 0
BROKEN RECORDS: 0
BROKEN RECORDS: 0
BROKEN RECORDS: 0
BROKEN RECORDS: 0
BROKEN RECORDS: 0
BROKEN RECORDS: 0
BROKEN RECORDS: 0
BROKEN RECORDS: 0
BROKEN RECORDS: 0
BROKEN RECORDS: 0
BROKEN RECORDS: 0
BROKEN RECORDS: 0
BROKEN RECORDS: 0
BROKEN RECORDS: 0
BROKEN RECORDS: 0
BROKEN RECORDS: 0
BROKEN RECORDS: 0
BROKEN RECORDS: 0
BROKEN RECORDS: 0
2013-04-23T01:35:55.637+0200: [GC [ParNew: 3040832K->182276K(3040832K), 0.2409320 secs] 26575542K->23986032K(30070848K), 0.2411730 secs] [Times: user=2.22 sys=0.57, real=0.25 secs] 
BROKEN RECORDS: 0
BROKEN RECORDS: 0
BROKEN RECORDS: 0
BROKEN RECORDS: 0
BROKEN RECORDS: 0
BROKEN RECORDS: 0
BROKEN RECORDS: 0
BROKEN RECORDS: 0
