2013-04-23T01:30:59.488+0200: [GC [ParNew: 2702976K->337856K(3040832K), 0.9347140 secs] 2702976K->2487503K(30070848K), 0.9348130 secs] [Times: user=1.92 sys=9.86, real=0.93 secs] 
2013-04-23T01:31:01.185+0200: [GC [ParNew: 3040832K->337856K(3040832K), 1.0460760 secs] 5190479K->5124799K(30070848K), 1.0461390 secs] [Times: user=2.59 sys=10.86, real=1.05 secs] 
2013-04-23T01:31:02.975+0200: [GC [ParNew: 3040832K->337856K(3040832K), 1.0677460 secs] 7827775K->7814479K(30070848K), 1.0678160 secs] [Times: user=3.36 sys=10.48, real=1.07 secs] 
2013-04-23T01:31:04.753+0200: [GC [ParNew: 3040832K->337856K(3040832K), 1.0467480 secs] 10517455K->10558154K(30070848K), 1.0468010 secs] [Times: user=3.22 sys=10.27, real=1.05 secs] 
2013-04-23T01:31:06.520+0200: [GC [ParNew: 3040832K->337856K(3040832K), 1.1305680 secs] 13261130K->13280378K(30070848K), 1.1306110 secs] [Times: user=3.10 sys=11.55, real=1.13 secs] 
2013-04-23T01:31:08.363+0200: [GC [ParNew: 3040832K->337856K(3040832K), 1.5467020 secs] 15983354K->15971451K(30070848K), 1.5467520 secs] [Times: user=17.39 sys=2.68, real=1.55 secs] 
2013-04-23T01:31:10.611+0200: [GC [ParNew: 3040832K->337856K(3040832K), 1.0533170 secs] 18674427K->18699407K(30070848K), 1.0533670 secs] [Times: user=2.86 sys=10.62, real=1.05 secs] 
2013-04-23T01:31:12.377+0200: [GC [ParNew: 3040832K->337856K(3040832K), 1.1010210 secs] 21402383K->21392271K(30070848K), 1.1010790 secs] [Times: user=3.44 sys=10.73, real=1.10 secs] 
2013-04-23T01:31:28.539+0200: [GC [ParNew: 3040832K->337856K(3040832K), 1.5619630 secs] 24095247K->23516688K(30070848K), 1.5620630 secs] [Times: user=18.20 sys=2.01, real=1.56 secs] 
2013-04-23T01:32:19.472+0200: [GC [ParNew: 3035644K->337856K(3040832K), 0.4236050 secs] 26214477K->23969656K(30070848K), 0.4237810 secs] [Times: user=2.55 sys=1.85, real=0.42 secs] 
BROKEN RECORDS: 0
BROKEN RECORDS: 0
BROKEN RECORDS: 0
BROKEN RECORDS: 0
BROKEN RECORDS: 0
BROKEN RECORDS: 0
BROKEN RECORDS: 0
BROKEN RECORDS: 0
BROKEN RECORDS: 0
BROKEN RECORDS: 0
BROKEN RECORDS: 0
BROKEN RECORDS: 0
BROKEN RECORDS: 0
BROKEN RECORDS: 0
BROKEN RECORDS: 0
BROKEN RECORDS: 0
BROKEN RECORDS: 0
BROKEN RECORDS: 0
BROKEN RECORDS: 0
BROKEN RECORDS: 0
BROKEN RECORDS: 0
BROKEN RECORDS: 0
BROKEN RECORDS: 0
BROKEN RECORDS: 0
BROKEN RECORDS: 0
BROKEN RECORDS: 0
BROKEN RECORDS: 0
BROKEN RECORDS: 0
BROKEN RECORDS: 0
BROKEN RECORDS: 0
BROKEN RECORDS: 0
BROKEN RECORDS: 0
BROKEN RECORDS: 0
BROKEN RECORDS: 0
BROKEN RECORDS: 0
BROKEN RECORDS: 0
BROKEN RECORDS: 0
BROKEN RECORDS: 0
BROKEN RECORDS: 0
BROKEN RECORDS: 0
BROKEN RECORDS: 0
BROKEN RECORDS: 0
BROKEN RECORDS: 0
BROKEN RECORDS: 0
BROKEN RECORDS: 0
BROKEN RECORDS: 0
BROKEN RECORDS: 0
BROKEN RECORDS: 0
BROKEN RECORDS: 0
BROKEN RECORDS: 0
BROKEN RECORDS: 0
BROKEN RECORDS: 0
BROKEN RECORDS: 0
BROKEN RECORDS: 0
BROKEN RECORDS: 0
BROKEN RECORDS: 0
BROKEN RECORDS: 0
BROKEN RECORDS: 0
BROKEN RECORDS: 0
BROKEN RECORDS: 0
BROKEN RECORDS: 0
BROKEN RECORDS: 0
BROKEN RECORDS: 0
BROKEN RECORDS: 0
BROKEN RECORDS: 0
BROKEN RECORDS: 0
BROKEN RECORDS: 0
BROKEN RECORDS: 0
BROKEN RECORDS: 0
BROKEN RECORDS: 0
BROKEN RECORDS: 0
BROKEN RECORDS: 0
BROKEN RECORDS: 0
BROKEN RECORDS: 0
BROKEN RECORDS: 0
BROKEN RECORDS: 0
BROKEN RECORDS: 0
BROKEN RECORDS: 0
BROKEN RECORDS: 0
BROKEN RECORDS: 0
2013-04-23T01:35:55.584+0200: [GC [ParNew: 3040832K->157538K(3040832K), 0.2339780 secs] 26672632K->24086551K(30070848K), 0.2341580 secs] [Times: user=1.90 sys=0.60, real=0.23 secs] 
BROKEN RECORDS: 0
BROKEN RECORDS: 0
BROKEN RECORDS: 0
BROKEN RECORDS: 0
BROKEN RECORDS: 0
BROKEN RECORDS: 0
BROKEN RECORDS: 0
BROKEN RECORDS: 0
