2013-04-23T01:30:58.113+0200: [GC [ParNew: 2702976K->337856K(3040832K), 0.9280490 secs] 2702976K->2485579K(30070848K), 0.9281240 secs] [Times: user=2.29 sys=9.51, real=0.93 secs] 
2013-04-23T01:30:59.816+0200: [GC [ParNew: 3040832K->337856K(3040832K), 1.0674880 secs] 5188555K->5128978K(30070848K), 1.0675450 secs] [Times: user=2.71 sys=11.06, real=1.07 secs] 
2013-04-23T01:31:01.617+0200: [GC [ParNew: 3040832K->337856K(3040832K), 1.0714640 secs] 7831954K->7821988K(30070848K), 1.0715110 secs] [Times: user=3.34 sys=10.53, real=1.07 secs] 
2013-04-23T01:31:03.412+0200: [GC [ParNew: 3040832K->337856K(3040832K), 1.0331880 secs] 10524964K->10548310K(30070848K), 1.0332670 secs] [Times: user=3.41 sys=9.97, real=1.04 secs] 
2013-04-23T01:31:05.146+0200: [GC [ParNew: 3040832K->337856K(3040832K), 1.0822250 secs] 13251286K->13255775K(30070848K), 1.0822970 secs] [Times: user=3.31 sys=10.66, real=1.08 secs] 
2013-04-23T01:31:06.912+0200: [GC [ParNew: 3040832K->337856K(3040832K), 1.5930470 secs] 15958751K->15923220K(30070848K), 1.5931050 secs] [Times: user=18.21 sys=2.47, real=1.59 secs] 
2013-04-23T01:31:09.524+0200: [GC [ParNew: 3040832K->337856K(3040832K), 1.0684100 secs] 18626196K->18670993K(30070848K), 1.0684680 secs] [Times: user=3.10 sys=10.56, real=1.07 secs] 
2013-04-23T01:31:11.581+0200: [GC [ParNew: 3040832K->337856K(3040832K), 1.1134200 secs] 21373969K->21371509K(30070848K), 1.1134750 secs] [Times: user=3.47 sys=10.95, real=1.11 secs] 
2013-04-23T01:31:28.467+0200: [GC [ParNew: 3040832K->337856K(3040832K), 1.5177620 secs] 24074485K->23501337K(30070848K), 1.5178490 secs] [Times: user=17.79 sys=1.86, real=1.52 secs] 
2013-04-23T01:32:17.493+0200: [GC [ParNew: 3040832K->337856K(3040832K), 0.3612600 secs] 26204313K->23857269K(30070848K), 0.3614510 secs] [Times: user=2.99 sys=1.10, real=0.36 secs] 
BROKEN RECORDS: 0
BROKEN RECORDS: 0
BROKEN RECORDS: 0
BROKEN RECORDS: 0
BROKEN RECORDS: 0
BROKEN RECORDS: 0
BROKEN RECORDS: 0
BROKEN RECORDS: 0
BROKEN RECORDS: 0
BROKEN RECORDS: 0
BROKEN RECORDS: 0
BROKEN RECORDS: 0
BROKEN RECORDS: 0
BROKEN RECORDS: 0
BROKEN RECORDS: 0
BROKEN RECORDS: 0
BROKEN RECORDS: 0
BROKEN RECORDS: 0
BROKEN RECORDS: 0
BROKEN RECORDS: 0
BROKEN RECORDS: 0
BROKEN RECORDS: 0
BROKEN RECORDS: 0
BROKEN RECORDS: 0
BROKEN RECORDS: 0
BROKEN RECORDS: 0
BROKEN RECORDS: 0
BROKEN RECORDS: 0
BROKEN RECORDS: 0
BROKEN RECORDS: 0
BROKEN RECORDS: 0
BROKEN RECORDS: 0
BROKEN RECORDS: 0
BROKEN RECORDS: 0
BROKEN RECORDS: 0
BROKEN RECORDS: 0
BROKEN RECORDS: 0
BROKEN RECORDS: 0
BROKEN RECORDS: 0
BROKEN RECORDS: 0
BROKEN RECORDS: 0
BROKEN RECORDS: 0
BROKEN RECORDS: 0
BROKEN RECORDS: 0
BROKEN RECORDS: 0
BROKEN RECORDS: 0
BROKEN RECORDS: 0
BROKEN RECORDS: 0
BROKEN RECORDS: 0
BROKEN RECORDS: 0
BROKEN RECORDS: 0
BROKEN RECORDS: 0
BROKEN RECORDS: 0
BROKEN RECORDS: 0
BROKEN RECORDS: 0
BROKEN RECORDS: 0
BROKEN RECORDS: 0
BROKEN RECORDS: 0
BROKEN RECORDS: 0
BROKEN RECORDS: 0
BROKEN RECORDS: 0
BROKEN RECORDS: 0
BROKEN RECORDS: 0
BROKEN RECORDS: 0
BROKEN RECORDS: 0
BROKEN RECORDS: 0
BROKEN RECORDS: 0
BROKEN RECORDS: 0
BROKEN RECORDS: 0
BROKEN RECORDS: 0
BROKEN RECORDS: 0
BROKEN RECORDS: 0
BROKEN RECORDS: 0
BROKEN RECORDS: 0
BROKEN RECORDS: 0
BROKEN RECORDS: 0
BROKEN RECORDS: 0
BROKEN RECORDS: 0
BROKEN RECORDS: 0
BROKEN RECORDS: 0
2013-04-23T01:35:55.743+0200: [GC [ParNew: 3040832K->194384K(3040832K), 0.3560250 secs] 26560245K->23975938K(30070848K), 0.3563580 secs] [Times: user=2.29 sys=0.62, real=0.35 secs] 
BROKEN RECORDS: 0
BROKEN RECORDS: 0
BROKEN RECORDS: 0
BROKEN RECORDS: 0
BROKEN RECORDS: 0
BROKEN RECORDS: 0
BROKEN RECORDS: 0
BROKEN RECORDS: 0
