2013-04-23T01:30:57.311+0200: [GC [ParNew: 2702976K->337856K(3040832K), 0.9216950 secs] 2702976K->2482413K(30070848K), 0.9217690 secs] [Times: user=2.24 sys=9.37, real=0.92 secs] 
2013-04-23T01:30:59.007+0200: [GC [ParNew: 3040832K->337856K(3040832K), 1.0605380 secs] 5185389K->5120809K(30070848K), 1.0606150 secs] [Times: user=2.96 sys=10.74, real=1.06 secs] 
2013-04-23T01:31:00.819+0200: [GC [ParNew: 3040832K->337856K(3040832K), 1.0591110 secs] 7823785K->7817052K(30070848K), 1.0591820 secs] [Times: user=3.16 sys=10.56, real=1.06 secs] 
2013-04-23T01:31:02.612+0200: [GC [ParNew: 3040832K->337856K(3040832K), 1.0382620 secs] 10520028K->10575326K(30070848K), 1.0383360 secs] [Times: user=3.22 sys=10.19, real=1.04 secs] 
2013-04-23T01:31:04.382+0200: [GC [ParNew: 3040832K->337856K(3040832K), 1.1229450 secs] 13278302K->13304177K(30070848K), 1.1230180 secs] [Times: user=3.13 sys=11.42, real=1.12 secs] 
2013-04-23T01:31:06.216+0200: [GC [ParNew: 3040832K->337856K(3040832K), 1.4631360 secs] 16007153K->15982284K(30070848K), 1.4632080 secs] [Times: user=16.61 sys=2.39, real=1.47 secs] 
2013-04-23T01:31:08.392+0200: [GC [ParNew: 3040832K->337856K(3040832K), 1.0818700 secs] 18685260K->18754805K(30070848K), 1.0819290 secs] [Times: user=3.08 sys=10.90, real=1.08 secs] 
2013-04-23T01:31:10.177+0200: [GC [ParNew: 3040832K->337856K(3040832K), 1.1219860 secs] 21457781K->21468352K(30070848K), 1.1220630 secs] [Times: user=3.60 sys=10.93, real=1.13 secs] 
2013-04-23T01:31:28.533+0200: [GC [ParNew: 3040832K->337856K(3040832K), 1.5780770 secs] 24171328K->23545130K(30070848K), 1.5781880 secs] [Times: user=18.54 sys=1.90, real=1.58 secs] 
2013-04-23T01:31:59.212+0200: [GC [ParNew: 3040832K->337856K(3040832K), 0.4482970 secs] 26313642K->24040820K(30070848K), 0.4485140 secs] [Times: user=3.00 sys=1.71, real=0.45 secs] 
BROKEN RECORDS: 0
BROKEN RECORDS: 0
BROKEN RECORDS: 0
BROKEN RECORDS: 0
BROKEN RECORDS: 0
BROKEN RECORDS: 0
BROKEN RECORDS: 0
BROKEN RECORDS: 0
BROKEN RECORDS: 0
BROKEN RECORDS: 0
BROKEN RECORDS: 0
BROKEN RECORDS: 0
BROKEN RECORDS: 0
BROKEN RECORDS: 0
BROKEN RECORDS: 0
BROKEN RECORDS: 0
BROKEN RECORDS: 0
BROKEN RECORDS: 0
BROKEN RECORDS: 0
BROKEN RECORDS: 0
BROKEN RECORDS: 0
BROKEN RECORDS: 0
BROKEN RECORDS: 0
BROKEN RECORDS: 0
BROKEN RECORDS: 0
BROKEN RECORDS: 0
BROKEN RECORDS: 0
BROKEN RECORDS: 0
BROKEN RECORDS: 0
BROKEN RECORDS: 0
BROKEN RECORDS: 0
BROKEN RECORDS: 0
BROKEN RECORDS: 0
BROKEN RECORDS: 0
BROKEN RECORDS: 0
BROKEN RECORDS: 0
BROKEN RECORDS: 0
BROKEN RECORDS: 0
BROKEN RECORDS: 0
BROKEN RECORDS: 0
BROKEN RECORDS: 0
BROKEN RECORDS: 0
BROKEN RECORDS: 0
BROKEN RECORDS: 0
BROKEN RECORDS: 0
BROKEN RECORDS: 0
BROKEN RECORDS: 0
BROKEN RECORDS: 0
BROKEN RECORDS: 0
BROKEN RECORDS: 0
BROKEN RECORDS: 0
BROKEN RECORDS: 0
BROKEN RECORDS: 0
BROKEN RECORDS: 0
BROKEN RECORDS: 0
BROKEN RECORDS: 0
BROKEN RECORDS: 0
BROKEN RECORDS: 0
BROKEN RECORDS: 0
BROKEN RECORDS: 0
BROKEN RECORDS: 0
BROKEN RECORDS: 0
BROKEN RECORDS: 0
BROKEN RECORDS: 0
BROKEN RECORDS: 0
BROKEN RECORDS: 0
BROKEN RECORDS: 0
BROKEN RECORDS: 0
BROKEN RECORDS: 0
BROKEN RECORDS: 0
BROKEN RECORDS: 0
BROKEN RECORDS: 0
BROKEN RECORDS: 0
BROKEN RECORDS: 0
BROKEN RECORDS: 0
BROKEN RECORDS: 0
BROKEN RECORDS: 0
BROKEN RECORDS: 0
BROKEN RECORDS: 0
BROKEN RECORDS: 0
2013-04-23T01:35:55.539+0200: [GC [ParNew: 3040832K->204671K(3040832K), 0.3631750 secs] 26743796K->24130839K(30070848K), 0.3634130 secs] [Times: user=2.34 sys=0.44, real=0.37 secs] 
BROKEN RECORDS: 0
BROKEN RECORDS: 0
BROKEN RECORDS: 0
BROKEN RECORDS: 0
BROKEN RECORDS: 0
BROKEN RECORDS: 0
BROKEN RECORDS: 0
BROKEN RECORDS: 0
