2013-04-23T01:31:02.532+0200: [GC [ParNew: 2702976K->337856K(3040832K), 0.9326160 secs] 2702976K->2484190K(30070848K), 0.9326880 secs] [Times: user=2.02 sys=9.86, real=0.93 secs] 
2013-04-23T01:31:04.219+0200: [GC [ParNew: 3040832K->337856K(3040832K), 1.0535110 secs] 5187166K->5116527K(30070848K), 1.0535670 secs] [Times: user=2.50 sys=11.08, real=1.06 secs] 
2013-04-23T01:31:06.026+0200: [GC [ParNew: 3040832K->337856K(3040832K), 1.0614520 secs] 7819503K->7812834K(30070848K), 1.0615050 secs] [Times: user=3.13 sys=10.62, real=1.06 secs] 
2013-04-23T01:31:07.809+0200: [GC [ParNew: 3040832K->337856K(3040832K), 1.0212430 secs] 10515810K->10540949K(30070848K), 1.0212960 secs] [Times: user=3.13 sys=10.10, real=1.02 secs] 
2013-04-23T01:31:09.554+0200: [GC [ParNew: 3040832K->337856K(3040832K), 1.0945820 secs] 13243925K->13272938K(30070848K), 1.0946370 secs] [Times: user=3.29 sys=10.89, real=1.09 secs] 
2013-04-23T01:31:11.362+0200: [GC [ParNew: 3040832K->337856K(3040832K), 1.4093940 secs] 15975914K->15987671K(30070848K), 1.4094470 secs] [Times: user=15.92 sys=2.38, real=1.41 secs] 
2013-04-23T01:31:13.483+0200: [GC [ParNew: 3040832K->337856K(3040832K), 1.0563350 secs] 18690647K->18710440K(30070848K), 1.0563970 secs] [Times: user=2.98 sys=10.70, real=1.05 secs] 
2013-04-23T01:31:15.263+0200: [GC [ParNew: 3040832K->337856K(3040832K), 1.0996960 secs] 21413416K->21421233K(30070848K), 1.0997680 secs] [Times: user=3.22 sys=11.03, real=1.10 secs] 
2013-04-23T01:31:28.475+0200: [GC [ParNew: 3040832K->337856K(3040832K), 1.4828360 secs] 24124209K->23523655K(30070848K), 1.4829430 secs] [Times: user=17.30 sys=1.90, real=1.48 secs] 
2013-04-23T01:32:09.962+0200: [GC [ParNew: 3036344K->337856K(3040832K), 0.2967250 secs] 26222144K->23738503K(30070848K), 0.2969940 secs] [Times: user=2.80 sys=0.69, real=0.30 secs] 
BROKEN RECORDS: 0
BROKEN RECORDS: 0
BROKEN RECORDS: 0
BROKEN RECORDS: 0
BROKEN RECORDS: 0
BROKEN RECORDS: 0
BROKEN RECORDS: 0
BROKEN RECORDS: 0
BROKEN RECORDS: 0
BROKEN RECORDS: 0
BROKEN RECORDS: 0
BROKEN RECORDS: 0
BROKEN RECORDS: 0
BROKEN RECORDS: 0
BROKEN RECORDS: 0
BROKEN RECORDS: 0
BROKEN RECORDS: 0
BROKEN RECORDS: 0
BROKEN RECORDS: 0
BROKEN RECORDS: 0
BROKEN RECORDS: 0
BROKEN RECORDS: 0
BROKEN RECORDS: 0
BROKEN RECORDS: 0
BROKEN RECORDS: 0
BROKEN RECORDS: 0
BROKEN RECORDS: 0
BROKEN RECORDS: 0
BROKEN RECORDS: 0
BROKEN RECORDS: 0
BROKEN RECORDS: 0
BROKEN RECORDS: 0
BROKEN RECORDS: 0
BROKEN RECORDS: 0
BROKEN RECORDS: 0
BROKEN RECORDS: 0
BROKEN RECORDS: 0
BROKEN RECORDS: 0
BROKEN RECORDS: 0
BROKEN RECORDS: 0
BROKEN RECORDS: 0
BROKEN RECORDS: 0
BROKEN RECORDS: 0
BROKEN RECORDS: 0
BROKEN RECORDS: 0
BROKEN RECORDS: 0
BROKEN RECORDS: 0
BROKEN RECORDS: 0
BROKEN RECORDS: 0
BROKEN RECORDS: 0
BROKEN RECORDS: 0
BROKEN RECORDS: 0
BROKEN RECORDS: 0
BROKEN RECORDS: 0
BROKEN RECORDS: 0
BROKEN RECORDS: 0
BROKEN RECORDS: 0
BROKEN RECORDS: 0
BROKEN RECORDS: 0
BROKEN RECORDS: 0
BROKEN RECORDS: 0
BROKEN RECORDS: 0
BROKEN RECORDS: 0
BROKEN RECORDS: 0
BROKEN RECORDS: 0
BROKEN RECORDS: 0
BROKEN RECORDS: 0
BROKEN RECORDS: 0
BROKEN RECORDS: 0
BROKEN RECORDS: 0
BROKEN RECORDS: 0
BROKEN RECORDS: 0
BROKEN RECORDS: 0
BROKEN RECORDS: 0
BROKEN RECORDS: 0
BROKEN RECORDS: 0
BROKEN RECORDS: 0
BROKEN RECORDS: 0
BROKEN RECORDS: 0
BROKEN RECORDS: 0
2013-04-23T01:35:55.574+0200: [GC [ParNew: 3040832K->204517K(3040832K), 0.2589840 secs] 26441479K->23889677K(30070848K), 0.2592510 secs] [Times: user=2.12 sys=0.57, real=0.26 secs] 
BROKEN RECORDS: 0
BROKEN RECORDS: 0
BROKEN RECORDS: 0
BROKEN RECORDS: 0
BROKEN RECORDS: 0
BROKEN RECORDS: 0
BROKEN RECORDS: 0
BROKEN RECORDS: 0
