2013-04-23T01:31:00.964+0200: [GC [ParNew: 2702976K->337855K(3040832K), 0.9204350 secs] 2702976K->2494205K(30070848K), 0.9205070 secs] [Times: user=1.99 sys=9.70, real=0.92 secs] 
2013-04-23T01:31:02.657+0200: [GC [ParNew: 3040831K->337856K(3040832K), 1.0334620 secs] 5197181K->5130076K(30070848K), 1.0335080 secs] [Times: user=2.48 sys=10.85, real=1.04 secs] 
2013-04-23T01:31:04.424+0200: [GC [ParNew: 3040832K->337856K(3040832K), 1.0637170 secs] 7833052K->7826095K(30070848K), 1.0637620 secs] [Times: user=3.11 sys=10.66, real=1.07 secs] 
2013-04-23T01:31:06.190+0200: [GC [ParNew: 3040832K->337856K(3040832K), 0.9981040 secs] 10529071K->10554307K(30070848K), 0.9981520 secs] [Times: user=3.19 sys=9.74, real=1.00 secs] 
2013-04-23T01:31:07.894+0200: [GC [ParNew: 3040832K->337856K(3040832K), 1.0860770 secs] 13257283K->13272753K(30070848K), 1.0861310 secs] [Times: user=3.18 sys=10.89, real=1.09 secs] 
2013-04-23T01:31:09.681+0200: [GC [ParNew: 3040832K->337856K(3040832K), 1.4580450 secs] 15975729K->15978521K(30070848K), 1.4580910 secs] [Times: user=16.49 sys=2.44, real=1.46 secs] 
2013-04-23T01:31:11.831+0200: [GC [ParNew: 3040832K->337856K(3040832K), 1.0730830 secs] 18681497K->18701898K(30070848K), 1.0731560 secs] [Times: user=2.85 sys=11.05, real=1.07 secs] 
2013-04-23T01:31:13.606+0200: [GC [ParNew: 3040832K->337856K(3040832K), 1.1224870 secs] 21404874K->21421816K(30070848K), 1.1225600 secs] [Times: user=3.27 sys=11.28, real=1.13 secs] 
2013-04-23T01:31:28.487+0200: [GC [ParNew: 3040832K->337856K(3040832K), 1.5298810 secs] 24124792K->23488669K(30070848K), 1.5299950 secs] [Times: user=17.96 sys=1.87, real=1.54 secs] 
2013-04-23T01:32:16.649+0200: [GC [ParNew: 3026927K->337856K(3040832K), 0.3680540 secs] 26177741K->23716917K(30070848K), 0.3733030 secs] [Times: user=2.58 sys=0.98, real=0.37 secs] 
BROKEN RECORDS: 0
BROKEN RECORDS: 0
BROKEN RECORDS: 0
BROKEN RECORDS: 0
BROKEN RECORDS: 0
BROKEN RECORDS: 0
BROKEN RECORDS: 0
BROKEN RECORDS: 0
BROKEN RECORDS: 0
BROKEN RECORDS: 0
BROKEN RECORDS: 0
BROKEN RECORDS: 0
BROKEN RECORDS: 0
BROKEN RECORDS: 0
BROKEN RECORDS: 0
BROKEN RECORDS: 0
BROKEN RECORDS: 0
BROKEN RECORDS: 0
BROKEN RECORDS: 0
BROKEN RECORDS: 0
BROKEN RECORDS: 0
BROKEN RECORDS: 0
BROKEN RECORDS: 0
BROKEN RECORDS: 0
BROKEN RECORDS: 0
BROKEN RECORDS: 0
BROKEN RECORDS: 0
BROKEN RECORDS: 0
BROKEN RECORDS: 0
BROKEN RECORDS: 0
BROKEN RECORDS: 0
BROKEN RECORDS: 0
BROKEN RECORDS: 0
BROKEN RECORDS: 0
BROKEN RECORDS: 0
BROKEN RECORDS: 0
BROKEN RECORDS: 0
BROKEN RECORDS: 0
BROKEN RECORDS: 0
BROKEN RECORDS: 0
BROKEN RECORDS: 0
BROKEN RECORDS: 0
BROKEN RECORDS: 0
BROKEN RECORDS: 0
BROKEN RECORDS: 0
BROKEN RECORDS: 0
BROKEN RECORDS: 0
BROKEN RECORDS: 0
BROKEN RECORDS: 0
BROKEN RECORDS: 0
BROKEN RECORDS: 0
BROKEN RECORDS: 0
BROKEN RECORDS: 0
BROKEN RECORDS: 0
BROKEN RECORDS: 0
BROKEN RECORDS: 0
BROKEN RECORDS: 0
BROKEN RECORDS: 0
BROKEN RECORDS: 0
BROKEN RECORDS: 0
BROKEN RECORDS: 0
BROKEN RECORDS: 0
BROKEN RECORDS: 0
BROKEN RECORDS: 0
BROKEN RECORDS: 0
BROKEN RECORDS: 0
BROKEN RECORDS: 0
BROKEN RECORDS: 0
BROKEN RECORDS: 0
BROKEN RECORDS: 0
BROKEN RECORDS: 0
BROKEN RECORDS: 0
BROKEN RECORDS: 0
BROKEN RECORDS: 0
BROKEN RECORDS: 0
BROKEN RECORDS: 0
BROKEN RECORDS: 0
BROKEN RECORDS: 0
BROKEN RECORDS: 0
BROKEN RECORDS: 0
2013-04-23T01:35:55.927+0200: [GC [ParNew: 3040832K->187277K(3040832K), 0.3306250 secs] 26419894K->23861096K(30070848K), 0.3308480 secs] [Times: user=2.69 sys=0.44, real=0.33 secs] 
BROKEN RECORDS: 0
BROKEN RECORDS: 0
BROKEN RECORDS: 0
BROKEN RECORDS: 0
BROKEN RECORDS: 0
BROKEN RECORDS: 0
BROKEN RECORDS: 0
BROKEN RECORDS: 0
