2013-04-23T01:31:01.782+0200: [GC [ParNew: 2702976K->337856K(3040832K), 0.9363130 secs] 2702976K->2485365K(30070848K), 0.9363830 secs] [Times: user=2.17 sys=9.66, real=0.94 secs] 
2013-04-23T01:31:03.490+0200: [GC [ParNew: 3040832K->337856K(3040832K), 1.0520120 secs] 5188341K->5121628K(30070848K), 1.0520770 secs] [Times: user=2.83 sys=10.74, real=1.05 secs] 
2013-04-23T01:31:05.284+0200: [GC [ParNew: 3040832K->337856K(3040832K), 1.0630170 secs] 7824604K->7815238K(30070848K), 1.0630880 secs] [Times: user=3.24 sys=10.52, real=1.06 secs] 
2013-04-23T01:31:07.050+0200: [GC [ParNew: 3040832K->337856K(3040832K), 1.0201350 secs] 10518214K->10570887K(30070848K), 1.0202040 secs] [Times: user=3.12 sys=10.09, real=1.02 secs] 
2013-04-23T01:31:08.764+0200: [GC [ParNew: 3040832K->337856K(3040832K), 1.1167300 secs] 13273863K->13300154K(30070848K), 1.1167980 secs] [Times: user=2.92 sys=11.55, real=1.11 secs] 
2013-04-23T01:31:10.585+0200: [GC [ParNew: 3040832K->337856K(3040832K), 1.3971590 secs] 16003130K->15973331K(30070848K), 1.3972310 secs] [Times: user=15.78 sys=2.36, real=1.39 secs] 
2013-04-23T01:31:12.694+0200: [GC [ParNew: 3040832K->337856K(3040832K), 1.0922380 secs] 18676307K->18740409K(30070848K), 1.0923110 secs] [Times: user=3.02 sys=11.14, real=1.10 secs] 
2013-04-23T01:31:14.501+0200: [GC [ParNew: 3040832K->337856K(3040832K), 1.1332710 secs] 21443385K->21458982K(30070848K), 1.1333440 secs] [Times: user=3.35 sys=11.33, real=1.13 secs] 
2013-04-23T01:31:28.495+0200: [GC [ParNew: 3040832K->337856K(3040832K), 1.5233590 secs] 24161958K->23564991K(30070848K), 1.5234370 secs] [Times: user=17.89 sys=1.88, real=1.53 secs] 
2013-04-23T01:32:15.869+0200: [GC [ParNew: 3034162K->337856K(3040832K), 0.2718340 secs] 26261298K->23797695K(30070848K), 0.2720630 secs] [Times: user=2.26 sys=0.76, real=0.28 secs] 
BROKEN RECORDS: 0
BROKEN RECORDS: 0
BROKEN RECORDS: 0
BROKEN RECORDS: 0
BROKEN RECORDS: 0
BROKEN RECORDS: 0
BROKEN RECORDS: 0
BROKEN RECORDS: 0
BROKEN RECORDS: 0
BROKEN RECORDS: 0
BROKEN RECORDS: 0
BROKEN RECORDS: 0
BROKEN RECORDS: 0
BROKEN RECORDS: 0
BROKEN RECORDS: 0
BROKEN RECORDS: 0
BROKEN RECORDS: 0
BROKEN RECORDS: 0
BROKEN RECORDS: 0
BROKEN RECORDS: 0
BROKEN RECORDS: 0
BROKEN RECORDS: 0
BROKEN RECORDS: 0
BROKEN RECORDS: 0
BROKEN RECORDS: 0
BROKEN RECORDS: 0
BROKEN RECORDS: 0
BROKEN RECORDS: 0
BROKEN RECORDS: 0
BROKEN RECORDS: 0
BROKEN RECORDS: 0
BROKEN RECORDS: 0
BROKEN RECORDS: 0
BROKEN RECORDS: 0
BROKEN RECORDS: 0
BROKEN RECORDS: 0
BROKEN RECORDS: 0
BROKEN RECORDS: 0
BROKEN RECORDS: 0
BROKEN RECORDS: 0
BROKEN RECORDS: 0
BROKEN RECORDS: 0
BROKEN RECORDS: 0
BROKEN RECORDS: 0
BROKEN RECORDS: 0
BROKEN RECORDS: 0
BROKEN RECORDS: 0
BROKEN RECORDS: 0
BROKEN RECORDS: 0
BROKEN RECORDS: 0
BROKEN RECORDS: 0
BROKEN RECORDS: 0
BROKEN RECORDS: 0
BROKEN RECORDS: 0
BROKEN RECORDS: 0
BROKEN RECORDS: 0
BROKEN RECORDS: 0
BROKEN RECORDS: 0
BROKEN RECORDS: 0
BROKEN RECORDS: 0
BROKEN RECORDS: 0
BROKEN RECORDS: 0
BROKEN RECORDS: 0
BROKEN RECORDS: 0
BROKEN RECORDS: 0
BROKEN RECORDS: 0
BROKEN RECORDS: 0
BROKEN RECORDS: 0
BROKEN RECORDS: 0
BROKEN RECORDS: 0
BROKEN RECORDS: 0
BROKEN RECORDS: 0
BROKEN RECORDS: 0
BROKEN RECORDS: 0
BROKEN RECORDS: 0
BROKEN RECORDS: 0
BROKEN RECORDS: 0
BROKEN RECORDS: 0
BROKEN RECORDS: 0
BROKEN RECORDS: 0
2013-04-23T01:35:55.743+0200: [GC [ParNew: 3040832K->183897K(3040832K), 0.1952730 secs] 26500671K->23903112K(30070848K), 0.1954990 secs] [Times: user=1.65 sys=0.48, real=0.20 secs] 
BROKEN RECORDS: 0
BROKEN RECORDS: 0
BROKEN RECORDS: 0
BROKEN RECORDS: 0
BROKEN RECORDS: 0
BROKEN RECORDS: 0
BROKEN RECORDS: 0
BROKEN RECORDS: 0
