2013-04-23T01:30:58.583+0200: [GC [ParNew: 2702976K->337856K(3040832K), 0.9316160 secs] 2702976K->2486979K(30070848K), 0.9317150 secs] [Times: user=2.11 sys=9.66, real=0.93 secs] 
2013-04-23T01:31:00.291+0200: [GC [ParNew: 3040832K->337856K(3040832K), 1.0539710 secs] 5189955K->5128125K(30070848K), 1.0540460 secs] [Times: user=2.72 sys=10.90, real=1.05 secs] 
2013-04-23T01:31:02.079+0200: [GC [ParNew: 3040832K->337856K(3040832K), 1.0492190 secs] 7831101K->7823184K(30070848K), 1.0492900 secs] [Times: user=3.15 sys=10.33, real=1.05 secs] 
2013-04-23T01:31:03.840+0200: [GC [ParNew: 3040832K->337856K(3040832K), 1.0412850 secs] 10526160K->10565418K(30070848K), 1.0413570 secs] [Times: user=3.14 sys=10.36, real=1.04 secs] 
2013-04-23T01:31:05.605+0200: [GC [ParNew: 3040832K->337856K(3040832K), 1.0912730 secs] 13268394K->13269777K(30070848K), 1.0913480 secs] [Times: user=2.98 sys=11.15, real=1.09 secs] 
2013-04-23T01:31:07.389+0200: [GC [ParNew: 3040832K->337856K(3040832K), 1.4492070 secs] 15972753K->15957553K(30070848K), 1.4492810 secs] [Times: user=16.46 sys=2.28, real=1.45 secs] 
2013-04-23T01:31:09.532+0200: [GC [ParNew: 3040832K->337856K(3040832K), 1.0779750 secs] 18660529K->18686789K(30070848K), 1.0781030 secs] [Times: user=2.86 sys=11.10, real=1.08 secs] 
2013-04-23T01:31:11.314+0200: [GC [ParNew: 3040832K->337856K(3040832K), 1.1505790 secs] 21389765K->21380934K(30070848K), 1.1506530 secs] [Times: user=3.66 sys=11.24, real=1.15 secs] 
2013-04-23T01:31:28.531+0200: [GC [ParNew: 3040832K->337856K(3040832K), 1.3843230 secs] 24083910K->23492865K(30070848K), 1.3844370 secs] [Times: user=16.07 sys=1.87, real=1.38 secs] 
2013-04-23T01:32:05.378+0200: [GC [ParNew: 3035991K->337856K(3040832K), 0.3266420 secs] 26191001K->23768432K(30070848K), 0.3268380 secs] [Times: user=2.90 sys=0.95, real=0.32 secs] 
BROKEN RECORDS: 0
BROKEN RECORDS: 0
BROKEN RECORDS: 0
BROKEN RECORDS: 0
BROKEN RECORDS: 0
BROKEN RECORDS: 0
BROKEN RECORDS: 0
BROKEN RECORDS: 0
BROKEN RECORDS: 0
BROKEN RECORDS: 0
BROKEN RECORDS: 0
BROKEN RECORDS: 0
BROKEN RECORDS: 0
BROKEN RECORDS: 0
BROKEN RECORDS: 0
BROKEN RECORDS: 0
BROKEN RECORDS: 0
BROKEN RECORDS: 0
BROKEN RECORDS: 0
BROKEN RECORDS: 0
BROKEN RECORDS: 0
BROKEN RECORDS: 0
BROKEN RECORDS: 0
BROKEN RECORDS: 0
BROKEN RECORDS: 0
BROKEN RECORDS: 0
BROKEN RECORDS: 0
BROKEN RECORDS: 0
BROKEN RECORDS: 0
BROKEN RECORDS: 0
BROKEN RECORDS: 0
BROKEN RECORDS: 0
BROKEN RECORDS: 0
BROKEN RECORDS: 0
BROKEN RECORDS: 0
BROKEN RECORDS: 0
BROKEN RECORDS: 0
BROKEN RECORDS: 0
BROKEN RECORDS: 0
BROKEN RECORDS: 0
BROKEN RECORDS: 0
BROKEN RECORDS: 0
BROKEN RECORDS: 0
BROKEN RECORDS: 0
BROKEN RECORDS: 0
BROKEN RECORDS: 0
BROKEN RECORDS: 0
BROKEN RECORDS: 0
BROKEN RECORDS: 0
BROKEN RECORDS: 0
BROKEN RECORDS: 0
BROKEN RECORDS: 0
BROKEN RECORDS: 0
BROKEN RECORDS: 0
BROKEN RECORDS: 0
BROKEN RECORDS: 0
BROKEN RECORDS: 0
BROKEN RECORDS: 0
BROKEN RECORDS: 0
BROKEN RECORDS: 0
BROKEN RECORDS: 0
BROKEN RECORDS: 0
BROKEN RECORDS: 0
BROKEN RECORDS: 0
BROKEN RECORDS: 0
BROKEN RECORDS: 0
BROKEN RECORDS: 0
BROKEN RECORDS: 0
BROKEN RECORDS: 0
BROKEN RECORDS: 0
BROKEN RECORDS: 0
BROKEN RECORDS: 0
BROKEN RECORDS: 0
BROKEN RECORDS: 0
BROKEN RECORDS: 0
BROKEN RECORDS: 0
BROKEN RECORDS: 0
BROKEN RECORDS: 0
BROKEN RECORDS: 0
BROKEN RECORDS: 0
2013-04-23T01:35:55.639+0200: [GC [ParNew: 3040832K->242082K(3040832K), 0.2020350 secs] 26471408K->23953508K(30070848K), 0.2022730 secs] [Times: user=1.84 sys=0.55, real=0.20 secs] 
BROKEN RECORDS: 0
BROKEN RECORDS: 0
BROKEN RECORDS: 0
BROKEN RECORDS: 0
BROKEN RECORDS: 0
BROKEN RECORDS: 0
BROKEN RECORDS: 0
BROKEN RECORDS: 0
