2013-04-23T01:30:57.510+0200: [GC [ParNew: 2702976K->337856K(3040832K), 0.9377350 secs] 2702976K->2491896K(30070848K), 0.9378400 secs] [Times: user=1.99 sys=9.61, real=0.94 secs] 
2013-04-23T01:30:59.204+0200: [GC [ParNew: 3040832K->337856K(3040832K), 1.0672040 secs] 5194872K->5122844K(30070848K), 1.0672810 secs] [Times: user=2.90 sys=10.81, real=1.07 secs] 
2013-04-23T01:31:01.003+0200: [GC [ParNew: 3040832K->337856K(3040832K), 1.0741050 secs] 7825820K->7819503K(30070848K), 1.0741790 secs] [Times: user=3.35 sys=10.54, real=1.08 secs] 
2013-04-23T01:31:02.783+0200: [GC [ParNew: 3040832K->337856K(3040832K), 1.0391050 secs] 10522479K->10534012K(30070848K), 1.0391810 secs] [Times: user=3.44 sys=9.81, real=1.04 secs] 
2013-04-23T01:31:04.547+0200: [GC [ParNew: 3040832K->337856K(3040832K), 1.1325650 secs] 13236988K->13257516K(30070848K), 1.1326140 secs] [Times: user=3.11 sys=11.49, real=1.13 secs] 
2013-04-23T01:31:06.395+0200: [GC [ParNew: 3040832K->337856K(3040832K), 1.3863480 secs] 15960492K->15957618K(30070848K), 1.3864240 secs] [Times: user=15.98 sys=1.99, real=1.38 secs] 
2013-04-23T01:31:08.506+0200: [GC [ParNew: 3040832K->337856K(3040832K), 1.0726090 secs] 18660594K->18699372K(30070848K), 1.0726850 secs] [Times: user=3.10 sys=10.56, real=1.07 secs] 
2013-04-23T01:31:10.293+0200: [GC [ParNew: 3040832K->337856K(3040832K), 1.1377540 secs] 21402348K->21400881K(30070848K), 1.1378060 secs] [Times: user=3.63 sys=11.03, real=1.14 secs] 
2013-04-23T01:31:28.503+0200: [GC [ParNew: 3040832K->337856K(3040832K), 1.4371060 secs] 24103857K->23500390K(30070848K), 1.4371640 secs] [Times: user=16.88 sys=1.74, real=1.44 secs] 
2013-04-23T01:31:56.534+0200: [GC [ParNew: 3036617K->337856K(3040832K), 0.4000160 secs] 26199151K->23851143K(30070848K), 0.4002530 secs] [Times: user=3.11 sys=1.24, real=0.40 secs] 
BROKEN RECORDS: 0
BROKEN RECORDS: 0
BROKEN RECORDS: 0
BROKEN RECORDS: 0
BROKEN RECORDS: 0
BROKEN RECORDS: 0
BROKEN RECORDS: 0
BROKEN RECORDS: 0
BROKEN RECORDS: 0
BROKEN RECORDS: 0
BROKEN RECORDS: 0
BROKEN RECORDS: 0
BROKEN RECORDS: 0
BROKEN RECORDS: 0
BROKEN RECORDS: 0
BROKEN RECORDS: 0
BROKEN RECORDS: 0
BROKEN RECORDS: 0
BROKEN RECORDS: 0
BROKEN RECORDS: 0
BROKEN RECORDS: 0
BROKEN RECORDS: 0
BROKEN RECORDS: 0
BROKEN RECORDS: 0
BROKEN RECORDS: 0
BROKEN RECORDS: 0
BROKEN RECORDS: 0
BROKEN RECORDS: 0
BROKEN RECORDS: 0
BROKEN RECORDS: 0
BROKEN RECORDS: 0
BROKEN RECORDS: 0
BROKEN RECORDS: 0
BROKEN RECORDS: 0
BROKEN RECORDS: 0
BROKEN RECORDS: 0
BROKEN RECORDS: 0
BROKEN RECORDS: 0
BROKEN RECORDS: 0
BROKEN RECORDS: 0
BROKEN RECORDS: 0
BROKEN RECORDS: 0
BROKEN RECORDS: 0
BROKEN RECORDS: 0
BROKEN RECORDS: 0
BROKEN RECORDS: 0
BROKEN RECORDS: 0
BROKEN RECORDS: 0
BROKEN RECORDS: 0
BROKEN RECORDS: 0
BROKEN RECORDS: 0
BROKEN RECORDS: 0
BROKEN RECORDS: 0
BROKEN RECORDS: 0
BROKEN RECORDS: 0
BROKEN RECORDS: 0
BROKEN RECORDS: 0
BROKEN RECORDS: 0
BROKEN RECORDS: 0
BROKEN RECORDS: 0
BROKEN RECORDS: 0
BROKEN RECORDS: 0
BROKEN RECORDS: 0
BROKEN RECORDS: 0
BROKEN RECORDS: 0
BROKEN RECORDS: 0
BROKEN RECORDS: 0
BROKEN RECORDS: 0
BROKEN RECORDS: 0
BROKEN RECORDS: 0
BROKEN RECORDS: 0
BROKEN RECORDS: 0
BROKEN RECORDS: 0
BROKEN RECORDS: 0
BROKEN RECORDS: 0
BROKEN RECORDS: 0
BROKEN RECORDS: 0
BROKEN RECORDS: 0
BROKEN RECORDS: 0
BROKEN RECORDS: 0
2013-04-23T01:35:55.657+0200: [GC [ParNew: 3040832K->210542K(3040832K), 0.2882340 secs] 26554120K->24018212K(30070848K), 0.2884250 secs] [Times: user=2.67 sys=0.55, real=0.30 secs] 
BROKEN RECORDS: 0
BROKEN RECORDS: 0
BROKEN RECORDS: 0
BROKEN RECORDS: 0
BROKEN RECORDS: 0
BROKEN RECORDS: 0
BROKEN RECORDS: 0
BROKEN RECORDS: 0
