2013-04-23T01:30:59.910+0200: [GC [ParNew: 2702976K->337855K(3040832K), 0.8951560 secs] 2702976K->2486793K(30070848K), 0.8952290 secs] [Times: user=2.12 sys=8.81, real=0.90 secs] 
2013-04-23T01:31:01.569+0200: [GC [ParNew: 3040831K->337856K(3040832K), 1.0447230 secs] 5189769K->5122334K(30070848K), 1.0447970 secs] [Times: user=2.55 sys=10.93, real=1.05 secs] 
2013-04-23T01:31:03.641+0200: [GC [ParNew: 3040832K->337856K(3040832K), 1.0593260 secs] 7825310K->7818738K(30070848K), 1.0593980 secs] [Times: user=3.36 sys=10.36, real=1.06 secs] 
2013-04-23T01:31:05.687+0200: [GC [ParNew: 3040832K->337856K(3040832K), 1.0278330 secs] 10521714K->10551688K(30070848K), 1.0279070 secs] [Times: user=3.04 sys=10.04, real=1.03 secs] 
2013-04-23T01:31:07.697+0200: [GC [ParNew: 3040832K->337856K(3040832K), 1.1019220 secs] 13254664K->13284316K(30070848K), 1.1019930 secs] [Times: user=2.96 sys=11.30, real=1.10 secs] 
2013-04-23T01:31:09.787+0200: [GC [ParNew: 3040832K->337856K(3040832K), 1.3346120 secs] 15987292K->15984994K(30070848K), 1.3346850 secs] [Times: user=15.16 sys=2.17, real=1.33 secs] 
2013-04-23T01:31:12.099+0200: [GC [ParNew: 3040832K->337856K(3040832K), 1.0684510 secs] 18687970K->18697486K(30070848K), 1.0685250 secs] [Times: user=2.90 sys=10.93, real=1.07 secs] 
2013-04-23T01:31:14.147+0200: [GC [ParNew: 3040832K->337856K(3040832K), 1.1171110 secs] 21400462K->21385196K(30070848K), 1.1171680 secs] [Times: user=3.40 sys=11.02, real=1.12 secs] 
2013-04-23T01:31:28.501+0200: [GC [ParNew: 3040832K->337856K(3040832K), 1.5830150 secs] 24088172K->23515248K(30070848K), 1.5831270 secs] [Times: user=18.45 sys=2.05, real=1.58 secs] 
2013-04-23T01:32:08.959+0200: [GC [ParNew: 3040832K->337856K(3040832K), 0.4028860 secs] 26218224K->23792684K(30070848K), 0.4117160 secs] [Times: user=2.55 sys=1.53, real=0.42 secs] 
BROKEN RECORDS: 0
BROKEN RECORDS: 0
BROKEN RECORDS: 0
BROKEN RECORDS: 0
BROKEN RECORDS: 0
BROKEN RECORDS: 0
BROKEN RECORDS: 0
BROKEN RECORDS: 0
BROKEN RECORDS: 0
BROKEN RECORDS: 0
BROKEN RECORDS: 0
BROKEN RECORDS: 0
BROKEN RECORDS: 0
BROKEN RECORDS: 0
BROKEN RECORDS: 0
BROKEN RECORDS: 0
BROKEN RECORDS: 0
BROKEN RECORDS: 0
BROKEN RECORDS: 0
BROKEN RECORDS: 0
BROKEN RECORDS: 0
BROKEN RECORDS: 0
BROKEN RECORDS: 0
BROKEN RECORDS: 0
BROKEN RECORDS: 0
BROKEN RECORDS: 0
BROKEN RECORDS: 0
BROKEN RECORDS: 0
BROKEN RECORDS: 0
BROKEN RECORDS: 0
BROKEN RECORDS: 0
BROKEN RECORDS: 0
BROKEN RECORDS: 0
BROKEN RECORDS: 0
BROKEN RECORDS: 0
BROKEN RECORDS: 0
BROKEN RECORDS: 0
BROKEN RECORDS: 0
BROKEN RECORDS: 0
BROKEN RECORDS: 0
BROKEN RECORDS: 0
BROKEN RECORDS: 0
BROKEN RECORDS: 0
BROKEN RECORDS: 0
BROKEN RECORDS: 0
BROKEN RECORDS: 0
BROKEN RECORDS: 0
BROKEN RECORDS: 0
BROKEN RECORDS: 0
BROKEN RECORDS: 0
BROKEN RECORDS: 0
BROKEN RECORDS: 0
BROKEN RECORDS: 0
BROKEN RECORDS: 0
BROKEN RECORDS: 0
BROKEN RECORDS: 0
BROKEN RECORDS: 0
BROKEN RECORDS: 0
BROKEN RECORDS: 0
BROKEN RECORDS: 0
BROKEN RECORDS: 0
BROKEN RECORDS: 0
BROKEN RECORDS: 0
BROKEN RECORDS: 0
BROKEN RECORDS: 0
BROKEN RECORDS: 0
BROKEN RECORDS: 0
BROKEN RECORDS: 0
BROKEN RECORDS: 0
BROKEN RECORDS: 0
BROKEN RECORDS: 0
BROKEN RECORDS: 0
BROKEN RECORDS: 0
BROKEN RECORDS: 0
BROKEN RECORDS: 0
BROKEN RECORDS: 0
BROKEN RECORDS: 0
BROKEN RECORDS: 0
BROKEN RECORDS: 0
BROKEN RECORDS: 0
2013-04-23T01:35:55.644+0200: [GC [ParNew: 3040832K->183157K(3040832K), 0.2218440 secs] 26495660K->23896881K(30070848K), 0.2221210 secs] [Times: user=1.88 sys=0.38, real=0.22 secs] 
BROKEN RECORDS: 0
BROKEN RECORDS: 0
BROKEN RECORDS: 0
BROKEN RECORDS: 0
BROKEN RECORDS: 0
BROKEN RECORDS: 0
BROKEN RECORDS: 0
BROKEN RECORDS: 0
