2013-06-07T17:45:21.883+0200: [GC [ParNew: 2702976K->337855K(3040832K), 0.9396630 secs] 2702976K->2494479K(30070848K), 0.9397540 secs] [Times: user=2.06 sys=9.94, real=0.94 secs] 
2013-06-07T17:45:23.588+0200: [GC [ParNew: 3040831K->337856K(3040832K), 1.0680630 secs] 5197455K->5129442K(30070848K), 1.0681110 secs] [Times: user=2.88 sys=10.90, real=1.07 secs] 
2013-06-07T17:45:25.420+0200: [GC [ParNew: 3040832K->337856K(3040832K), 1.0428840 secs] 7832418K->7825237K(30070848K), 1.0429470 secs] [Times: user=3.21 sys=9.96, real=1.05 secs] 
2013-06-07T17:45:27.175+0200: [GC [ParNew: 3040832K->337856K(3040832K), 1.0146850 secs] 10528213K->10561644K(30070848K), 1.0147790 secs] [Times: user=3.25 sys=9.88, real=1.01 secs] 
2013-06-07T17:45:28.902+0200: [GC [ParNew: 3040832K->337856K(3040832K), 1.0820390 secs] 13264620K->13283100K(30070848K), 1.0821170 secs] [Times: user=3.43 sys=10.56, real=1.08 secs] 
2013-06-07T17:45:30.690+0200: [GC [ParNew: 3040832K->337856K(3040832K), 1.5333950 secs] 15986076K->15997480K(30070848K), 1.5334530 secs] [Times: user=17.60 sys=2.07, real=1.54 secs] 
2013-06-07T17:45:32.916+0200: [GC [ParNew: 3040832K->337856K(3040832K), 1.0582530 secs] 18700456K->18716087K(30070848K), 1.0583220 secs] [Times: user=3.04 sys=10.64, real=1.06 secs] 
2013-06-07T17:45:34.659+0200: [GC [ParNew: 3040832K->337856K(3040832K), 1.1215430 secs] 21419063K->21400723K(30070848K), 1.1216210 secs] [Times: user=3.43 sys=11.09, real=1.12 secs] 
2013-06-07T17:45:55.047+0200: [GC [ParNew: 3040832K->337856K(3040832K), 1.2413820 secs] 24103699K->23527190K(30070848K), 1.2415050 secs] [Times: user=14.37 sys=1.68, real=1.24 secs] 
2013-06-07T17:46:11.978+0200: [GC [ParNew: 3040832K->148156K(3040832K), 0.0776390 secs] 26230166K->23337490K(30070848K), 0.0778000 secs] [Times: user=0.99 sys=0.01, real=0.07 secs] 
