2013-06-07T17:45:25.259+0200: [GC [ParNew: 2702976K->337855K(3040832K), 0.9360220 secs] 2702976K->2487121K(30070848K), 0.9360960 secs] [Times: user=2.00 sys=9.91, real=0.94 secs] 
2013-06-07T17:45:27.225+0200: [GC [ParNew: 3040831K->337856K(3040832K), 1.0443290 secs] 5190097K->5118626K(30070848K), 1.0443870 secs] [Times: user=2.69 sys=10.56, real=1.05 secs] 
2013-06-07T17:45:29.298+0200: [GC [ParNew: 3040832K->337856K(3040832K), 1.0639900 secs] 7821602K->7814966K(30070848K), 1.0640430 secs] [Times: user=3.13 sys=10.66, real=1.07 secs] 
2013-06-07T17:45:31.340+0200: [GC [ParNew: 3040832K->337856K(3040832K), 1.0295350 secs] 10517942K->10535013K(30070848K), 1.0295900 secs] [Times: user=3.09 sys=10.24, real=1.04 secs] 
2013-06-07T17:45:33.340+0200: [GC [ParNew: 3040832K->337856K(3040832K), 1.0817280 secs] 13237989K->13251634K(30070848K), 1.0817980 secs] [Times: user=3.46 sys=10.28, real=1.09 secs] 
2013-06-07T17:45:35.380+0200: [GC [ParNew: 3040832K->337856K(3040832K), 1.4662030 secs] 15954610K->15942195K(30070848K), 1.4662760 secs] [Times: user=16.91 sys=2.12, real=1.47 secs] 
2013-06-07T17:45:37.843+0200: [GC [ParNew: 3040832K->337856K(3040832K), 1.0624650 secs] 18645171K->18656928K(30070848K), 1.0625370 secs] [Times: user=2.86 sys=10.91, real=1.06 secs] 
2013-06-07T17:45:39.913+0200: [GC [ParNew: 3040832K->337856K(3040832K), 1.1466030 secs] 21359904K->21345534K(30070848K), 1.1466790 secs] [Times: user=3.79 sys=11.06, real=1.14 secs] 
2013-06-07T17:45:55.076+0200: [GC [ParNew: 3040832K->337856K(3040832K), 1.5434530 secs] 24048510K->23492316K(30070848K), 1.5435360 secs] [Times: user=17.89 sys=1.94, real=1.54 secs] 
2013-06-07T17:46:13.964+0200: [GC [ParNew: 3040832K->187565K(3040832K), 0.0826520 secs] 26195292K->23342026K(30070848K), 0.0828100 secs] [Times: user=1.01 sys=0.04, real=0.08 secs] 
