2013-06-07T17:45:27.692+0200: [GC [ParNew: 2702976K->337855K(3040832K), 0.9355570 secs] 2702976K->2494187K(30070848K), 0.9356340 secs] [Times: user=1.98 sys=9.87, real=0.94 secs] 
2013-06-07T17:45:29.394+0200: [GC [ParNew: 3040831K->337856K(3040832K), 1.0534300 secs] 5197163K->5133852K(30070848K), 1.0534780 secs] [Times: user=2.76 sys=10.82, real=1.06 secs] 
2013-06-07T17:45:31.172+0200: [GC [ParNew: 3040832K->337856K(3040832K), 1.0600150 secs] 7836828K->7821900K(30070848K), 1.0600610 secs] [Times: user=3.04 sys=10.70, real=1.06 secs] 
2013-06-07T17:45:32.936+0200: [GC [ParNew: 3040832K->337856K(3040832K), 1.0519780 secs] 10524876K->10547838K(30070848K), 1.0520260 secs] [Times: user=3.18 sys=10.45, real=1.05 secs] 
2013-06-07T17:45:34.708+0200: [GC [ParNew: 3040832K->337856K(3040832K), 1.0975190 secs] 13250814K->13252677K(30070848K), 1.0975660 secs] [Times: user=3.04 sys=11.18, real=1.10 secs] 
2013-06-07T17:45:36.520+0200: [GC [ParNew: 3040832K->337856K(3040832K), 1.6140770 secs] 15955653K->15959630K(30070848K), 1.6141240 secs] [Times: user=18.29 sys=2.65, real=1.61 secs] 
2013-06-07T17:45:38.839+0200: [GC [ParNew: 3040832K->337856K(3040832K), 1.6373850 secs] 18662606K->18663478K(30070848K), 1.6374480 secs] [Times: user=4.39 sys=10.91, real=1.64 secs] 
2013-06-07T17:45:41.170+0200: [GC [ParNew: 3040832K->337856K(3040832K), 1.3967840 secs] 21366454K->21341903K(30070848K), 1.3968580 secs] [Times: user=4.64 sys=11.00, real=1.40 secs] 
2013-06-07T17:45:54.867+0200: [GC [ParNew: 3040832K->337856K(3040832K), 1.3736940 secs] 24044879K->23486342K(30070848K), 1.3737940 secs] [Times: user=15.86 sys=1.93, real=1.37 secs] 
2013-06-07T17:46:11.326+0200: [GC [ParNew: 3040832K->155572K(3040832K), 0.0774540 secs] 26189318K->23304059K(30070848K), 0.0775890 secs] [Times: user=0.92 sys=0.06, real=0.08 secs] 
