2013-06-07T17:45:27.436+0200: [GC [ParNew: 2702976K->337856K(3040832K), 0.9374250 secs] 2702976K->2491775K(30070848K), 0.9374940 secs] [Times: user=2.02 sys=9.95, real=0.93 secs] 
2013-06-07T17:45:29.128+0200: [GC [ParNew: 3040832K->337856K(3040832K), 1.0562000 secs] 5194751K->5131630K(30070848K), 1.0562530 secs] [Times: user=2.56 sys=11.07, real=1.05 secs] 
2013-06-07T17:45:30.936+0200: [GC [ParNew: 3040832K->337856K(3040832K), 1.0717880 secs] 7834606K->7827617K(30070848K), 1.0718510 secs] [Times: user=3.51 sys=10.39, real=1.07 secs] 
2013-06-07T17:45:32.712+0200: [GC [ParNew: 3040832K->337856K(3040832K), 1.0601780 secs] 10530593K->10578271K(30070848K), 1.0602530 secs] [Times: user=2.96 sys=10.76, real=1.06 secs] 
2013-06-07T17:45:34.485+0200: [GC [ParNew: 3040832K->337856K(3040832K), 1.1246770 secs] 13281247K->13286920K(30070848K), 1.1247520 secs] [Times: user=2.99 sys=11.58, real=1.13 secs] 
2013-06-07T17:45:36.301+0200: [GC [ParNew: 3040832K->337856K(3040832K), 1.4450280 secs] 15989896K->15976809K(30070848K), 1.4451010 secs] [Times: user=16.49 sys=2.27, real=1.44 secs] 
2013-06-07T17:45:38.449+0200: [GC [ParNew: 3040832K->337856K(3040832K), 1.3301020 secs] 18679785K->18710623K(30070848K), 1.3302150 secs] [Times: user=4.67 sys=10.80, real=1.33 secs] 
2013-06-07T17:45:40.494+0200: [GC [ParNew: 3040832K->337856K(3040832K), 1.7408280 secs] 21413599K->21418183K(30070848K), 1.7410230 secs] [Times: user=5.05 sys=11.59, real=1.74 secs] 
2013-06-07T17:45:54.912+0200: [GC [ParNew: 3040832K->337856K(3040832K), 1.4956530 secs] 24121159K->23496754K(30070848K), 1.4957570 secs] [Times: user=17.09 sys=2.28, real=1.50 secs] 
2013-06-07T17:46:11.214+0200: [GC [ParNew: 3040832K->190526K(3040832K), 0.0810770 secs] 26199730K->23349424K(30070848K), 0.0812450 secs] [Times: user=1.01 sys=0.02, real=0.09 secs] 
