2013-06-07T17:45:23.656+0200: [GC [ParNew: 2702976K->337856K(3040832K), 0.9444810 secs] 2702976K->2491086K(30070848K), 0.9446500 secs] [Times: user=2.30 sys=9.68, real=0.95 secs] 
2013-06-07T17:45:25.366+0200: [GC [ParNew: 3040832K->337856K(3040832K), 1.0491070 secs] 5194062K->5121757K(30070848K), 1.0491710 secs] [Times: user=2.60 sys=10.95, real=1.05 secs] 
2013-06-07T17:45:27.126+0200: [GC [ParNew: 3040832K->337856K(3040832K), 1.0726320 secs] 7824733K->7814799K(30070848K), 1.0727050 secs] [Times: user=3.33 sys=10.56, real=1.08 secs] 
2013-06-07T17:45:28.872+0200: [GC [ParNew: 3040832K->337856K(3040832K), 1.0234850 secs] 10517775K->10554664K(30070848K), 1.0235570 secs] [Times: user=3.06 sys=10.17, real=1.03 secs] 
2013-06-07T17:45:30.619+0200: [GC [ParNew: 3040832K->337856K(3040832K), 1.0902130 secs] 13257640K->13285532K(30070848K), 1.0902830 secs] [Times: user=3.70 sys=10.42, real=1.09 secs] 
2013-06-07T17:45:32.403+0200: [GC [ParNew: 3040832K->337856K(3040832K), 1.4875760 secs] 15988508K->15956564K(30070848K), 1.4876460 secs] [Times: user=16.89 sys=2.43, real=1.49 secs] 
2013-06-07T17:45:34.553+0200: [GC [ParNew: 3040832K->337856K(3040832K), 1.0701830 secs] 18659540K->18704145K(30070848K), 1.0702540 secs] [Times: user=2.88 sys=10.98, real=1.07 secs] 
2013-06-07T17:45:36.337+0200: [GC [ParNew: 3040832K->337856K(3040832K), 1.1133670 secs] 21407121K->21415674K(30070848K), 1.1134390 secs] [Times: user=3.27 sys=11.15, real=1.11 secs] 
2013-06-07T17:45:54.795+0200: [GC [ParNew: 3040832K->337856K(3040832K), 1.4613960 secs] 24118650K->23544664K(30070848K), 1.4615010 secs] [Times: user=17.04 sys=1.89, real=1.47 secs] 
2013-06-07T17:46:13.140+0200: [GC [ParNew: 3040832K->188209K(3040832K), 0.0776360 secs] 26247640K->23395018K(30070848K), 0.0777950 secs] [Times: user=0.98 sys=0.01, real=0.08 secs] 
