2013-06-07T17:45:24.611+0200: [GC [ParNew: 2702976K->337856K(3040832K), 0.9390900 secs] 2702976K->2487940K(30070848K), 0.9391890 secs] [Times: user=1.96 sys=9.93, real=0.94 secs] 
2013-06-07T17:45:26.276+0200: [GC [ParNew: 3040832K->337856K(3040832K), 1.0415870 secs] 5190916K->5120474K(30070848K), 1.0416440 secs] [Times: user=2.68 sys=10.44, real=1.04 secs] 
2013-06-07T17:45:28.071+0200: [GC [ParNew: 3040832K->337856K(3040832K), 1.0533580 secs] 7823450K->7816749K(30070848K), 1.0534020 secs] [Times: user=3.07 sys=10.59, real=1.06 secs] 
2013-06-07T17:45:29.815+0200: [GC [ParNew: 3040832K->337856K(3040832K), 1.0099650 secs] 10519725K->10559240K(30070848K), 1.0100180 secs] [Times: user=3.04 sys=10.04, real=1.01 secs] 
2013-06-07T17:45:31.553+0200: [GC [ParNew: 3040832K->337856K(3040832K), 1.0838660 secs] 13262216K->13290972K(30070848K), 1.0839350 secs] [Times: user=3.43 sys=10.40, real=1.08 secs] 
2013-06-07T17:45:33.362+0200: [GC [ParNew: 3040832K->337856K(3040832K), 1.4401830 secs] 15993948K->16004648K(30070848K), 1.4402560 secs] [Times: user=16.39 sys=2.30, real=1.44 secs] 
2013-06-07T17:45:35.496+0200: [GC [ParNew: 3040832K->337856K(3040832K), 1.0728050 secs] 18707624K->18716019K(30070848K), 1.0728760 secs] [Times: user=2.92 sys=10.98, real=1.07 secs] 
2013-06-07T17:45:37.283+0200: [GC [ParNew: 3040832K->337856K(3040832K), 1.1762890 secs] 21418995K->21441732K(30070848K), 1.1763440 secs] [Times: user=4.03 sys=10.89, real=1.18 secs] 
2013-06-07T17:45:54.892+0200: [GC [ParNew: 3040832K->337856K(3040832K), 1.7587560 secs] 24144708K->23515948K(30070848K), 1.7589240 secs] [Times: user=20.37 sys=2.31, real=1.75 secs] 
2013-06-07T17:46:11.630+0200: [GC [ParNew: 3040832K->188761K(3040832K), 0.0790410 secs] 26218924K->23366854K(30070848K), 0.0791920 secs] [Times: user=1.01 sys=0.02, real=0.08 secs] 
