2013-06-07T17:45:22.938+0200: [GC [ParNew: 2702976K->337856K(3040832K), 0.9503750 secs] 2702976K->2492534K(30070848K), 0.9504720 secs] [Times: user=2.26 sys=9.74, real=0.95 secs] 
2013-06-07T17:45:24.665+0200: [GC [ParNew: 3040832K->337856K(3040832K), 1.0600140 secs] 5195510K->5127644K(30070848K), 1.0600880 secs] [Times: user=2.77 sys=10.90, real=1.06 secs] 
2013-06-07T17:45:26.470+0200: [GC [ParNew: 3040832K->337856K(3040832K), 1.0845880 secs] 7830620K->7822575K(30070848K), 1.0846630 secs] [Times: user=3.32 sys=10.73, real=1.09 secs] 
2013-06-07T17:45:28.249+0200: [GC [ParNew: 3040832K->337856K(3040832K), 1.0266960 secs] 10525551K->10564105K(30070848K), 1.0267700 secs] [Times: user=3.34 sys=9.95, real=1.03 secs] 
2013-06-07T17:45:29.989+0200: [GC [ParNew: 3040832K->337856K(3040832K), 1.1205770 secs] 13267081K->13277716K(30070848K), 1.1206490 secs] [Times: user=3.20 sys=11.33, real=1.12 secs] 
2013-06-07T17:45:31.794+0200: [GC [ParNew: 3040832K->337856K(3040832K), 1.5508570 secs] 15980692K->15968598K(30070848K), 1.5509290 secs] [Times: user=17.68 sys=2.44, real=1.55 secs] 
2013-06-07T17:45:34.060+0200: [GC [ParNew: 3040832K->337856K(3040832K), 1.0575600 secs] 18671574K->18700331K(30070848K), 1.0576330 secs] [Times: user=3.00 sys=10.70, real=1.06 secs] 
2013-06-07T17:45:35.801+0200: [GC [ParNew: 3040832K->337856K(3040832K), 1.1384700 secs] 21403307K->21388457K(30070848K), 1.1385440 secs] [Times: user=3.80 sys=10.93, real=1.14 secs] 
2013-06-07T17:45:55.116+0200: [GC [ParNew: 3040832K->337856K(3040832K), 1.4479410 secs] 24091433K->23512613K(30070848K), 1.4480180 secs] [Times: user=16.84 sys=1.94, real=1.45 secs] 
2013-06-07T17:46:14.446+0200: [GC [ParNew: 3040832K->147979K(3040832K), 0.0791300 secs] 26215589K->23322736K(30070848K), 0.0792640 secs] [Times: user=0.99 sys=0.02, real=0.08 secs] 
