2013-06-07T17:45:22.588+0200: [GC [ParNew: 2702976K->337856K(3040832K), 0.9260220 secs] 2702976K->2485142K(30070848K), 0.9261110 secs] [Times: user=2.33 sys=8.94, real=0.93 secs] 
2013-06-07T17:45:24.249+0200: [GC [ParNew: 3040832K->337856K(3040832K), 1.0679360 secs] 5188118K->5114586K(30070848K), 1.0679990 secs] [Times: user=2.87 sys=10.87, real=1.07 secs] 
2013-06-07T17:45:26.093+0200: [GC [ParNew: 3040832K->337856K(3040832K), 1.0757070 secs] 7817562K->7808364K(30070848K), 1.0757870 secs] [Times: user=3.32 sys=10.58, real=1.07 secs] 
2013-06-07T17:45:27.883+0200: [GC [ParNew: 3040832K->337856K(3040832K), 1.0277010 secs] 10511340K->10538336K(30070848K), 1.0277790 secs] [Times: user=3.41 sys=9.88, real=1.03 secs] 
2013-06-07T17:45:29.622+0200: [GC [ParNew: 3040832K->337856K(3040832K), 1.0809810 secs] 13241312K->13252268K(30070848K), 1.0810680 secs] [Times: user=3.37 sys=10.61, real=1.08 secs] 
2013-06-07T17:45:31.448+0200: [GC [ParNew: 3040832K->337856K(3040832K), 1.3398110 secs] 15955244K->15931943K(30070848K), 1.3398920 secs] [Times: user=15.24 sys=2.10, real=1.34 secs] 
2013-06-07T17:45:33.461+0200: [GC [ParNew: 3040832K->337856K(3040832K), 1.1042190 secs] 18634919K->18677539K(30070848K), 1.1042980 secs] [Times: user=3.16 sys=11.13, real=1.11 secs] 
2013-06-07T17:45:35.281+0200: [GC [ParNew: 3040832K->337856K(3040832K), 1.1690790 secs] 21380515K->21365537K(30070848K), 1.1691320 secs] [Times: user=4.49 sys=10.56, real=1.18 secs] 
2013-06-07T17:45:54.880+0200: [GC [ParNew: 3040832K->337856K(3040832K), 1.5606460 secs] 24068513K->23519651K(30070848K), 1.5607570 secs] [Times: user=18.07 sys=2.07, real=1.57 secs] 
2013-06-07T17:46:13.519+0200: [GC [ParNew: 3040832K->176161K(3040832K), 0.0870510 secs] 26222627K->23357957K(30070848K), 0.0871760 secs] [Times: user=1.10 sys=0.01, real=0.08 secs] 
