2013-06-07T17:45:22.308+0200: [GC [ParNew: 2702976K->337855K(3040832K), 0.8809690 secs] 2702976K->2488148K(30070848K), 0.8810540 secs] [Times: user=2.23 sys=7.99, real=0.88 secs] 
2013-06-07T17:45:23.956+0200: [GC [ParNew: 3040831K->337856K(3040832K), 1.0687300 secs] 5191124K->5119891K(30070848K), 1.0687790 secs] [Times: user=2.87 sys=10.93, real=1.07 secs] 
2013-06-07T17:45:25.780+0200: [GC [ParNew: 3040832K->337856K(3040832K), 1.0715130 secs] 7822867K->7814725K(30070848K), 1.0715690 secs] [Times: user=2.99 sys=10.88, real=1.07 secs] 
2013-06-07T17:45:27.577+0200: [GC [ParNew: 3040832K->337856K(3040832K), 1.0494170 secs] 10517701K->10562691K(30070848K), 1.0494770 secs] [Times: user=3.42 sys=10.15, real=1.05 secs] 
2013-06-07T17:45:29.355+0200: [GC [ParNew: 3040832K->337856K(3040832K), 1.0820760 secs] 13265667K->13268522K(30070848K), 1.0821230 secs] [Times: user=3.40 sys=10.60, real=1.08 secs] 
2013-06-07T17:45:31.111+0200: [GC [ParNew: 3040832K->337856K(3040832K), 1.4515690 secs] 15971498K->15990523K(30070848K), 1.4516260 secs] [Times: user=16.67 sys=2.14, real=1.45 secs] 
2013-06-07T17:45:33.277+0200: [GC [ParNew: 3040832K->337856K(3040832K), 1.0394990 secs] 18693499K->18696099K(30070848K), 1.0395460 secs] [Times: user=3.06 sys=10.38, real=1.04 secs] 
2013-06-07T17:45:34.999+0200: [GC [ParNew: 3040832K->337856K(3040832K), 1.1273470 secs] 21399075K->21409581K(30070848K), 1.1273970 secs] [Times: user=3.66 sys=10.93, real=1.13 secs] 
2013-06-07T17:45:54.860+0200: [GC [ParNew: 3040832K->337856K(3040832K), 1.3064980 secs] 24112557K->23504032K(30070848K), 1.3065630 secs] [Times: user=14.95 sys=1.96, real=1.31 secs] 
2013-06-07T17:46:12.408+0200: [GC [ParNew: 3040832K->180621K(3040832K), 0.0784030 secs] 26207008K->23346798K(30070848K), 0.0785550 secs] [Times: user=0.98 sys=0.02, real=0.08 secs] 
