2013-06-07T17:45:22.726+0200: [GC [ParNew: 2702976K->337856K(3040832K), 0.9297500 secs] 2702976K->2483161K(30070848K), 0.9298260 secs] [Times: user=2.18 sys=9.49, real=0.93 secs] 
2013-06-07T17:45:24.421+0200: [GC [ParNew: 3040832K->337856K(3040832K), 1.0485870 secs] 5186137K->5114177K(30070848K), 1.0486570 secs] [Times: user=2.79 sys=10.73, real=1.05 secs] 
2013-06-07T17:45:26.224+0200: [GC [ParNew: 3040832K->337856K(3040832K), 1.0535280 secs] 7817153K->7810989K(30070848K), 1.0535920 secs] [Times: user=3.27 sys=10.37, real=1.06 secs] 
2013-06-07T17:45:27.951+0200: [GC [ParNew: 3040832K->337856K(3040832K), 1.0157820 secs] 10513965K->10554120K(30070848K), 1.0158500 secs] [Times: user=3.20 sys=9.79, real=1.01 secs] 
2013-06-07T17:45:29.696+0200: [GC [ParNew: 3040832K->337856K(3040832K), 1.0766700 secs] 13257096K->13259023K(30070848K), 1.0767180 secs] [Times: user=3.71 sys=10.14, real=1.08 secs] 
2013-06-07T17:45:31.486+0200: [GC [ParNew: 3040832K->337856K(3040832K), 1.4515440 secs] 15961999K->15976573K(30070848K), 1.4516110 secs] [Times: user=16.83 sys=2.02, real=1.45 secs] 
2013-06-07T17:45:33.630+0200: [GC [ParNew: 3040832K->337856K(3040832K), 1.0729390 secs] 18679549K->18711860K(30070848K), 1.0730060 secs] [Times: user=3.63 sys=10.13, real=1.07 secs] 
2013-06-07T17:45:35.427+0200: [GC [ParNew: 3040832K->337856K(3040832K), 1.1357350 secs] 21414836K->21398801K(30070848K), 1.1357860 secs] [Times: user=3.46 sys=11.24, real=1.13 secs] 
2013-06-07T17:45:55.086+0200: [GC [ParNew: 3040832K->337856K(3040832K), 1.8632550 secs] 24101777K->23511592K(30070848K), 1.8633530 secs] [Times: user=21.68 sys=2.41, real=1.86 secs] 
2013-06-07T17:46:12.259+0200: [GC [ParNew: 3040832K->147661K(3040832K), 0.0784060 secs] 26214568K->23321398K(30070848K), 0.0785670 secs] [Times: user=0.98 sys=0.01, real=0.08 secs] 
