2013-06-07T17:45:27.193+0200: [GC [ParNew: 2702976K->337856K(3040832K), 0.9426900 secs] 2702976K->2482281K(30070848K), 0.9427620 secs] [Times: user=2.20 sys=9.80, real=0.94 secs] 
2013-06-07T17:45:28.916+0200: [GC [ParNew: 3040832K->337856K(3040832K), 1.0584880 secs] 5185257K->5117200K(30070848K), 1.0585360 secs] [Times: user=2.69 sys=10.98, real=1.06 secs] 
2013-06-07T17:45:30.707+0200: [GC [ParNew: 3040832K->337856K(3040832K), 1.0839540 secs] 7820176K->7813540K(30070848K), 1.0840090 secs] [Times: user=3.61 sys=10.44, real=1.08 secs] 
2013-06-07T17:45:32.494+0200: [GC [ParNew: 3040832K->337856K(3040832K), 1.0540030 secs] 10516516K->10565987K(30070848K), 1.0540560 secs] [Times: user=3.35 sys=10.30, real=1.06 secs] 
2013-06-07T17:45:34.278+0200: [GC [ParNew: 3040832K->337856K(3040832K), 1.1944690 secs] 13268963K->13294166K(30070848K), 1.1945200 secs] [Times: user=4.61 sys=10.86, real=1.20 secs] 
2013-06-07T17:45:36.176+0200: [GC [ParNew: 3040832K->337856K(3040832K), 1.6883920 secs] 15997142K->15988665K(30070848K), 1.6884460 secs] [Times: user=19.26 sys=2.65, real=1.69 secs] 
2013-06-07T17:45:38.536+0200: [GC [ParNew: 3040832K->337856K(3040832K), 1.4457360 secs] 18691641K->18692128K(30070848K), 1.4458750 secs] [Times: user=3.65 sys=11.87, real=1.45 secs] 
2013-06-07T17:45:40.716+0200: [GC [ParNew: 3040832K->337856K(3040832K), 1.3995280 secs] 21395104K->21375996K(30070848K), 1.3996380 secs] [Times: user=4.16 sys=11.84, real=1.40 secs] 
2013-06-07T17:45:54.831+0200: [GC [ParNew: 3040832K->337856K(3040832K), 1.5588990 secs] 24078972K->23508083K(30070848K), 1.5590590 secs] [Times: user=17.69 sys=2.50, real=1.56 secs] 
2013-06-07T17:46:11.448+0200: [GC [ParNew: 3040832K->179799K(3040832K), 0.0805780 secs] 26211059K->23350027K(30070848K), 0.0807240 secs] [Times: user=0.98 sys=0.04, real=0.08 secs] 
