2013-06-07T17:45:21.936+0200: [GC [ParNew: 2702976K->337856K(3040832K), 0.9449340 secs] 2702976K->2498295K(30070848K), 0.9449970 secs] [Times: user=2.29 sys=9.64, real=0.95 secs] 
2013-06-07T17:45:23.645+0200: [GC [ParNew: 3040832K->337856K(3040832K), 1.0699640 secs] 5201271K->5129007K(30070848K), 1.0700120 secs] [Times: user=2.78 sys=11.03, real=1.07 secs] 
2013-06-07T17:45:25.408+0200: [GC [ParNew: 3040832K->337856K(3040832K), 1.0824670 secs] 7831983K->7819327K(30070848K), 1.0825050 secs] [Times: user=3.39 sys=10.62, real=1.09 secs] 
2013-06-07T17:45:27.180+0200: [GC [ParNew: 3040832K->337856K(3040832K), 1.0320450 secs] 10522303K->10555767K(30070848K), 1.0320980 secs] [Times: user=3.14 sys=10.22, real=1.03 secs] 
2013-06-07T17:45:28.943+0200: [GC [ParNew: 3040832K->337856K(3040832K), 1.1065550 secs] 13258743K->13283561K(30070848K), 1.1066210 secs] [Times: user=3.77 sys=10.51, real=1.10 secs] 
2013-06-07T17:45:30.743+0200: [GC [ParNew: 3040832K->337856K(3040832K), 1.5642240 secs] 15986537K->15949566K(30070848K), 1.5642910 secs] [Times: user=18.03 sys=2.28, real=1.56 secs] 
2013-06-07T17:45:33.008+0200: [GC [ParNew: 3040832K->337856K(3040832K), 1.1417890 secs] 18652542K->18706368K(30070848K), 1.1418360 secs] [Times: user=3.50 sys=11.12, real=1.14 secs] 
2013-06-07T17:45:34.873+0200: [GC [ParNew: 3040832K->337856K(3040832K), 1.1320050 secs] 21409344K->21410181K(30070848K), 1.1320640 secs] [Times: user=3.48 sys=11.16, real=1.13 secs] 
2013-06-07T17:45:54.854+0200: [GC [ParNew: 3040832K->337856K(3040832K), 1.6792460 secs] 24113157K->23538697K(30070848K), 1.6793170 secs] [Times: user=19.47 sys=2.03, real=1.68 secs] 
2013-06-07T17:46:11.944+0200: [GC [ParNew: 3040832K->179492K(3040832K), 0.0900690 secs] 26241673K->23380333K(30070848K), 0.0901820 secs] [Times: user=1.11 sys=0.04, real=0.09 secs] 
