2013-06-07T17:45:25.714+0200: [GC [ParNew: 2702976K->337856K(3040832K), 0.9485070 secs] 2702976K->2490698K(30070848K), 0.9485790 secs] [Times: user=2.23 sys=9.80, real=0.95 secs] 
2013-06-07T17:45:27.417+0200: [GC [ParNew: 3040832K->337856K(3040832K), 1.0576200 secs] 5193674K->5122977K(30070848K), 1.0576760 secs] [Times: user=2.68 sys=10.99, real=1.06 secs] 
2013-06-07T17:45:29.216+0200: [GC [ParNew: 3040832K->337856K(3040832K), 1.0659610 secs] 7825953K->7819117K(30070848K), 1.0660150 secs] [Times: user=3.11 sys=10.70, real=1.07 secs] 
2013-06-07T17:45:30.996+0200: [GC [ParNew: 3040832K->337856K(3040832K), 1.0337300 secs] 10522093K->10571692K(30070848K), 1.0337850 secs] [Times: user=3.21 sys=10.17, real=1.04 secs] 
2013-06-07T17:45:32.756+0200: [GC [ParNew: 3040832K->337856K(3040832K), 1.0890810 secs] 13274668K->13291258K(30070848K), 1.0891340 secs] [Times: user=3.45 sys=10.66, real=1.09 secs] 
2013-06-07T17:45:34.568+0200: [GC [ParNew: 3040832K->337856K(3040832K), 1.4351480 secs] 15994234K->16013643K(30070848K), 1.4351940 secs] [Times: user=16.18 sys=2.45, real=1.43 secs] 
2013-06-07T17:45:36.727+0200: [GC [ParNew: 3040832K->337856K(3040832K), 1.0699500 secs] 18716619K->18738205K(30070848K), 1.0699960 secs] [Times: user=2.98 sys=10.88, real=1.07 secs] 
2013-06-07T17:45:38.521+0200: [GC [ParNew: 3040832K->337856K(3040832K), 1.2150290 secs] 21441181K->21460171K(30070848K), 1.2150770 secs] [Times: user=4.56 sys=11.16, real=1.22 secs] 
2013-06-07T17:45:54.960+0200: [GC [ParNew: 3040832K->337856K(3040832K), 2.6219120 secs] 24163147K->23547770K(30070848K), 2.6220080 secs] [Times: user=29.25 sys=3.81, real=2.62 secs] 
2013-06-07T17:46:12.065+0200: [GC [ParNew: 3040832K->155361K(3040832K), 0.0746710 secs] 26250746K->23365276K(30070848K), 0.0748210 secs] [Times: user=0.96 sys=0.00, real=0.07 secs] 
