2013-06-07T17:45:24.294+0200: [GC [ParNew: 2702976K->337855K(3040832K), 0.9051420 secs] 2702976K->2492660K(30070848K), 0.9052150 secs] [Times: user=2.02 sys=9.15, real=0.90 secs] 
2013-06-07T17:45:25.934+0200: [GC [ParNew: 3040831K->337856K(3040832K), 1.0535460 secs] 5195636K->5128128K(30070848K), 1.0536190 secs] [Times: user=2.79 sys=10.81, real=1.05 secs] 
2013-06-07T17:45:27.730+0200: [GC [ParNew: 3040832K->337856K(3040832K), 1.0351330 secs] 7831104K->7817520K(30070848K), 1.0352030 secs] [Times: user=2.97 sys=10.44, real=1.04 secs] 
2013-06-07T17:45:29.428+0200: [GC [ParNew: 3040832K->337856K(3040832K), 1.0106740 secs] 10520496K->10552807K(30070848K), 1.0107450 secs] [Times: user=3.14 sys=9.94, real=1.01 secs] 
2013-06-07T17:45:31.168+0200: [GC [ParNew: 3040832K->337856K(3040832K), 1.0609080 secs] 13255783K->13264497K(30070848K), 1.0609800 secs] [Times: user=3.34 sys=10.31, real=1.06 secs] 
2013-06-07T17:45:32.903+0200: [GC [ParNew: 3040832K->337856K(3040832K), 1.4074440 secs] 15967473K->15961717K(30070848K), 1.4075150 secs] [Times: user=15.87 sys=2.40, real=1.40 secs] 
2013-06-07T17:45:35.037+0200: [GC [ParNew: 3040832K->337856K(3040832K), 1.0915750 secs] 18664693K->18729852K(30070848K), 1.0916450 secs] [Times: user=3.02 sys=11.11, real=1.09 secs] 
2013-06-07T17:45:36.845+0200: [GC [ParNew: 3040832K->337856K(3040832K), 1.1652080 secs] 21432828K->21435043K(30070848K), 1.1652620 secs] [Times: user=4.27 sys=10.74, real=1.16 secs] 
2013-06-07T17:45:55.077+0200: [GC [ParNew: 3040832K->337856K(3040832K), 1.5460230 secs] 24138019K->23483967K(30070848K), 1.5461860 secs] [Times: user=18.13 sys=1.86, real=1.55 secs] 
2013-06-07T17:46:12.777+0200: [GC [ParNew: 3040832K->198877K(3040832K), 0.1147950 secs] 26186943K->23344988K(30070848K), 0.1149100 secs] [Times: user=1.09 sys=0.02, real=0.12 secs] 
