2013-06-07T17:45:23.181+0200: [GC [ParNew: 2702976K->337855K(3040832K), 0.9296730 secs] 2702976K->2489529K(30070848K), 0.9297480 secs] [Times: user=2.05 sys=9.71, real=0.93 secs] 
2013-06-07T17:45:24.866+0200: [GC [ParNew: 3040831K->337856K(3040832K), 1.0404810 secs] 5192505K->5120493K(30070848K), 1.0405390 secs] [Times: user=2.81 sys=10.43, real=1.04 secs] 
2013-06-07T17:45:26.657+0200: [GC [ParNew: 3040832K->337856K(3040832K), 1.0531160 secs] 7823469K->7816352K(30070848K), 1.0531680 secs] [Times: user=3.06 sys=10.46, real=1.05 secs] 
2013-06-07T17:45:28.372+0200: [GC [ParNew: 3040832K->337856K(3040832K), 1.0106010 secs] 10519328K->10522569K(30070848K), 1.0106660 secs] [Times: user=3.05 sys=10.03, real=1.01 secs] 
2013-06-07T17:45:30.103+0200: [GC [ParNew: 3040832K->337856K(3040832K), 1.0758000 secs] 13225545K->13250459K(30070848K), 1.0758530 secs] [Times: user=3.58 sys=10.19, real=1.08 secs] 
2013-06-07T17:45:31.891+0200: [GC [ParNew: 3040832K->337856K(3040832K), 1.5406840 secs] 15953435K->15947007K(30070848K), 1.5407470 secs] [Times: user=17.40 sys=2.56, real=1.54 secs] 
2013-06-07T17:45:34.125+0200: [GC [ParNew: 3040832K->337856K(3040832K), 1.0592540 secs] 18649983K->18665838K(30070848K), 1.0593240 secs] [Times: user=2.89 sys=10.83, real=1.06 secs] 
2013-06-07T17:45:35.907+0200: [GC [ParNew: 3040832K->337856K(3040832K), 1.1614220 secs] 21368814K->21375223K(30070848K), 1.1614960 secs] [Times: user=3.83 sys=11.02, real=1.16 secs] 
2013-06-07T17:45:53.017+0200: [GC [ParNew: 3040832K->337856K(3040832K), 1.5542590 secs] 24078199K->23484430K(30070848K), 1.5543600 secs] [Times: user=18.01 sys=2.14, real=1.56 secs] 
2013-06-07T17:46:11.063+0200: [GC [ParNew: 3040832K->188212K(3040832K), 0.0782610 secs] 26187406K->23334786K(30070848K), 0.0784220 secs] [Times: user=0.98 sys=0.02, real=0.08 secs] 
