2013-06-07T17:45:26.229+0200: [GC [ParNew: 2702976K->337856K(3040832K), 0.9275560 secs] 2702976K->2491729K(30070848K), 0.9276550 secs] [Times: user=1.99 sys=9.69, real=0.93 secs] 
2013-06-07T17:45:27.933+0200: [GC [ParNew: 3040832K->337856K(3040832K), 1.0437620 secs] 5194705K->5132317K(30070848K), 1.0438380 secs] [Times: user=2.90 sys=10.56, real=1.04 secs] 
2013-06-07T17:45:29.729+0200: [GC [ParNew: 3040832K->337856K(3040832K), 1.0529030 secs] 7835293K->7826704K(30070848K), 1.0529860 secs] [Times: user=3.29 sys=10.35, real=1.06 secs] 
2013-06-07T17:45:31.506+0200: [GC [ParNew: 3040832K->337856K(3040832K), 1.0244860 secs] 10529680K->10556932K(30070848K), 1.0245610 secs] [Times: user=3.22 sys=10.04, real=1.03 secs] 
2013-06-07T17:45:33.249+0200: [GC [ParNew: 3040832K->337856K(3040832K), 1.0548560 secs] 13259908K->13261547K(30070848K), 1.0549260 secs] [Times: user=3.37 sys=10.30, real=1.06 secs] 
2013-06-07T17:45:35.028+0200: [GC [ParNew: 3040832K->337856K(3040832K), 1.4939150 secs] 15964523K->15978489K(30070848K), 1.4939880 secs] [Times: user=16.79 sys=2.61, real=1.49 secs] 
2013-06-07T17:45:37.245+0200: [GC [ParNew: 3040832K->337856K(3040832K), 1.0624030 secs] 18681465K->18714737K(30070848K), 1.0624760 secs] [Times: user=2.88 sys=10.88, real=1.06 secs] 
2013-06-07T17:45:39.030+0200: [GC [ParNew: 3040832K->337856K(3040832K), 1.1423700 secs] 21417713K->21413844K(30070848K), 1.1424440 secs] [Times: user=3.83 sys=10.97, real=1.14 secs] 
2013-06-07T17:45:55.052+0200: [GC [ParNew: 3040832K->337856K(3040832K), 1.4986230 secs] 24116820K->23488733K(30070848K), 1.4987180 secs] [Times: user=17.54 sys=1.92, real=1.50 secs] 
2013-06-07T17:46:11.718+0200: [GC [ParNew: 3040832K->189065K(3040832K), 0.0761300 secs] 26191709K->23339942K(30070848K), 0.0762890 secs] [Times: user=0.95 sys=0.02, real=0.07 secs] 
