2013-06-07T17:45:25.530+0200: [GC [ParNew: 2702976K->337855K(3040832K), 0.9356540 secs] 2702976K->2492790K(30070848K), 0.9357360 secs] [Times: user=2.02 sys=9.82, real=0.94 secs] 
2013-06-07T17:45:27.230+0200: [GC [ParNew: 3040831K->337856K(3040832K), 1.0499570 secs] 5195766K->5122404K(30070848K), 1.0500050 secs] [Times: user=2.73 sys=10.85, real=1.05 secs] 
2013-06-07T17:45:29.043+0200: [GC [ParNew: 3040832K->337856K(3040832K), 1.0628960 secs] 7825380K->7815022K(30070848K), 1.0629430 secs] [Times: user=3.11 sys=10.66, real=1.07 secs] 
2013-06-07T17:45:30.809+0200: [GC [ParNew: 3040832K->337856K(3040832K), 1.0226570 secs] 10517998K->10560426K(30070848K), 1.0227030 secs] [Times: user=3.24 sys=9.99, real=1.02 secs] 
2013-06-07T17:45:32.542+0200: [GC [ParNew: 3040832K->337856K(3040832K), 1.0829800 secs] 13263402K->13292350K(30070848K), 1.0830320 secs] [Times: user=3.52 sys=10.52, real=1.08 secs] 
2013-06-07T17:45:34.339+0200: [GC [ParNew: 3040832K->337856K(3040832K), 1.4114540 secs] 15995326K->15989090K(30070848K), 1.4115010 secs] [Times: user=16.29 sys=2.02, real=1.41 secs] 
2013-06-07T17:45:36.462+0200: [GC [ParNew: 3040832K->337856K(3040832K), 1.0842140 secs] 18692066K->18747588K(30070848K), 1.0842600 secs] [Times: user=3.27 sys=10.76, real=1.09 secs] 
2013-06-07T17:45:38.258+0200: [GC [ParNew: 3040832K->337856K(3040832K), 1.1912300 secs] 21450564K->21442822K(30070848K), 1.1912770 secs] [Times: user=4.40 sys=11.02, real=1.19 secs] 
2013-06-07T17:45:55.132+0200: [GC [ParNew: 3040832K->337856K(3040832K), 2.7353790 secs] 24145798K->23531344K(30070848K), 2.7354680 secs] [Times: user=30.24 sys=4.13, real=2.74 secs] 
2013-06-07T17:46:11.994+0200: [GC [ParNew: 3040832K->180390K(3040832K), 0.0805430 secs] 26234320K->23373879K(30070848K), 0.0806600 secs] [Times: user=0.97 sys=0.05, real=0.08 secs] 
