2013-06-07T17:45:27.166+0200: [GC [ParNew: 2702976K->337856K(3040832K), 0.9385620 secs] 2702976K->2485383K(30070848K), 0.9386350 secs] [Times: user=2.32 sys=9.62, real=0.94 secs] 
2013-06-07T17:45:28.870+0200: [GC [ParNew: 3040832K->337856K(3040832K), 1.0642930 secs] 5188359K->5113858K(30070848K), 1.0643510 secs] [Times: user=2.85 sys=10.88, real=1.07 secs] 
2013-06-07T17:45:30.679+0200: [GC [ParNew: 3040832K->337856K(3040832K), 1.0842220 secs] 7816834K->7805107K(30070848K), 1.0842870 secs] [Times: user=3.34 sys=10.70, real=1.09 secs] 
2013-06-07T17:45:32.476+0200: [GC [ParNew: 3040832K->337856K(3040832K), 1.0489950 secs] 10508083K->10515037K(30070848K), 1.0490690 secs] [Times: user=2.59 sys=11.00, real=1.05 secs] 
2013-06-07T17:45:34.227+0200: [GC [ParNew: 3040832K->337856K(3040832K), 1.1122140 secs] 13218013K->13224231K(30070848K), 1.1122890 secs] [Times: user=3.27 sys=11.15, real=1.11 secs] 
2013-06-07T17:45:36.033+0200: [GC [ParNew: 3040832K->337856K(3040832K), 1.5701920 secs] 15927207K->15926958K(30070848K), 1.5702650 secs] [Times: user=17.92 sys=2.46, real=1.57 secs] 
2013-06-07T17:45:38.307+0200: [GC [ParNew: 3040832K->337856K(3040832K), 1.7542460 secs] 18629934K->18624722K(30070848K), 1.7543440 secs] [Times: user=4.54 sys=11.64, real=1.76 secs] 
2013-06-07T17:45:41.057+0200: [GC [ParNew: 3040832K->337856K(3040832K), 1.5144060 secs] 21327698K->21319411K(30070848K), 1.5144760 secs] [Times: user=4.79 sys=11.07, real=1.51 secs] 
2013-06-07T17:45:55.031+0200: [GC [ParNew: 3040832K->337856K(3040832K), 1.3758690 secs] 24022387K->23453508K(30070848K), 1.3759700 secs] [Times: user=15.92 sys=1.90, real=1.37 secs] 
2013-06-07T17:46:10.895+0200: [GC [ParNew: 3040832K->180962K(3040832K), 0.0796250 secs] 26156484K->23296614K(30070848K), 0.0797720 secs] [Times: user=1.00 sys=0.02, real=0.08 secs] 
