2013-06-07T17:45:23.409+0200: [GC [ParNew: 2702976K->337856K(3040832K), 0.9273790 secs] 2702976K->2483016K(30070848K), 0.9274540 secs] [Times: user=2.07 sys=9.69, real=0.92 secs] 
2013-06-07T17:45:25.071+0200: [GC [ParNew: 3040832K->337856K(3040832K), 1.0586650 secs] 5185992K->5125065K(30070848K), 1.0587130 secs] [Times: user=2.72 sys=10.94, real=1.06 secs] 
2013-06-07T17:45:26.873+0200: [GC [ParNew: 3040832K->337856K(3040832K), 1.0541030 secs] 7828041K->7819195K(30070848K), 1.0541530 secs] [Times: user=3.17 sys=10.29, real=1.05 secs] 
2013-06-07T17:45:28.641+0200: [GC [ParNew: 3040832K->337856K(3040832K), 1.0081300 secs] 10522171K->10544782K(30070848K), 1.0081870 secs] [Times: user=3.05 sys=10.00, real=1.01 secs] 
2013-06-07T17:45:30.372+0200: [GC [ParNew: 3040832K->337856K(3040832K), 1.0759300 secs] 13247758K->13255832K(30070848K), 1.0759850 secs] [Times: user=3.32 sys=10.61, real=1.08 secs] 
2013-06-07T17:45:32.108+0200: [GC [ParNew: 3040832K->337856K(3040832K), 1.4811740 secs] 15958808K->15980297K(30070848K), 1.4812290 secs] [Times: user=16.88 sys=2.20, real=1.48 secs] 
2013-06-07T17:45:34.311+0200: [GC [ParNew: 3040832K->337856K(3040832K), 1.1246650 secs] 18683273K->18695318K(30070848K), 1.1247300 secs] [Times: user=3.09 sys=11.48, real=1.12 secs] 
2013-06-07T17:45:36.128+0200: [GC [ParNew: 3040832K->337856K(3040832K), 1.1663570 secs] 21398294K->21395962K(30070848K), 1.1664330 secs] [Times: user=3.83 sys=11.28, real=1.16 secs] 
2013-06-07T17:45:54.968+0200: [GC [ParNew: 3040832K->337856K(3040832K), 2.0656950 secs] 24098938K->23498321K(30070848K), 2.0658240 secs] [Times: user=24.19 sys=2.30, real=2.06 secs] 
2013-06-07T17:46:12.000+0200: [GC [ParNew: 3040832K->180578K(3040832K), 0.0955260 secs] 26201297K->23341044K(30070848K), 0.0956550 secs] [Times: user=1.00 sys=0.02, real=0.10 secs] 
