2013-06-07T17:45:25.022+0200: [GC [ParNew: 2702976K->337856K(3040832K), 0.9493590 secs] 2702976K->2487580K(30070848K), 0.9494570 secs] [Times: user=2.02 sys=9.98, real=0.95 secs] 
2013-06-07T17:45:26.746+0200: [GC [ParNew: 3040832K->337856K(3040832K), 1.0611190 secs] 5190556K->5125902K(30070848K), 1.0611940 secs] [Times: user=2.79 sys=10.91, real=1.06 secs] 
2013-06-07T17:45:28.561+0200: [GC [ParNew: 3040832K->337856K(3040832K), 1.0686540 secs] 7828878K->7815775K(30070848K), 1.0687310 secs] [Times: user=3.26 sys=10.57, real=1.07 secs] 
2013-06-07T17:45:30.364+0200: [GC [ParNew: 3040832K->337856K(3040832K), 1.0342940 secs] 10518751K->10540080K(30070848K), 1.0344220 secs] [Times: user=3.30 sys=10.00, real=1.03 secs] 
2013-06-07T17:45:32.125+0200: [GC [ParNew: 3040832K->337856K(3040832K), 1.0719860 secs] 13243056K->13269955K(30070848K), 1.0720560 secs] [Times: user=3.42 sys=10.47, real=1.07 secs] 
2013-06-07T17:45:33.911+0200: [GC [ParNew: 3040832K->337856K(3040832K), 1.4765300 secs] 15972931K->15953409K(30070848K), 1.4766030 secs] [Times: user=16.74 sys=2.43, real=1.47 secs] 
2013-06-07T17:45:36.090+0200: [GC [ParNew: 3040832K->337856K(3040832K), 1.0853240 secs] 18656385K->18708194K(30070848K), 1.0853800 secs] [Times: user=3.37 sys=10.63, real=1.08 secs] 
2013-06-07T17:45:37.898+0200: [GC [ParNew: 3040832K->337856K(3040832K), 1.1889630 secs] 21411170K->21400802K(30070848K), 1.1890370 secs] [Times: user=4.68 sys=10.69, real=1.19 secs] 
2013-06-07T17:45:54.953+0200: [GC [ParNew: 3040832K->337856K(3040832K), 2.8233270 secs] 24103778K->23495925K(30070848K), 2.8234220 secs] [Times: user=30.99 sys=4.58, real=2.83 secs] 
2013-06-07T17:46:11.494+0200: [GC [ParNew: 3040832K->215381K(3040832K), 0.6201710 secs] 26198901K->23373450K(30070848K), 0.6203200 secs] [Times: user=1.71 sys=0.05, real=0.62 secs] 
