2013-06-07T17:45:24.238+0200: [GC [ParNew: 2702976K->337856K(3040832K), 0.9342270 secs] 2702976K->2489388K(30070848K), 0.9343020 secs] [Times: user=2.15 sys=9.74, real=0.93 secs] 
2013-06-07T17:45:25.936+0200: [GC [ParNew: 3040832K->337856K(3040832K), 1.0401210 secs] 5192364K->5120482K(30070848K), 1.0401700 secs] [Times: user=2.71 sys=10.49, real=1.04 secs] 
2013-06-07T17:45:27.740+0200: [GC [ParNew: 3040832K->337856K(3040832K), 1.0630300 secs] 7823458K->7809970K(30070848K), 1.0631070 secs] [Times: user=3.28 sys=10.50, real=1.06 secs] 
2013-06-07T17:45:29.523+0200: [GC [ParNew: 3040832K->337856K(3040832K), 1.0050510 secs] 10512946K->10527584K(30070848K), 1.0051070 secs] [Times: user=3.12 sys=9.91, real=1.00 secs] 
2013-06-07T17:45:31.247+0200: [GC [ParNew: 3040832K->337856K(3040832K), 1.0758860 secs] 13230560K->13255699K(30070848K), 1.0759530 secs] [Times: user=3.66 sys=10.07, real=1.08 secs] 
2013-06-07T17:45:33.046+0200: [GC [ParNew: 3040832K->337856K(3040832K), 1.2799720 secs] 15958675K->15946388K(30070848K), 1.2800300 secs] [Times: user=14.41 sys=2.18, real=1.28 secs] 
2013-06-07T17:45:35.037+0200: [GC [ParNew: 3040832K->337856K(3040832K), 1.0476350 secs] 18649364K->18701877K(30070848K), 1.0476820 secs] [Times: user=3.38 sys=10.20, real=1.05 secs] 
2013-06-07T17:45:36.816+0200: [GC [ParNew: 3040832K->337856K(3040832K), 1.1347090 secs] 21404853K->21408540K(30070848K), 1.1347570 secs] [Times: user=3.37 sys=11.10, real=1.14 secs] 
2013-06-07T17:45:54.955+0200: [GC [ParNew: 3040832K->337856K(3040832K), 1.2623820 secs] 24111516K->23520951K(30070848K), 1.2624910 secs] [Times: user=14.56 sys=1.78, real=1.27 secs] 
2013-06-07T17:46:12.553+0200: [GC [ParNew: 3040832K->162956K(3040832K), 0.0744820 secs] 26223927K->23346052K(30070848K), 0.0746410 secs] [Times: user=0.96 sys=0.00, real=0.08 secs] 
