2013-06-07T17:45:26.008+0200: [GC [ParNew: 2702976K->337856K(3040832K), 0.9355770 secs] 2702976K->2482075K(30070848K), 0.9356740 secs] [Times: user=2.30 sys=9.63, real=0.94 secs] 
2013-06-07T17:45:27.689+0200: [GC [ParNew: 3040832K->337856K(3040832K), 1.0557540 secs] 5185051K->5118222K(30070848K), 1.0558270 secs] [Times: user=3.02 sys=10.61, real=1.06 secs] 
2013-06-07T17:45:29.488+0200: [GC [ParNew: 3040832K->337856K(3040832K), 1.0719850 secs] 7821198K->7813185K(30070848K), 1.0720570 secs] [Times: user=3.19 sys=10.70, real=1.07 secs] 
2013-06-07T17:45:31.283+0200: [GC [ParNew: 3040832K->337856K(3040832K), 1.0582910 secs] 10516161K->10565184K(30070848K), 1.0583630 secs] [Times: user=3.34 sys=10.36, real=1.06 secs] 
2013-06-07T17:45:33.033+0200: [GC [ParNew: 3040832K->337856K(3040832K), 1.1098430 secs] 13268160K->13293202K(30070848K), 1.1099150 secs] [Times: user=3.29 sys=11.08, real=1.11 secs] 
2013-06-07T17:45:34.834+0200: [GC [ParNew: 3040832K->337856K(3040832K), 1.5390920 secs] 15996178K->15986965K(30070848K), 1.5391640 secs] [Times: user=17.19 sys=2.79, real=1.54 secs] 
2013-06-07T17:45:37.075+0200: [GC [ParNew: 3040832K->337856K(3040832K), 1.0955970 secs] 18689941K->18736499K(30070848K), 1.0956730 secs] [Times: user=3.01 sys=11.19, real=1.09 secs] 
2013-06-07T17:45:38.884+0200: [GC [ParNew: 3040832K->337856K(3040832K), 1.1520640 secs] 21439475K->21431508K(30070848K), 1.1521370 secs] [Times: user=3.81 sys=11.12, real=1.15 secs] 
2013-06-07T17:45:55.032+0200: [GC [ParNew: 3040832K->337856K(3040832K), 1.3230160 secs] 24134484K->23508024K(30070848K), 1.3231090 secs] [Times: user=15.23 sys=1.90, real=1.32 secs] 
2013-06-07T17:46:11.236+0200: [GC [ParNew: 3040832K->188975K(3040832K), 0.0821770 secs] 26211000K->23359143K(30070848K), 0.0823330 secs] [Times: user=1.04 sys=0.01, real=0.08 secs] 
