2013-06-07T17:45:23.939+0200: [GC [ParNew: 2702976K->337856K(3040832K), 0.9421460 secs] 2702976K->2488396K(30070848K), 0.9422200 secs] [Times: user=2.15 sys=9.75, real=0.94 secs] 
2013-06-07T17:45:25.646+0200: [GC [ParNew: 3040832K->337856K(3040832K), 1.0548080 secs] 5191372K->5125080K(30070848K), 1.0548560 secs] [Times: user=2.86 sys=10.77, real=1.05 secs] 
2013-06-07T17:45:27.436+0200: [GC [ParNew: 3040832K->337856K(3040832K), 1.0580410 secs] 7828056K->7813960K(30070848K), 1.0580970 secs] [Times: user=3.14 sys=10.55, real=1.06 secs] 
2013-06-07T17:45:29.228+0200: [GC [ParNew: 3040832K->337856K(3040832K), 1.0064830 secs] 10516936K->10542396K(30070848K), 1.0065580 secs] [Times: user=3.09 sys=9.93, real=1.00 secs] 
2013-06-07T17:45:30.959+0200: [GC [ParNew: 3040832K->337856K(3040832K), 1.0839610 secs] 13245372K->13272687K(30070848K), 1.0840380 secs] [Times: user=3.51 sys=10.53, real=1.08 secs] 
2013-06-07T17:45:32.757+0200: [GC [ParNew: 3040832K->337856K(3040832K), 1.3968880 secs] 15975663K->15971380K(30070848K), 1.3969400 secs] [Times: user=15.91 sys=2.20, real=1.40 secs] 
2013-06-07T17:45:34.878+0200: [GC [ParNew: 3040832K->337856K(3040832K), 1.1035530 secs] 18674356K->18719474K(30070848K), 1.1036310 secs] [Times: user=2.96 sys=11.32, real=1.11 secs] 
2013-06-07T17:45:36.665+0200: [GC [ParNew: 3040832K->337856K(3040832K), 1.1569010 secs] 21422450K->21416020K(30070848K), 1.1569740 secs] [Times: user=3.96 sys=11.03, real=1.16 secs] 
2013-06-07T17:45:54.977+0200: [GC [ParNew: 3040832K->337856K(3040832K), 1.2927060 secs] 24118996K->23528207K(30070848K), 1.2928460 secs] [Times: user=14.98 sys=1.77, real=1.29 secs] 
2013-06-07T17:46:12.741+0200: [GC [ParNew: 3040832K->180574K(3040832K), 0.0778180 secs] 26231183K->23370925K(30070848K), 0.0779760 secs] [Times: user=0.99 sys=0.00, real=0.08 secs] 
