2013-06-07T17:45:25.303+0200: [GC [ParNew: 2702976K->337856K(3040832K), 0.9331930 secs] 2702976K->2487592K(30070848K), 0.9332700 secs] [Times: user=1.98 sys=9.93, real=0.94 secs] 
2013-06-07T17:45:27.010+0200: [GC [ParNew: 3040832K->337856K(3040832K), 1.0537260 secs] 5190568K->5118456K(30070848K), 1.0537730 secs] [Times: user=2.54 sys=11.08, real=1.05 secs] 
2013-06-07T17:45:28.826+0200: [GC [ParNew: 3040832K->337856K(3040832K), 1.0791450 secs] 7821432K->7814315K(30070848K), 1.0792130 secs] [Times: user=3.31 sys=10.38, real=1.08 secs] 
2013-06-07T17:45:30.627+0200: [GC [ParNew: 3040832K->337856K(3040832K), 1.0122740 secs] 10517291K->10568075K(30070848K), 1.0123420 secs] [Times: user=3.06 sys=10.04, real=1.01 secs] 
2013-06-07T17:45:32.350+0200: [GC [ParNew: 3040832K->337856K(3040832K), 1.0734220 secs] 13271051K->13283607K(30070848K), 1.0734880 secs] [Times: user=3.34 sys=10.56, real=1.08 secs] 
2013-06-07T17:45:34.144+0200: [GC [ParNew: 3040832K->337856K(3040832K), 1.3960450 secs] 15986583K->16004487K(30070848K), 1.3961000 secs] [Times: user=15.71 sys=2.26, real=1.39 secs] 
2013-06-07T17:45:36.222+0200: [GC [ParNew: 3040832K->337856K(3040832K), 1.0269000 secs] 18707463K->18736989K(30070848K), 1.0269640 secs] [Times: user=3.46 sys=9.83, real=1.02 secs] 
2013-06-07T17:45:37.931+0200: [GC [ParNew: 3040832K->337856K(3040832K), 1.1095470 secs] 21439965K->21442083K(30070848K), 1.1096200 secs] [Times: user=3.43 sys=10.94, real=1.11 secs] 
2013-06-07T17:45:54.896+0200: [GC [ParNew: 3040832K->337856K(3040832K), 1.5172890 secs] 24145059K->23516011K(30070848K), 1.5173820 secs] [Times: user=17.81 sys=1.85, real=1.51 secs] 
2013-06-07T17:46:13.226+0200: [GC [ParNew: 3040832K->188752K(3040832K), 0.0809550 secs] 26218987K->23366908K(30070848K), 0.0811130 secs] [Times: user=1.01 sys=0.02, real=0.08 secs] 
