2013-06-07T17:45:26.764+0200: [GC [ParNew: 2702976K->337856K(3040832K), 0.9300600 secs] 2702976K->2484979K(30070848K), 0.9308930 secs] [Times: user=2.08 sys=9.74, real=0.93 secs] 
2013-06-07T17:45:28.452+0200: [GC [ParNew: 3040832K->337856K(3040832K), 1.0389680 secs] 5187955K->5121287K(30070848K), 1.0390160 secs] [Times: user=2.62 sys=10.80, real=1.04 secs] 
2013-06-07T17:45:30.227+0200: [GC [ParNew: 3040832K->337856K(3040832K), 1.0672860 secs] 7824263K->7817083K(30070848K), 1.0673390 secs] [Times: user=3.34 sys=10.48, real=1.07 secs] 
2013-06-07T17:45:31.988+0200: [GC [ParNew: 3040832K->337856K(3040832K), 1.0304670 secs] 10520059K->10568730K(30070848K), 1.0305150 secs] [Times: user=3.10 sys=10.24, real=1.03 secs] 
2013-06-07T17:45:33.720+0200: [GC [ParNew: 3040832K->337856K(3040832K), 1.0787920 secs] 13271706K->13273857K(30070848K), 1.0788460 secs] [Times: user=3.40 sys=10.56, real=1.08 secs] 
2013-06-07T17:45:35.495+0200: [GC [ParNew: 3040832K->337856K(3040832K), 1.4277440 secs] 15976833K->15969220K(30070848K), 1.4278080 secs] [Times: user=16.16 sys=2.36, real=1.43 secs] 
2013-06-07T17:45:37.625+0200: [GC [ParNew: 3040832K->337856K(3040832K), 1.9213440 secs] 18672196K->18709918K(30070848K), 1.9214850 secs] [Times: user=4.76 sys=12.32, real=1.92 secs] 
2013-06-07T17:45:40.262+0200: [GC [ParNew: 3040832K->337856K(3040832K), 1.5048650 secs] 21412894K->21390360K(30070848K), 1.5049240 secs] [Times: user=4.39 sys=11.68, real=1.50 secs] 
2013-06-07T17:45:53.150+0200: [GC [ParNew: 3040832K->337856K(3040832K), 1.5648310 secs] 24093336K->23472935K(30070848K), 1.5648970 secs] [Times: user=18.43 sys=1.86, real=1.57 secs] 
2013-06-07T17:46:12.632+0200: [GC [ParNew: 3040832K->210000K(3040832K), 0.0782240 secs] 26175911K->23345079K(30070848K), 0.0783730 secs] [Times: user=0.99 sys=0.01, real=0.08 secs] 
