2013-04-19T20:50:45.459+0200: [GC [ParNew: 2702976K->337856K(3040832K), 0.9471190 secs] 2702976K->2490904K(30070848K), 0.9471920 secs] [Times: user=2.35 sys=9.62, real=0.95 secs] 
2013-04-19T20:50:47.409+0200: [GC [ParNew: 3040832K->337856K(3040832K), 1.0656930 secs] 5193880K->5122677K(30070848K), 1.0657380 secs] [Times: user=2.87 sys=10.88, real=1.06 secs] 
2013-04-19T20:50:49.494+0200: [GC [ParNew: 3040832K->337856K(3040832K), 1.0565190 secs] 7825653K->7815206K(30070848K), 1.0565900 secs] [Times: user=3.32 sys=10.00, real=1.06 secs] 
2013-04-19T20:50:51.489+0200: [GC [ParNew: 3040832K->337856K(3040832K), 1.0084920 secs] 10518182K->10544378K(30070848K), 1.0085630 secs] [Times: user=3.03 sys=10.02, real=1.01 secs] 
2013-04-19T20:50:53.431+0200: [GC [ParNew: 3040832K->337856K(3040832K), 1.0956570 secs] 13247354K->13270764K(30070848K), 1.0957260 secs] [Times: user=3.66 sys=10.52, real=1.10 secs] 
2013-04-19T20:50:55.517+0200: [GC [ParNew: 3040832K->337856K(3040832K), 1.4027620 secs] 15973740K->15958828K(30070848K), 1.4028350 secs] [Times: user=15.95 sys=2.23, real=1.40 secs] 
2013-04-19T20:50:57.878+0200: [GC [ParNew: 3040832K->337856K(3040832K), 1.0861530 secs] 18661804K->18692546K(30070848K), 1.0862250 secs] [Times: user=3.04 sys=11.01, real=1.09 secs] 
2013-04-19T20:50:59.869+0200: [GC [ParNew: 3040832K->337856K(3040832K), 1.1259000 secs] 21395522K->21378687K(30070848K), 1.1259660 secs] [Times: user=3.29 sys=10.97, real=1.13 secs] 
2013-04-19T20:51:12.902+0200: [GC [ParNew: 3040832K->337856K(3040832K), 1.4747290 secs] 24081663K->23521193K(30070848K), 1.4748310 secs] [Times: user=17.10 sys=2.01, real=1.48 secs] 
BROKEN RECORDS: 0
BROKEN RECORDS: 0
BROKEN RECORDS: 0
BROKEN RECORDS: 0
BROKEN RECORDS: 0
BROKEN RECORDS: 0
BROKEN RECORDS: 0
BROKEN RECORDS: 0
2013-04-19T20:52:31.064+0200: [GC [ParNew: 3040832K->249930K(3040832K), 0.1050320 secs] 26224169K->23433267K(30070848K), 0.1052270 secs] [Times: user=1.31 sys=0.00, real=0.11 secs] 
