2013-04-19T20:50:46.398+0200: [GC [ParNew: 2702976K->337856K(3040832K), 0.9454570 secs] 2702976K->2494168K(30070848K), 0.9455260 secs] [Times: user=2.31 sys=9.63, real=0.95 secs] 
2013-04-19T20:50:48.101+0200: [GC [ParNew: 3040832K->337856K(3040832K), 1.0498310 secs] 5197144K->5128103K(30070848K), 1.0498860 secs] [Times: user=2.91 sys=10.56, real=1.04 secs] 
2013-04-19T20:50:49.892+0200: [GC [ParNew: 3040832K->337856K(3040832K), 1.0531290 secs] 7831079K->7824026K(30070848K), 1.0531700 secs] [Times: user=3.52 sys=10.12, real=1.06 secs] 
2013-04-19T20:50:51.627+0200: [GC [ParNew: 3040832K->337856K(3040832K), 1.0296900 secs] 10527002K->10560178K(30070848K), 1.0297340 secs] [Times: user=3.39 sys=9.94, real=1.03 secs] 
2013-04-19T20:50:53.357+0200: [GC [ParNew: 3040832K->337856K(3040832K), 1.0743200 secs] 13263154K->13282529K(30070848K), 1.0743790 secs] [Times: user=3.38 sys=10.15, real=1.07 secs] 
2013-04-19T20:50:55.135+0200: [GC [ParNew: 3040832K->337856K(3040832K), 1.3524900 secs] 15985505K->16000976K(30070848K), 1.3525590 secs] [Times: user=15.81 sys=1.76, real=1.35 secs] 
2013-04-19T20:50:57.191+0200: [GC [ParNew: 3040832K->337856K(3040832K), 1.0983730 secs] 18703952K->18690897K(30070848K), 1.0984420 secs] [Times: user=3.63 sys=10.59, real=1.10 secs] 
2013-04-19T20:50:59.004+0200: [GC [ParNew: 3040832K->337856K(3040832K), 1.1331730 secs] 21393873K->21379055K(30070848K), 1.1332290 secs] [Times: user=3.47 sys=10.84, real=1.13 secs] 
2013-04-19T20:51:12.830+0200: [GC [ParNew: 3040832K->337856K(3040832K), 1.5252970 secs] 24082031K->23510612K(30070848K), 1.5254080 secs] [Times: user=17.63 sys=2.15, real=1.52 secs] 
BROKEN RECORDS: 0
BROKEN RECORDS: 0
BROKEN RECORDS: 0
BROKEN RECORDS: 0
BROKEN RECORDS: 0
BROKEN RECORDS: 0
BROKEN RECORDS: 0
BROKEN RECORDS: 0
2013-04-19T20:52:27.857+0200: [GC [ParNew: 3040832K->257851K(3040832K), 0.1057100 secs] 26213588K->23430608K(30070848K), 0.1059780 secs] [Times: user=1.30 sys=0.01, real=0.10 secs] 
