2013-04-19T20:50:45.559+0200: [GC [ParNew: 2702976K->337856K(3040832K), 0.9461970 secs] 2702976K->2492719K(30070848K), 0.9462920 secs] [Times: user=2.17 sys=9.82, real=0.94 secs] 
2013-04-19T20:50:47.280+0200: [GC [ParNew: 3040832K->337856K(3040832K), 1.0597300 secs] 5195695K->5126472K(30070848K), 1.0598040 secs] [Times: user=2.93 sys=10.77, real=1.06 secs] 
2013-04-19T20:50:49.072+0200: [GC [ParNew: 3040832K->337856K(3040832K), 1.0769970 secs] 7829448K->7822875K(30070848K), 1.0771200 secs] [Times: user=3.60 sys=10.35, real=1.08 secs] 
2013-04-19T20:50:50.881+0200: [GC [ParNew: 3040832K->337856K(3040832K), 1.0325090 secs] 10525851K->10556241K(30070848K), 1.0325820 secs] [Times: user=3.26 sys=10.02, real=1.03 secs] 
2013-04-19T20:50:52.597+0200: [GC [ParNew: 3040832K->337856K(3040832K), 1.0908200 secs] 13259217K->13286212K(30070848K), 1.0908920 secs] [Times: user=3.60 sys=10.52, real=1.09 secs] 
2013-04-19T20:50:54.381+0200: [GC [ParNew: 3040832K->337856K(3040832K), 1.3667040 secs] 15989188K->15965344K(30070848K), 1.3667760 secs] [Times: user=15.63 sys=2.11, real=1.36 secs] 
2013-04-19T20:50:56.471+0200: [GC [ParNew: 3040832K->337856K(3040832K), 1.0938560 secs] 18668320K->18711484K(30070848K), 1.0939300 secs] [Times: user=2.94 sys=11.18, real=1.09 secs] 
2013-04-19T20:50:58.236+0200: [GC [ParNew: 3040832K->337856K(3040832K), 1.1360010 secs] 21414460K->21417379K(30070848K), 1.1360740 secs] [Times: user=3.38 sys=11.33, real=1.14 secs] 
2013-04-19T20:51:12.883+0200: [GC [ParNew: 3040832K->337856K(3040832K), 1.4833240 secs] 24120355K->23540932K(30070848K), 1.4834280 secs] [Times: user=17.16 sys=1.77, real=1.49 secs] 
BROKEN RECORDS: 0
BROKEN RECORDS: 0
BROKEN RECORDS: 0
BROKEN RECORDS: 0
BROKEN RECORDS: 0
BROKEN RECORDS: 0
BROKEN RECORDS: 0
BROKEN RECORDS: 0
2013-04-19T20:52:27.031+0200: [GC [ParNew: 3040832K->225361K(3040832K), 0.1072050 secs] 26243908K->23428437K(30070848K), 0.1074450 secs] [Times: user=1.30 sys=0.02, real=0.11 secs] 
