2013-04-19T20:50:44.903+0200: [GC [ParNew: 2702976K->337856K(3040832K), 0.9321570 secs] 2702976K->2493447K(30070848K), 0.9322300 secs] [Times: user=2.20 sys=9.27, real=0.93 secs] 
2013-04-19T20:50:46.612+0200: [GC [ParNew: 3040832K->337856K(3040832K), 1.0726730 secs] 5196423K->5134222K(30070848K), 1.0727510 secs] [Times: user=2.91 sys=10.93, real=1.07 secs] 
2013-04-19T20:50:48.429+0200: [GC [ParNew: 3040832K->337856K(3040832K), 1.0682070 secs] 7837198K->7824503K(30070848K), 1.0682910 secs] [Times: user=3.18 sys=10.64, real=1.07 secs] 
2013-04-19T20:50:50.213+0200: [GC [ParNew: 3040832K->337856K(3040832K), 1.0441430 secs] 10527479K->10556268K(30070848K), 1.0442000 secs] [Times: user=3.48 sys=9.69, real=1.04 secs] 
2013-04-19T20:50:51.972+0200: [GC [ParNew: 3040832K->337856K(3040832K), 1.0784810 secs] 13259244K->13266710K(30070848K), 1.0785710 secs] [Times: user=3.44 sys=10.51, real=1.08 secs] 
2013-04-19T20:50:53.765+0200: [GC [ParNew: 3040832K->337856K(3040832K), 1.6233110 secs] 15969686K->15983107K(30070848K), 1.6233890 secs] [Times: user=18.49 sys=2.55, real=1.63 secs] 
2013-04-19T20:50:56.101+0200: [GC [ParNew: 3040832K->337856K(3040832K), 1.0870750 secs] 18686083K->18682088K(30070848K), 1.0871330 secs] [Times: user=3.29 sys=10.42, real=1.09 secs] 
2013-04-19T20:50:57.873+0200: [GC [ParNew: 3040832K->337856K(3040832K), 1.1459960 secs] 21385064K->21374825K(30070848K), 1.1460660 secs] [Times: user=3.61 sys=11.21, real=1.15 secs] 
2013-04-19T20:51:12.851+0200: [GC [ParNew: 3040832K->337856K(3040832K), 1.5821540 secs] 24077801K->23480993K(30070848K), 1.5822370 secs] [Times: user=18.17 sys=2.06, real=1.59 secs] 
BROKEN RECORDS: 0
BROKEN RECORDS: 0
BROKEN RECORDS: 0
BROKEN RECORDS: 0
BROKEN RECORDS: 0
BROKEN RECORDS: 0
BROKEN RECORDS: 0
BROKEN RECORDS: 0
2013-04-19T20:52:37.127+0200: [GC [ParNew: 3040832K->274453K(3040832K), 0.1133310 secs] 26183969K->23417590K(30070848K), 0.1135760 secs] [Times: user=1.40 sys=0.00, real=0.11 secs] 
2013-04-19T20:52:37.242+0200: [GC [ParNew: 282175K->203611K(3040832K), 0.1194040 secs] 23425313K->23440515K(30070848K), 0.1195510 secs] [Times: user=1.13 sys=0.32, real=0.12 secs] 
