2013-04-22T23:20:56.776+0200: [GC [ParNew: 2702976K->337856K(3040832K), 0.9422690 secs] 2702976K->2489488K(30070848K), 0.9423430 secs] [Times: user=2.20 sys=9.82, real=0.94 secs] 
2013-04-22T23:20:58.493+0200: [GC [ParNew: 3040832K->337856K(3040832K), 1.0479140 secs] 5192464K->5126079K(30070848K), 1.0479790 secs] [Times: user=2.81 sys=10.70, real=1.05 secs] 
2013-04-22T23:21:00.280+0200: [GC [ParNew: 3040832K->337856K(3040832K), 1.0659570 secs] 7829055K->7822386K(30070848K), 1.0660120 secs] [Times: user=3.19 sys=10.49, real=1.06 secs] 
2013-04-22T23:21:02.060+0200: [GC [ParNew: 3040832K->337856K(3040832K), 1.0213390 secs] 10525362K->10572209K(30070848K), 1.0213950 secs] [Times: user=3.22 sys=10.01, real=1.02 secs] 
2013-04-22T23:21:03.777+0200: [GC [ParNew: 3040832K->337856K(3040832K), 1.0890030 secs] 13275185K->13284507K(30070848K), 1.0890490 secs] [Times: user=3.32 sys=10.73, real=1.08 secs] 
2013-04-22T23:21:06.260+0200: [GC [ParNew: 3040832K->337856K(3040832K), 1.6162080 secs] 15987483K->15960885K(30070848K), 1.6162840 secs] [Times: user=18.65 sys=2.26, real=1.62 secs] 
2013-04-22T23:21:09.260+0200: [GC [ParNew: 3040832K->337856K(3040832K), 1.1188080 secs] 18663861K->18715542K(30070848K), 1.1188830 secs] [Times: user=3.46 sys=11.01, real=1.12 secs] 
2013-04-22T23:21:11.768+0200: [GC [ParNew: 3040832K->337856K(3040832K), 1.1467870 secs] 21418518K->21411960K(30070848K), 1.1468650 secs] [Times: user=3.94 sys=10.70, real=1.15 secs] 
2013-04-22T23:21:24.109+0200: [GC [ParNew: 3040832K->337856K(3040832K), 1.5963940 secs] 24114936K->23524339K(30070848K), 1.5964880 secs] [Times: user=18.74 sys=1.95, real=1.59 secs] 
2013-04-22T23:22:07.461+0200: [GC [ParNew: 3040778K->337856K(3040832K), 0.2504510 secs] 26227262K->23901770K(30070848K), 0.2506280 secs] [Times: user=2.20 sys=0.80, real=0.25 secs] 
BROKEN RECORDS: 0
BROKEN RECORDS: 0
BROKEN RECORDS: 0
BROKEN RECORDS: 0
BROKEN RECORDS: 0
BROKEN RECORDS: 0
BROKEN RECORDS: 0
BROKEN RECORDS: 0
BROKEN RECORDS: 0
BROKEN RECORDS: 0
BROKEN RECORDS: 0
BROKEN RECORDS: 0
BROKEN RECORDS: 0
BROKEN RECORDS: 0
BROKEN RECORDS: 0
BROKEN RECORDS: 0
2013-04-22T23:26:25.788+0200: [GC [ParNew: 3040832K->310284K(3040832K), 0.1737220 secs] 26604746K->24095586K(30070848K), 0.1738890 secs] [Times: user=1.83 sys=0.31, real=0.18 secs] 
BROKEN RECORDS: 0
BROKEN RECORDS: 0
BROKEN RECORDS: 0
BROKEN RECORDS: 0
BROKEN RECORDS: 0
BROKEN RECORDS: 0
BROKEN RECORDS: 0
BROKEN RECORDS: 0
BROKEN RECORDS: 0
BROKEN RECORDS: 0
BROKEN RECORDS: 0
BROKEN RECORDS: 0
BROKEN RECORDS: 0
BROKEN RECORDS: 0
BROKEN RECORDS: 0
BROKEN RECORDS: 0
BROKEN RECORDS: 0
BROKEN RECORDS: 0
BROKEN RECORDS: 0
BROKEN RECORDS: 0
BROKEN RECORDS: 0
BROKEN RECORDS: 0
BROKEN RECORDS: 0
BROKEN RECORDS: 0
BROKEN RECORDS: 0
BROKEN RECORDS: 0
BROKEN RECORDS: 0
BROKEN RECORDS: 0
BROKEN RECORDS: 0
BROKEN RECORDS: 0
BROKEN RECORDS: 0
BROKEN RECORDS: 0
BROKEN RECORDS: 0
BROKEN RECORDS: 0
BROKEN RECORDS: 0
BROKEN RECORDS: 0
BROKEN RECORDS: 0
BROKEN RECORDS: 0
BROKEN RECORDS: 0
BROKEN RECORDS: 0
BROKEN RECORDS: 0
BROKEN RECORDS: 0
BROKEN RECORDS: 0
BROKEN RECORDS: 0
BROKEN RECORDS: 0
BROKEN RECORDS: 0
BROKEN RECORDS: 0
BROKEN RECORDS: 0
BROKEN RECORDS: 0
BROKEN RECORDS: 0
BROKEN RECORDS: 0
BROKEN RECORDS: 0
BROKEN RECORDS: 0
BROKEN RECORDS: 0
BROKEN RECORDS: 0
BROKEN RECORDS: 0
BROKEN RECORDS: 0
BROKEN RECORDS: 0
BROKEN RECORDS: 0
BROKEN RECORDS: 0
BROKEN RECORDS: 0
BROKEN RECORDS: 0
BROKEN RECORDS: 0
BROKEN RECORDS: 0
BROKEN RECORDS: 0
BROKEN RECORDS: 0
BROKEN RECORDS: 0
BROKEN RECORDS: 0
BROKEN RECORDS: 0
BROKEN RECORDS: 0
BROKEN RECORDS: 0
BROKEN RECORDS: 0
