2013-04-22T23:20:56.331+0200: [GC [ParNew: 2702976K->337856K(3040832K), 0.9357930 secs] 2702976K->2483098K(30070848K), 0.9358680 secs] [Times: user=2.27 sys=9.44, real=0.94 secs] 
2013-04-22T23:20:58.062+0200: [GC [ParNew: 3040832K->337856K(3040832K), 1.0837450 secs] 5186074K->5124047K(30070848K), 1.0838020 secs] [Times: user=2.79 sys=11.15, real=1.08 secs] 
2013-04-22T23:20:59.901+0200: [GC [ParNew: 3040832K->337856K(3040832K), 1.0747980 secs] 7827023K->7816608K(30070848K), 1.0748650 secs] [Times: user=3.37 sys=10.54, real=1.08 secs] 
2013-04-22T23:21:01.700+0200: [GC [ParNew: 3040832K->337856K(3040832K), 1.0487600 secs] 10519584K->10544756K(30070848K), 1.0488130 secs] [Times: user=3.03 sys=10.51, real=1.05 secs] 
2013-04-22T23:21:03.483+0200: [GC [ParNew: 3040832K->337856K(3040832K), 1.1317050 secs] 13247732K->13255966K(30070848K), 1.1317590 secs] [Times: user=3.17 sys=11.40, real=1.13 secs] 
2013-04-22T23:21:05.330+0200: [GC [ParNew: 3040832K->337856K(3040832K), 1.6226480 secs] 15958942K->15962247K(30070848K), 1.6226930 secs] [Times: user=18.53 sys=2.50, real=1.62 secs] 
2013-04-22T23:21:07.666+0200: [GC [ParNew: 3040832K->337856K(3040832K), 1.0850960 secs] 18665223K->18694908K(30070848K), 1.0851400 secs] [Times: user=2.98 sys=10.98, real=1.08 secs] 
2013-04-22T23:21:09.466+0200: [GC [ParNew: 3040832K->337856K(3040832K), 1.1589110 secs] 21397884K->21395136K(30070848K), 1.1589680 secs] [Times: user=4.03 sys=10.94, real=1.16 secs] 
2013-04-22T23:21:24.089+0200: [GC [ParNew: 3040832K->337856K(3040832K), 1.5890340 secs] 24098112K->23482063K(30070848K), 1.5891220 secs] [Times: user=18.29 sys=2.15, real=1.59 secs] 
2013-04-22T23:22:14.798+0200: [GC [ParNew: 3035946K->337856K(3040832K), 0.3001060 secs] 26180154K->23825944K(30070848K), 0.3002680 secs] [Times: user=2.45 sys=1.07, real=0.30 secs] 
BROKEN RECORDS: 0
BROKEN RECORDS: 0
BROKEN RECORDS: 0
BROKEN RECORDS: 0
BROKEN RECORDS: 0
BROKEN RECORDS: 0
BROKEN RECORDS: 0
BROKEN RECORDS: 0
BROKEN RECORDS: 0
BROKEN RECORDS: 0
BROKEN RECORDS: 0
BROKEN RECORDS: 0
BROKEN RECORDS: 0
BROKEN RECORDS: 0
BROKEN RECORDS: 0
BROKEN RECORDS: 0
BROKEN RECORDS: 0
BROKEN RECORDS: 0
2013-04-22T23:26:30.294+0200: [GC [ParNew: 3040832K->333504K(3040832K), 0.2669260 secs] 26528920K->24076693K(30070848K), 0.2671190 secs] [Times: user=2.12 sys=0.58, real=0.26 secs] 
BROKEN RECORDS: 0
BROKEN RECORDS: 0
BROKEN RECORDS: 0
BROKEN RECORDS: 0
BROKEN RECORDS: 0
BROKEN RECORDS: 0
