2013-04-22T23:20:57.121+0200: [GC [ParNew: 2702976K->337855K(3040832K), 0.9262060 secs] 2702976K->2483249K(30070848K), 0.9263050 secs] [Times: user=2.22 sys=9.47, real=0.93 secs] 
2013-04-22T23:20:58.813+0200: [GC [ParNew: 3040831K->337856K(3040832K), 1.0382600 secs] 5186225K->5118767K(30070848K), 1.0383350 secs] [Times: user=2.75 sys=10.63, real=1.04 secs] 
2013-04-22T23:21:00.586+0200: [GC [ParNew: 3040832K->337856K(3040832K), 1.0452880 secs] 7821743K->7810753K(30070848K), 1.0453610 secs] [Times: user=3.15 sys=10.34, real=1.04 secs] 
2013-04-22T23:21:02.356+0200: [GC [ParNew: 3040832K->337856K(3040832K), 1.0453810 secs] 10513729K->10558846K(30070848K), 1.0454570 secs] [Times: user=3.24 sys=10.25, real=1.04 secs] 
2013-04-22T23:21:04.132+0200: [GC [ParNew: 3040832K->337856K(3040832K), 1.0952920 secs] 13261822K->13263877K(30070848K), 1.0953470 secs] [Times: user=2.88 sys=11.30, real=1.10 secs] 
2013-04-22T23:21:05.942+0200: [GC [ParNew: 3040832K->337856K(3040832K), 1.4284580 secs] 15966853K->15962858K(30070848K), 1.4285350 secs] [Times: user=16.31 sys=2.23, real=1.42 secs] 
2013-04-22T23:21:08.085+0200: [GC [ParNew: 3040832K->337856K(3040832K), 1.0642370 secs] 18665834K->18677111K(30070848K), 1.0643110 secs] [Times: user=2.75 sys=11.00, real=1.06 secs] 
2013-04-22T23:21:09.874+0200: [GC [ParNew: 3040832K->337856K(3040832K), 1.1468080 secs] 21380087K->21403079K(30070848K), 1.1468830 secs] [Times: user=3.51 sys=11.35, real=1.15 secs] 
2013-04-22T23:21:24.081+0200: [GC [ParNew: 3040832K->337856K(3040832K), 1.5411410 secs] 24106055K->23497946K(30070848K), 1.5412260 secs] [Times: user=17.89 sys=2.03, real=1.54 secs] 
2013-04-22T23:22:16.396+0200: [GC [ParNew: 3040832K->337856K(3040832K), 0.2834350 secs] 26200922K->23786621K(30070848K), 0.2836590 secs] [Times: user=2.22 sys=1.07, real=0.29 secs] 
BROKEN RECORDS: 0
BROKEN RECORDS: 0
BROKEN RECORDS: 0
BROKEN RECORDS: 0
BROKEN RECORDS: 0
BROKEN RECORDS: 0
BROKEN RECORDS: 0
BROKEN RECORDS: 0
BROKEN RECORDS: 0
BROKEN RECORDS: 0
BROKEN RECORDS: 0
BROKEN RECORDS: 0
BROKEN RECORDS: 0
BROKEN RECORDS: 0
BROKEN RECORDS: 0
BROKEN RECORDS: 0
BROKEN RECORDS: 0
BROKEN RECORDS: 0
BROKEN RECORDS: 0
BROKEN RECORDS: 0
BROKEN RECORDS: 0
BROKEN RECORDS: 0
BROKEN RECORDS: 0
BROKEN RECORDS: 0
2013-04-22T23:26:47.217+0200: [GC [ParNew: 3040832K->283232K(3040832K), 0.3779030 secs] 26555265K->24026712K(30070848K), 0.3781040 secs] [Times: user=3.68 sys=0.50, real=0.38 secs] 
BROKEN RECORDS: 0
BROKEN RECORDS: 0
BROKEN RECORDS: 0
BROKEN RECORDS: 0
BROKEN RECORDS: 0
BROKEN RECORDS: 0
BROKEN RECORDS: 0
BROKEN RECORDS: 0
BROKEN RECORDS: 0
BROKEN RECORDS: 0
BROKEN RECORDS: 0
BROKEN RECORDS: 0
BROKEN RECORDS: 0
BROKEN RECORDS: 0
BROKEN RECORDS: 0
BROKEN RECORDS: 0
BROKEN RECORDS: 0
BROKEN RECORDS: 0
BROKEN RECORDS: 0
BROKEN RECORDS: 0
BROKEN RECORDS: 0
BROKEN RECORDS: 0
BROKEN RECORDS: 0
BROKEN RECORDS: 0
BROKEN RECORDS: 0
BROKEN RECORDS: 0
BROKEN RECORDS: 0
BROKEN RECORDS: 0
BROKEN RECORDS: 0
BROKEN RECORDS: 0
BROKEN RECORDS: 0
BROKEN RECORDS: 0
BROKEN RECORDS: 0
BROKEN RECORDS: 0
BROKEN RECORDS: 0
BROKEN RECORDS: 0
BROKEN RECORDS: 0
BROKEN RECORDS: 0
BROKEN RECORDS: 0
BROKEN RECORDS: 0
BROKEN RECORDS: 0
BROKEN RECORDS: 0
BROKEN RECORDS: 0
BROKEN RECORDS: 0
BROKEN RECORDS: 0
BROKEN RECORDS: 0
BROKEN RECORDS: 0
BROKEN RECORDS: 0
BROKEN RECORDS: 0
BROKEN RECORDS: 0
BROKEN RECORDS: 0
BROKEN RECORDS: 0
BROKEN RECORDS: 0
BROKEN RECORDS: 0
BROKEN RECORDS: 0
BROKEN RECORDS: 0
BROKEN RECORDS: 0
BROKEN RECORDS: 0
BROKEN RECORDS: 0
BROKEN RECORDS: 0
BROKEN RECORDS: 0
BROKEN RECORDS: 0
BROKEN RECORDS: 0
BROKEN RECORDS: 0
