2013-04-22T23:20:58.576+0200: [GC [ParNew: 2702976K->337856K(3040832K), 0.9375470 secs] 2702976K->2485735K(30070848K), 0.9376070 secs] [Times: user=2.05 sys=9.84, real=0.94 secs] 
2013-04-22T23:21:00.297+0200: [GC [ParNew: 3040832K->337856K(3040832K), 1.0398580 secs] 5188711K->5126732K(30070848K), 1.0399160 secs] [Times: user=2.89 sys=10.37, real=1.04 secs] 
2013-04-22T23:21:02.082+0200: [GC [ParNew: 3040832K->337856K(3040832K), 1.0522660 secs] 7829708K->7818645K(30070848K), 1.0523320 secs] [Times: user=3.37 sys=10.26, real=1.05 secs] 
2013-04-22T23:21:03.848+0200: [GC [ParNew: 3040832K->337856K(3040832K), 1.0026830 secs] 10521621K->10555437K(30070848K), 1.0027580 secs] [Times: user=3.04 sys=9.92, real=1.00 secs] 
2013-04-22T23:21:05.548+0200: [GC [ParNew: 3040832K->337856K(3040832K), 1.0679880 secs] 13258413K->13270201K(30070848K), 1.0680440 secs] [Times: user=3.17 sys=10.50, real=1.07 secs] 
2013-04-22T23:21:07.300+0200: [GC [ParNew: 3040832K->337856K(3040832K), 1.4785610 secs] 15973177K->16000045K(30070848K), 1.4786170 secs] [Times: user=17.02 sys=2.16, real=1.48 secs] 
2013-04-22T23:21:09.470+0200: [GC [ParNew: 3040832K->337856K(3040832K), 1.0949850 secs] 18703021K->18694288K(30070848K), 1.0950320 secs] [Times: user=3.28 sys=10.87, real=1.10 secs] 
2013-04-22T23:21:11.270+0200: [GC [ParNew: 3040832K->337856K(3040832K), 1.1351090 secs] 21397264K->21397814K(30070848K), 1.1351830 secs] [Times: user=3.79 sys=10.76, real=1.14 secs] 
2013-04-22T23:21:24.146+0200: [GC [ParNew: 3040832K->337856K(3040832K), 1.4895340 secs] 24100790K->23494538K(30070848K), 1.4896460 secs] [Times: user=17.25 sys=2.03, real=1.49 secs] 
2013-04-22T23:22:06.662+0200: [GC [ParNew: 3034987K->337856K(3040832K), 0.3441270 secs] 26191669K->23857003K(30070848K), 0.3443010 secs] [Times: user=2.11 sys=1.57, real=0.34 secs] 
BROKEN RECORDS: 0
BROKEN RECORDS: 0
BROKEN RECORDS: 0
BROKEN RECORDS: 0
BROKEN RECORDS: 0
BROKEN RECORDS: 0
BROKEN RECORDS: 0
BROKEN RECORDS: 0
BROKEN RECORDS: 0
BROKEN RECORDS: 0
BROKEN RECORDS: 0
BROKEN RECORDS: 0
BROKEN RECORDS: 0
BROKEN RECORDS: 0
BROKEN RECORDS: 0
BROKEN RECORDS: 0
BROKEN RECORDS: 0
BROKEN RECORDS: 0
BROKEN RECORDS: 0
BROKEN RECORDS: 0
BROKEN RECORDS: 0
BROKEN RECORDS: 0
BROKEN RECORDS: 0
BROKEN RECORDS: 0
2013-04-22T23:26:56.258+0200: [GC [ParNew: 3040832K->310017K(3040832K), 0.2108130 secs] 26559979K->24051435K(30070848K), 0.2110290 secs] [Times: user=2.18 sys=0.38, real=0.21 secs] 
BROKEN RECORDS: 0
BROKEN RECORDS: 0
BROKEN RECORDS: 0
BROKEN RECORDS: 0
BROKEN RECORDS: 0
BROKEN RECORDS: 0
BROKEN RECORDS: 0
BROKEN RECORDS: 0
BROKEN RECORDS: 0
BROKEN RECORDS: 0
BROKEN RECORDS: 0
BROKEN RECORDS: 0
BROKEN RECORDS: 0
BROKEN RECORDS: 0
BROKEN RECORDS: 0
BROKEN RECORDS: 0
BROKEN RECORDS: 0
BROKEN RECORDS: 0
BROKEN RECORDS: 0
BROKEN RECORDS: 0
BROKEN RECORDS: 0
BROKEN RECORDS: 0
BROKEN RECORDS: 0
BROKEN RECORDS: 0
BROKEN RECORDS: 0
BROKEN RECORDS: 0
BROKEN RECORDS: 0
BROKEN RECORDS: 0
BROKEN RECORDS: 0
BROKEN RECORDS: 0
BROKEN RECORDS: 0
BROKEN RECORDS: 0
BROKEN RECORDS: 0
BROKEN RECORDS: 0
BROKEN RECORDS: 0
BROKEN RECORDS: 0
BROKEN RECORDS: 0
BROKEN RECORDS: 0
BROKEN RECORDS: 0
BROKEN RECORDS: 0
BROKEN RECORDS: 0
BROKEN RECORDS: 0
BROKEN RECORDS: 0
BROKEN RECORDS: 0
BROKEN RECORDS: 0
BROKEN RECORDS: 0
BROKEN RECORDS: 0
BROKEN RECORDS: 0
BROKEN RECORDS: 0
BROKEN RECORDS: 0
BROKEN RECORDS: 0
BROKEN RECORDS: 0
BROKEN RECORDS: 0
BROKEN RECORDS: 0
BROKEN RECORDS: 0
BROKEN RECORDS: 0
BROKEN RECORDS: 0
BROKEN RECORDS: 0
BROKEN RECORDS: 0
BROKEN RECORDS: 0
BROKEN RECORDS: 0
BROKEN RECORDS: 0
BROKEN RECORDS: 0
BROKEN RECORDS: 0
