2013-04-22T23:20:55.788+0200: [GC [ParNew: 2702976K->337855K(3040832K), 0.9431940 secs] 2702976K->2493065K(30070848K), 0.9432830 secs] [Times: user=2.31 sys=9.46, real=0.94 secs] 
2013-04-22T23:20:57.507+0200: [GC [ParNew: 3040831K->337856K(3040832K), 1.0611980 secs] 5196041K->5121469K(30070848K), 1.0612580 secs] [Times: user=2.84 sys=10.86, real=1.06 secs] 
2013-04-22T23:20:59.322+0200: [GC [ParNew: 3040832K->337856K(3040832K), 1.0692570 secs] 7824445K->7810477K(30070848K), 1.0693050 secs] [Times: user=3.33 sys=10.50, real=1.07 secs] 
2013-04-22T23:21:01.096+0200: [GC [ParNew: 3040832K->337856K(3040832K), 1.0008780 secs] 10513453K->10523289K(30070848K), 1.0009470 secs] [Times: user=3.18 sys=9.58, real=1.00 secs] 
2013-04-22T23:21:02.838+0200: [GC [ParNew: 3040832K->337856K(3040832K), 1.1054390 secs] 13226265K->13242471K(30070848K), 1.1054970 secs] [Times: user=2.97 sys=11.33, real=1.10 secs] 
2013-04-22T23:21:04.649+0200: [GC [ParNew: 3040832K->337856K(3040832K), 1.3637140 secs] 15945447K->15942573K(30070848K), 1.3637640 secs] [Times: user=15.13 sys=2.54, real=1.36 secs] 
2013-04-22T23:21:06.707+0200: [GC [ParNew: 3040832K->337856K(3040832K), 1.1007680 secs] 18645549K->18671233K(30070848K), 1.1008260 secs] [Times: user=3.04 sys=10.94, real=1.10 secs] 
2013-04-22T23:21:08.523+0200: [GC [ParNew: 3040832K->337856K(3040832K), 1.1659250 secs] 21374209K->21381225K(30070848K), 1.1659850 secs] [Times: user=3.87 sys=11.22, real=1.16 secs] 
2013-04-22T23:21:24.092+0200: [GC [ParNew: 3040832K->337856K(3040832K), 1.7368660 secs] 24084201K->23496967K(30070848K), 1.7369750 secs] [Times: user=20.33 sys=2.12, real=1.74 secs] 
2013-04-22T23:22:16.518+0200: [GC [ParNew: 3040832K->337856K(3040832K), 0.3233860 secs] 26199943K->23803136K(30070848K), 0.3236060 secs] [Times: user=2.33 sys=1.33, real=0.32 secs] 
BROKEN RECORDS: 0
BROKEN RECORDS: 0
BROKEN RECORDS: 0
BROKEN RECORDS: 0
BROKEN RECORDS: 0
BROKEN RECORDS: 0
BROKEN RECORDS: 0
BROKEN RECORDS: 0
BROKEN RECORDS: 0
BROKEN RECORDS: 0
BROKEN RECORDS: 0
BROKEN RECORDS: 0
BROKEN RECORDS: 0
BROKEN RECORDS: 0
BROKEN RECORDS: 0
BROKEN RECORDS: 0
2013-04-22T23:26:07.150+0200: [GC [ParNew: 3040832K->335635K(3040832K), 0.1906320 secs] 26506112K->24020529K(30070848K), 0.1908580 secs] [Times: user=1.88 sys=0.44, real=0.19 secs] 
BROKEN RECORDS: 0
BROKEN RECORDS: 0
BROKEN RECORDS: 0
BROKEN RECORDS: 0
BROKEN RECORDS: 0
BROKEN RECORDS: 0
BROKEN RECORDS: 0
BROKEN RECORDS: 0
