2013-04-22T23:20:56.267+0200: [GC [ParNew: 2702976K->337856K(3040832K), 0.9384360 secs] 2702976K->2494003K(30070848K), 0.9385120 secs] [Times: user=2.13 sys=9.77, real=0.94 secs] 
2013-04-22T23:20:57.969+0200: [GC [ParNew: 3040832K->337856K(3040832K), 1.0610530 secs] 5196979K->5130311K(30070848K), 1.0611060 secs] [Times: user=3.21 sys=10.32, real=1.06 secs] 
2013-04-22T23:20:59.752+0200: [GC [ParNew: 3040832K->337856K(3040832K), 1.0733510 secs] 7833287K->7820207K(30070848K), 1.0734190 secs] [Times: user=3.23 sys=10.67, real=1.08 secs] 
2013-04-22T23:21:01.527+0200: [GC [ParNew: 3040832K->337856K(3040832K), 1.0419720 secs] 10523183K->10578385K(30070848K), 1.0420370 secs] [Times: user=3.31 sys=10.17, real=1.04 secs] 
2013-04-22T23:21:03.283+0200: [GC [ParNew: 3040832K->337856K(3040832K), 1.0971380 secs] 13281361K->13286234K(30070848K), 1.0971870 secs] [Times: user=3.25 sys=10.77, real=1.09 secs] 
2013-04-22T23:21:05.103+0200: [GC [ParNew: 3040832K->337856K(3040832K), 1.4490740 secs] 15989210K->16011083K(30070848K), 1.4491420 secs] [Times: user=16.31 sys=2.51, real=1.44 secs] 
2013-04-22T23:21:07.256+0200: [GC [ParNew: 3040832K->337856K(3040832K), 1.0901190 secs] 18714059K->18745314K(30070848K), 1.0901880 secs] [Times: user=2.98 sys=11.13, real=1.09 secs] 
2013-04-22T23:21:09.049+0200: [GC [ParNew: 3040832K->337856K(3040832K), 1.1491730 secs] 21448290K->21453482K(30070848K), 1.1492320 secs] [Times: user=3.94 sys=10.62, real=1.14 secs] 
2013-04-22T23:21:24.105+0200: [GC [ParNew: 3040832K->337856K(3040832K), 1.4661190 secs] 24156458K->23501254K(30070848K), 1.4662330 secs] [Times: user=17.21 sys=1.79, real=1.47 secs] 
2013-04-22T23:22:02.143+0200: [GC [ParNew: 3040832K->337856K(3040832K), 0.2663090 secs] 26204230K->23892038K(30070848K), 0.2666790 secs] [Times: user=2.50 sys=0.66, real=0.27 secs] 
BROKEN RECORDS: 0
BROKEN RECORDS: 0
BROKEN RECORDS: 0
BROKEN RECORDS: 0
BROKEN RECORDS: 0
BROKEN RECORDS: 0
BROKEN RECORDS: 0
BROKEN RECORDS: 0
BROKEN RECORDS: 0
BROKEN RECORDS: 0
BROKEN RECORDS: 0
BROKEN RECORDS: 0
BROKEN RECORDS: 0
BROKEN RECORDS: 0
BROKEN RECORDS: 0
BROKEN RECORDS: 0
BROKEN RECORDS: 0
BROKEN RECORDS: 0
BROKEN RECORDS: 0
BROKEN RECORDS: 0
BROKEN RECORDS: 0
BROKEN RECORDS: 0
BROKEN RECORDS: 0
BROKEN RECORDS: 0
2013-04-22T23:26:50.308+0200: [GC [ParNew: 3040832K->288106K(3040832K), 0.1855170 secs] 26595014K->24096891K(30070848K), 0.1857100 secs] [Times: user=1.90 sys=0.37, real=0.19 secs] 
BROKEN RECORDS: 0
BROKEN RECORDS: 0
BROKEN RECORDS: 0
BROKEN RECORDS: 0
BROKEN RECORDS: 0
BROKEN RECORDS: 0
BROKEN RECORDS: 0
BROKEN RECORDS: 0
BROKEN RECORDS: 0
BROKEN RECORDS: 0
BROKEN RECORDS: 0
BROKEN RECORDS: 0
BROKEN RECORDS: 0
BROKEN RECORDS: 0
BROKEN RECORDS: 0
BROKEN RECORDS: 0
BROKEN RECORDS: 0
BROKEN RECORDS: 0
BROKEN RECORDS: 0
BROKEN RECORDS: 0
BROKEN RECORDS: 0
BROKEN RECORDS: 0
BROKEN RECORDS: 0
BROKEN RECORDS: 0
BROKEN RECORDS: 0
BROKEN RECORDS: 0
BROKEN RECORDS: 0
BROKEN RECORDS: 0
BROKEN RECORDS: 0
BROKEN RECORDS: 0
BROKEN RECORDS: 0
BROKEN RECORDS: 0
BROKEN RECORDS: 0
BROKEN RECORDS: 0
BROKEN RECORDS: 0
BROKEN RECORDS: 0
BROKEN RECORDS: 0
BROKEN RECORDS: 0
BROKEN RECORDS: 0
BROKEN RECORDS: 0
BROKEN RECORDS: 0
BROKEN RECORDS: 0
BROKEN RECORDS: 0
BROKEN RECORDS: 0
BROKEN RECORDS: 0
BROKEN RECORDS: 0
BROKEN RECORDS: 0
BROKEN RECORDS: 0
BROKEN RECORDS: 0
BROKEN RECORDS: 0
BROKEN RECORDS: 0
BROKEN RECORDS: 0
BROKEN RECORDS: 0
BROKEN RECORDS: 0
BROKEN RECORDS: 0
BROKEN RECORDS: 0
BROKEN RECORDS: 0
BROKEN RECORDS: 0
BROKEN RECORDS: 0
BROKEN RECORDS: 0
BROKEN RECORDS: 0
BROKEN RECORDS: 0
BROKEN RECORDS: 0
BROKEN RECORDS: 0
