2013-04-22T23:20:55.967+0200: [GC [ParNew: 2702976K->337856K(3040832K), 0.9391930 secs] 2702976K->2486508K(30070848K), 0.9392680 secs] [Times: user=2.39 sys=9.55, real=0.94 secs] 
2013-04-22T23:20:57.659+0200: [GC [ParNew: 3040832K->337856K(3040832K), 1.0485320 secs] 5189484K->5126465K(30070848K), 1.0486050 secs] [Times: user=2.94 sys=10.50, real=1.05 secs] 
2013-04-22T23:20:59.447+0200: [GC [ParNew: 3040832K->337856K(3040832K), 1.0521200 secs] 7829441K->7822861K(30070848K), 1.0521860 secs] [Times: user=3.34 sys=10.29, real=1.05 secs] 
2013-04-22T23:21:01.209+0200: [GC [ParNew: 3040832K->337856K(3040832K), 1.0005700 secs] 10525837K->10558052K(30070848K), 1.0006360 secs] [Times: user=3.24 sys=9.72, real=1.00 secs] 
2013-04-22T23:21:02.921+0200: [GC [ParNew: 3040832K->337856K(3040832K), 1.0619900 secs] 13261028K->13269262K(30070848K), 1.0620550 secs] [Times: user=3.68 sys=9.81, real=1.06 secs] 
2013-04-22T23:21:04.807+0200: [GC [ParNew: 3040832K->337856K(3040832K), 1.2874640 secs] 15972238K->15940166K(30070848K), 1.2875320 secs] [Times: user=14.83 sys=1.88, real=1.29 secs] 
2013-04-22T23:21:07.070+0200: [GC [ParNew: 3040832K->337856K(3040832K), 1.1552960 secs] 18643142K->18691012K(30070848K), 1.1553640 secs] [Times: user=4.79 sys=10.16, real=1.16 secs] 
2013-04-22T23:21:09.210+0200: [GC [ParNew: 3040832K->337856K(3040832K), 1.1862730 secs] 21393988K->21384261K(30070848K), 1.1863420 secs] [Times: user=4.71 sys=10.45, real=1.19 secs] 
2013-04-22T23:21:24.195+0200: [GC [ParNew: 3040832K->337856K(3040832K), 1.3964960 secs] 24087237K->23492350K(30070848K), 1.3965840 secs] [Times: user=16.06 sys=1.82, real=1.39 secs] 
2013-04-22T23:21:59.858+0200: [GC [ParNew: 3040832K->337856K(3040832K), 0.3191890 secs] 26195326K->23887348K(30070848K), 0.3194160 secs] [Times: user=2.33 sys=1.16, real=0.32 secs] 
BROKEN RECORDS: 0
BROKEN RECORDS: 0
BROKEN RECORDS: 0
BROKEN RECORDS: 0
BROKEN RECORDS: 0
BROKEN RECORDS: 0
BROKEN RECORDS: 0
BROKEN RECORDS: 0
BROKEN RECORDS: 0
BROKEN RECORDS: 0
BROKEN RECORDS: 0
BROKEN RECORDS: 0
BROKEN RECORDS: 0
BROKEN RECORDS: 0
2013-04-22T23:25:09.043+0200: [GC [ParNew: 3036138K->337856K(3040832K), 0.2085700 secs] 26585631K->24133998K(30070848K), 0.2087910 secs] [Times: user=2.30 sys=0.35, real=0.21 secs] 
BROKEN RECORDS: 0
BROKEN RECORDS: 0
BROKEN RECORDS: 0
BROKEN RECORDS: 0
BROKEN RECORDS: 0
BROKEN RECORDS: 0
BROKEN RECORDS: 0
BROKEN RECORDS: 0
BROKEN RECORDS: 0
BROKEN RECORDS: 0
BROKEN RECORDS: 0
BROKEN RECORDS: 0
BROKEN RECORDS: 0
BROKEN RECORDS: 0
BROKEN RECORDS: 0
BROKEN RECORDS: 0
BROKEN RECORDS: 0
BROKEN RECORDS: 0
BROKEN RECORDS: 0
BROKEN RECORDS: 0
BROKEN RECORDS: 0
BROKEN RECORDS: 0
BROKEN RECORDS: 0
BROKEN RECORDS: 0
BROKEN RECORDS: 0
BROKEN RECORDS: 0
BROKEN RECORDS: 0
BROKEN RECORDS: 0
BROKEN RECORDS: 0
BROKEN RECORDS: 0
BROKEN RECORDS: 0
BROKEN RECORDS: 0
BROKEN RECORDS: 0
BROKEN RECORDS: 0
BROKEN RECORDS: 0
BROKEN RECORDS: 0
BROKEN RECORDS: 0
BROKEN RECORDS: 0
BROKEN RECORDS: 0
BROKEN RECORDS: 0
BROKEN RECORDS: 0
BROKEN RECORDS: 0
BROKEN RECORDS: 0
BROKEN RECORDS: 0
BROKEN RECORDS: 0
BROKEN RECORDS: 0
BROKEN RECORDS: 0
BROKEN RECORDS: 0
BROKEN RECORDS: 0
BROKEN RECORDS: 0
BROKEN RECORDS: 0
BROKEN RECORDS: 0
BROKEN RECORDS: 0
BROKEN RECORDS: 0
BROKEN RECORDS: 0
BROKEN RECORDS: 0
BROKEN RECORDS: 0
BROKEN RECORDS: 0
BROKEN RECORDS: 0
BROKEN RECORDS: 0
BROKEN RECORDS: 0
BROKEN RECORDS: 0
BROKEN RECORDS: 0
BROKEN RECORDS: 0
BROKEN RECORDS: 0
BROKEN RECORDS: 0
BROKEN RECORDS: 0
BROKEN RECORDS: 0
BROKEN RECORDS: 0
BROKEN RECORDS: 0
BROKEN RECORDS: 0
BROKEN RECORDS: 0
BROKEN RECORDS: 0
BROKEN RECORDS: 0
