2013-04-22T23:20:58.381+0200: [GC [ParNew: 2702976K->337855K(3040832K), 0.9287160 secs] 2702976K->2482644K(30070848K), 0.9287910 secs] [Times: user=2.27 sys=9.57, real=0.93 secs] 
2013-04-22T23:21:00.095+0200: [GC [ParNew: 3040831K->337856K(3040832K), 1.0639480 secs] 5185620K->5121425K(30070848K), 1.0640050 secs] [Times: user=3.09 sys=10.49, real=1.07 secs] 
2013-04-22T23:21:01.903+0200: [GC [ParNew: 3040832K->337856K(3040832K), 1.0701460 secs] 7824401K->7814370K(30070848K), 1.0701920 secs] [Times: user=3.13 sys=10.73, real=1.07 secs] 
2013-04-22T23:21:03.665+0200: [GC [ParNew: 3040832K->337856K(3040832K), 1.0517820 secs] 10517346K->10527182K(30070848K), 1.0518370 secs] [Times: user=3.22 sys=10.40, real=1.05 secs] 
2013-04-22T23:21:05.420+0200: [GC [ParNew: 3040832K->337856K(3040832K), 1.0739760 secs] 13230158K->13231861K(30070848K), 1.0740470 secs] [Times: user=3.56 sys=10.22, real=1.07 secs] 
2013-04-22T23:21:07.313+0200: [GC [ParNew: 3040832K->337856K(3040832K), 1.3225000 secs] 15934837K->15907279K(30070848K), 1.3225760 secs] [Times: user=15.13 sys=2.04, real=1.32 secs] 
2013-04-22T23:21:09.600+0200: [GC [ParNew: 3040832K->337856K(3040832K), 1.0398290 secs] 18610255K->18639429K(30070848K), 1.0399040 secs] [Times: user=3.41 sys=10.07, real=1.04 secs] 
2013-04-22T23:21:11.624+0200: [GC [ParNew: 3040832K->337856K(3040832K), 1.1453980 secs] 21342405K->21344139K(30070848K), 1.1454570 secs] [Times: user=3.83 sys=10.86, real=1.14 secs] 
2013-04-22T23:21:24.115+0200: [GC [ParNew: 3040832K->337856K(3040832K), 1.5414710 secs] 24047115K->23475952K(30070848K), 1.5415760 secs] [Times: user=17.93 sys=2.04, real=1.55 secs] 
2013-04-22T23:22:13.051+0200: [GC [ParNew: 3037675K->337856K(3040832K), 0.2587880 secs] 26175771K->23726803K(30070848K), 0.2589990 secs] [Times: user=2.40 sys=0.59, real=0.26 secs] 
BROKEN RECORDS: 0
BROKEN RECORDS: 0
BROKEN RECORDS: 0
BROKEN RECORDS: 0
BROKEN RECORDS: 0
BROKEN RECORDS: 0
BROKEN RECORDS: 0
BROKEN RECORDS: 0
BROKEN RECORDS: 0
BROKEN RECORDS: 0
BROKEN RECORDS: 0
BROKEN RECORDS: 0
BROKEN RECORDS: 0
BROKEN RECORDS: 0
BROKEN RECORDS: 0
BROKEN RECORDS: 0
BROKEN RECORDS: 0
BROKEN RECORDS: 0
BROKEN RECORDS: 0
BROKEN RECORDS: 0
BROKEN RECORDS: 0
BROKEN RECORDS: 0
BROKEN RECORDS: 0
BROKEN RECORDS: 0
2013-04-22T23:26:57.758+0200: [GC [ParNew: 3040832K->235745K(3040832K), 0.1799130 secs] 26429779K->23856662K(30070848K), 0.1801920 secs] [Times: user=1.89 sys=0.41, real=0.18 secs] 
BROKEN RECORDS: 0
BROKEN RECORDS: 0
BROKEN RECORDS: 0
BROKEN RECORDS: 0
BROKEN RECORDS: 0
BROKEN RECORDS: 0
BROKEN RECORDS: 0
BROKEN RECORDS: 0
BROKEN RECORDS: 0
BROKEN RECORDS: 0
BROKEN RECORDS: 0
BROKEN RECORDS: 0
BROKEN RECORDS: 0
BROKEN RECORDS: 0
BROKEN RECORDS: 0
BROKEN RECORDS: 0
BROKEN RECORDS: 0
BROKEN RECORDS: 0
BROKEN RECORDS: 0
BROKEN RECORDS: 0
BROKEN RECORDS: 0
BROKEN RECORDS: 0
BROKEN RECORDS: 0
BROKEN RECORDS: 0
BROKEN RECORDS: 0
BROKEN RECORDS: 0
BROKEN RECORDS: 0
BROKEN RECORDS: 0
BROKEN RECORDS: 0
BROKEN RECORDS: 0
BROKEN RECORDS: 0
BROKEN RECORDS: 0
BROKEN RECORDS: 0
BROKEN RECORDS: 0
BROKEN RECORDS: 0
BROKEN RECORDS: 0
BROKEN RECORDS: 0
BROKEN RECORDS: 0
BROKEN RECORDS: 0
BROKEN RECORDS: 0
BROKEN RECORDS: 0
BROKEN RECORDS: 0
BROKEN RECORDS: 0
BROKEN RECORDS: 0
BROKEN RECORDS: 0
BROKEN RECORDS: 0
BROKEN RECORDS: 0
BROKEN RECORDS: 0
BROKEN RECORDS: 0
BROKEN RECORDS: 0
BROKEN RECORDS: 0
BROKEN RECORDS: 0
BROKEN RECORDS: 0
BROKEN RECORDS: 0
BROKEN RECORDS: 0
BROKEN RECORDS: 0
BROKEN RECORDS: 0
BROKEN RECORDS: 0
BROKEN RECORDS: 0
BROKEN RECORDS: 0
BROKEN RECORDS: 0
BROKEN RECORDS: 0
BROKEN RECORDS: 0
BROKEN RECORDS: 0
