2013-04-22T23:20:58.804+0200: [GC [ParNew: 2702976K->337856K(3040832K), 0.9358740 secs] 2702976K->2484144K(30070848K), 0.9359480 secs] [Times: user=2.07 sys=9.89, real=0.93 secs] 
2013-04-22T23:21:00.525+0200: [GC [ParNew: 3040832K->337856K(3040832K), 1.0710330 secs] 5187120K->5122568K(30070848K), 1.0711160 secs] [Times: user=2.90 sys=10.91, real=1.07 secs] 
2013-04-22T23:21:02.317+0200: [GC [ParNew: 3040832K->337856K(3040832K), 1.0734690 secs] 7825544K->7810263K(30070848K), 1.0735430 secs] [Times: user=3.45 sys=10.45, real=1.07 secs] 
2013-04-22T23:21:04.105+0200: [GC [ParNew: 3040832K->337856K(3040832K), 1.0434510 secs] 10513239K->10539179K(30070848K), 1.0435380 secs] [Times: user=3.51 sys=9.99, real=1.04 secs] 
2013-04-22T23:21:05.889+0200: [GC [ParNew: 3040832K->337856K(3040832K), 1.0945860 secs] 13242155K->13245587K(30070848K), 1.0946580 secs] [Times: user=3.87 sys=10.28, real=1.10 secs] 
2013-04-22T23:21:07.705+0200: [GC [ParNew: 3040832K->337856K(3040832K), 1.5036550 secs] 15948563K->15972389K(30070848K), 1.5037280 secs] [Times: user=17.00 sys=2.52, real=1.50 secs] 
2013-04-22T23:21:09.899+0200: [GC [ParNew: 3040832K->337856K(3040832K), 1.0924730 secs] 18675365K->18708701K(30070848K), 1.0925460 secs] [Times: user=3.15 sys=10.99, real=1.09 secs] 
2013-04-22T23:21:11.702+0200: [GC [ParNew: 3040832K->337856K(3040832K), 1.1426800 secs] 21411677K->21403614K(30070848K), 1.1427470 secs] [Times: user=3.66 sys=11.13, real=1.14 secs] 
2013-04-22T23:21:24.090+0200: [GC [ParNew: 3040832K->337856K(3040832K), 1.5302470 secs] 24106590K->23499890K(30070848K), 1.5303360 secs] [Times: user=17.80 sys=2.06, real=1.53 secs] 
2013-04-22T23:21:57.287+0200: [GC [ParNew: 3033714K->337856K(3040832K), 0.3275210 secs] 26195748K->23812880K(30070848K), 0.3277050 secs] [Times: user=2.24 sys=1.32, real=0.33 secs] 
BROKEN RECORDS: 0
BROKEN RECORDS: 0
BROKEN RECORDS: 0
BROKEN RECORDS: 0
BROKEN RECORDS: 0
BROKEN RECORDS: 0
BROKEN RECORDS: 0
BROKEN RECORDS: 0
BROKEN RECORDS: 0
2013-04-22T23:25:06.045+0200: [GC [ParNew: 3040003K->337856K(3040832K), 0.2823360 secs] 26515027K->24177330K(30070848K), 0.2824790 secs] [Times: user=2.83 sys=0.57, real=0.28 secs] 
BROKEN RECORDS: 0
BROKEN RECORDS: 0
BROKEN RECORDS: 0
BROKEN RECORDS: 0
BROKEN RECORDS: 0
BROKEN RECORDS: 0
BROKEN RECORDS: 0
BROKEN RECORDS: 0
BROKEN RECORDS: 0
BROKEN RECORDS: 0
BROKEN RECORDS: 0
BROKEN RECORDS: 0
BROKEN RECORDS: 0
BROKEN RECORDS: 0
BROKEN RECORDS: 0
BROKEN RECORDS: 0
BROKEN RECORDS: 0
BROKEN RECORDS: 0
BROKEN RECORDS: 0
BROKEN RECORDS: 0
BROKEN RECORDS: 0
BROKEN RECORDS: 0
BROKEN RECORDS: 0
BROKEN RECORDS: 0
BROKEN RECORDS: 0
BROKEN RECORDS: 0
BROKEN RECORDS: 0
BROKEN RECORDS: 0
BROKEN RECORDS: 0
BROKEN RECORDS: 0
BROKEN RECORDS: 0
BROKEN RECORDS: 0
BROKEN RECORDS: 0
BROKEN RECORDS: 0
BROKEN RECORDS: 0
BROKEN RECORDS: 0
BROKEN RECORDS: 0
BROKEN RECORDS: 0
BROKEN RECORDS: 0
BROKEN RECORDS: 0
BROKEN RECORDS: 0
BROKEN RECORDS: 0
BROKEN RECORDS: 0
BROKEN RECORDS: 0
BROKEN RECORDS: 0
BROKEN RECORDS: 0
BROKEN RECORDS: 0
BROKEN RECORDS: 0
BROKEN RECORDS: 0
BROKEN RECORDS: 0
BROKEN RECORDS: 0
BROKEN RECORDS: 0
BROKEN RECORDS: 0
BROKEN RECORDS: 0
BROKEN RECORDS: 0
BROKEN RECORDS: 0
BROKEN RECORDS: 0
BROKEN RECORDS: 0
BROKEN RECORDS: 0
BROKEN RECORDS: 0
BROKEN RECORDS: 0
BROKEN RECORDS: 0
BROKEN RECORDS: 0
BROKEN RECORDS: 0
BROKEN RECORDS: 0
BROKEN RECORDS: 0
BROKEN RECORDS: 0
BROKEN RECORDS: 0
BROKEN RECORDS: 0
BROKEN RECORDS: 0
BROKEN RECORDS: 0
BROKEN RECORDS: 0
BROKEN RECORDS: 0
BROKEN RECORDS: 0
BROKEN RECORDS: 0
BROKEN RECORDS: 0
BROKEN RECORDS: 0
BROKEN RECORDS: 0
BROKEN RECORDS: 0
2013-04-22T23:27:39.968+0200: [GC [ParNew: 3040832K->105787K(3040832K), 0.1533830 secs] 26880306K->24213470K(30070848K), 0.1535770 secs] [Times: user=1.33 sys=0.59, real=0.16 secs] 
