2013-04-22T23:20:56.806+0200: [GC [ParNew: 2702976K->337856K(3040832K), 0.9335900 secs] 2702976K->2493099K(30070848K), 0.9336900 secs] [Times: user=2.22 sys=9.62, real=0.93 secs] 
2013-04-22T23:20:58.493+0200: [GC [ParNew: 3040832K->337856K(3040832K), 1.0416400 secs] 5196075K->5131566K(30070848K), 1.0417150 secs] [Times: user=2.78 sys=10.67, real=1.04 secs] 
2013-04-22T23:21:00.298+0200: [GC [ParNew: 3040832K->337856K(3040832K), 1.0619400 secs] 7834542K->7827938K(30070848K), 1.0620130 secs] [Times: user=3.11 sys=10.57, real=1.07 secs] 
2013-04-22T23:21:02.365+0200: [GC [ParNew: 3040832K->337856K(3040832K), 1.0500380 secs] 10530914K->10566266K(30070848K), 1.0501140 secs] [Times: user=3.32 sys=10.27, real=1.05 secs] 
2013-04-22T23:21:04.420+0200: [GC [ParNew: 3040832K->337856K(3040832K), 1.1262920 secs] 13269242K->13293324K(30070848K), 1.1263660 secs] [Times: user=2.83 sys=11.76, real=1.12 secs] 
2013-04-22T23:21:06.541+0200: [GC [ParNew: 3040832K->337856K(3040832K), 1.3509500 secs] 15996300K->15958849K(30070848K), 1.3510220 secs] [Times: user=15.49 sys=2.00, real=1.35 secs] 
2013-04-22T23:21:08.867+0200: [GC [ParNew: 3040832K->337856K(3040832K), 1.0723860 secs] 18661825K->18715106K(30070848K), 1.0724750 secs] [Times: user=2.86 sys=11.03, real=1.08 secs] 
2013-04-22T23:21:10.913+0200: [GC [ParNew: 3040832K->337856K(3040832K), 1.1375410 secs] 21418082K->21419976K(30070848K), 1.1375970 secs] [Times: user=3.75 sys=10.93, real=1.13 secs] 
2013-04-22T23:21:24.145+0200: [GC [ParNew: 3040832K->337856K(3040832K), 1.3114750 secs] 24122952K->23547691K(30070848K), 1.3115890 secs] [Times: user=15.12 sys=1.86, real=1.31 secs] 
2013-04-22T23:21:58.755+0200: [GC [ParNew: 3036675K->337856K(3040832K), 0.4042410 secs] 26246511K->23952668K(30070848K), 0.4044890 secs] [Times: user=2.58 sys=1.82, real=0.41 secs] 
BROKEN RECORDS: 0
BROKEN RECORDS: 0
BROKEN RECORDS: 0
BROKEN RECORDS: 0
BROKEN RECORDS: 0
BROKEN RECORDS: 0
BROKEN RECORDS: 0
BROKEN RECORDS: 0
BROKEN RECORDS: 0
BROKEN RECORDS: 0
BROKEN RECORDS: 0
BROKEN RECORDS: 0
BROKEN RECORDS: 0
BROKEN RECORDS: 0
BROKEN RECORDS: 0
BROKEN RECORDS: 0
2013-04-22T23:25:22.712+0200: [GC [ParNew: 3040832K->313433K(3040832K), 0.2361700 secs] 26655644K->24114403K(30070848K), 0.2363990 secs] [Times: user=2.17 sys=0.19, real=0.24 secs] 
BROKEN RECORDS: 0
BROKEN RECORDS: 0
BROKEN RECORDS: 0
BROKEN RECORDS: 0
BROKEN RECORDS: 0
BROKEN RECORDS: 0
BROKEN RECORDS: 0
BROKEN RECORDS: 0
BROKEN RECORDS: 0
BROKEN RECORDS: 0
BROKEN RECORDS: 0
BROKEN RECORDS: 0
BROKEN RECORDS: 0
BROKEN RECORDS: 0
BROKEN RECORDS: 0
BROKEN RECORDS: 0
BROKEN RECORDS: 0
BROKEN RECORDS: 0
BROKEN RECORDS: 0
BROKEN RECORDS: 0
BROKEN RECORDS: 0
BROKEN RECORDS: 0
BROKEN RECORDS: 0
BROKEN RECORDS: 0
BROKEN RECORDS: 0
BROKEN RECORDS: 0
BROKEN RECORDS: 0
BROKEN RECORDS: 0
BROKEN RECORDS: 0
BROKEN RECORDS: 0
BROKEN RECORDS: 0
BROKEN RECORDS: 0
BROKEN RECORDS: 0
BROKEN RECORDS: 0
BROKEN RECORDS: 0
BROKEN RECORDS: 0
BROKEN RECORDS: 0
BROKEN RECORDS: 0
BROKEN RECORDS: 0
BROKEN RECORDS: 0
BROKEN RECORDS: 0
BROKEN RECORDS: 0
BROKEN RECORDS: 0
BROKEN RECORDS: 0
BROKEN RECORDS: 0
BROKEN RECORDS: 0
BROKEN RECORDS: 0
BROKEN RECORDS: 0
BROKEN RECORDS: 0
BROKEN RECORDS: 0
BROKEN RECORDS: 0
BROKEN RECORDS: 0
BROKEN RECORDS: 0
BROKEN RECORDS: 0
BROKEN RECORDS: 0
BROKEN RECORDS: 0
BROKEN RECORDS: 0
BROKEN RECORDS: 0
BROKEN RECORDS: 0
BROKEN RECORDS: 0
BROKEN RECORDS: 0
BROKEN RECORDS: 0
BROKEN RECORDS: 0
BROKEN RECORDS: 0
BROKEN RECORDS: 0
BROKEN RECORDS: 0
BROKEN RECORDS: 0
BROKEN RECORDS: 0
BROKEN RECORDS: 0
BROKEN RECORDS: 0
BROKEN RECORDS: 0
BROKEN RECORDS: 0
