2013-04-22T23:20:57.912+0200: [GC [ParNew: 2702976K->337855K(3040832K), 0.9262040 secs] 2702976K->2482376K(30070848K), 0.9262770 secs] [Times: user=2.14 sys=9.50, real=0.93 secs] 
2013-04-22T23:20:59.838+0200: [GC [ParNew: 3040831K->337856K(3040832K), 1.0508180 secs] 5185352K->5114501K(30070848K), 1.0508780 secs] [Times: user=2.68 sys=10.78, real=1.04 secs] 
2013-04-22T23:21:01.916+0200: [GC [ParNew: 3040832K->337856K(3040832K), 1.0661380 secs] 7817477K->7811089K(30070848K), 1.0662040 secs] [Times: user=3.34 sys=10.47, real=1.07 secs] 
2013-04-22T23:21:03.938+0200: [GC [ParNew: 3040832K->337856K(3040832K), 1.0342670 secs] 10514065K->10524029K(30070848K), 1.0343450 secs] [Times: user=3.15 sys=10.25, real=1.03 secs] 
2013-04-22T23:21:05.937+0200: [GC [ParNew: 3040832K->337856K(3040832K), 1.0882210 secs] 13227005K->13253360K(30070848K), 1.0882980 secs] [Times: user=3.35 sys=10.70, real=1.09 secs] 
2013-04-22T23:21:07.992+0200: [GC [ParNew: 3040832K->337856K(3040832K), 1.5065250 secs] 15956336K->15922343K(30070848K), 1.5066000 secs] [Times: user=17.09 sys=2.47, real=1.51 secs] 
2013-04-22T23:21:10.444+0200: [GC [ParNew: 3040832K->337856K(3040832K), 1.0656600 secs] 18625319K->18671524K(30070848K), 1.0657320 secs] [Times: user=3.10 sys=10.52, real=1.07 secs] 
2013-04-22T23:21:12.468+0200: [GC [ParNew: 3040832K->337856K(3040832K), 1.1291690 secs] 21374500K->21372617K(30070848K), 1.1292270 secs] [Times: user=3.47 sys=11.12, real=1.13 secs] 
2013-04-22T23:21:24.111+0200: [GC [ParNew: 3040832K->337856K(3040832K), 1.5540980 secs] 24075593K->23522486K(30070848K), 1.5541830 secs] [Times: user=18.04 sys=2.11, real=1.55 secs] 
2013-04-22T23:22:11.625+0200: [GC [ParNew: 3040832K->337856K(3040832K), 0.2443380 secs] 26225462K->23858764K(30070848K), 0.2445030 secs] [Times: user=2.28 sys=0.73, real=0.25 secs] 
BROKEN RECORDS: 0
BROKEN RECORDS: 0
BROKEN RECORDS: 0
BROKEN RECORDS: 0
BROKEN RECORDS: 0
BROKEN RECORDS: 0
BROKEN RECORDS: 0
BROKEN RECORDS: 0
BROKEN RECORDS: 0
BROKEN RECORDS: 0
BROKEN RECORDS: 0
BROKEN RECORDS: 0
BROKEN RECORDS: 0
BROKEN RECORDS: 0
BROKEN RECORDS: 0
BROKEN RECORDS: 0
BROKEN RECORDS: 0
BROKEN RECORDS: 0
BROKEN RECORDS: 0
BROKEN RECORDS: 0
BROKEN RECORDS: 0
BROKEN RECORDS: 0
BROKEN RECORDS: 0
BROKEN RECORDS: 0
2013-04-22T23:26:45.697+0200: [GC [ParNew: 3040832K->288978K(3040832K), 0.1567340 secs] 26561740K->24000160K(30070848K), 0.1569730 secs] [Times: user=1.75 sys=0.27, real=0.16 secs] 
BROKEN RECORDS: 0
BROKEN RECORDS: 0
BROKEN RECORDS: 0
BROKEN RECORDS: 0
BROKEN RECORDS: 0
BROKEN RECORDS: 0
BROKEN RECORDS: 0
BROKEN RECORDS: 0
BROKEN RECORDS: 0
BROKEN RECORDS: 0
BROKEN RECORDS: 0
BROKEN RECORDS: 0
BROKEN RECORDS: 0
BROKEN RECORDS: 0
BROKEN RECORDS: 0
BROKEN RECORDS: 0
BROKEN RECORDS: 0
BROKEN RECORDS: 0
BROKEN RECORDS: 0
BROKEN RECORDS: 0
BROKEN RECORDS: 0
BROKEN RECORDS: 0
BROKEN RECORDS: 0
BROKEN RECORDS: 0
BROKEN RECORDS: 0
BROKEN RECORDS: 0
BROKEN RECORDS: 0
BROKEN RECORDS: 0
BROKEN RECORDS: 0
BROKEN RECORDS: 0
BROKEN RECORDS: 0
BROKEN RECORDS: 0
BROKEN RECORDS: 0
BROKEN RECORDS: 0
BROKEN RECORDS: 0
BROKEN RECORDS: 0
BROKEN RECORDS: 0
BROKEN RECORDS: 0
BROKEN RECORDS: 0
BROKEN RECORDS: 0
BROKEN RECORDS: 0
BROKEN RECORDS: 0
BROKEN RECORDS: 0
BROKEN RECORDS: 0
BROKEN RECORDS: 0
BROKEN RECORDS: 0
BROKEN RECORDS: 0
BROKEN RECORDS: 0
BROKEN RECORDS: 0
BROKEN RECORDS: 0
BROKEN RECORDS: 0
BROKEN RECORDS: 0
BROKEN RECORDS: 0
BROKEN RECORDS: 0
BROKEN RECORDS: 0
BROKEN RECORDS: 0
BROKEN RECORDS: 0
BROKEN RECORDS: 0
BROKEN RECORDS: 0
BROKEN RECORDS: 0
BROKEN RECORDS: 0
BROKEN RECORDS: 0
BROKEN RECORDS: 0
BROKEN RECORDS: 0
