2013-04-22T23:20:58.020+0200: [GC [ParNew: 2702976K->337855K(3040832K), 0.9474950 secs] 2702976K->2494492K(30070848K), 0.9475680 secs] [Times: user=2.17 sys=9.87, real=0.95 secs] 
2013-04-22T23:20:59.722+0200: [GC [ParNew: 3040831K->337856K(3040832K), 1.0532340 secs] 5197468K->5129223K(30070848K), 1.0533080 secs] [Times: user=2.78 sys=10.66, real=1.05 secs] 
2013-04-22T23:21:01.527+0200: [GC [ParNew: 3040832K->337856K(3040832K), 1.0631320 secs] 7832199K->7825146K(30070848K), 1.0632050 secs] [Times: user=3.47 sys=10.26, real=1.07 secs] 
2013-04-22T23:21:03.313+0200: [GC [ParNew: 3040832K->337856K(3040832K), 1.0279260 secs] 10528122K->10530563K(30070848K), 1.0279950 secs] [Times: user=3.28 sys=10.03, real=1.02 secs] 
2013-04-22T23:21:05.066+0200: [GC [ParNew: 3040832K->337856K(3040832K), 1.0774890 secs] 13233539K->13245999K(30070848K), 1.0775570 secs] [Times: user=3.68 sys=10.00, real=1.08 secs] 
2013-04-22T23:21:06.858+0200: [GC [ParNew: 3040832K->337856K(3040832K), 1.3505120 secs] 15948975K->15940306K(30070848K), 1.3505810 secs] [Times: user=15.26 sys=2.24, real=1.35 secs] 
2013-04-22T23:21:08.912+0200: [GC [ParNew: 3040832K->337856K(3040832K), 1.0647410 secs] 18643282K->18663299K(30070848K), 1.0648080 secs] [Times: user=2.75 sys=11.04, real=1.06 secs] 
2013-04-22T23:21:10.677+0200: [GC [ParNew: 3040832K->337856K(3040832K), 1.1205450 secs] 21366275K->21366856K(30070848K), 1.1206150 secs] [Times: user=3.27 sys=11.08, real=1.12 secs] 
2013-04-22T23:21:24.053+0200: [GC [ParNew: 3040832K->337856K(3040832K), 1.3272760 secs] 24069832K->23482309K(30070848K), 1.3273740 secs] [Times: user=15.35 sys=1.81, real=1.33 secs] 
2013-04-22T23:21:53.170+0200: [GC [ParNew: 3040832K->337856K(3040832K), 0.4566870 secs] 26185285K->23962560K(30070848K), 0.4569400 secs] [Times: user=2.75 sys=1.77, real=0.46 secs] 
BROKEN RECORDS: 0
BROKEN RECORDS: 0
BROKEN RECORDS: 0
BROKEN RECORDS: 0
BROKEN RECORDS: 0
BROKEN RECORDS: 0
BROKEN RECORDS: 0
BROKEN RECORDS: 0
2013-04-22T23:24:21.436+0200: [GC [ParNew: 3040832K->337856K(3040832K), 0.2437900 secs] 26665536K->24303135K(30070848K), 0.2440880 secs] [Times: user=2.40 sys=0.60, real=0.25 secs] 
BROKEN RECORDS: 0
BROKEN RECORDS: 0
BROKEN RECORDS: 0
BROKEN RECORDS: 0
BROKEN RECORDS: 0
BROKEN RECORDS: 0
BROKEN RECORDS: 0
BROKEN RECORDS: 0
BROKEN RECORDS: 0
BROKEN RECORDS: 0
BROKEN RECORDS: 0
BROKEN RECORDS: 0
BROKEN RECORDS: 0
BROKEN RECORDS: 0
BROKEN RECORDS: 0
BROKEN RECORDS: 0
BROKEN RECORDS: 0
BROKEN RECORDS: 0
BROKEN RECORDS: 0
BROKEN RECORDS: 0
BROKEN RECORDS: 0
BROKEN RECORDS: 0
BROKEN RECORDS: 0
BROKEN RECORDS: 0
BROKEN RECORDS: 0
BROKEN RECORDS: 0
BROKEN RECORDS: 0
BROKEN RECORDS: 0
BROKEN RECORDS: 0
BROKEN RECORDS: 0
BROKEN RECORDS: 0
BROKEN RECORDS: 0
BROKEN RECORDS: 0
BROKEN RECORDS: 0
BROKEN RECORDS: 0
BROKEN RECORDS: 0
BROKEN RECORDS: 0
BROKEN RECORDS: 0
BROKEN RECORDS: 0
BROKEN RECORDS: 0
BROKEN RECORDS: 0
BROKEN RECORDS: 0
BROKEN RECORDS: 0
BROKEN RECORDS: 0
BROKEN RECORDS: 0
BROKEN RECORDS: 0
BROKEN RECORDS: 0
BROKEN RECORDS: 0
BROKEN RECORDS: 0
BROKEN RECORDS: 0
BROKEN RECORDS: 0
BROKEN RECORDS: 0
BROKEN RECORDS: 0
BROKEN RECORDS: 0
BROKEN RECORDS: 0
BROKEN RECORDS: 0
BROKEN RECORDS: 0
BROKEN RECORDS: 0
BROKEN RECORDS: 0
BROKEN RECORDS: 0
BROKEN RECORDS: 0
BROKEN RECORDS: 0
BROKEN RECORDS: 0
BROKEN RECORDS: 0
BROKEN RECORDS: 0
BROKEN RECORDS: 0
BROKEN RECORDS: 0
BROKEN RECORDS: 0
BROKEN RECORDS: 0
BROKEN RECORDS: 0
BROKEN RECORDS: 0
BROKEN RECORDS: 0
BROKEN RECORDS: 0
BROKEN RECORDS: 0
BROKEN RECORDS: 0
BROKEN RECORDS: 0
BROKEN RECORDS: 0
BROKEN RECORDS: 0
BROKEN RECORDS: 0
BROKEN RECORDS: 0
2013-04-22T23:27:39.683+0200: [GC [ParNew: 3040832K->124401K(3040832K), 0.1606910 secs] 27006111K->24371630K(30070848K), 0.1608370 secs] [Times: user=1.51 sys=0.46, real=0.16 secs] 
