2013-04-22T23:20:56.009+0200: [GC [ParNew: 2702976K->337856K(3040832K), 0.9539540 secs] 2702976K->2494389K(30070848K), 0.9540260 secs] [Times: user=2.17 sys=9.92, real=0.96 secs] 
2013-04-22T23:20:57.706+0200: [GC [ParNew: 3040832K->337856K(3040832K), 1.0591940 secs] 5197365K->5127381K(30070848K), 1.0592660 secs] [Times: user=2.84 sys=10.61, real=1.06 secs] 
2013-04-22T23:20:59.499+0200: [GC [ParNew: 3040832K->337856K(3040832K), 1.0732580 secs] 7830357K->7824073K(30070848K), 1.0733260 secs] [Times: user=3.44 sys=10.36, real=1.08 secs] 
2013-04-22T23:21:01.264+0200: [GC [ParNew: 3040832K->337856K(3040832K), 1.0297320 secs] 10527049K->10532723K(30070848K), 1.0298090 secs] [Times: user=3.24 sys=10.09, real=1.03 secs] 
2013-04-22T23:21:02.999+0200: [GC [ParNew: 3040832K->337856K(3040832K), 1.0882120 secs] 13235699K->13258340K(30070848K), 1.0882650 secs] [Times: user=3.25 sys=10.62, real=1.09 secs] 
2013-04-22T23:21:04.791+0200: [GC [ParNew: 3040832K->337856K(3040832K), 1.6910180 secs] 15961316K->15960971K(30070848K), 1.6910900 secs] [Times: user=19.04 sys=2.88, real=1.68 secs] 
2013-04-22T23:21:07.197+0200: [GC [ParNew: 3040832K->337856K(3040832K), 1.0740810 secs] 18663947K->18691456K(30070848K), 1.0741540 secs] [Times: user=3.05 sys=10.85, real=1.08 secs] 
2013-04-22T23:21:08.974+0200: [GC [ParNew: 3040832K->337856K(3040832K), 1.1332180 secs] 21394432K->21368856K(30070848K), 1.1332890 secs] [Times: user=3.71 sys=10.83, real=1.13 secs] 
2013-04-22T23:21:24.074+0200: [GC [ParNew: 3040832K->337856K(3040832K), 1.3431340 secs] 24071832K->23512195K(30070848K), 1.3432320 secs] [Times: user=15.50 sys=1.90, real=1.34 secs] 
2013-04-22T23:22:19.078+0200: [GC [ParNew: 3040387K->337856K(3040832K), 0.2330710 secs] 26214726K->23807629K(30070848K), 0.2333010 secs] [Times: user=2.26 sys=0.60, real=0.23 secs] 
BROKEN RECORDS: 0
BROKEN RECORDS: 0
BROKEN RECORDS: 0
BROKEN RECORDS: 0
BROKEN RECORDS: 0
BROKEN RECORDS: 0
BROKEN RECORDS: 0
BROKEN RECORDS: 0
BROKEN RECORDS: 0
BROKEN RECORDS: 0
BROKEN RECORDS: 0
BROKEN RECORDS: 0
BROKEN RECORDS: 0
BROKEN RECORDS: 0
BROKEN RECORDS: 0
BROKEN RECORDS: 0
BROKEN RECORDS: 0
BROKEN RECORDS: 0
BROKEN RECORDS: 0
BROKEN RECORDS: 0
BROKEN RECORDS: 0
BROKEN RECORDS: 0
2013-04-22T23:26:35.490+0200: [GC [ParNew: 3040832K->233697K(3040832K), 0.1906280 secs] 26510605K->23943083K(30070848K), 0.1908390 secs] [Times: user=1.77 sys=0.46, real=0.19 secs] 
BROKEN RECORDS: 0
BROKEN RECORDS: 0
BROKEN RECORDS: 0
BROKEN RECORDS: 0
BROKEN RECORDS: 0
BROKEN RECORDS: 0
BROKEN RECORDS: 0
BROKEN RECORDS: 0
BROKEN RECORDS: 0
BROKEN RECORDS: 0
BROKEN RECORDS: 0
BROKEN RECORDS: 0
BROKEN RECORDS: 0
BROKEN RECORDS: 0
BROKEN RECORDS: 0
BROKEN RECORDS: 0
BROKEN RECORDS: 0
BROKEN RECORDS: 0
BROKEN RECORDS: 0
BROKEN RECORDS: 0
BROKEN RECORDS: 0
BROKEN RECORDS: 0
BROKEN RECORDS: 0
BROKEN RECORDS: 0
BROKEN RECORDS: 0
BROKEN RECORDS: 0
BROKEN RECORDS: 0
BROKEN RECORDS: 0
BROKEN RECORDS: 0
BROKEN RECORDS: 0
BROKEN RECORDS: 0
BROKEN RECORDS: 0
BROKEN RECORDS: 0
BROKEN RECORDS: 0
BROKEN RECORDS: 0
BROKEN RECORDS: 0
BROKEN RECORDS: 0
BROKEN RECORDS: 0
BROKEN RECORDS: 0
BROKEN RECORDS: 0
BROKEN RECORDS: 0
BROKEN RECORDS: 0
BROKEN RECORDS: 0
BROKEN RECORDS: 0
BROKEN RECORDS: 0
BROKEN RECORDS: 0
BROKEN RECORDS: 0
BROKEN RECORDS: 0
BROKEN RECORDS: 0
BROKEN RECORDS: 0
BROKEN RECORDS: 0
BROKEN RECORDS: 0
BROKEN RECORDS: 0
BROKEN RECORDS: 0
BROKEN RECORDS: 0
BROKEN RECORDS: 0
BROKEN RECORDS: 0
BROKEN RECORDS: 0
BROKEN RECORDS: 0
BROKEN RECORDS: 0
BROKEN RECORDS: 0
BROKEN RECORDS: 0
BROKEN RECORDS: 0
BROKEN RECORDS: 0
BROKEN RECORDS: 0
BROKEN RECORDS: 0
