2013-04-22T23:20:58.245+0200: [GC [ParNew: 2702976K->337856K(3040832K), 0.9102360 secs] 2702976K->2487113K(30070848K), 0.9103750 secs] [Times: user=2.03 sys=9.33, real=0.92 secs] 
2013-04-22T23:20:59.940+0200: [GC [ParNew: 3040832K->337856K(3040832K), 1.0434030 secs] 5190089K->5127609K(30070848K), 1.0434740 secs] [Times: user=2.63 sys=10.60, real=1.04 secs] 
2013-04-22T23:21:01.708+0200: [GC [ParNew: 3040832K->337856K(3040832K), 1.0535360 secs] 7830585K->7819883K(30070848K), 1.0536040 secs] [Times: user=3.11 sys=10.54, real=1.05 secs] 
2013-04-22T23:21:03.464+0200: [GC [ParNew: 3040832K->337856K(3040832K), 1.0345050 secs] 10522859K->10558147K(30070848K), 1.0345740 secs] [Times: user=3.26 sys=10.14, real=1.04 secs] 
2013-04-22T23:21:05.221+0200: [GC [ParNew: 3040832K->337856K(3040832K), 1.0647800 secs] 13261123K->13257864K(30070848K), 1.0648310 secs] [Times: user=3.22 sys=10.37, real=1.07 secs] 
2013-04-22T23:21:07.000+0200: [GC [ParNew: 3040832K->337856K(3040832K), 1.5315320 secs] 15960840K->15952139K(30070848K), 1.5315930 secs] [Times: user=17.63 sys=2.24, real=1.53 secs] 
2013-04-22T23:21:09.235+0200: [GC [ParNew: 3040832K->337856K(3040832K), 1.0741350 secs] 18655115K->18679774K(30070848K), 1.0742050 secs] [Times: user=3.07 sys=10.84, real=1.07 secs] 
2013-04-22T23:21:11.002+0200: [GC [ParNew: 3040832K->337856K(3040832K), 1.1339560 secs] 21382750K->21401100K(30070848K), 1.1340070 secs] [Times: user=3.54 sys=10.94, real=1.14 secs] 
2013-04-22T23:21:24.086+0200: [GC [ParNew: 3040832K->337856K(3040832K), 1.4585270 secs] 24104076K->23518506K(30070848K), 1.4586040 secs] [Times: user=17.05 sys=1.87, real=1.46 secs] 
2013-04-22T23:21:58.041+0200: [GC [ParNew: 3040832K->337856K(3040832K), 0.2340980 secs] 26221482K->23796198K(30070848K), 0.2343110 secs] [Times: user=2.02 sys=0.68, real=0.23 secs] 
BROKEN RECORDS: 0
BROKEN RECORDS: 0
BROKEN RECORDS: 0
BROKEN RECORDS: 0
BROKEN RECORDS: 0
BROKEN RECORDS: 0
BROKEN RECORDS: 0
BROKEN RECORDS: 0
BROKEN RECORDS: 0
BROKEN RECORDS: 0
BROKEN RECORDS: 0
BROKEN RECORDS: 0
BROKEN RECORDS: 0
BROKEN RECORDS: 0
BROKEN RECORDS: 0
BROKEN RECORDS: 0
BROKEN RECORDS: 0
BROKEN RECORDS: 0
BROKEN RECORDS: 0
BROKEN RECORDS: 0
2013-04-22T23:26:31.552+0200: [GC [ParNew: 3040832K->301467K(3040832K), 0.1748050 secs] 26499174K->23955817K(30070848K), 0.1750310 secs] [Times: user=1.88 sys=0.29, real=0.18 secs] 
BROKEN RECORDS: 0
BROKEN RECORDS: 0
BROKEN RECORDS: 0
BROKEN RECORDS: 0
BROKEN RECORDS: 0
BROKEN RECORDS: 0
BROKEN RECORDS: 0
BROKEN RECORDS: 0
BROKEN RECORDS: 0
BROKEN RECORDS: 0
BROKEN RECORDS: 0
BROKEN RECORDS: 0
BROKEN RECORDS: 0
BROKEN RECORDS: 0
BROKEN RECORDS: 0
BROKEN RECORDS: 0
BROKEN RECORDS: 0
BROKEN RECORDS: 0
BROKEN RECORDS: 0
BROKEN RECORDS: 0
BROKEN RECORDS: 0
BROKEN RECORDS: 0
BROKEN RECORDS: 0
BROKEN RECORDS: 0
BROKEN RECORDS: 0
BROKEN RECORDS: 0
BROKEN RECORDS: 0
BROKEN RECORDS: 0
BROKEN RECORDS: 0
BROKEN RECORDS: 0
BROKEN RECORDS: 0
BROKEN RECORDS: 0
BROKEN RECORDS: 0
BROKEN RECORDS: 0
BROKEN RECORDS: 0
BROKEN RECORDS: 0
BROKEN RECORDS: 0
BROKEN RECORDS: 0
BROKEN RECORDS: 0
BROKEN RECORDS: 0
BROKEN RECORDS: 0
BROKEN RECORDS: 0
BROKEN RECORDS: 0
BROKEN RECORDS: 0
BROKEN RECORDS: 0
BROKEN RECORDS: 0
BROKEN RECORDS: 0
BROKEN RECORDS: 0
BROKEN RECORDS: 0
BROKEN RECORDS: 0
BROKEN RECORDS: 0
BROKEN RECORDS: 0
BROKEN RECORDS: 0
BROKEN RECORDS: 0
BROKEN RECORDS: 0
BROKEN RECORDS: 0
BROKEN RECORDS: 0
BROKEN RECORDS: 0
BROKEN RECORDS: 0
BROKEN RECORDS: 0
BROKEN RECORDS: 0
BROKEN RECORDS: 0
BROKEN RECORDS: 0
BROKEN RECORDS: 0
BROKEN RECORDS: 0
BROKEN RECORDS: 0
BROKEN RECORDS: 0
BROKEN RECORDS: 0
