2013-04-22T23:20:56.640+0200: [GC [ParNew: 2702976K->337855K(3040832K), 0.9373980 secs] 2702976K->2490552K(30070848K), 0.9374730 secs] [Times: user=2.20 sys=9.68, real=0.94 secs] 
2013-04-22T23:20:58.342+0200: [GC [ParNew: 3040831K->337856K(3040832K), 1.0556750 secs] 5193528K->5131053K(30070848K), 1.0557550 secs] [Times: user=2.65 sys=10.96, real=1.05 secs] 
2013-04-22T23:21:00.141+0200: [GC [ParNew: 3040832K->337856K(3040832K), 1.0652710 secs] 7834029K->7827169K(30070848K), 1.0653190 secs] [Times: user=3.17 sys=10.46, real=1.06 secs] 
2013-04-22T23:21:01.901+0200: [GC [ParNew: 3040832K->337856K(3040832K), 1.0229130 secs] 10530145K->10554676K(30070848K), 1.0229570 secs] [Times: user=3.17 sys=10.05, real=1.02 secs] 
2013-04-22T23:21:03.638+0200: [GC [ParNew: 3040832K->337856K(3040832K), 1.1037010 secs] 13257652K->13282950K(30070848K), 1.1037700 secs] [Times: user=3.22 sys=11.07, real=1.11 secs] 
2013-04-22T23:21:05.443+0200: [GC [ParNew: 3040832K->337856K(3040832K), 1.5351760 secs] 15985926K->16009465K(30070848K), 1.5352300 secs] [Times: user=17.40 sys=2.48, real=1.53 secs] 
2013-04-22T23:21:07.672+0200: [GC [ParNew: 3040832K->337856K(3040832K), 1.0866460 secs] 18712441K->18754005K(30070848K), 1.0867100 secs] [Times: user=2.99 sys=11.07, real=1.09 secs] 
2013-04-22T23:21:09.463+0200: [GC [ParNew: 3040832K->337856K(3040832K), 1.1467440 secs] 21456981K->21472097K(30070848K), 1.1468180 secs] [Times: user=3.49 sys=11.35, real=1.14 secs] 
2013-04-22T23:21:24.042+0200: [GC [ParNew: 3040832K->337856K(3040832K), 1.4849100 secs] 24175073K->23520894K(30070848K), 1.4850010 secs] [Times: user=17.37 sys=1.88, real=1.48 secs] 
2013-04-22T23:22:29.793+0200: [GC [ParNew: 3011396K->337856K(3040832K), 0.2089450 secs] 26194434K->23697160K(30070848K), 0.2092670 secs] [Times: user=2.23 sys=0.36, real=0.21 secs] 
BROKEN RECORDS: 0
BROKEN RECORDS: 0
BROKEN RECORDS: 0
BROKEN RECORDS: 0
BROKEN RECORDS: 0
BROKEN RECORDS: 0
BROKEN RECORDS: 0
BROKEN RECORDS: 0
BROKEN RECORDS: 0
BROKEN RECORDS: 0
BROKEN RECORDS: 0
BROKEN RECORDS: 0
BROKEN RECORDS: 0
BROKEN RECORDS: 0
BROKEN RECORDS: 0
BROKEN RECORDS: 0
BROKEN RECORDS: 0
BROKEN RECORDS: 0
BROKEN RECORDS: 0
BROKEN RECORDS: 0
BROKEN RECORDS: 0
BROKEN RECORDS: 0
BROKEN RECORDS: 0
BROKEN RECORDS: 0
BROKEN RECORDS: 0
BROKEN RECORDS: 0
BROKEN RECORDS: 0
BROKEN RECORDS: 0
BROKEN RECORDS: 0
BROKEN RECORDS: 0
BROKEN RECORDS: 0
BROKEN RECORDS: 0
BROKEN RECORDS: 0
BROKEN RECORDS: 0
BROKEN RECORDS: 0
BROKEN RECORDS: 0
BROKEN RECORDS: 0
BROKEN RECORDS: 0
BROKEN RECORDS: 0
BROKEN RECORDS: 0
BROKEN RECORDS: 0
BROKEN RECORDS: 0
BROKEN RECORDS: 0
BROKEN RECORDS: 0
BROKEN RECORDS: 0
BROKEN RECORDS: 0
2013-04-22T23:27:35.708+0200: [GC [ParNew: 3040832K->306806K(3040832K), 0.1776400 secs] 26400136K->23877526K(30070848K), 0.1778310 secs] [Times: user=1.78 sys=0.33, real=0.18 secs] 
BROKEN RECORDS: 0
BROKEN RECORDS: 0
BROKEN RECORDS: 0
BROKEN RECORDS: 0
BROKEN RECORDS: 0
BROKEN RECORDS: 0
BROKEN RECORDS: 0
BROKEN RECORDS: 0
BROKEN RECORDS: 0
BROKEN RECORDS: 0
BROKEN RECORDS: 0
BROKEN RECORDS: 0
BROKEN RECORDS: 0
BROKEN RECORDS: 0
BROKEN RECORDS: 0
BROKEN RECORDS: 0
BROKEN RECORDS: 0
BROKEN RECORDS: 0
BROKEN RECORDS: 0
BROKEN RECORDS: 0
BROKEN RECORDS: 0
BROKEN RECORDS: 0
BROKEN RECORDS: 0
BROKEN RECORDS: 0
BROKEN RECORDS: 0
BROKEN RECORDS: 0
BROKEN RECORDS: 0
BROKEN RECORDS: 0
BROKEN RECORDS: 0
BROKEN RECORDS: 0
BROKEN RECORDS: 0
BROKEN RECORDS: 0
BROKEN RECORDS: 0
BROKEN RECORDS: 0
BROKEN RECORDS: 0
BROKEN RECORDS: 0
BROKEN RECORDS: 0
BROKEN RECORDS: 0
BROKEN RECORDS: 0
BROKEN RECORDS: 0
BROKEN RECORDS: 0
BROKEN RECORDS: 0
