2013-04-19T20:47:49.245+0200: [GC [ParNew: 2702976K->337856K(3040832K), 0.9590420 secs] 2702976K->2491902K(30070848K), 0.9591280 secs] [Times: user=2.29 sys=9.81, real=0.96 secs] 
2013-04-19T20:47:50.940+0200: [GC [ParNew: 3040832K->337856K(3040832K), 1.0698560 secs] 5194878K->5130130K(30070848K), 1.0699240 secs] [Times: user=2.87 sys=10.93, real=1.07 secs] 
2013-04-19T20:47:52.736+0200: [GC [ParNew: 3040832K->337856K(3040832K), 1.0663020 secs] 7833106K->7821347K(30070848K), 1.0663810 secs] [Times: user=3.44 sys=10.01, real=1.07 secs] 
2013-04-19T20:47:54.526+0200: [GC [ParNew: 3040832K->337856K(3040832K), 1.0489670 secs] 10524323K->10575907K(30070848K), 1.0490430 secs] [Times: user=3.35 sys=10.22, real=1.05 secs] 
2013-04-19T20:47:56.256+0200: [GC [ParNew: 3040832K->337856K(3040832K), 1.0942950 secs] 13278883K->13281163K(30070848K), 1.0943710 secs] [Times: user=3.71 sys=10.44, real=1.10 secs] 
2013-04-19T20:47:58.044+0200: [GC [ParNew: 3040832K->337856K(3040832K), 1.6171620 secs] 15984139K->15998521K(30070848K), 1.6172200 secs] [Times: user=18.30 sys=2.52, real=1.62 secs] 
2013-04-19T20:48:00.375+0200: [GC [ParNew: 3040832K->337856K(3040832K), 1.1051620 secs] 18701497K->18749143K(30070848K), 1.1052110 secs] [Times: user=3.31 sys=10.99, real=1.11 secs] 
2013-04-19T20:48:02.184+0200: [GC [ParNew: 3040832K->337856K(3040832K), 1.1465240 secs] 21452119K->21473255K(30070848K), 1.1465830 secs] [Times: user=3.51 sys=11.32, real=1.15 secs] 
2013-04-19T20:48:17.147+0200: [GC [ParNew: 3040832K->337856K(3040832K), 1.4874730 secs] 24176231K->23522051K(30070848K), 1.4875760 secs] [Times: user=17.37 sys=1.89, real=1.48 secs] 
BROKEN RECORDS: 0
BROKEN RECORDS: 0
BROKEN RECORDS: 0
BROKEN RECORDS: 0
BROKEN RECORDS: 0
BROKEN RECORDS: 0
BROKEN RECORDS: 0
BROKEN RECORDS: 0
2013-04-19T20:49:39.306+0200: [GC [ParNew: 3040832K->254853K(3040832K), 0.1116660 secs] 26225030K->23439052K(30070848K), 0.1118790 secs] [Times: user=1.37 sys=0.02, real=0.11 secs] 
