2013-04-19T20:47:49.339+0200: [GC [ParNew: 2702976K->337855K(3040832K), 0.9306690 secs] 2702976K->2490585K(30070848K), 0.9307670 secs] [Times: user=2.27 sys=9.46, real=0.93 secs] 
2013-04-19T20:47:51.036+0200: [GC [ParNew: 3040831K->337856K(3040832K), 1.0522760 secs] 5193561K->5128912K(30070848K), 1.0523450 secs] [Times: user=2.91 sys=10.67, real=1.05 secs] 
2013-04-19T20:47:52.821+0200: [GC [ParNew: 3040832K->337856K(3040832K), 1.0528550 secs] 7831888K->7818176K(30070848K), 1.0529220 secs] [Times: user=3.30 sys=10.34, real=1.05 secs] 
2013-04-19T20:47:54.588+0200: [GC [ParNew: 3040832K->337856K(3040832K), 1.0032300 secs] 10521152K->10525385K(30070848K), 1.0032850 secs] [Times: user=3.02 sys=9.88, real=1.00 secs] 
2013-04-19T20:47:56.312+0200: [GC [ParNew: 3040832K->337856K(3040832K), 1.1000660 secs] 13228361K->13244311K(30070848K), 1.1001110 secs] [Times: user=3.45 sys=10.78, real=1.10 secs] 
2013-04-19T20:47:58.116+0200: [GC [ParNew: 3040832K->337856K(3040832K), 1.6153320 secs] 15947287K->15951456K(30070848K), 1.6153860 secs] [Times: user=18.36 sys=2.61, real=1.61 secs] 
2013-04-19T20:48:00.457+0200: [GC [ParNew: 3040832K->337856K(3040832K), 1.0990500 secs] 18654432K->18677875K(30070848K), 1.0991270 secs] [Times: user=2.98 sys=11.15, real=1.10 secs] 
2013-04-19T20:48:02.248+0200: [GC [ParNew: 3040832K->337856K(3040832K), 1.1404200 secs] 21380851K->21374004K(30070848K), 1.1404920 secs] [Times: user=3.40 sys=11.35, real=1.14 secs] 
2013-04-19T20:48:17.257+0200: [GC [ParNew: 3040832K->337856K(3040832K), 1.4645570 secs] 24076980K->23476747K(30070848K), 1.4646440 secs] [Times: user=16.93 sys=2.03, real=1.46 secs] 
BROKEN RECORDS: 0
BROKEN RECORDS: 0
BROKEN RECORDS: 0
BROKEN RECORDS: 0
BROKEN RECORDS: 0
BROKEN RECORDS: 0
BROKEN RECORDS: 0
BROKEN RECORDS: 0
2013-04-19T20:49:43.099+0200: [GC [ParNew: 3040832K->249725K(3040832K), 0.1196350 secs] 26179723K->23388617K(30070848K), 0.1198280 secs] [Times: user=1.42 sys=0.05, real=0.12 secs] 
