2013-04-19T20:47:50.835+0200: [GC [ParNew: 2702976K->337856K(3040832K), 0.9461580 secs] 2702976K->2492392K(30070848K), 0.9462340 secs] [Times: user=2.15 sys=9.76, real=0.94 secs] 
2013-04-19T20:47:52.547+0200: [GC [ParNew: 3040832K->337856K(3040832K), 1.0410060 secs] 5195368K->5126971K(30070848K), 1.0410530 secs] [Times: user=2.84 sys=10.59, real=1.04 secs] 
2013-04-19T20:47:54.341+0200: [GC [ParNew: 3040832K->337856K(3040832K), 1.0486240 secs] 7829947K->7820837K(30070848K), 1.0486700 secs] [Times: user=3.28 sys=10.30, real=1.04 secs] 
2013-04-19T20:47:56.113+0200: [GC [ParNew: 3040832K->337856K(3040832K), 1.0370880 secs] 10523813K->10544310K(30070848K), 1.0371360 secs] [Times: user=3.16 sys=9.83, real=1.03 secs] 
2013-04-19T20:47:57.875+0200: [GC [ParNew: 3040832K->337856K(3040832K), 1.0837040 secs] 13247286K->13244443K(30070848K), 1.0837770 secs] [Times: user=3.53 sys=10.49, real=1.08 secs] 
2013-04-19T20:47:59.672+0200: [GC [ParNew: 3040832K->337856K(3040832K), 1.5624030 secs] 15947419K->15935677K(30070848K), 1.5624760 secs] [Times: user=17.85 sys=2.40, real=1.57 secs] 
2013-04-19T20:48:01.957+0200: [GC [ParNew: 3040832K->337856K(3040832K), 1.1435690 secs] 18638653K->18683834K(30070848K), 1.1436270 secs] [Times: user=3.43 sys=11.30, real=1.14 secs] 
2013-04-19T20:48:03.804+0200: [GC [ParNew: 3040832K->337856K(3040832K), 1.1166800 secs] 21386810K->21378395K(30070848K), 1.1167540 secs] [Times: user=3.41 sys=11.04, real=1.12 secs] 
2013-04-19T20:48:17.155+0200: [GC [ParNew: 3040832K->337856K(3040832K), 1.6474530 secs] 24081371K->23522342K(30070848K), 1.6475340 secs] [Times: user=19.12 sys=2.12, real=1.65 secs] 
BROKEN RECORDS: 0
BROKEN RECORDS: 0
BROKEN RECORDS: 0
BROKEN RECORDS: 0
BROKEN RECORDS: 0
BROKEN RECORDS: 0
BROKEN RECORDS: 0
BROKEN RECORDS: 0
2013-04-19T20:49:48.079+0200: [GC [ParNew: 3040832K->240016K(3040832K), 0.1105210 secs] 26225318K->23424503K(30070848K), 0.1107830 secs] [Times: user=1.34 sys=0.03, real=0.11 secs] 
