2013-04-19T20:47:49.654+0200: [GC [ParNew: 2702976K->337856K(3040832K), 0.9360820 secs] 2702976K->2494524K(30070848K), 0.9361590 secs] [Times: user=2.22 sys=9.72, real=0.94 secs] 
2013-04-19T20:47:51.356+0200: [GC [ParNew: 3040832K->337856K(3040832K), 1.0512310 secs] 5197500K->5131672K(30070848K), 1.0512790 secs] [Times: user=2.87 sys=10.69, real=1.05 secs] 
2013-04-19T20:47:53.152+0200: [GC [ParNew: 3040832K->337856K(3040832K), 1.0646050 secs] 7834648K->7827692K(30070848K), 1.0646670 secs] [Times: user=3.28 sys=10.13, real=1.06 secs] 
2013-04-19T20:47:54.932+0200: [GC [ParNew: 3040832K->337856K(3040832K), 1.0291260 secs] 10530668K->10547515K(30070848K), 1.0292030 secs] [Times: user=3.34 sys=9.98, real=1.02 secs] 
2013-04-19T20:47:56.670+0200: [GC [ParNew: 3040832K->337856K(3040832K), 1.0843520 secs] 13250491K->13256356K(30070848K), 1.0844240 secs] [Times: user=3.35 sys=10.69, real=1.08 secs] 
2013-04-19T20:47:58.467+0200: [GC [ParNew: 3040832K->337856K(3040832K), 1.5197460 secs] 15959332K->15931294K(30070848K), 1.5198180 secs] [Times: user=17.07 sys=2.39, real=1.52 secs] 
2013-04-19T20:48:00.671+0200: [GC [ParNew: 3040832K->337856K(3040832K), 1.0827790 secs] 18634270K->18679611K(30070848K), 1.0828520 secs] [Times: user=3.18 sys=10.84, real=1.08 secs] 
2013-04-19T20:48:02.459+0200: [GC [ParNew: 3040832K->337856K(3040832K), 1.1215900 secs] 21382587K->21392261K(30070848K), 1.1216550 secs] [Times: user=3.56 sys=10.97, real=1.12 secs] 
2013-04-19T20:48:17.244+0200: [GC [ParNew: 3040832K->337856K(3040832K), 1.5567130 secs] 24095237K->23507874K(30070848K), 1.5568220 secs] [Times: user=18.21 sys=1.98, real=1.56 secs] 
BROKEN RECORDS: 0
BROKEN RECORDS: 0
BROKEN RECORDS: 0
BROKEN RECORDS: 0
BROKEN RECORDS: 0
BROKEN RECORDS: 0
BROKEN RECORDS: 0
BROKEN RECORDS: 0
2013-04-19T20:49:41.927+0200: [GC [ParNew: 3040832K->225320K(3040832K), 0.1303100 secs] 26210850K->23395338K(30070848K), 0.1305050 secs] [Times: user=1.50 sys=0.01, real=0.13 secs] 
