2013-04-23T03:54:28.637+0200: [GC [ParNew: 2702976K->337856K(3040832K), 1.0248070 secs] 2702976K->2486428K(30070848K), 1.0249720 secs] [Times: user=2.42 sys=10.21, real=1.02 secs] 
2013-04-23T03:54:30.499+0200: [GC [ParNew: 3040832K->337856K(3040832K), 1.1270150 secs] 5189404K->5126688K(30070848K), 1.1270920 secs] [Times: user=2.77 sys=11.74, real=1.13 secs] 
2013-04-23T03:54:32.439+0200: [GC [ParNew: 3040832K->337856K(3040832K), 1.1493210 secs] 7829664K->7822676K(30070848K), 1.1493820 secs] [Times: user=3.54 sys=11.33, real=1.15 secs] 
2013-04-23T03:54:34.359+0200: [GC [ParNew: 3040832K->337856K(3040832K), 1.1095450 secs] 10525652K->10579029K(30070848K), 1.1096090 secs] [Times: user=3.61 sys=10.34, real=1.11 secs] 
2013-04-23T03:54:36.233+0200: [GC [ParNew: 3040832K->337856K(3040832K), 1.1690620 secs] 13282005K->13307207K(30070848K), 1.1691120 secs] [Times: user=3.79 sys=11.35, real=1.17 secs] 
2013-04-23T03:54:38.126+0200: [GC [ParNew: 3040832K->337856K(3040832K), 1.4596150 secs] 16010183K->15991397K(30070848K), 1.4596620 secs] [Times: user=16.53 sys=2.40, real=1.46 secs] 
2013-04-23T03:54:40.339+0200: [GC [ParNew: 3040832K->337856K(3040832K), 1.1154960 secs] 18694373K->18729662K(30070848K), 1.1155730 secs] [Times: user=3.59 sys=10.30, real=1.11 secs] 
2013-04-23T03:54:42.196+0200: [GC [ParNew: 3040832K->337856K(3040832K), 1.1466950 secs] 21432638K->21432291K(30070848K), 1.1467700 secs] [Times: user=3.94 sys=10.88, real=1.14 secs] 
2013-04-23T03:54:56.362+0200: [GC [ParNew: 3040832K->337856K(3040832K), 1.4107250 secs] 24135267K->23542909K(30070848K), 1.4108210 secs] [Times: user=15.96 sys=1.90, real=1.41 secs] 
2013-04-23T03:55:29.010+0200: [GC [ParNew: 3040832K->337856K(3040832K), 0.3172950 secs] 26245885K->23884262K(30070848K), 0.3175670 secs] [Times: user=2.17 sys=0.55, real=0.32 secs] 
2013-04-23T03:57:41.755+0200: [GC [ParNew: 3040832K->337856K(3040832K), 0.2166360 secs] 26587238K->24398549K(30070848K), 0.2168130 secs] [Times: user=2.06 sys=0.70, real=0.21 secs] 
BROKEN RECORDS: 0
BROKEN RECORDS: 0
BROKEN RECORDS: 0
BROKEN RECORDS: 0
BROKEN RECORDS: 0
BROKEN RECORDS: 0
BROKEN RECORDS: 0
BROKEN RECORDS: 0
BROKEN RECORDS: 0
BROKEN RECORDS: 0
BROKEN RECORDS: 0
BROKEN RECORDS: 0
BROKEN RECORDS: 0
BROKEN RECORDS: 0
BROKEN RECORDS: 0
BROKEN RECORDS: 0
BROKEN RECORDS: 0
BROKEN RECORDS: 0
BROKEN RECORDS: 0
BROKEN RECORDS: 0
BROKEN RECORDS: 0
BROKEN RECORDS: 0
BROKEN RECORDS: 0
BROKEN RECORDS: 0
