2013-04-23T03:54:30.845+0200: [GC [ParNew: 2702976K->337856K(3040832K), 0.9880140 secs] 2702976K->2494628K(30070848K), 0.9880900 secs] [Times: user=2.12 sys=10.30, real=0.99 secs] 
2013-04-23T03:54:32.669+0200: [GC [ParNew: 3040832K->337856K(3040832K), 1.1475720 secs] 5197604K->5124476K(30070848K), 1.1476310 secs] [Times: user=2.74 sys=11.89, real=1.14 secs] 
2013-04-23T03:54:34.802+0200: [GC [ParNew: 3040832K->337856K(3040832K), 1.1232200 secs] 7827452K->7820431K(30070848K), 1.1232930 secs] [Times: user=3.23 sys=11.28, real=1.12 secs] 
2013-04-23T03:54:36.843+0200: [GC [ParNew: 3040832K->337856K(3040832K), 1.0958730 secs] 10523407K->10563209K(30070848K), 1.0959550 secs] [Times: user=3.12 sys=10.87, real=1.10 secs] 
2013-04-23T03:54:38.835+0200: [GC [ParNew: 3040832K->337856K(3040832K), 1.1288270 secs] 13266185K->13286810K(30070848K), 1.1288820 secs] [Times: user=3.50 sys=11.02, real=1.13 secs] 
2013-04-23T03:54:40.908+0200: [GC [ParNew: 3040832K->337856K(3040832K), 1.4654710 secs] 15989786K->16003720K(30070848K), 1.4655230 secs] [Times: user=16.51 sys=2.51, real=1.46 secs] 
2013-04-23T03:54:43.321+0200: [GC [ParNew: 3040832K->337856K(3040832K), 1.0829010 secs] 18706696K->18733436K(30070848K), 1.0829780 secs] [Times: user=3.54 sys=10.40, real=1.08 secs] 
2013-04-23T03:54:45.328+0200: [GC [ParNew: 3040832K->337856K(3040832K), 1.1152840 secs] 21436412K->21453513K(30070848K), 1.1153410 secs] [Times: user=3.55 sys=10.88, real=1.11 secs] 
2013-04-23T03:54:56.145+0200: [GC [ParNew: 3040832K->337856K(3040832K), 1.4136230 secs] 24156489K->23552575K(30070848K), 1.4137290 secs] [Times: user=16.63 sys=1.68, real=1.42 secs] 
2013-04-23T03:55:31.159+0200: [GC [ParNew: 3036065K->337856K(3040832K), 0.2072160 secs] 26250784K->23863360K(30070848K), 0.2074220 secs] [Times: user=2.15 sys=0.43, real=0.21 secs] 
2013-04-23T03:57:53.839+0200: [GC [ParNew: 3040832K->337856K(3040832K), 0.2091980 secs] 26566336K->24241201K(30070848K), 0.2094340 secs] [Times: user=2.09 sys=0.58, real=0.21 secs] 
BROKEN RECORDS: 0
BROKEN RECORDS: 0
BROKEN RECORDS: 0
BROKEN RECORDS: 0
BROKEN RECORDS: 0
BROKEN RECORDS: 0
BROKEN RECORDS: 0
BROKEN RECORDS: 0
BROKEN RECORDS: 0
BROKEN RECORDS: 0
BROKEN RECORDS: 0
BROKEN RECORDS: 0
BROKEN RECORDS: 0
BROKEN RECORDS: 0
BROKEN RECORDS: 0
BROKEN RECORDS: 0
BROKEN RECORDS: 0
BROKEN RECORDS: 0
BROKEN RECORDS: 0
BROKEN RECORDS: 0
BROKEN RECORDS: 0
BROKEN RECORDS: 0
BROKEN RECORDS: 0
BROKEN RECORDS: 0
BROKEN RECORDS: 0
BROKEN RECORDS: 0
BROKEN RECORDS: 0
BROKEN RECORDS: 0
BROKEN RECORDS: 0
BROKEN RECORDS: 0
BROKEN RECORDS: 0
BROKEN RECORDS: 0
BROKEN RECORDS: 0
BROKEN RECORDS: 0
BROKEN RECORDS: 0
BROKEN RECORDS: 0
BROKEN RECORDS: 0
BROKEN RECORDS: 0
BROKEN RECORDS: 0
BROKEN RECORDS: 0
BROKEN RECORDS: 0
BROKEN RECORDS: 0
BROKEN RECORDS: 0
BROKEN RECORDS: 0
BROKEN RECORDS: 0
BROKEN RECORDS: 0
BROKEN RECORDS: 0
BROKEN RECORDS: 0
BROKEN RECORDS: 0
BROKEN RECORDS: 0
BROKEN RECORDS: 0
BROKEN RECORDS: 0
BROKEN RECORDS: 0
BROKEN RECORDS: 0
BROKEN RECORDS: 0
BROKEN RECORDS: 0
BROKEN RECORDS: 0
BROKEN RECORDS: 0
BROKEN RECORDS: 0
BROKEN RECORDS: 0
BROKEN RECORDS: 0
BROKEN RECORDS: 0
BROKEN RECORDS: 0
BROKEN RECORDS: 0
BROKEN RECORDS: 0
BROKEN RECORDS: 0
BROKEN RECORDS: 0
BROKEN RECORDS: 0
BROKEN RECORDS: 0
BROKEN RECORDS: 0
BROKEN RECORDS: 0
BROKEN RECORDS: 0
BROKEN RECORDS: 0
BROKEN RECORDS: 0
BROKEN RECORDS: 0
BROKEN RECORDS: 0
BROKEN RECORDS: 0
BROKEN RECORDS: 0
BROKEN RECORDS: 0
BROKEN RECORDS: 0
2013-04-23T04:03:41.692+0200: [GC [ParNew: 3040832K->108224K(3040832K), 0.1763480 secs] 26944177K->24287615K(30070848K), 0.1765220 secs] [Times: user=1.90 sys=0.33, real=0.18 secs] 
BROKEN RECORDS: 0
BROKEN RECORDS: 0
BROKEN RECORDS: 0
BROKEN RECORDS: 0
BROKEN RECORDS: 0
BROKEN RECORDS: 0
BROKEN RECORDS: 0
BROKEN RECORDS: 0
