2013-04-23T03:54:28.313+0200: [GC [ParNew: 2702976K->337856K(3040832K), 1.0034940 secs] 2702976K->2484694K(30070848K), 1.0035830 secs] [Times: user=2.36 sys=10.35, real=1.00 secs] 
2013-04-23T03:54:30.152+0200: [GC [ParNew: 3040832K->337856K(3040832K), 1.1561540 secs] 5187670K->5122794K(30070848K), 1.1562070 secs] [Times: user=3.05 sys=11.81, real=1.15 secs] 
2013-04-23T03:54:32.135+0200: [GC [ParNew: 3040832K->337856K(3040832K), 1.1460240 secs] 7825770K->7816220K(30070848K), 1.1460750 secs] [Times: user=3.72 sys=10.84, real=1.15 secs] 
2013-04-23T03:54:34.066+0200: [GC [ParNew: 3040832K->337856K(3040832K), 1.1263400 secs] 10519196K->10570588K(30070848K), 1.1264000 secs] [Times: user=3.42 sys=11.14, real=1.13 secs] 
2013-04-23T03:54:35.955+0200: [GC [ParNew: 3040832K->337856K(3040832K), 1.1501380 secs] 13273564K->13291627K(30070848K), 1.1501890 secs] [Times: user=3.68 sys=11.16, real=1.15 secs] 
2013-04-23T03:54:37.870+0200: [GC [ParNew: 3040832K->337856K(3040832K), 1.8505260 secs] 15994603K->15994482K(30070848K), 1.8505960 secs] [Times: user=20.79 sys=2.89, real=1.85 secs] 
2013-04-23T03:54:40.483+0200: [GC [ParNew: 3040832K->337856K(3040832K), 1.1007990 secs] 18697458K->18709535K(30070848K), 1.1008820 secs] [Times: user=3.83 sys=10.38, real=1.10 secs] 
2013-04-23T03:54:42.359+0200: [GC [ParNew: 3040832K->337856K(3040832K), 1.1334090 secs] 21412511K->21390522K(30070848K), 1.1334890 secs] [Times: user=3.53 sys=11.05, real=1.13 secs] 
2013-04-23T03:54:56.388+0200: [GC [ParNew: 3040832K->337856K(3040832K), 1.5515760 secs] 24093498K->23520382K(30070848K), 1.5516960 secs] [Times: user=18.04 sys=2.00, real=1.55 secs] 
2013-04-23T03:55:30.901+0200: [GC [ParNew: 3040832K->337856K(3040832K), 0.2714010 secs] 26223358K->23951002K(30070848K), 0.2717100 secs] [Times: user=2.33 sys=1.04, real=0.27 secs] 
2013-04-23T03:58:04.113+0200: [GC [ParNew: 3040245K->337856K(3040832K), 0.4668410 secs] 26653391K->24441627K(30070848K), 0.4670170 secs] [Times: user=2.41 sys=0.58, real=0.47 secs] 
BROKEN RECORDS: 0
BROKEN RECORDS: 0
BROKEN RECORDS: 0
BROKEN RECORDS: 0
BROKEN RECORDS: 0
BROKEN RECORDS: 0
BROKEN RECORDS: 0
BROKEN RECORDS: 0
BROKEN RECORDS: 0
BROKEN RECORDS: 0
BROKEN RECORDS: 0
BROKEN RECORDS: 0
BROKEN RECORDS: 0
BROKEN RECORDS: 0
BROKEN RECORDS: 0
BROKEN RECORDS: 0
BROKEN RECORDS: 0
BROKEN RECORDS: 0
BROKEN RECORDS: 0
BROKEN RECORDS: 0
BROKEN RECORDS: 0
BROKEN RECORDS: 0
BROKEN RECORDS: 0
BROKEN RECORDS: 0
