2013-04-23T03:54:30.453+0200: [GC [ParNew: 2702976K->337856K(3040832K), 0.9988320 secs] 2702976K->2490291K(30070848K), 0.9989020 secs] [Times: user=2.30 sys=10.29, real=1.00 secs] 
2013-04-23T03:54:32.297+0200: [GC [ParNew: 3040832K->337856K(3040832K), 1.1220080 secs] 5193267K->5120481K(30070848K), 1.1220600 secs] [Times: user=2.69 sys=11.78, real=1.13 secs] 
2013-04-23T03:54:34.243+0200: [GC [ParNew: 3040832K->337856K(3040832K), 1.1376060 secs] 7823457K->7814899K(30070848K), 1.1376580 secs] [Times: user=3.45 sys=11.27, real=1.14 secs] 
2013-04-23T03:54:36.175+0200: [GC [ParNew: 3040832K->337856K(3040832K), 1.1265230 secs] 10517875K->10568595K(30070848K), 1.1266020 secs] [Times: user=3.47 sys=11.09, real=1.13 secs] 
2013-04-23T03:54:38.078+0200: [GC [ParNew: 3040832K->337856K(3040832K), 1.1457720 secs] 13271571K->13299111K(30070848K), 1.1458210 secs] [Times: user=3.72 sys=11.10, real=1.14 secs] 
2013-04-23T03:54:39.992+0200: [GC [ParNew: 3040832K->337856K(3040832K), 1.4521050 secs] 16002087K->16016885K(30070848K), 1.4521640 secs] [Times: user=16.12 sys=2.56, real=1.45 secs] 
2013-04-23T03:54:42.213+0200: [GC [ParNew: 3040832K->337856K(3040832K), 1.0891790 secs] 18719861K->18721982K(30070848K), 1.0892490 secs] [Times: user=3.44 sys=10.62, real=1.09 secs] 
2013-04-23T03:54:44.091+0200: [GC [ParNew: 3040832K->337856K(3040832K), 1.1409730 secs] 21424958K->21442731K(30070848K), 1.1410260 secs] [Times: user=3.74 sys=11.01, real=1.14 secs] 
2013-04-23T03:54:56.499+0200: [GC [ParNew: 3040832K->337856K(3040832K), 1.5819540 secs] 24145707K->23551813K(30070848K), 1.5821440 secs] [Times: user=18.43 sys=1.77, real=1.58 secs] 
2013-04-23T03:55:23.179+0200: [GC [ParNew: 3038086K->337856K(3040832K), 0.2397980 secs] 26252044K->23984971K(30070848K), 0.2400230 secs] [Times: user=2.03 sys=0.92, real=0.24 secs] 
2013-04-23T03:57:30.764+0200: [GC [ParNew: 3040832K->337856K(3040832K), 0.2641240 secs] 26687947K->24452475K(30070848K), 0.2643400 secs] [Times: user=2.39 sys=0.91, real=0.27 secs] 
BROKEN RECORDS: 0
BROKEN RECORDS: 0
BROKEN RECORDS: 0
BROKEN RECORDS: 0
BROKEN RECORDS: 0
BROKEN RECORDS: 0
BROKEN RECORDS: 0
BROKEN RECORDS: 0
BROKEN RECORDS: 0
BROKEN RECORDS: 0
BROKEN RECORDS: 0
BROKEN RECORDS: 0
BROKEN RECORDS: 0
BROKEN RECORDS: 0
BROKEN RECORDS: 0
BROKEN RECORDS: 0
BROKEN RECORDS: 0
BROKEN RECORDS: 0
BROKEN RECORDS: 0
BROKEN RECORDS: 0
BROKEN RECORDS: 0
BROKEN RECORDS: 0
BROKEN RECORDS: 0
BROKEN RECORDS: 0
BROKEN RECORDS: 0
BROKEN RECORDS: 0
BROKEN RECORDS: 0
BROKEN RECORDS: 0
BROKEN RECORDS: 0
BROKEN RECORDS: 0
BROKEN RECORDS: 0
BROKEN RECORDS: 0
BROKEN RECORDS: 0
BROKEN RECORDS: 0
BROKEN RECORDS: 0
BROKEN RECORDS: 0
BROKEN RECORDS: 0
BROKEN RECORDS: 0
BROKEN RECORDS: 0
BROKEN RECORDS: 0
BROKEN RECORDS: 0
BROKEN RECORDS: 0
BROKEN RECORDS: 0
BROKEN RECORDS: 0
BROKEN RECORDS: 0
BROKEN RECORDS: 0
BROKEN RECORDS: 0
BROKEN RECORDS: 0
BROKEN RECORDS: 0
BROKEN RECORDS: 0
BROKEN RECORDS: 0
BROKEN RECORDS: 0
BROKEN RECORDS: 0
BROKEN RECORDS: 0
BROKEN RECORDS: 0
BROKEN RECORDS: 0
BROKEN RECORDS: 0
BROKEN RECORDS: 0
BROKEN RECORDS: 0
BROKEN RECORDS: 0
BROKEN RECORDS: 0
BROKEN RECORDS: 0
BROKEN RECORDS: 0
BROKEN RECORDS: 0
BROKEN RECORDS: 0
BROKEN RECORDS: 0
BROKEN RECORDS: 0
BROKEN RECORDS: 0
BROKEN RECORDS: 0
BROKEN RECORDS: 0
BROKEN RECORDS: 0
BROKEN RECORDS: 0
BROKEN RECORDS: 0
BROKEN RECORDS: 0
BROKEN RECORDS: 0
BROKEN RECORDS: 0
BROKEN RECORDS: 0
BROKEN RECORDS: 0
BROKEN RECORDS: 0
BROKEN RECORDS: 0
2013-04-23T04:03:41.290+0200: [GC [ParNew: 3040832K->3040832K(3040832K), 0.0000460 secs][Tenured: 24114619K->24410068K(27030016K), 2.1003730 secs] 27155451K->24410068K(30070848K), [Perm : 12841K->12841K(21248K)], 2.1006580 secs] [Times: user=1.93 sys=0.14, real=2.10 secs] 
BROKEN RECORDS: 0
BROKEN RECORDS: 0
BROKEN RECORDS: 0
BROKEN RECORDS: 0
BROKEN RECORDS: 0
BROKEN RECORDS: 0
BROKEN RECORDS: 0
BROKEN RECORDS: 0
