2013-04-23T03:54:31.133+0200: [GC [ParNew: 2702976K->337855K(3040832K), 0.9974030 secs] 2702976K->2493386K(30070848K), 0.9975040 secs] [Times: user=2.32 sys=10.38, real=1.00 secs] 
2013-04-23T03:54:32.966+0200: [GC [ParNew: 3040831K->337856K(3040832K), 1.1186430 secs] 5196362K->5128975K(30070848K), 1.1187300 secs] [Times: user=2.53 sys=11.92, real=1.12 secs] 
2013-04-23T03:54:34.929+0200: [GC [ParNew: 3040832K->337856K(3040832K), 1.1282440 secs] 7831951K->7824706K(30070848K), 1.1283010 secs] [Times: user=3.21 sys=11.26, real=1.13 secs] 
2013-04-23T03:54:36.839+0200: [GC [ParNew: 3040832K->337856K(3040832K), 1.1244190 secs] 10527682K->10564955K(30070848K), 1.1244690 secs] [Times: user=3.30 sys=11.25, real=1.13 secs] 
2013-04-23T03:54:38.736+0200: [GC [ParNew: 3040832K->337856K(3040832K), 1.1326300 secs] 13267931K->13295311K(30070848K), 1.1327100 secs] [Times: user=3.40 sys=11.07, real=1.13 secs] 
2013-04-23T03:54:40.644+0200: [GC [ParNew: 3040832K->337856K(3040832K), 1.6379480 secs] 15998287K->15983279K(30070848K), 1.6380220 secs] [Times: user=18.42 sys=2.72, real=1.64 secs] 
2013-04-23T03:54:43.045+0200: [GC [ParNew: 3040832K->337856K(3040832K), 1.0988130 secs] 18686255K->18730283K(30070848K), 1.0988930 secs] [Times: user=3.29 sys=10.91, real=1.10 secs] 
2013-04-23T03:54:44.898+0200: [GC [ParNew: 3040832K->337856K(3040832K), 1.1256870 secs] 21433259K->21420106K(30070848K), 1.1257470 secs] [Times: user=3.82 sys=10.40, real=1.13 secs] 
2013-04-23T03:54:56.452+0200: [GC [ParNew: 3040832K->337856K(3040832K), 1.4777130 secs] 24123082K->23548878K(30070848K), 1.4778220 secs] [Times: user=17.06 sys=1.92, real=1.48 secs] 
2013-04-23T03:55:38.079+0200: [GC [ParNew: 3037265K->337856K(3040832K), 0.2406780 secs] 26248287K->23858242K(30070848K), 0.2408710 secs] [Times: user=2.30 sys=0.42, real=0.24 secs] 
BROKEN RECORDS: 0
BROKEN RECORDS: 0
BROKEN RECORDS: 0
BROKEN RECORDS: 0
BROKEN RECORDS: 0
BROKEN RECORDS: 0
BROKEN RECORDS: 0
BROKEN RECORDS: 0
2013-04-23T03:59:14.651+0200: [GC [ParNew: 3040832K->337856K(3040832K), 0.1827810 secs] 26561218K->24101903K(30070848K), 0.1829640 secs] [Times: user=1.82 sys=0.31, real=0.18 secs] 
BROKEN RECORDS: 0
BROKEN RECORDS: 0
BROKEN RECORDS: 0
BROKEN RECORDS: 0
BROKEN RECORDS: 0
BROKEN RECORDS: 0
BROKEN RECORDS: 0
BROKEN RECORDS: 0
BROKEN RECORDS: 0
BROKEN RECORDS: 0
BROKEN RECORDS: 0
BROKEN RECORDS: 0
BROKEN RECORDS: 0
BROKEN RECORDS: 0
BROKEN RECORDS: 0
BROKEN RECORDS: 0
BROKEN RECORDS: 0
BROKEN RECORDS: 0
BROKEN RECORDS: 0
BROKEN RECORDS: 0
BROKEN RECORDS: 0
BROKEN RECORDS: 0
BROKEN RECORDS: 0
BROKEN RECORDS: 0
BROKEN RECORDS: 0
BROKEN RECORDS: 0
BROKEN RECORDS: 0
BROKEN RECORDS: 0
BROKEN RECORDS: 0
BROKEN RECORDS: 0
BROKEN RECORDS: 0
BROKEN RECORDS: 0
BROKEN RECORDS: 0
BROKEN RECORDS: 0
BROKEN RECORDS: 0
BROKEN RECORDS: 0
BROKEN RECORDS: 0
BROKEN RECORDS: 0
BROKEN RECORDS: 0
BROKEN RECORDS: 0
BROKEN RECORDS: 0
BROKEN RECORDS: 0
BROKEN RECORDS: 0
BROKEN RECORDS: 0
BROKEN RECORDS: 0
BROKEN RECORDS: 0
BROKEN RECORDS: 0
BROKEN RECORDS: 0
BROKEN RECORDS: 0
BROKEN RECORDS: 0
BROKEN RECORDS: 0
BROKEN RECORDS: 0
BROKEN RECORDS: 0
BROKEN RECORDS: 0
BROKEN RECORDS: 0
BROKEN RECORDS: 0
BROKEN RECORDS: 0
BROKEN RECORDS: 0
BROKEN RECORDS: 0
BROKEN RECORDS: 0
BROKEN RECORDS: 0
BROKEN RECORDS: 0
BROKEN RECORDS: 0
BROKEN RECORDS: 0
BROKEN RECORDS: 0
BROKEN RECORDS: 0
BROKEN RECORDS: 0
BROKEN RECORDS: 0
BROKEN RECORDS: 0
BROKEN RECORDS: 0
BROKEN RECORDS: 0
BROKEN RECORDS: 0
2013-04-23T04:03:45.985+0200: [GC [ParNew: 3040832K->186334K(3040832K), 0.1949480 secs] 26804879K->24218753K(30070848K), 0.1951830 secs] [Times: user=1.63 sys=0.31, real=0.20 secs] 
BROKEN RECORDS: 0
BROKEN RECORDS: 0
BROKEN RECORDS: 0
BROKEN RECORDS: 0
BROKEN RECORDS: 0
BROKEN RECORDS: 0
BROKEN RECORDS: 0
BROKEN RECORDS: 0
