2013-04-23T03:54:30.353+0200: [GC [ParNew: 2702976K->337856K(3040832K), 0.9893280 secs] 2702976K->2486218K(30070848K), 0.9894040 secs] [Times: user=2.14 sys=10.29, real=0.99 secs] 
2013-04-23T03:54:32.178+0200: [GC [ParNew: 3040832K->337856K(3040832K), 1.1073320 secs] 5189194K->5116139K(30070848K), 1.1073900 secs] [Times: user=2.60 sys=11.63, real=1.10 secs] 
2013-04-23T03:54:34.095+0200: [GC [ParNew: 3040832K->337856K(3040832K), 1.1354870 secs] 7819115K->7811358K(30070848K), 1.1355350 secs] [Times: user=3.29 sys=11.28, real=1.13 secs] 
2013-04-23T03:54:36.006+0200: [GC [ParNew: 3040832K->337856K(3040832K), 1.0727210 secs] 10514334K->10551447K(30070848K), 1.0727670 secs] [Times: user=2.97 sys=10.71, real=1.07 secs] 
2013-04-23T03:54:37.853+0200: [GC [ParNew: 3040832K->337856K(3040832K), 1.1275610 secs] 13254423K->13282923K(30070848K), 1.1276030 secs] [Times: user=3.46 sys=11.13, real=1.13 secs] 
2013-04-23T03:54:39.711+0200: [GC [ParNew: 3040832K->337856K(3040832K), 1.4198330 secs] 15985899K->15997144K(30070848K), 1.4199030 secs] [Times: user=15.83 sys=2.51, real=1.42 secs] 
2013-04-23T03:54:41.896+0200: [GC [ParNew: 3040832K->337856K(3040832K), 1.0979880 secs] 18700120K->18727788K(30070848K), 1.0980430 secs] [Times: user=3.54 sys=10.43, real=1.09 secs] 
2013-04-23T03:54:43.745+0200: [GC [ParNew: 3040832K->337856K(3040832K), 1.1199400 secs] 21430764K->21427920K(30070848K), 1.1199940 secs] [Times: user=3.63 sys=10.86, real=1.12 secs] 
2013-04-23T03:54:56.431+0200: [GC [ParNew: 3040832K->337856K(3040832K), 1.4811540 secs] 24130896K->23533833K(30070848K), 1.4812350 secs] [Times: user=17.25 sys=1.88, real=1.48 secs] 
2013-04-23T03:55:30.369+0200: [GC [ParNew: 3032963K->337856K(3040832K), 0.2149470 secs] 26228941K->23903669K(30070848K), 0.2152150 secs] [Times: user=2.13 sys=0.54, real=0.22 secs] 
2013-04-23T03:57:55.750+0200: [GC [ParNew: 3037024K->337856K(3040832K), 0.2074760 secs] 26602837K->24241676K(30070848K), 0.2077650 secs] [Times: user=2.14 sys=0.43, real=0.21 secs] 
BROKEN RECORDS: 0
BROKEN RECORDS: 0
BROKEN RECORDS: 0
BROKEN RECORDS: 0
BROKEN RECORDS: 0
BROKEN RECORDS: 0
BROKEN RECORDS: 0
BROKEN RECORDS: 0
BROKEN RECORDS: 0
BROKEN RECORDS: 0
BROKEN RECORDS: 0
BROKEN RECORDS: 0
BROKEN RECORDS: 0
BROKEN RECORDS: 0
BROKEN RECORDS: 0
BROKEN RECORDS: 0
BROKEN RECORDS: 0
BROKEN RECORDS: 0
BROKEN RECORDS: 0
BROKEN RECORDS: 0
BROKEN RECORDS: 0
BROKEN RECORDS: 0
BROKEN RECORDS: 0
BROKEN RECORDS: 0
BROKEN RECORDS: 0
BROKEN RECORDS: 0
BROKEN RECORDS: 0
BROKEN RECORDS: 0
BROKEN RECORDS: 0
BROKEN RECORDS: 0
BROKEN RECORDS: 0
BROKEN RECORDS: 0
BROKEN RECORDS: 0
BROKEN RECORDS: 0
BROKEN RECORDS: 0
BROKEN RECORDS: 0
BROKEN RECORDS: 0
BROKEN RECORDS: 0
BROKEN RECORDS: 0
BROKEN RECORDS: 0
BROKEN RECORDS: 0
BROKEN RECORDS: 0
BROKEN RECORDS: 0
BROKEN RECORDS: 0
BROKEN RECORDS: 0
BROKEN RECORDS: 0
BROKEN RECORDS: 0
BROKEN RECORDS: 0
BROKEN RECORDS: 0
BROKEN RECORDS: 0
BROKEN RECORDS: 0
BROKEN RECORDS: 0
BROKEN RECORDS: 0
BROKEN RECORDS: 0
BROKEN RECORDS: 0
BROKEN RECORDS: 0
BROKEN RECORDS: 0
BROKEN RECORDS: 0
BROKEN RECORDS: 0
BROKEN RECORDS: 0
BROKEN RECORDS: 0
BROKEN RECORDS: 0
BROKEN RECORDS: 0
BROKEN RECORDS: 0
BROKEN RECORDS: 0
BROKEN RECORDS: 0
BROKEN RECORDS: 0
BROKEN RECORDS: 0
BROKEN RECORDS: 0
BROKEN RECORDS: 0
BROKEN RECORDS: 0
BROKEN RECORDS: 0
BROKEN RECORDS: 0
BROKEN RECORDS: 0
BROKEN RECORDS: 0
BROKEN RECORDS: 0
BROKEN RECORDS: 0
BROKEN RECORDS: 0
BROKEN RECORDS: 0
BROKEN RECORDS: 0
2013-04-23T04:03:41.774+0200: [GC [ParNew: 3040832K->196188K(3040832K), 0.1533560 secs] 26944652K->24410615K(30070848K), 0.1536420 secs] [Times: user=1.38 sys=0.42, real=0.15 secs] 
BROKEN RECORDS: 0
BROKEN RECORDS: 0
BROKEN RECORDS: 0
BROKEN RECORDS: 0
BROKEN RECORDS: 0
BROKEN RECORDS: 0
BROKEN RECORDS: 0
BROKEN RECORDS: 0
