2013-04-23T03:54:31.066+0200: [GC [ParNew: 2702976K->337856K(3040832K), 0.9918430 secs] 2702976K->2483649K(30070848K), 0.9919190 secs] [Times: user=2.23 sys=10.26, real=0.99 secs] 
2013-04-23T03:54:33.060+0200: [GC [ParNew: 3040832K->337856K(3040832K), 1.1367830 secs] 5186625K->5113366K(30070848K), 1.1368590 secs] [Times: user=2.83 sys=11.75, real=1.14 secs] 
2013-04-23T03:54:35.162+0200: [GC [ParNew: 3040832K->337856K(3040832K), 1.1230140 secs] 7816342K->7809545K(30070848K), 1.1230860 secs] [Times: user=3.16 sys=11.17, real=1.13 secs] 
2013-04-23T03:54:37.247+0200: [GC [ParNew: 3040832K->337856K(3040832K), 1.1086660 secs] 10512521K->10560488K(30070848K), 1.1087460 secs] [Times: user=3.17 sys=11.17, real=1.11 secs] 
2013-04-23T03:54:39.330+0200: [GC [ParNew: 3040832K->337856K(3040832K), 1.1328880 secs] 13263464K->13283352K(30070848K), 1.1329440 secs] [Times: user=3.46 sys=11.02, real=1.13 secs] 
2013-04-23T03:54:41.390+0200: [GC [ParNew: 3040832K->337856K(3040832K), 1.5760120 secs] 15986328K->15989793K(30070848K), 1.5760640 secs] [Times: user=17.92 sys=2.43, real=1.58 secs] 
2013-04-23T03:54:43.934+0200: [GC [ParNew: 3040832K->337856K(3040832K), 1.0993870 secs] 18692769K->18718837K(30070848K), 1.0994450 secs] [Times: user=3.55 sys=10.55, real=1.10 secs] 
2013-04-23T03:54:46.001+0200: [GC [ParNew: 3040832K->337856K(3040832K), 1.1217250 secs] 21421813K->21416567K(30070848K), 1.1217960 secs] [Times: user=3.78 sys=10.25, real=1.12 secs] 
2013-04-23T03:54:56.417+0200: [GC [ParNew: 3040832K->337856K(3040832K), 1.3786810 secs] 24119543K->23521327K(30070848K), 1.3787840 secs] [Times: user=15.93 sys=1.91, real=1.38 secs] 
2013-04-23T03:55:28.997+0200: [GC [ParNew: 3038810K->337856K(3040832K), 0.4724590 secs] 26222282K->23889528K(30070848K), 0.4727000 secs] [Times: user=3.62 sys=0.52, real=0.47 secs] 
2013-04-23T03:58:04.100+0200: [GC [ParNew: 3037154K->337856K(3040832K), 0.2354070 secs] 26588827K->24354360K(30070848K), 0.2355660 secs] [Times: user=2.13 sys=0.74, real=0.23 secs] 
BROKEN RECORDS: 0
BROKEN RECORDS: 0
BROKEN RECORDS: 0
BROKEN RECORDS: 0
BROKEN RECORDS: 0
BROKEN RECORDS: 0
BROKEN RECORDS: 0
BROKEN RECORDS: 0
BROKEN RECORDS: 0
BROKEN RECORDS: 0
BROKEN RECORDS: 0
BROKEN RECORDS: 0
BROKEN RECORDS: 0
BROKEN RECORDS: 0
BROKEN RECORDS: 0
BROKEN RECORDS: 0
BROKEN RECORDS: 0
BROKEN RECORDS: 0
BROKEN RECORDS: 0
BROKEN RECORDS: 0
BROKEN RECORDS: 0
BROKEN RECORDS: 0
BROKEN RECORDS: 0
BROKEN RECORDS: 0
BROKEN RECORDS: 0
BROKEN RECORDS: 0
BROKEN RECORDS: 0
BROKEN RECORDS: 0
BROKEN RECORDS: 0
BROKEN RECORDS: 0
BROKEN RECORDS: 0
BROKEN RECORDS: 0
BROKEN RECORDS: 0
BROKEN RECORDS: 0
BROKEN RECORDS: 0
BROKEN RECORDS: 0
BROKEN RECORDS: 0
BROKEN RECORDS: 0
BROKEN RECORDS: 0
BROKEN RECORDS: 0
BROKEN RECORDS: 0
BROKEN RECORDS: 0
BROKEN RECORDS: 0
BROKEN RECORDS: 0
BROKEN RECORDS: 0
BROKEN RECORDS: 0
BROKEN RECORDS: 0
BROKEN RECORDS: 0
BROKEN RECORDS: 0
BROKEN RECORDS: 0
BROKEN RECORDS: 0
BROKEN RECORDS: 0
BROKEN RECORDS: 0
BROKEN RECORDS: 0
BROKEN RECORDS: 0
BROKEN RECORDS: 0
BROKEN RECORDS: 0
BROKEN RECORDS: 0
BROKEN RECORDS: 0
BROKEN RECORDS: 0
BROKEN RECORDS: 0
BROKEN RECORDS: 0
BROKEN RECORDS: 0
BROKEN RECORDS: 0
BROKEN RECORDS: 0
BROKEN RECORDS: 0
BROKEN RECORDS: 0
BROKEN RECORDS: 0
BROKEN RECORDS: 0
BROKEN RECORDS: 0
BROKEN RECORDS: 0
BROKEN RECORDS: 0
BROKEN RECORDS: 0
BROKEN RECORDS: 0
BROKEN RECORDS: 0
BROKEN RECORDS: 0
BROKEN RECORDS: 0
BROKEN RECORDS: 0
BROKEN RECORDS: 0
BROKEN RECORDS: 0
2013-04-23T04:03:41.902+0200: [GC [ParNew: 3040832K->3040832K(3040832K), 0.0000450 secs] 27057336K->27057336K(30070848K), 0.0002600 secs] [Times: user=0.00 sys=0.00, real=0.00 secs] 
GC locker: Trying a full collection because scavenge failed
2013-04-23T04:03:41.902+0200: [Full GC [Tenured: 24016504K->24325420K(27030016K), 2.4996190 secs] 27057336K->24325420K(30070848K), [Perm : 12826K->12826K(21248K)], 2.4997430 secs] [Times: user=2.31 sys=0.19, real=2.50 secs] 
BROKEN RECORDS: 0
BROKEN RECORDS: 0
BROKEN RECORDS: 0
BROKEN RECORDS: 0
BROKEN RECORDS: 0
BROKEN RECORDS: 0
BROKEN RECORDS: 0
BROKEN RECORDS: 0
