2013-04-23T03:54:29.458+0200: [GC [ParNew: 2702976K->337855K(3040832K), 1.0143850 secs] 2702976K->2491213K(30070848K), 1.0144710 secs] [Times: user=2.44 sys=10.17, real=1.01 secs] 
2013-04-23T03:54:31.309+0200: [GC [ParNew: 3040831K->337856K(3040832K), 1.1319710 secs] 5194189K->5119431K(30070848K), 1.1320280 secs] [Times: user=2.76 sys=11.82, real=1.13 secs] 
2013-04-23T03:54:33.257+0200: [GC [ParNew: 3040832K->337856K(3040832K), 1.1317560 secs] 7822407K->7813305K(30070848K), 1.1318230 secs] [Times: user=3.27 sys=11.37, real=1.14 secs] 
2013-04-23T03:54:35.164+0200: [GC [ParNew: 3040832K->337856K(3040832K), 1.0785070 secs] 10516281K->10537259K(30070848K), 1.0785540 secs] [Times: user=3.31 sys=10.41, real=1.08 secs] 
2013-04-23T03:54:37.038+0200: [GC [ParNew: 3040832K->337856K(3040832K), 1.1418690 secs] 13240235K->13254648K(30070848K), 1.1419200 secs] [Times: user=3.40 sys=11.37, real=1.14 secs] 
2013-04-23T03:54:38.955+0200: [GC [ParNew: 3040832K->337856K(3040832K), 1.6200580 secs] 15957624K->15985453K(30070848K), 1.6201000 secs] [Times: user=18.64 sys=2.33, real=1.62 secs] 
2013-04-23T03:54:41.354+0200: [GC [ParNew: 3040832K->337856K(3040832K), 1.0927890 secs] 18688429K->18672844K(30070848K), 1.0928720 secs] [Times: user=3.46 sys=10.62, real=1.10 secs] 
2013-04-23T03:54:43.215+0200: [GC [ParNew: 3040832K->337856K(3040832K), 1.1246810 secs] 21375820K->21367309K(30070848K), 1.1247410 secs] [Times: user=3.85 sys=10.68, real=1.13 secs] 
2013-04-23T03:54:56.474+0200: [GC [ParNew: 3040832K->337856K(3040832K), 1.5402510 secs] 24070285K->23503733K(30070848K), 1.5403670 secs] [Times: user=17.70 sys=1.97, real=1.54 secs] 
2013-04-23T03:55:25.195+0200: [GC [ParNew: 3039338K->337856K(3040832K), 0.2976820 secs] 26205216K->23913380K(30070848K), 0.2978900 secs] [Times: user=2.53 sys=0.72, real=0.29 secs] 
2013-04-23T03:57:26.196+0200: [GC [ParNew: 3040832K->337856K(3040832K), 0.2686950 secs] 26682024K->24381063K(30070848K), 0.2688630 secs] [Times: user=2.35 sys=0.87, real=0.27 secs] 
BROKEN RECORDS: 0
BROKEN RECORDS: 0
BROKEN RECORDS: 0
BROKEN RECORDS: 0
BROKEN RECORDS: 0
BROKEN RECORDS: 0
BROKEN RECORDS: 0
BROKEN RECORDS: 0
BROKEN RECORDS: 0
BROKEN RECORDS: 0
BROKEN RECORDS: 0
BROKEN RECORDS: 0
BROKEN RECORDS: 0
BROKEN RECORDS: 0
BROKEN RECORDS: 0
BROKEN RECORDS: 0
BROKEN RECORDS: 0
BROKEN RECORDS: 0
BROKEN RECORDS: 0
BROKEN RECORDS: 0
BROKEN RECORDS: 0
BROKEN RECORDS: 0
BROKEN RECORDS: 0
BROKEN RECORDS: 0
