2013-04-23T03:54:29.427+0200: [GC [ParNew: 2702976K->337856K(3040832K), 1.0056720 secs] 2702976K->2483170K(30070848K), 1.0057690 secs] [Times: user=2.34 sys=9.90, real=1.01 secs] 
2013-04-23T03:54:31.624+0200: [GC [ParNew: 3040832K->337856K(3040832K), 1.1248800 secs] 5186146K->5120694K(30070848K), 1.1249700 secs] [Times: user=2.78 sys=11.73, real=1.13 secs] 
2013-04-23T03:54:33.911+0200: [GC [ParNew: 3040832K->337856K(3040832K), 1.1099870 secs] 7823670K->7812167K(30070848K), 1.1100620 secs] [Times: user=3.26 sys=11.01, real=1.10 secs] 
2013-04-23T03:54:36.160+0200: [GC [ParNew: 3040832K->337856K(3040832K), 1.1027740 secs] 10515143K->10541371K(30070848K), 1.1028310 secs] [Times: user=3.39 sys=10.84, real=1.11 secs] 
2013-04-23T03:54:38.404+0200: [GC [ParNew: 3040832K->337856K(3040832K), 1.1416500 secs] 13244347K->13265868K(30070848K), 1.1416980 secs] [Times: user=3.64 sys=11.14, real=1.14 secs] 
2013-04-23T03:54:40.655+0200: [GC [ParNew: 3040832K->337856K(3040832K), 1.5008680 secs] 15968844K->15965714K(30070848K), 1.5009340 secs] [Times: user=16.68 sys=2.55, real=1.50 secs] 
2013-04-23T03:54:43.256+0200: [GC [ParNew: 3040832K->337856K(3040832K), 1.0878420 secs] 18668690K->18698407K(30070848K), 1.0879160 secs] [Times: user=3.70 sys=10.38, real=1.09 secs] 
2013-04-23T03:54:45.464+0200: [GC [ParNew: 3040832K->337856K(3040832K), 1.1363290 secs] 21401383K->21395594K(30070848K), 1.1363850 secs] [Times: user=4.09 sys=10.35, real=1.14 secs] 
2013-04-23T03:54:56.476+0200: [GC [ParNew: 3040832K->337856K(3040832K), 1.3612510 secs] 24098570K->23535283K(30070848K), 1.3613610 secs] [Times: user=15.85 sys=1.64, real=1.37 secs] 
2013-04-23T03:55:33.102+0200: [GC [ParNew: 3039471K->337856K(3040832K), 0.2403920 secs] 26236898K->23892132K(30070848K), 0.2406090 secs] [Times: user=2.17 sys=0.75, real=0.24 secs] 
2013-04-23T03:58:13.986+0200: [GC [ParNew: 3037908K->337856K(3040832K), 0.2711550 secs] 26592184K->24423865K(30070848K), 0.2713230 secs] [Times: user=2.50 sys=0.86, real=0.27 secs] 
BROKEN RECORDS: 0
BROKEN RECORDS: 0
BROKEN RECORDS: 0
BROKEN RECORDS: 0
BROKEN RECORDS: 0
BROKEN RECORDS: 0
BROKEN RECORDS: 0
BROKEN RECORDS: 0
BROKEN RECORDS: 0
BROKEN RECORDS: 0
BROKEN RECORDS: 0
BROKEN RECORDS: 0
BROKEN RECORDS: 0
BROKEN RECORDS: 0
BROKEN RECORDS: 0
BROKEN RECORDS: 0
BROKEN RECORDS: 0
BROKEN RECORDS: 0
BROKEN RECORDS: 0
BROKEN RECORDS: 0
BROKEN RECORDS: 0
BROKEN RECORDS: 0
BROKEN RECORDS: 0
BROKEN RECORDS: 0
BROKEN RECORDS: 0
BROKEN RECORDS: 0
BROKEN RECORDS: 0
BROKEN RECORDS: 0
BROKEN RECORDS: 0
BROKEN RECORDS: 0
BROKEN RECORDS: 0
BROKEN RECORDS: 0
BROKEN RECORDS: 0
BROKEN RECORDS: 0
BROKEN RECORDS: 0
BROKEN RECORDS: 0
BROKEN RECORDS: 0
BROKEN RECORDS: 0
BROKEN RECORDS: 0
BROKEN RECORDS: 0
BROKEN RECORDS: 0
BROKEN RECORDS: 0
BROKEN RECORDS: 0
BROKEN RECORDS: 0
BROKEN RECORDS: 0
BROKEN RECORDS: 0
BROKEN RECORDS: 0
BROKEN RECORDS: 0
BROKEN RECORDS: 0
BROKEN RECORDS: 0
BROKEN RECORDS: 0
BROKEN RECORDS: 0
BROKEN RECORDS: 0
BROKEN RECORDS: 0
BROKEN RECORDS: 0
BROKEN RECORDS: 0
BROKEN RECORDS: 0
BROKEN RECORDS: 0
BROKEN RECORDS: 0
BROKEN RECORDS: 0
BROKEN RECORDS: 0
BROKEN RECORDS: 0
BROKEN RECORDS: 0
BROKEN RECORDS: 0
BROKEN RECORDS: 0
BROKEN RECORDS: 0
BROKEN RECORDS: 0
BROKEN RECORDS: 0
BROKEN RECORDS: 0
BROKEN RECORDS: 0
BROKEN RECORDS: 0
BROKEN RECORDS: 0
BROKEN RECORDS: 0
BROKEN RECORDS: 0
BROKEN RECORDS: 0
BROKEN RECORDS: 0
BROKEN RECORDS: 0
BROKEN RECORDS: 0
BROKEN RECORDS: 0
BROKEN RECORDS: 0
2013-04-23T04:03:41.924+0200: [GC [ParNew: 3040832K->3040832K(3040832K), 0.0000230 secs][Tenured: 24086009K->24350910K(27030016K), 2.2882740 secs] 27126841K->24350910K(30070848K), [Perm : 12817K->12817K(21248K)], 2.2884760 secs] [Times: user=2.10 sys=0.15, real=2.29 secs] 
BROKEN RECORDS: 0
BROKEN RECORDS: 0
BROKEN RECORDS: 0
BROKEN RECORDS: 0
BROKEN RECORDS: 0
BROKEN RECORDS: 0
BROKEN RECORDS: 0
BROKEN RECORDS: 0
