2013-04-23T03:54:29.734+0200: [GC [ParNew: 2702976K->337856K(3040832K), 0.9995130 secs] 2702976K->2489819K(30070848K), 0.9995860 secs] [Times: user=2.27 sys=10.06, real=1.00 secs] 
2013-04-23T03:54:31.936+0200: [GC [ParNew: 3040832K->337856K(3040832K), 1.1379810 secs] 5192795K->5122090K(30070848K), 1.1380480 secs] [Times: user=3.05 sys=11.33, real=1.14 secs] 
2013-04-23T03:54:34.225+0200: [GC [ParNew: 3040832K->337856K(3040832K), 1.1163550 secs] 7825066K->7817949K(30070848K), 1.1164090 secs] [Times: user=3.44 sys=11.02, real=1.12 secs] 
2013-04-23T03:54:36.471+0200: [GC [ParNew: 3040832K->337856K(3040832K), 1.1108670 secs] 10520925K->10559287K(30070848K), 1.1109230 secs] [Times: user=3.29 sys=10.98, real=1.12 secs] 
2013-04-23T03:54:38.737+0200: [GC [ParNew: 3040832K->337856K(3040832K), 1.1318220 secs] 13262263K->13287337K(30070848K), 1.1318760 secs] [Times: user=3.44 sys=11.21, real=1.13 secs] 
2013-04-23T03:54:40.978+0200: [GC [ParNew: 3040832K->337856K(3040832K), 1.6108420 secs] 15990313K->15996564K(30070848K), 1.6109160 secs] [Times: user=18.39 sys=2.33, real=1.61 secs] 
2013-04-23T03:54:43.709+0200: [GC [ParNew: 3040832K->337856K(3040832K), 1.1354310 secs] 18699540K->18726696K(30070848K), 1.1355070 secs] [Times: user=3.67 sys=10.99, real=1.14 secs] 
2013-04-23T03:54:45.963+0200: [GC [ParNew: 3040832K->337856K(3040832K), 1.1289410 secs] 21429672K->21424427K(30070848K), 1.1289980 secs] [Times: user=3.51 sys=11.11, real=1.12 secs] 
2013-04-23T03:54:56.309+0200: [GC [ParNew: 3040832K->337856K(3040832K), 1.5025530 secs] 24127403K->23559281K(30070848K), 1.5026640 secs] [Times: user=17.59 sys=1.90, real=1.50 secs] 
2013-04-23T03:55:29.542+0200: [GC [ParNew: 3040832K->337856K(3040832K), 0.2050600 secs] 26262257K->23816623K(30070848K), 0.2053080 secs] [Times: user=1.96 sys=0.52, real=0.20 secs] 
BROKEN RECORDS: 0
BROKEN RECORDS: 0
BROKEN RECORDS: 0
BROKEN RECORDS: 0
BROKEN RECORDS: 0
BROKEN RECORDS: 0
BROKEN RECORDS: 0
BROKEN RECORDS: 0
2013-04-23T03:58:51.008+0200: [GC [ParNew: 3040832K->337856K(3040832K), 0.1583430 secs] 26519599K->24030286K(30070848K), 0.1585090 secs] [Times: user=1.76 sys=0.26, real=0.16 secs] 
BROKEN RECORDS: 0
BROKEN RECORDS: 0
BROKEN RECORDS: 0
BROKEN RECORDS: 0
BROKEN RECORDS: 0
BROKEN RECORDS: 0
BROKEN RECORDS: 0
BROKEN RECORDS: 0
BROKEN RECORDS: 0
BROKEN RECORDS: 0
BROKEN RECORDS: 0
BROKEN RECORDS: 0
BROKEN RECORDS: 0
BROKEN RECORDS: 0
BROKEN RECORDS: 0
BROKEN RECORDS: 0
BROKEN RECORDS: 0
BROKEN RECORDS: 0
BROKEN RECORDS: 0
BROKEN RECORDS: 0
BROKEN RECORDS: 0
BROKEN RECORDS: 0
BROKEN RECORDS: 0
BROKEN RECORDS: 0
BROKEN RECORDS: 0
BROKEN RECORDS: 0
BROKEN RECORDS: 0
BROKEN RECORDS: 0
BROKEN RECORDS: 0
BROKEN RECORDS: 0
BROKEN RECORDS: 0
BROKEN RECORDS: 0
BROKEN RECORDS: 0
BROKEN RECORDS: 0
BROKEN RECORDS: 0
BROKEN RECORDS: 0
BROKEN RECORDS: 0
BROKEN RECORDS: 0
BROKEN RECORDS: 0
BROKEN RECORDS: 0
BROKEN RECORDS: 0
BROKEN RECORDS: 0
BROKEN RECORDS: 0
BROKEN RECORDS: 0
BROKEN RECORDS: 0
BROKEN RECORDS: 0
BROKEN RECORDS: 0
BROKEN RECORDS: 0
BROKEN RECORDS: 0
BROKEN RECORDS: 0
BROKEN RECORDS: 0
BROKEN RECORDS: 0
BROKEN RECORDS: 0
BROKEN RECORDS: 0
BROKEN RECORDS: 0
BROKEN RECORDS: 0
BROKEN RECORDS: 0
BROKEN RECORDS: 0
BROKEN RECORDS: 0
BROKEN RECORDS: 0
BROKEN RECORDS: 0
BROKEN RECORDS: 0
BROKEN RECORDS: 0
BROKEN RECORDS: 0
BROKEN RECORDS: 0
BROKEN RECORDS: 0
BROKEN RECORDS: 0
BROKEN RECORDS: 0
BROKEN RECORDS: 0
BROKEN RECORDS: 0
BROKEN RECORDS: 0
BROKEN RECORDS: 0
2013-04-23T04:03:42.292+0200: [GC [ParNew: 3040832K->172366K(3040832K), 0.1538440 secs] 26733262K->24105249K(30070848K), 0.1540770 secs] [Times: user=1.51 sys=0.26, real=0.15 secs] 
BROKEN RECORDS: 0
BROKEN RECORDS: 0
BROKEN RECORDS: 0
BROKEN RECORDS: 0
BROKEN RECORDS: 0
BROKEN RECORDS: 0
BROKEN RECORDS: 0
BROKEN RECORDS: 0
