2013-06-07T16:40:41.281+0200: [GC [ParNew: 2702976K->337856K(3040832K), 0.9528190 secs] 2702976K->2490878K(30070848K), 0.9529100 secs] [Times: user=2.36 sys=9.64, real=0.96 secs] 
2013-06-07T16:40:42.981+0200: [GC [ParNew: 3040832K->337856K(3040832K), 1.0643740 secs] 5193854K->5124255K(30070848K), 1.0644530 secs] [Times: user=2.94 sys=10.79, real=1.07 secs] 
2013-06-07T16:40:44.793+0200: [GC [ParNew: 3040832K->337856K(3040832K), 1.0804490 secs] 7827231K->7815440K(30070848K), 1.0805300 secs] [Times: user=3.51 sys=10.48, real=1.08 secs] 
2013-06-07T16:40:46.592+0200: [GC [ParNew: 3040832K->337856K(3040832K), 1.0454030 secs] 10518416K->10571089K(30070848K), 1.0454920 secs] [Times: user=3.36 sys=10.18, real=1.05 secs] 
2013-06-07T16:40:48.338+0200: [GC [ParNew: 3040832K->337856K(3040832K), 1.0970590 secs] 13274065K->13284861K(30070848K), 1.0971390 secs] [Times: user=3.62 sys=10.59, real=1.10 secs] 
2013-06-07T16:40:50.123+0200: [GC [ParNew: 3040832K->337856K(3040832K), 1.2841920 secs] 15987837K->15977951K(30070848K), 1.2842680 secs] [Times: user=14.96 sys=1.68, real=1.29 secs] 
2013-06-07T16:40:52.114+0200: [GC [ParNew: 3040832K->337856K(3040832K), 1.0794980 secs] 18680927K->18708724K(30070848K), 1.0795770 secs] [Times: user=4.20 sys=9.75, real=1.08 secs] 
2013-06-07T16:40:53.890+0200: [GC [ParNew: 3040832K->337856K(3040832K), 1.1563760 secs] 21411700K->21380298K(30070848K), 1.1564370 secs] [Times: user=4.40 sys=10.56, real=1.16 secs] 
2013-06-07T16:41:06.647+0200: [GC [ParNew: 3040832K->337856K(3040832K), 1.3846150 secs] 24083274K->23501770K(30070848K), 1.3847060 secs] [Times: user=15.83 sys=2.12, real=1.38 secs] 
2013-06-07T16:41:19.229+0200: [GC [ParNew: 3040832K->187707K(3040832K), 0.0810470 secs] 26204746K->23351621K(30070848K), 0.0812010 secs] [Times: user=1.01 sys=0.02, real=0.08 secs] 
