2013-06-07T16:40:41.568+0200: [GC [ParNew: 2702976K->337855K(3040832K), 0.9364800 secs] 2702976K->2494669K(30070848K), 0.9365660 secs] [Times: user=2.17 sys=9.57, real=0.94 secs] 
2013-06-07T16:40:43.258+0200: [GC [ParNew: 3040831K->337856K(3040832K), 1.0665560 secs] 5197645K->5130735K(30070848K), 1.0665960 secs] [Times: user=2.94 sys=10.82, real=1.06 secs] 
2013-06-07T16:40:45.077+0200: [GC [ParNew: 3040832K->337856K(3040832K), 1.0763410 secs] 7833711K->7826819K(30070848K), 1.0763790 secs] [Times: user=3.46 sys=10.47, real=1.07 secs] 
2013-06-07T16:40:46.846+0200: [GC [ParNew: 3040832K->337856K(3040832K), 1.0218350 secs] 10529795K->10551188K(30070848K), 1.0218730 secs] [Times: user=3.25 sys=9.96, real=1.02 secs] 
2013-06-07T16:40:48.557+0200: [GC [ParNew: 3040832K->337856K(3040832K), 1.0927950 secs] 13254164K->13265792K(30070848K), 1.0928600 secs] [Times: user=3.55 sys=10.58, real=1.09 secs] 
2013-06-07T16:40:50.372+0200: [GC [ParNew: 3040832K->337856K(3040832K), 1.4106460 secs] 15968768K->15964837K(30070848K), 1.4106960 secs] [Times: user=15.93 sys=2.35, real=1.41 secs] 
2013-06-07T16:40:52.466+0200: [GC [ParNew: 3040832K->337856K(3040832K), 1.0937890 secs] 18667813K->18710850K(30070848K), 1.0938560 secs] [Times: user=3.03 sys=11.12, real=1.09 secs] 
2013-06-07T16:40:54.242+0200: [GC [ParNew: 3040832K->337856K(3040832K), 1.1385000 secs] 21413826K->21402465K(30070848K), 1.1385760 secs] [Times: user=4.02 sys=10.70, real=1.14 secs] 
2013-06-07T16:41:06.654+0200: [GC [ParNew: 3040832K->337856K(3040832K), 1.2753480 secs] 24105441K->23510363K(30070848K), 1.2754370 secs] [Times: user=15.00 sys=1.48, real=1.28 secs] 
2013-06-07T16:41:19.432+0200: [GC [ParNew: 3040832K->185621K(3040832K), 0.0925820 secs] 26213339K->23358128K(30070848K), 0.0927370 secs] [Times: user=1.17 sys=0.01, real=0.10 secs] 
