2013-06-07T16:40:42.710+0200: [GC [ParNew: 2702976K->337856K(3040832K), 0.9474840 secs] 2702976K->2492559K(30070848K), 0.9475620 secs] [Times: user=2.10 sys=9.91, real=0.94 secs] 
2013-06-07T16:40:44.411+0200: [GC [ParNew: 3040832K->337856K(3040832K), 1.0667320 secs] 5195535K->5130238K(30070848K), 1.0667890 secs] [Times: user=2.74 sys=11.02, real=1.06 secs] 
2013-06-07T16:40:46.231+0200: [GC [ParNew: 3040832K->337856K(3040832K), 1.0647890 secs] 7833214K->7819630K(30070848K), 1.0648640 secs] [Times: user=3.40 sys=10.09, real=1.06 secs] 
2013-06-07T16:40:48.030+0200: [GC [ParNew: 3040832K->337856K(3040832K), 1.0379460 secs] 10522606K->10576079K(30070848K), 1.0380230 secs] [Times: user=3.29 sys=10.16, real=1.03 secs] 
2013-06-07T16:40:49.786+0200: [GC [ParNew: 3040832K->337856K(3040832K), 1.0909590 secs] 13279055K->13292284K(30070848K), 1.0910310 secs] [Times: user=3.63 sys=10.49, real=1.09 secs] 
2013-06-07T16:40:51.602+0200: [GC [ParNew: 3040832K->337856K(3040832K), 1.5089450 secs] 15995260K->16009514K(30070848K), 1.5090010 secs] [Times: user=17.17 sys=2.18, real=1.51 secs] 
2013-06-07T16:40:53.794+0200: [GC [ParNew: 3040832K->337856K(3040832K), 1.0649710 secs] 18712490K->18750404K(30070848K), 1.0650460 secs] [Times: user=3.11 sys=10.67, real=1.06 secs] 
2013-06-07T16:40:55.572+0200: [GC [ParNew: 3040832K->337856K(3040832K), 1.1490010 secs] 21453380K->21443524K(30070848K), 1.1490760 secs] [Times: user=4.05 sys=10.82, real=1.15 secs] 
2013-06-07T16:41:06.498+0200: [GC [ParNew: 3040832K->337856K(3040832K), 1.5833790 secs] 24146500K->23516422K(30070848K), 1.5834890 secs] [Times: user=18.45 sys=2.07, real=1.58 secs] 
2013-06-07T16:41:18.963+0200: [GC [ParNew: 3040832K->187596K(3040832K), 0.0826370 secs] 26219398K->23366162K(30070848K), 0.0827650 secs] [Times: user=1.02 sys=0.03, real=0.08 secs] 
