2013-06-07T16:40:42.410+0200: [GC [ParNew: 2702976K->337856K(3040832K), 0.9575860 secs] 2702976K->2499110K(30070848K), 0.9576830 secs] [Times: user=2.34 sys=9.46, real=0.96 secs] 
2013-06-07T16:40:44.131+0200: [GC [ParNew: 3040832K->337856K(3040832K), 1.0765160 secs] 5202086K->5133335K(30070848K), 1.0765750 secs] [Times: user=2.74 sys=11.10, real=1.08 secs] 
2013-06-07T16:40:45.963+0200: [GC [ParNew: 3040832K->337856K(3040832K), 1.0782480 secs] 7836311K->7825929K(30070848K), 1.0782970 secs] [Times: user=3.26 sys=10.69, real=1.08 secs] 
2013-06-07T16:40:47.766+0200: [GC [ParNew: 3040832K->337856K(3040832K), 1.0601330 secs] 10528905K->10559583K(30070848K), 1.0601900 secs] [Times: user=3.60 sys=9.74, real=1.06 secs] 
2013-06-07T16:40:49.546+0200: [GC [ParNew: 3040832K->337856K(3040832K), 1.1065310 secs] 13262559K->13289330K(30070848K), 1.1066030 secs] [Times: user=3.57 sys=10.74, real=1.10 secs] 
2013-06-07T16:40:51.377+0200: [GC [ParNew: 3040832K->337856K(3040832K), 1.5522480 secs] 15992306K->16013284K(30070848K), 1.5524430 secs] [Times: user=18.14 sys=1.99, real=1.55 secs] 
2013-06-07T16:40:53.623+0200: [GC [ParNew: 3040832K->337856K(3040832K), 1.0881550 secs] 18716260K->18756222K(30070848K), 1.0882390 secs] [Times: user=3.27 sys=10.43, real=1.08 secs] 
2013-06-07T16:40:55.406+0200: [GC [ParNew: 3040832K->337856K(3040832K), 1.1928020 secs] 21459198K->21470857K(30070848K), 1.1928820 secs] [Times: user=4.81 sys=10.60, real=1.19 secs] 
2013-06-07T16:41:06.901+0200: [GC [ParNew: 3040832K->337856K(3040832K), 1.6813260 secs] 24173833K->23513827K(30070848K), 1.6814540 secs] [Times: user=19.88 sys=1.93, real=1.69 secs] 
2013-06-07T16:41:18.602+0200: [GC [ParNew: 3040832K->189344K(3040832K), 0.0821470 secs] 26216803K->23365315K(30070848K), 0.0823060 secs] [Times: user=1.04 sys=0.01, real=0.08 secs] 
