2013-06-07T16:40:41.417+0200: [GC [ParNew: 2702976K->337855K(3040832K), 0.9262830 secs] 2702976K->2484663K(30070848K), 0.9263530 secs] [Times: user=2.16 sys=9.34, real=0.93 secs] 
2013-06-07T16:40:43.047+0200: [GC [ParNew: 3040831K->337856K(3040832K), 1.0679720 secs] 5187639K->5119237K(30070848K), 1.0680260 secs] [Times: user=2.68 sys=11.12, real=1.07 secs] 
2013-06-07T16:40:44.858+0200: [GC [ParNew: 3040832K->337856K(3040832K), 1.0644520 secs] 7822213K->7809622K(30070848K), 1.0644960 secs] [Times: user=3.19 sys=10.58, real=1.07 secs] 
2013-06-07T16:40:46.626+0200: [GC [ParNew: 3040832K->337856K(3040832K), 1.0328170 secs] 10512598K->10515070K(30070848K), 1.0328740 secs] [Times: user=3.41 sys=9.93, real=1.03 secs] 
2013-06-07T16:40:48.377+0200: [GC [ParNew: 3040832K->337856K(3040832K), 1.0764360 secs] 13218046K->13222695K(30070848K), 1.0764830 secs] [Times: user=3.22 sys=10.73, real=1.08 secs] 
2013-06-07T16:40:50.146+0200: [GC [ParNew: 3040832K->337856K(3040832K), 1.1850170 secs] 15925671K->15884826K(30070848K), 1.1850620 secs] [Times: user=13.60 sys=1.78, real=1.19 secs] 
2013-06-07T16:40:52.055+0200: [GC [ParNew: 3040832K->337856K(3040832K), 1.0679750 secs] 18587802K->18644669K(30070848K), 1.0680470 secs] [Times: user=3.38 sys=10.44, real=1.07 secs] 
2013-06-07T16:40:53.767+0200: [GC [ParNew: 3040832K->337856K(3040832K), 1.1734150 secs] 21347645K->21352933K(30070848K), 1.1734690 secs] [Times: user=4.28 sys=10.90, real=1.17 secs] 
2013-06-07T16:41:06.338+0200: [GC [ParNew: 3040832K->337856K(3040832K), 1.7060350 secs] 24055909K->23525009K(30070848K), 1.7061380 secs] [Times: user=20.21 sys=1.95, real=1.71 secs] 
2013-06-07T16:41:19.522+0200: [GC [ParNew: 3040832K->146717K(3040832K), 0.0843230 secs] 26227985K->23333870K(30070848K), 0.0844380 secs] [Times: user=1.00 sys=0.01, real=0.08 secs] 
