2013-06-07T17:12:05.434+0200: [GC [ParNew: 2702976K->337856K(3040832K), 0.9461440 secs] 2702976K->2489659K(30070848K), 0.9462200 secs] [Times: user=2.34 sys=9.64, real=0.94 secs] 
2013-06-07T17:12:07.142+0200: [GC [ParNew: 3040832K->337856K(3040832K), 1.0638900 secs] 5192635K->5131184K(30070848K), 1.0639370 secs] [Times: user=2.85 sys=10.90, real=1.06 secs] 
2013-06-07T17:12:08.961+0200: [GC [ParNew: 3040832K->337856K(3040832K), 1.0659360 secs] 7834160K->7825475K(30070848K), 1.0660140 secs] [Times: user=3.39 sys=10.30, real=1.06 secs] 
2013-06-07T17:12:10.738+0200: [GC [ParNew: 3040832K->337856K(3040832K), 1.0370170 secs] 10528451K->10569534K(30070848K), 1.0370910 secs] [Times: user=3.23 sys=10.20, real=1.04 secs] 
2013-06-07T17:12:12.469+0200: [GC [ParNew: 3040832K->337856K(3040832K), 1.0819310 secs] 13272510K->13299601K(30070848K), 1.0820030 secs] [Times: user=3.42 sys=10.58, real=1.08 secs] 
2013-06-07T17:12:14.265+0200: [GC [ParNew: 3040832K->337856K(3040832K), 1.2680540 secs] 16002577K->15988081K(30070848K), 1.2681090 secs] [Times: user=14.08 sys=2.09, real=1.27 secs] 
2013-06-07T17:12:16.186+0200: [GC [ParNew: 3040832K->337856K(3040832K), 1.0748610 secs] 18691057K->18717894K(30070848K), 1.0749260 secs] [Times: user=3.19 sys=10.73, real=1.08 secs] 
2013-06-07T17:12:17.975+0200: [GC [ParNew: 3040832K->337856K(3040832K), 1.1586450 secs] 21420870K->21402242K(30070848K), 1.1587190 secs] [Times: user=4.28 sys=10.73, real=1.16 secs] 
2013-06-07T17:12:33.868+0200: [GC [ParNew: 3040832K->337856K(3040832K), 1.4827870 secs] 24105218K->23514936K(30070848K), 1.4828820 secs] [Times: user=17.27 sys=1.95, real=1.49 secs] 
2013-06-07T17:12:51.455+0200: [GC [ParNew: 3040832K->187375K(3040832K), 0.0812950 secs] 26217912K->23364456K(30070848K), 0.0814380 secs] [Times: user=1.01 sys=0.02, real=0.08 secs] 
