2013-06-07T17:12:06.372+0200: [GC [ParNew: 2702976K->337856K(3040832K), 0.9492400 secs] 2702976K->2486225K(30070848K), 0.9493270 secs] [Times: user=2.40 sys=9.52, real=0.95 secs] 
2013-06-07T17:12:08.291+0200: [GC [ParNew: 3040832K->337856K(3040832K), 1.0725120 secs] 5189201K->5121580K(30070848K), 1.0725530 secs] [Times: user=2.75 sys=11.09, real=1.07 secs] 
2013-06-07T17:12:10.359+0200: [GC [ParNew: 3040832K->337856K(3040832K), 1.0575210 secs] 7824556K->7813149K(30070848K), 1.0575560 secs] [Times: user=3.12 sys=10.26, real=1.05 secs] 
2013-06-07T17:12:12.436+0200: [GC [ParNew: 3040832K->337856K(3040832K), 1.0395110 secs] 10516125K->10557336K(30070848K), 1.0395860 secs] [Times: user=3.27 sys=10.17, real=1.04 secs] 
2013-06-07T17:12:14.455+0200: [GC [ParNew: 3040832K->337856K(3040832K), 1.0833980 secs] 13260312K->13286603K(30070848K), 1.0834700 secs] [Times: user=3.50 sys=10.52, real=1.09 secs] 
2013-06-07T17:12:16.447+0200: [GC [ParNew: 3040832K->337856K(3040832K), 1.5533220 secs] 15989579K->15963494K(30070848K), 1.5533610 secs] [Times: user=17.80 sys=2.22, real=1.55 secs] 
2013-06-07T17:12:19.011+0200: [GC [ParNew: 3040832K->337856K(3040832K), 1.1008860 secs] 18666470K->18713060K(30070848K), 1.1009230 secs] [Times: user=2.96 sys=11.28, real=1.10 secs] 
2013-06-07T17:12:21.070+0200: [GC [ParNew: 3040832K->337856K(3040832K), 1.1874570 secs] 21416036K->21416777K(30070848K), 1.1875300 secs] [Times: user=4.33 sys=10.70, real=1.19 secs] 
2013-06-07T17:12:34.025+0200: [GC [ParNew: 3040832K->337856K(3040832K), 1.7044650 secs] 24119753K->23533735K(30070848K), 1.7045570 secs] [Times: user=20.06 sys=2.01, real=1.71 secs] 
2013-06-07T17:12:47.282+0200: [GC [ParNew: 3040832K->188458K(3040832K), 0.0804270 secs] 26236711K->23384338K(30070848K), 0.0805890 secs] [Times: user=1.02 sys=0.00, real=0.08 secs] 
