2013-06-07T17:12:04.921+0200: [GC [ParNew: 2702976K->337855K(3040832K), 0.9486170 secs] 2702976K->2482868K(30070848K), 0.9487030 secs] [Times: user=2.21 sys=9.86, real=0.95 secs] 
2013-06-07T17:12:06.635+0200: [GC [ParNew: 3040831K->337856K(3040832K), 1.0715000 secs] 5185844K->5120655K(30070848K), 1.0715470 secs] [Times: user=2.72 sys=11.09, real=1.07 secs] 
2013-06-07T17:12:08.458+0200: [GC [ParNew: 3040832K->337856K(3040832K), 1.0840910 secs] 7823631K->7816834K(30070848K), 1.0841390 secs] [Times: user=3.25 sys=10.78, real=1.09 secs] 
2013-06-07T17:12:10.267+0200: [GC [ParNew: 3040832K->337856K(3040832K), 1.0464310 secs] 10519810K->10546519K(30070848K), 1.0464790 secs] [Times: user=3.36 sys=10.17, real=1.05 secs] 
2013-06-07T17:12:11.991+0200: [GC [ParNew: 3040832K->337856K(3040832K), 1.1000860 secs] 13249495K->13252094K(30070848K), 1.1001350 secs] [Times: user=3.69 sys=10.54, real=1.10 secs] 
2013-06-07T17:12:13.807+0200: [GC [ParNew: 3040832K->337856K(3040832K), 1.6740260 secs] 15955070K->15930233K(30070848K), 1.6740730 secs] [Times: user=19.38 sys=2.32, real=1.68 secs] 
2013-06-07T17:12:16.134+0200: [GC [ParNew: 3040832K->337856K(3040832K), 1.0904010 secs] 18633209K->18675541K(30070848K), 1.0904500 secs] [Times: user=3.31 sys=10.79, real=1.09 secs] 
2013-06-07T17:12:17.938+0200: [GC [ParNew: 3040832K->337856K(3040832K), 1.1564930 secs] 21378517K->21366772K(30070848K), 1.1565410 secs] [Times: user=4.19 sys=10.76, real=1.15 secs] 
2013-06-07T17:12:33.868+0200: [GC [ParNew: 3040832K->337856K(3040832K), 2.0971350 secs] 24069748K->23471879K(30070848K), 2.0972160 secs] [Times: user=24.70 sys=2.46, real=2.10 secs] 
2013-06-07T17:12:50.602+0200: [GC [ParNew: 3040832K->187654K(3040832K), 0.0804200 secs] 26174855K->23321677K(30070848K), 0.0805860 secs] [Times: user=1.02 sys=0.00, real=0.08 secs] 
