2013-06-07T17:12:07.837+0200: [GC [ParNew: 2702976K->337855K(3040832K), 0.9300410 secs] 2702976K->2490446K(30070848K), 0.9301150 secs] [Times: user=2.11 sys=9.73, real=0.93 secs] 
2013-06-07T17:12:09.530+0200: [GC [ParNew: 3040831K->337856K(3040832K), 1.0458580 secs] 5193422K->5122945K(30070848K), 1.0459240 secs] [Times: user=2.97 sys=10.49, real=1.04 secs] 
2013-06-07T17:12:11.331+0200: [GC [ParNew: 3040832K->337856K(3040832K), 1.0563330 secs] 7825921K->7818356K(30070848K), 1.0564130 secs] [Times: user=3.37 sys=10.28, real=1.06 secs] 
2013-06-07T17:12:13.051+0200: [GC [ParNew: 3040832K->337856K(3040832K), 1.0184610 secs] 10521332K->10536387K(30070848K), 1.0185340 secs] [Times: user=2.99 sys=10.19, real=1.02 secs] 
2013-06-07T17:12:14.795+0200: [GC [ParNew: 3040832K->337856K(3040832K), 1.0664570 secs] 13239363K->13242699K(30070848K), 1.0665130 secs] [Times: user=3.33 sys=10.42, real=1.07 secs] 
2013-06-07T17:12:16.575+0200: [GC [ParNew: 3040832K->337856K(3040832K), 1.3276850 secs] 15945675K->15936909K(30070848K), 1.3277610 secs] [Times: user=14.98 sys=2.06, real=1.32 secs] 
2013-06-07T17:12:18.584+0200: [GC [ParNew: 3040832K->337856K(3040832K), 1.0436850 secs] 18639885K->18674149K(30070848K), 1.0438480 secs] [Times: user=3.01 sys=10.50, real=1.05 secs] 
2013-06-07T17:12:20.340+0200: [GC [ParNew: 3040832K->337856K(3040832K), 1.1549130 secs] 21377125K->21392914K(30070848K), 1.1549690 secs] [Times: user=3.87 sys=10.98, real=1.16 secs] 
2013-06-07T17:12:33.897+0200: [GC [ParNew: 3040832K->337856K(3040832K), 1.4786830 secs] 24095890K->23474585K(30070848K), 1.4788350 secs] [Times: user=17.23 sys=1.91, real=1.48 secs] 
2013-06-07T17:12:47.226+0200: [GC [ParNew: 3040832K->187876K(3040832K), 0.0790750 secs] 26177561K->23324606K(30070848K), 0.0792400 secs] [Times: user=1.01 sys=0.00, real=0.08 secs] 
