2013-06-07T17:12:07.533+0200: [GC [ParNew: 2702976K->337856K(3040832K), 0.9296270 secs] 2702976K->2489379K(30070848K), 0.9297000 secs] [Times: user=1.97 sys=9.82, real=0.93 secs] 
2013-06-07T17:12:09.482+0200: [GC [ParNew: 3040832K->337856K(3040832K), 1.0577520 secs] 5192355K->5125974K(30070848K), 1.0578190 secs] [Times: user=2.73 sys=10.92, real=1.06 secs] 
2013-06-07T17:12:11.501+0200: [GC [ParNew: 3040832K->337856K(3040832K), 1.0523960 secs] 7828950K->7821962K(30070848K), 1.0524680 secs] [Times: user=2.90 sys=10.52, real=1.05 secs] 
2013-06-07T17:12:13.572+0200: [GC [ParNew: 3040832K->337856K(3040832K), 1.0052550 secs] 10524938K->10565765K(30070848K), 1.0053130 secs] [Times: user=2.85 sys=10.08, real=1.01 secs] 
2013-06-07T17:12:15.493+0200: [GC [ParNew: 3040832K->337856K(3040832K), 1.0666010 secs] 13268741K->13284403K(30070848K), 1.0666480 secs] [Times: user=3.47 sys=10.35, real=1.07 secs] 
2013-06-07T17:12:17.562+0200: [GC [ParNew: 3040832K->337856K(3040832K), 1.3622410 secs] 15987379K->15972114K(30070848K), 1.3622980 secs] [Times: user=15.46 sys=2.01, real=1.36 secs] 
2013-06-07T17:12:19.842+0200: [GC [ParNew: 3040832K->337856K(3040832K), 1.0357220 secs] 18675090K->18702567K(30070848K), 1.0357720 secs] [Times: user=3.11 sys=10.30, real=1.04 secs] 
2013-06-07T17:12:21.877+0200: [GC [ParNew: 3040832K->337856K(3040832K), 1.1414790 secs] 21405543K->21388356K(30070848K), 1.1415280 secs] [Times: user=3.97 sys=10.81, real=1.15 secs] 
2013-06-07T17:12:33.855+0200: [GC [ParNew: 3040832K->337856K(3040832K), 1.3320750 secs] 24091332K->23498073K(30070848K), 1.3321860 secs] [Times: user=15.26 sys=1.79, real=1.34 secs] 
2013-06-07T17:12:47.472+0200: [GC [ParNew: 3040832K->179188K(3040832K), 0.0768160 secs] 26201049K->23339405K(30070848K), 0.0769640 secs] [Times: user=0.99 sys=0.00, real=0.08 secs] 
