2013-06-07T17:12:06.389+0200: [GC [ParNew: 2702976K->337856K(3040832K), 0.9335630 secs] 2702976K->2492980K(30070848K), 0.9336420 secs] [Times: user=1.92 sys=9.85, real=0.93 secs] 
2013-06-07T17:12:08.077+0200: [GC [ParNew: 3040832K->337856K(3040832K), 1.0477850 secs] 5195956K->5122702K(30070848K), 1.0478510 secs] [Times: user=2.87 sys=10.61, real=1.05 secs] 
2013-06-07T17:12:09.839+0200: [GC [ParNew: 3040832K->337856K(3040832K), 1.0473290 secs] 7825678K->7815840K(30070848K), 1.0474040 secs] [Times: user=3.37 sys=10.20, real=1.05 secs] 
2013-06-07T17:12:11.601+0200: [GC [ParNew: 3040832K->337856K(3040832K), 1.0311050 secs] 10518816K->10550647K(30070848K), 1.0311830 secs] [Times: user=3.22 sys=10.04, real=1.03 secs] 
2013-06-07T17:12:13.356+0200: [GC [ParNew: 3040832K->337856K(3040832K), 1.0666110 secs] 13253623K->13262978K(30070848K), 1.0666870 secs] [Times: user=3.45 sys=10.28, real=1.06 secs] 
2013-06-07T17:12:15.082+0200: [GC [ParNew: 3040832K->337856K(3040832K), 1.3579080 secs] 15965954K->15972588K(30070848K), 1.3579820 secs] [Times: user=15.79 sys=1.84, real=1.36 secs] 
2013-06-07T17:12:17.154+0200: [GC [ParNew: 3040832K->337856K(3040832K), 1.0457610 secs] 18675564K->18685944K(30070848K), 1.0458370 secs] [Times: user=3.17 sys=10.23, real=1.05 secs] 
2013-06-07T17:12:18.893+0200: [GC [ParNew: 3040832K->337856K(3040832K), 1.1527690 secs] 21388920K->21385852K(30070848K), 1.1528450 secs] [Times: user=3.84 sys=11.03, real=1.16 secs] 
2013-06-07T17:12:32.218+0200: [GC [ParNew: 3040832K->337856K(3040832K), 1.5015450 secs] 24088828K->23506041K(30070848K), 1.5016350 secs] [Times: user=17.51 sys=1.96, real=1.50 secs] 
2013-06-07T17:12:47.386+0200: [GC [ParNew: 3040832K->179304K(3040832K), 0.0776920 secs] 26209017K->23347489K(30070848K), 0.0778540 secs] [Times: user=0.98 sys=0.01, real=0.08 secs] 
