2013-06-07T17:12:06.330+0200: [GC [ParNew: 2702976K->337856K(3040832K), 0.9254840 secs] 2702976K->2487095K(30070848K), 0.9255550 secs] [Times: user=2.09 sys=9.72, real=0.93 secs] 
2013-06-07T17:12:08.030+0200: [GC [ParNew: 3040832K->337856K(3040832K), 1.0508010 secs] 5190071K->5127274K(30070848K), 1.0508590 secs] [Times: user=2.72 sys=10.85, real=1.05 secs] 
2013-06-07T17:12:09.790+0200: [GC [ParNew: 3040832K->337856K(3040832K), 1.0647790 secs] 7830250K->7823069K(30070848K), 1.0648340 secs] [Times: user=3.16 sys=10.63, real=1.07 secs] 
2013-06-07T17:12:11.537+0200: [GC [ParNew: 3040832K->337856K(3040832K), 1.0152130 secs] 10526045K->10550544K(30070848K), 1.0152590 secs] [Times: user=3.12 sys=10.02, real=1.02 secs] 
2013-06-07T17:12:13.275+0200: [GC [ParNew: 3040832K->337856K(3040832K), 1.0864290 secs] 13253520K->13281796K(30070848K), 1.0864910 secs] [Times: user=3.33 sys=10.74, real=1.08 secs] 
2013-06-07T17:12:15.076+0200: [GC [ParNew: 3040832K->337856K(3040832K), 1.3650670 secs] 15984772K->15950074K(30070848K), 1.3651390 secs] [Times: user=15.32 sys=2.40, real=1.36 secs] 
2013-06-07T17:12:17.095+0200: [GC [ParNew: 3040832K->337856K(3040832K), 1.0886960 secs] 18653050K->18716737K(30070848K), 1.0887690 secs] [Times: user=2.97 sys=11.13, real=1.08 secs] 
2013-06-07T17:12:18.898+0200: [GC [ParNew: 3040832K->337856K(3040832K), 1.1430280 secs] 21419713K->21430091K(30070848K), 1.1431010 secs] [Times: user=3.59 sys=11.21, real=1.14 secs] 
2013-06-07T17:12:33.847+0200: [GC [ParNew: 3040832K->337856K(3040832K), 1.3029200 secs] 24133067K->23527930K(30070848K), 1.3030050 secs] [Times: user=15.24 sys=1.65, real=1.30 secs] 
2013-06-07T17:12:46.983+0200: [GC [ParNew: 3040832K->157313K(3040832K), 0.0756180 secs] 26230906K->23347388K(30070848K), 0.0757770 secs] [Times: user=0.96 sys=0.00, real=0.07 secs] 
