2013-06-07T17:12:06.585+0200: [GC [ParNew: 2702976K->337856K(3040832K), 0.9371440 secs] 2702976K->2489710K(30070848K), 0.9372200 secs] [Times: user=2.15 sys=9.83, real=0.94 secs] 
2013-06-07T17:12:08.277+0200: [GC [ParNew: 3040832K->337856K(3040832K), 1.0497940 secs] 5192686K->5118259K(30070848K), 1.0498420 secs] [Times: user=2.88 sys=10.71, real=1.05 secs] 
2013-06-07T17:12:10.224+0200: [GC [ParNew: 3040832K->337856K(3040832K), 1.0656450 secs] 7821235K->7814087K(30070848K), 1.0657000 secs] [Times: user=3.25 sys=10.54, real=1.06 secs] 
2013-06-07T17:12:12.256+0200: [GC [ParNew: 3040832K->337856K(3040832K), 1.0291670 secs] 10517063K->10566374K(30070848K), 1.0292130 secs] [Times: user=3.12 sys=10.21, real=1.03 secs] 
2013-06-07T17:12:14.265+0200: [GC [ParNew: 3040832K->337856K(3040832K), 1.0774420 secs] 13269350K->13297210K(30070848K), 1.0774860 secs] [Times: user=3.56 sys=10.22, real=1.08 secs] 
2013-06-07T17:12:16.321+0200: [GC [ParNew: 3040832K->337856K(3040832K), 1.4330360 secs] 16000186K->15988411K(30070848K), 1.4331120 secs] [Times: user=16.11 sys=2.48, real=1.44 secs] 
2013-06-07T17:12:18.732+0200: [GC [ParNew: 3040832K->337856K(3040832K), 1.0684470 secs] 18691387K->18718800K(30070848K), 1.0685190 secs] [Times: user=2.92 sys=10.92, real=1.07 secs] 
2013-06-07T17:12:20.779+0200: [GC [ParNew: 3040832K->337856K(3040832K), 1.1530380 secs] 21421776K->21426359K(30070848K), 1.1531120 secs] [Times: user=3.65 sys=11.20, real=1.16 secs] 
2013-06-07T17:12:32.287+0200: [GC [ParNew: 3040832K->337856K(3040832K), 1.5182910 secs] 24129335K->23524869K(30070848K), 1.5183500 secs] [Times: user=17.75 sys=1.94, real=1.52 secs] 
2013-06-07T17:12:49.867+0200: [GC [ParNew: 3040832K->188241K(3040832K), 0.0771960 secs] 26227845K->23375255K(30070848K), 0.0773470 secs] [Times: user=0.98 sys=0.01, real=0.08 secs] 
