2013-06-07T17:12:05.296+0200: [GC [ParNew: 2702976K->337855K(3040832K), 0.9514610 secs] 2702976K->2488427K(30070848K), 0.9515330 secs] [Times: user=2.29 sys=9.84, real=0.95 secs] 
2013-06-07T17:12:07.013+0200: [GC [ParNew: 3040831K->337856K(3040832K), 1.0700680 secs] 5191403K->5126986K(30070848K), 1.0701300 secs] [Times: user=2.60 sys=11.20, real=1.08 secs] 
2013-06-07T17:12:08.823+0200: [GC [ParNew: 3040832K->337856K(3040832K), 1.0841880 secs] 7829962K->7823134K(30070848K), 1.0842400 secs] [Times: user=3.29 sys=10.68, real=1.08 secs] 
2013-06-07T17:12:10.619+0200: [GC [ParNew: 3040832K->337856K(3040832K), 1.0302100 secs] 10526110K->10556436K(30070848K), 1.0302690 secs] [Times: user=3.19 sys=10.12, real=1.03 secs] 
2013-06-07T17:12:12.365+0200: [GC [ParNew: 3040832K->337856K(3040832K), 1.0922750 secs] 13259412K->13287239K(30070848K), 1.0923380 secs] [Times: user=3.80 sys=10.34, real=1.09 secs] 
2013-06-07T17:12:14.150+0200: [GC [ParNew: 3040832K->337856K(3040832K), 1.5881120 secs] 15990215K->16012345K(30070848K), 1.5881770 secs] [Times: user=18.32 sys=2.26, real=1.59 secs] 
2013-06-07T17:12:16.420+0200: [GC [ParNew: 3040832K->337856K(3040832K), 1.0932050 secs] 18715321K->18727302K(30070848K), 1.0932710 secs] [Times: user=3.29 sys=10.86, real=1.09 secs] 
2013-06-07T17:12:18.227+0200: [GC [ParNew: 3040832K->337856K(3040832K), 1.1808160 secs] 21430278K->21445523K(30070848K), 1.1808870 secs] [Times: user=4.51 sys=10.77, real=1.18 secs] 
2013-06-07T17:12:33.879+0200: [GC [ParNew: 3040832K->337856K(3040832K), 1.4092180 secs] 24148499K->23506864K(30070848K), 1.4093190 secs] [Times: user=16.55 sys=1.71, real=1.41 secs] 
2013-06-07T17:12:47.370+0200: [GC [ParNew: 3040832K->195976K(3040832K), 0.1037660 secs] 26209840K->23364985K(30070848K), 0.1039100 secs] [Times: user=1.04 sys=0.01, real=0.11 secs] 
