2013-06-07T17:12:04.615+0200: [GC [ParNew: 2702976K->337856K(3040832K), 0.9611820 secs] 2702976K->2483722K(30070848K), 0.9612680 secs] [Times: user=2.39 sys=9.66, real=0.96 secs] 
2013-06-07T17:12:06.343+0200: [GC [ParNew: 3040832K->337856K(3040832K), 1.0723740 secs] 5186698K->5125276K(30070848K), 1.0724210 secs] [Times: user=3.05 sys=10.78, real=1.07 secs] 
2013-06-07T17:12:08.152+0200: [GC [ParNew: 3040832K->337856K(3040832K), 1.0829510 secs] 7828252K->7816397K(30070848K), 1.0829980 secs] [Times: user=3.57 sys=10.44, real=1.08 secs] 
2013-06-07T17:12:09.950+0200: [GC [ParNew: 3040832K->337856K(3040832K), 1.0459520 secs] 10519373K->10533819K(30070848K), 1.0460210 secs] [Times: user=3.49 sys=9.80, real=1.04 secs] 
2013-06-07T17:12:11.708+0200: [GC [ParNew: 3040832K->337856K(3040832K), 1.1351410 secs] 13236795K->13264655K(30070848K), 1.1352170 secs] [Times: user=3.28 sys=11.41, real=1.13 secs] 
2013-06-07T17:12:13.537+0200: [GC [ParNew: 3040832K->337856K(3040832K), 1.5258430 secs] 15967631K->15958865K(30070848K), 1.5259200 secs] [Times: user=17.26 sys=2.52, real=1.52 secs] 
2013-06-07T17:12:15.769+0200: [GC [ParNew: 3040832K->337856K(3040832K), 1.1007060 secs] 18661841K->18698699K(30070848K), 1.1007900 secs] [Times: user=3.34 sys=10.60, real=1.10 secs] 
2013-06-07T17:12:17.575+0200: [GC [ParNew: 3040832K->337856K(3040832K), 1.1520930 secs] 21401675K->21390570K(30070848K), 1.1521700 secs] [Times: user=3.74 sys=11.16, real=1.16 secs] 
2013-06-07T17:12:33.875+0200: [GC [ParNew: 3040832K->337856K(3040832K), 1.5898610 secs] 24093546K->23472818K(30070848K), 1.5899840 secs] [Times: user=18.68 sys=1.89, real=1.59 secs] 
2013-06-07T17:12:47.605+0200: [GC [ParNew: 3040832K->187992K(3040832K), 0.0822950 secs] 26175794K->23322954K(30070848K), 0.0824410 secs] [Times: user=1.03 sys=0.02, real=0.09 secs] 
