2013-06-07T17:12:06.542+0200: [GC [ParNew: 2702976K->337856K(3040832K), 0.9188810 secs] 2702976K->2484115K(30070848K), 0.9189530 secs] [Times: user=2.19 sys=9.45, real=0.92 secs] 
2013-06-07T17:12:08.246+0200: [GC [ParNew: 3040832K->337856K(3040832K), 1.0320320 secs] 5187091K->5115853K(30070848K), 1.0320790 secs] [Times: user=2.71 sys=10.33, real=1.03 secs] 
2013-06-07T17:12:10.040+0200: [GC [ParNew: 3040832K->337856K(3040832K), 1.0505940 secs] 7818829K->7804725K(30070848K), 1.0506400 secs] [Times: user=2.95 sys=10.67, real=1.05 secs] 
2013-06-07T17:12:11.811+0200: [GC [ParNew: 3040832K->337856K(3040832K), 1.0035950 secs] 10507701K->10551057K(30070848K), 1.0036400 secs] [Times: user=2.98 sys=10.04, real=1.01 secs] 
2013-06-07T17:12:13.476+0200: [GC [ParNew: 3040832K->337856K(3040832K), 1.0437690 secs] 13254033K->13265149K(30070848K), 1.0438410 secs] [Times: user=3.58 sys=9.67, real=1.04 secs] 
2013-06-07T17:12:15.242+0200: [GC [ParNew: 3040832K->337856K(3040832K), 1.3037940 secs] 15968125K->15969285K(30070848K), 1.3038670 secs] [Times: user=14.98 sys=1.94, real=1.31 secs] 
2013-06-07T17:12:17.266+0200: [GC [ParNew: 3040832K->337856K(3040832K), 1.0264250 secs] 18672261K->18700698K(30070848K), 1.0264980 secs] [Times: user=3.37 sys=9.94, real=1.03 secs] 
2013-06-07T17:12:18.943+0200: [GC [ParNew: 3040832K->337856K(3040832K), 1.1060400 secs] 21403674K->21417446K(30070848K), 1.1060950 secs] [Times: user=3.55 sys=10.51, real=1.11 secs] 
2013-06-07T17:12:33.871+0200: [GC [ParNew: 3040832K->337856K(3040832K), 1.4044250 secs] 24120422K->23529628K(30070848K), 1.4045160 secs] [Times: user=16.29 sys=1.91, real=1.41 secs] 
2013-06-07T17:12:47.443+0200: [GC [ParNew: 3040832K->147385K(3040832K), 0.0822340 secs] 26232604K->23339157K(30070848K), 0.0823970 secs] [Times: user=1.02 sys=0.01, real=0.08 secs] 
