2013-06-07T17:12:05.590+0200: [GC [ParNew: 2702976K->337855K(3040832K), 0.9436270 secs] 2702976K->2493624K(30070848K), 0.9437020 secs] [Times: user=2.45 sys=9.56, real=0.94 secs] 
2013-06-07T17:12:07.309+0200: [GC [ParNew: 3040831K->337856K(3040832K), 1.0598910 secs] 5196600K->5126610K(30070848K), 1.0599380 secs] [Times: user=2.74 sys=10.93, real=1.06 secs] 
2013-06-07T17:12:09.123+0200: [GC [ParNew: 3040832K->337856K(3040832K), 1.0774180 secs] 7829586K->7815682K(30070848K), 1.0774620 secs] [Times: user=3.26 sys=10.69, real=1.08 secs] 
2013-06-07T17:12:10.924+0200: [GC [ParNew: 3040832K->337856K(3040832K), 1.0181750 secs] 10518658K->10527661K(30070848K), 1.0182330 secs] [Times: user=3.38 sys=9.80, real=1.02 secs] 
2013-06-07T17:12:12.608+0200: [GC [ParNew: 3040832K->337856K(3040832K), 1.1021180 secs] 13230637K->13239544K(30070848K), 1.1021780 secs] [Times: user=3.61 sys=10.65, real=1.10 secs] 
2013-06-07T17:12:14.404+0200: [GC [ParNew: 3040832K->337856K(3040832K), 1.6875680 secs] 15942520K->15945312K(30070848K), 1.6876400 secs] [Times: user=19.21 sys=2.71, real=1.69 secs] 
2013-06-07T17:12:16.806+0200: [GC [ParNew: 3040832K->337856K(3040832K), 1.0935190 secs] 18648288K->18679126K(30070848K), 1.0935880 secs] [Times: user=3.26 sys=10.90, real=1.10 secs] 
2013-06-07T17:12:18.582+0200: [GC [ParNew: 3040832K->337856K(3040832K), 1.1245510 secs] 21382102K->21341256K(30070848K), 1.1246210 secs] [Times: user=3.91 sys=10.65, real=1.12 secs] 
2013-06-07T17:12:33.840+0200: [GC [ParNew: 3040832K->337856K(3040832K), 1.7713670 secs] 24044232K->23469350K(30070848K), 1.7714640 secs] [Times: user=20.76 sys=2.20, real=1.77 secs] 
2013-06-07T17:12:49.953+0200: [GC [ParNew: 3040832K->184228K(3040832K), 0.0922190 secs] 26172326K->23315722K(30070848K), 0.0923620 secs] [Times: user=1.16 sys=0.01, real=0.09 secs] 
