2013-06-07T17:12:06.837+0200: [GC [ParNew: 2702976K->337855K(3040832K), 0.9379250 secs] 2702976K->2489253K(30070848K), 0.9380110 secs] [Times: user=2.04 sys=9.69, real=0.94 secs] 
2013-06-07T17:12:08.539+0200: [GC [ParNew: 3040831K->337856K(3040832K), 1.0548390 secs] 5192229K->5125290K(30070848K), 1.0549140 secs] [Times: user=2.83 sys=10.81, real=1.06 secs] 
2013-06-07T17:12:10.348+0200: [GC [ParNew: 3040832K->337856K(3040832K), 1.0741390 secs] 7828266K->7813338K(30070848K), 1.0741950 secs] [Times: user=3.27 sys=10.64, real=1.08 secs] 
2013-06-07T17:12:12.142+0200: [GC [ParNew: 3040832K->337856K(3040832K), 1.0400100 secs] 10516314K->10559542K(30070848K), 1.0400550 secs] [Times: user=3.42 sys=9.83, real=1.04 secs] 
2013-06-07T17:12:13.902+0200: [GC [ParNew: 3040832K->337856K(3040832K), 1.0959920 secs] 13262518K->13278788K(30070848K), 1.0960600 secs] [Times: user=3.52 sys=10.58, real=1.10 secs] 
2013-06-07T17:12:15.720+0200: [GC [ParNew: 3040832K->337856K(3040832K), 1.4634990 secs] 15981764K->15998836K(30070848K), 1.4635650 secs] [Times: user=16.87 sys=2.13, real=1.47 secs] 
2013-06-07T17:12:17.904+0200: [GC [ParNew: 3040832K->337856K(3040832K), 1.1282400 secs] 18701812K->18731145K(30070848K), 1.1283070 secs] [Times: user=3.74 sys=10.69, real=1.12 secs] 
2013-06-07T17:12:19.755+0200: [GC [ParNew: 3040832K->337856K(3040832K), 1.1562900 secs] 21434121K->21435919K(30070848K), 1.1563410 secs] [Times: user=3.95 sys=11.00, real=1.15 secs] 
2013-06-07T17:12:33.868+0200: [GC [ParNew: 3040832K->337856K(3040832K), 1.4366380 secs] 24138895K->23513749K(30070848K), 1.4367400 secs] [Times: user=16.63 sys=1.94, real=1.44 secs] 
2013-06-07T17:12:47.244+0200: [GC [ParNew: 3040832K->187739K(3040832K), 0.0788710 secs] 26216725K->23363632K(30070848K), 0.0790340 secs] [Times: user=0.96 sys=0.05, real=0.08 secs] 
