2013-06-07T17:12:07.468+0200: [GC [ParNew: 2702976K->337855K(3040832K), 0.9239470 secs] 2702976K->2488487K(30070848K), 0.9240450 secs] [Times: user=2.12 sys=9.29, real=0.92 secs] 
2013-06-07T17:12:09.166+0200: [GC [ParNew: 3040831K->337856K(3040832K), 1.0512480 secs] 5191463K->5119297K(30070848K), 1.0513260 secs] [Times: user=2.76 sys=10.79, real=1.05 secs] 
2013-06-07T17:12:10.957+0200: [GC [ParNew: 3040832K->337856K(3040832K), 1.0613380 secs] 7822273K->7815349K(30070848K), 1.0614070 secs] [Times: user=3.18 sys=10.57, real=1.06 secs] 
2013-06-07T17:12:12.720+0200: [GC [ParNew: 3040832K->337856K(3040832K), 1.0341990 secs] 10518325K->10564979K(30070848K), 1.0342510 secs] [Times: user=3.11 sys=10.03, real=1.03 secs] 
2013-06-07T17:12:14.594+0200: [GC [ParNew: 3040832K->337856K(3040832K), 1.0733770 secs] 13267955K->13275132K(30070848K), 1.0734320 secs] [Times: user=3.50 sys=10.39, real=1.08 secs] 
2013-06-07T17:12:16.645+0200: [GC [ParNew: 3040832K->337856K(3040832K), 1.3201470 secs] 15978108K->15981509K(30070848K), 1.3202050 secs] [Times: user=15.07 sys=2.06, real=1.32 secs] 
2013-06-07T17:12:18.939+0200: [GC [ParNew: 3040832K->337856K(3040832K), 1.0521170 secs] 18684485K->18672646K(30070848K), 1.0521870 secs] [Times: user=2.84 sys=10.41, real=1.05 secs] 
2013-06-07T17:12:20.939+0200: [GC [ParNew: 3040832K->337856K(3040832K), 1.1518670 secs] 21375622K->21371594K(30070848K), 1.1519240 secs] [Times: user=3.95 sys=10.97, real=1.15 secs] 
2013-06-07T17:12:33.860+0200: [GC [ParNew: 3040832K->337856K(3040832K), 1.5530060 secs] 24074570K->23495558K(30070848K), 1.5531030 secs] [Times: user=17.97 sys=2.16, real=1.56 secs] 
2013-06-07T17:12:50.299+0200: [GC [ParNew: 3040832K->187344K(3040832K), 0.0782930 secs] 26198534K->23345046K(30070848K), 0.0784410 secs] [Times: user=1.00 sys=0.01, real=0.08 secs] 
