2013-06-07T17:12:07.622+0200: [GC [ParNew: 2702976K->337856K(3040832K), 0.9275290 secs] 2702976K->2488406K(30070848K), 0.9276040 secs] [Times: user=2.11 sys=9.57, real=0.93 secs] 
2013-06-07T17:12:09.316+0200: [GC [ParNew: 3040832K->337856K(3040832K), 1.0305650 secs] 5191382K->5117317K(30070848K), 1.0306410 secs] [Times: user=2.57 sys=10.76, real=1.03 secs] 
2013-06-07T17:12:11.090+0200: [GC [ParNew: 3040832K->337856K(3040832K), 1.0542810 secs] 7820293K->7813240K(30070848K), 1.0543530 secs] [Times: user=3.39 sys=10.27, real=1.05 secs] 
2013-06-07T17:12:12.832+0200: [GC [ParNew: 3040832K->337856K(3040832K), 1.0221600 secs] 10516216K->10532391K(30070848K), 1.0222350 secs] [Times: user=3.15 sys=9.71, real=1.02 secs] 
2013-06-07T17:12:14.569+0200: [GC [ParNew: 3040832K->337856K(3040832K), 1.0659020 secs] 13235367K->13237102K(30070848K), 1.0659780 secs] [Times: user=3.37 sys=10.44, real=1.06 secs] 
2013-06-07T17:12:16.331+0200: [GC [ParNew: 3040832K->337856K(3040832K), 1.3949320 secs] 15940078K->15901507K(30070848K), 1.3950070 secs] [Times: user=15.92 sys=2.18, real=1.39 secs] 
2013-06-07T17:12:18.411+0200: [GC [ParNew: 3040832K->337856K(3040832K), 1.0381270 secs] 18604483K->18646590K(30070848K), 1.0381820 secs] [Times: user=3.20 sys=9.91, real=1.04 secs] 
2013-06-07T17:12:20.154+0200: [GC [ParNew: 3040832K->337856K(3040832K), 1.1546530 secs] 21349566K->21369421K(30070848K), 1.1547010 secs] [Times: user=3.90 sys=11.06, real=1.16 secs] 
2013-06-07T17:12:33.851+0200: [GC [ParNew: 3040832K->337856K(3040832K), 1.2824770 secs] 24072397K->23500896K(30070848K), 1.2825800 secs] [Times: user=14.96 sys=1.66, real=1.28 secs] 
2013-06-07T17:12:48.170+0200: [GC [ParNew: 3040832K->146978K(3040832K), 0.0775630 secs] 26203872K->23310019K(30070848K), 0.0777060 secs] [Times: user=0.97 sys=0.02, real=0.07 secs] 
