2013-04-22T19:45:48.494+0200: [GC [ParNew: 2702976K->337856K(3040832K), 1.0128250 secs] 2702976K->2488485K(30070848K), 1.0129510 secs] [Times: user=2.39 sys=10.18, real=1.02 secs] 
2013-04-22T19:45:50.676+0200: [GC [ParNew: 3040832K->337856K(3040832K), 1.1225760 secs] 5191461K->5119131K(30070848K), 1.1226480 secs] [Times: user=3.08 sys=11.30, real=1.12 secs] 
2013-04-22T19:45:52.910+0200: [GC [ParNew: 3040832K->337856K(3040832K), 1.1285230 secs] 7822107K->7812621K(30070848K), 1.1285800 secs] [Times: user=3.30 sys=11.12, real=1.13 secs] 
2013-04-22T19:45:55.137+0200: [GC [ParNew: 3040832K->337856K(3040832K), 1.1115100 secs] 10515597K->10555400K(30070848K), 1.1115780 secs] [Times: user=3.41 sys=10.96, real=1.11 secs] 
2013-04-22T19:45:57.370+0200: [GC [ParNew: 3040832K->337856K(3040832K), 1.1228330 secs] 13258376K->13258510K(30070848K), 1.1228900 secs] [Times: user=3.26 sys=11.27, real=1.12 secs] 
2013-04-22T19:45:59.561+0200: [GC [ParNew: 3040832K->337856K(3040832K), 1.5245290 secs] 15961486K->15937162K(30070848K), 1.5246030 secs] [Times: user=17.16 sys=2.41, real=1.53 secs] 
2013-04-22T19:46:02.175+0200: [GC [ParNew: 3040832K->337856K(3040832K), 1.0904400 secs] 18640138K->18685031K(30070848K), 1.0905150 secs] [Times: user=3.49 sys=10.61, real=1.09 secs] 
2013-04-22T19:46:04.364+0200: [GC [ParNew: 3040832K->337856K(3040832K), 1.1210000 secs] 21388007K->21360062K(30070848K), 1.1210600 secs] [Times: user=4.04 sys=10.19, real=1.13 secs] 
2013-04-22T19:46:14.299+0200: [GC [ParNew: 3040832K->337856K(3040832K), 1.3829100 secs] 24063038K->23493700K(30070848K), 1.3829970 secs] [Times: user=16.19 sys=1.69, real=1.38 secs] 
2013-04-22T19:46:51.133+0200: [GC [ParNew: 3040832K->337856K(3040832K), 0.2394900 secs] 26196676K->23744796K(30070848K), 0.2397280 secs] [Times: user=2.44 sys=0.55, real=0.24 secs] 
BROKEN RECORDS: 0
BROKEN RECORDS: 0
BROKEN RECORDS: 0
2013-04-22T19:49:22.114+0200: [GC [ParNew: 3040832K->337856K(3040832K), 0.2491250 secs] 26447772K->24122326K(30070848K), 0.2493180 secs] [Times: user=2.04 sys=0.89, real=0.25 secs] 
BROKEN RECORDS: 0
BROKEN RECORDS: 0
BROKEN RECORDS: 0
BROKEN RECORDS: 0
BROKEN RECORDS: 0
BROKEN RECORDS: 0
BROKEN RECORDS: 0
BROKEN RECORDS: 0
BROKEN RECORDS: 0
BROKEN RECORDS: 0
BROKEN RECORDS: 0
BROKEN RECORDS: 0
BROKEN RECORDS: 0
BROKEN RECORDS: 0
BROKEN RECORDS: 0
BROKEN RECORDS: 0
BROKEN RECORDS: 0
BROKEN RECORDS: 0
BROKEN RECORDS: 0
BROKEN RECORDS: 0
BROKEN RECORDS: 0
BROKEN RECORDS: 0
BROKEN RECORDS: 0
BROKEN RECORDS: 0
BROKEN RECORDS: 0
BROKEN RECORDS: 0
BROKEN RECORDS: 0
BROKEN RECORDS: 0
BROKEN RECORDS: 0
BROKEN RECORDS: 0
BROKEN RECORDS: 0
BROKEN RECORDS: 0
BROKEN RECORDS: 0
BROKEN RECORDS: 0
BROKEN RECORDS: 0
BROKEN RECORDS: 0
BROKEN RECORDS: 0
BROKEN RECORDS: 0
BROKEN RECORDS: 0
BROKEN RECORDS: 0
BROKEN RECORDS: 0
BROKEN RECORDS: 0
BROKEN RECORDS: 0
BROKEN RECORDS: 0
BROKEN RECORDS: 0
BROKEN RECORDS: 0
BROKEN RECORDS: 0
BROKEN RECORDS: 0
BROKEN RECORDS: 0
BROKEN RECORDS: 0
BROKEN RECORDS: 0
BROKEN RECORDS: 0
BROKEN RECORDS: 0
BROKEN RECORDS: 0
BROKEN RECORDS: 0
BROKEN RECORDS: 0
BROKEN RECORDS: 0
BROKEN RECORDS: 0
BROKEN RECORDS: 0
BROKEN RECORDS: 0
BROKEN RECORDS: 0
BROKEN RECORDS: 0
BROKEN RECORDS: 0
BROKEN RECORDS: 0
BROKEN RECORDS: 0
BROKEN RECORDS: 0
BROKEN RECORDS: 0
BROKEN RECORDS: 0
BROKEN RECORDS: 0
BROKEN RECORDS: 0
BROKEN RECORDS: 0
BROKEN RECORDS: 0
BROKEN RECORDS: 0
BROKEN RECORDS: 0
BROKEN RECORDS: 0
BROKEN RECORDS: 0
BROKEN RECORDS: 0
2013-04-22T19:54:50.667+0200: [GC [ParNew: 3040832K->165872K(3040832K), 0.1196150 secs] 26825302K->24209510K(30070848K), 0.1197840 secs] [Times: user=1.26 sys=0.25, real=0.12 secs] 
BROKEN RECORDS: 0
BROKEN RECORDS: 0
BROKEN RECORDS: 0
BROKEN RECORDS: 0
BROKEN RECORDS: 0
BROKEN RECORDS: 0
BROKEN RECORDS: 0
BROKEN RECORDS: 0
