2013-04-22T19:45:47.578+0200: [GC [ParNew: 2702976K->337856K(3040832K), 1.0077020 secs] 2702976K->2486451K(30070848K), 1.0077740 secs] [Times: user=2.44 sys=9.73, real=1.01 secs] 
2013-04-22T19:45:49.722+0200: [GC [ParNew: 3040832K->337856K(3040832K), 1.1299280 secs] 5189427K->5116807K(30070848K), 1.1300010 secs] [Times: user=2.78 sys=11.77, real=1.13 secs] 
2013-04-22T19:45:52.002+0200: [GC [ParNew: 3040832K->337856K(3040832K), 1.1323790 secs] 7819783K->7809721K(30070848K), 1.1324520 secs] [Times: user=3.29 sys=11.37, real=1.13 secs] 
2013-04-22T19:45:53.993+0200: [GC [ParNew: 3040832K->337856K(3040832K), 1.1179850 secs] 10512697K->10543407K(30070848K), 1.1180650 secs] [Times: user=3.32 sys=11.15, real=1.12 secs] 
2013-04-22T19:45:56.386+0200: [GC [ParNew: 3040832K->337856K(3040832K), 1.1394610 secs] 13246383K->13268064K(30070848K), 1.1395350 secs] [Times: user=3.59 sys=11.15, real=1.14 secs] 
2013-04-22T19:45:58.766+0200: [GC [ParNew: 3040832K->337856K(3040832K), 1.6350370 secs] 15971040K->15957248K(30070848K), 1.6351100 secs] [Times: user=18.52 sys=2.34, real=1.64 secs] 
2013-04-22T19:46:01.654+0200: [GC [ParNew: 3040832K->337856K(3040832K), 1.1044100 secs] 18660224K->18689046K(30070848K), 1.1044840 secs] [Times: user=3.71 sys=10.55, real=1.11 secs] 
2013-04-22T19:46:04.037+0200: [GC [ParNew: 3040832K->337856K(3040832K), 1.1376140 secs] 21392022K->21391515K(30070848K), 1.1376730 secs] [Times: user=3.72 sys=10.56, real=1.14 secs] 
2013-04-22T19:46:14.225+0200: [GC [ParNew: 3040832K->337856K(3040832K), 1.4317680 secs] 24094491K->23515068K(30070848K), 1.4318530 secs] [Times: user=16.50 sys=1.82, real=1.44 secs] 
2013-04-22T19:46:46.138+0200: [GC [ParNew: 3033398K->337856K(3040832K), 0.2121460 secs] 26210610K->23791994K(30070848K), 0.2122950 secs] [Times: user=2.10 sys=0.52, real=0.21 secs] 
2013-04-22T19:49:12.260+0200: [GC [ParNew: 3040170K->337856K(3040832K), 0.2389760 secs] 26494309K->24245046K(30070848K), 0.2391720 secs] [Times: user=1.91 sys=0.78, real=0.24 secs] 
BROKEN RECORDS: 0
BROKEN RECORDS: 0
BROKEN RECORDS: 0
BROKEN RECORDS: 0
BROKEN RECORDS: 0
BROKEN RECORDS: 0
BROKEN RECORDS: 0
BROKEN RECORDS: 0
BROKEN RECORDS: 0
BROKEN RECORDS: 0
BROKEN RECORDS: 0
BROKEN RECORDS: 0
BROKEN RECORDS: 0
BROKEN RECORDS: 0
BROKEN RECORDS: 0
BROKEN RECORDS: 0
BROKEN RECORDS: 0
BROKEN RECORDS: 0
BROKEN RECORDS: 0
BROKEN RECORDS: 0
BROKEN RECORDS: 0
BROKEN RECORDS: 0
BROKEN RECORDS: 0
BROKEN RECORDS: 0
