2013-04-22T19:45:49.573+0200: [GC [ParNew: 2702976K->337855K(3040832K), 0.9886960 secs] 2702976K->2486743K(30070848K), 0.9887580 secs] [Times: user=2.19 sys=10.03, real=0.99 secs] 
2013-04-22T19:45:51.569+0200: [GC [ParNew: 3040831K->337856K(3040832K), 1.1058320 secs] 5189719K->5118990K(30070848K), 1.1059110 secs] [Times: user=2.71 sys=11.36, real=1.10 secs] 
2013-04-22T19:45:53.661+0200: [GC [ParNew: 3040832K->337856K(3040832K), 1.1227170 secs] 7821966K->7808894K(30070848K), 1.1227920 secs] [Times: user=3.28 sys=11.25, real=1.12 secs] 
2013-04-22T19:45:55.709+0200: [GC [ParNew: 3040832K->337856K(3040832K), 1.1055590 secs] 10511870K->10559260K(30070848K), 1.1056200 secs] [Times: user=2.94 sys=11.33, real=1.11 secs] 
2013-04-22T19:45:57.778+0200: [GC [ParNew: 3040832K->337856K(3040832K), 1.1176780 secs] 13262236K->13284077K(30070848K), 1.1177510 secs] [Times: user=3.39 sys=10.93, real=1.12 secs] 
2013-04-22T19:45:59.852+0200: [GC [ParNew: 3040832K->337856K(3040832K), 1.5091040 secs] 15987053K->15985107K(30070848K), 1.5091610 secs] [Times: user=16.81 sys=2.63, real=1.51 secs] 
2013-04-22T19:46:02.297+0200: [GC [ParNew: 3040832K->337856K(3040832K), 1.0679960 secs] 18688083K->18694013K(30070848K), 1.0680540 secs] [Times: user=3.27 sys=10.54, real=1.06 secs] 
2013-04-22T19:46:04.302+0200: [GC [ParNew: 3040832K->337856K(3040832K), 1.1138660 secs] 21396989K->21375416K(30070848K), 1.1139170 secs] [Times: user=3.73 sys=10.64, real=1.12 secs] 
2013-04-22T19:46:14.351+0200: [GC [ParNew: 3040832K->337856K(3040832K), 1.4114740 secs] 24078392K->23516129K(30070848K), 1.4115530 secs] [Times: user=16.25 sys=1.97, real=1.41 secs] 
2013-04-22T19:46:44.962+0200: [GC [ParNew: 3040832K->337856K(3040832K), 0.2980980 secs] 26219105K->24037722K(30070848K), 0.2982980 secs] [Times: user=2.55 sys=1.11, real=0.29 secs] 
2013-04-22T19:49:23.115+0200: [GC [ParNew: 3036463K->337856K(3040832K), 0.2794800 secs] 26736329K->24498117K(30070848K), 0.2797020 secs] [Times: user=2.34 sys=0.85, real=0.28 secs] 
BROKEN RECORDS: 0
BROKEN RECORDS: 0
BROKEN RECORDS: 0
BROKEN RECORDS: 0
BROKEN RECORDS: 0
BROKEN RECORDS: 0
BROKEN RECORDS: 0
BROKEN RECORDS: 0
BROKEN RECORDS: 0
BROKEN RECORDS: 0
BROKEN RECORDS: 0
BROKEN RECORDS: 0
BROKEN RECORDS: 0
BROKEN RECORDS: 0
BROKEN RECORDS: 0
BROKEN RECORDS: 0
BROKEN RECORDS: 0
BROKEN RECORDS: 0
BROKEN RECORDS: 0
BROKEN RECORDS: 0
BROKEN RECORDS: 0
BROKEN RECORDS: 0
BROKEN RECORDS: 0
BROKEN RECORDS: 0
