2013-04-22T19:45:48.604+0200: [GC [ParNew: 2702976K->337855K(3040832K), 1.0028040 secs] 2702976K->2487639K(30070848K), 1.0028800 secs] [Times: user=2.31 sys=10.46, real=1.00 secs] 
2013-04-22T19:45:50.768+0200: [GC [ParNew: 3040831K->337856K(3040832K), 1.1275900 secs] 5190615K->5120753K(30070848K), 1.1276520 secs] [Times: user=3.01 sys=11.57, real=1.13 secs] 
2013-04-22T19:45:53.017+0200: [GC [ParNew: 3040832K->337856K(3040832K), 1.1326500 secs] 7823729K->7813499K(30070848K), 1.1327030 secs] [Times: user=3.44 sys=11.18, real=1.14 secs] 
2013-04-22T19:45:55.257+0200: [GC [ParNew: 3040832K->337856K(3040832K), 1.0979370 secs] 10516475K->10554005K(30070848K), 1.0980060 secs] [Times: user=3.23 sys=10.98, real=1.09 secs] 
2013-04-22T19:45:57.472+0200: [GC [ParNew: 3040832K->337856K(3040832K), 1.1135360 secs] 13256981K->13285417K(30070848K), 1.1135900 secs] [Times: user=3.59 sys=10.40, real=1.11 secs] 
2013-04-22T19:45:59.685+0200: [GC [ParNew: 3040832K->337856K(3040832K), 1.5760420 secs] 15988393K->15989648K(30070848K), 1.5760930 secs] [Times: user=17.86 sys=2.57, real=1.58 secs] 
2013-04-22T19:46:02.329+0200: [GC [ParNew: 3040832K->337856K(3040832K), 1.0872320 secs] 18692624K->18701980K(30070848K), 1.0872760 secs] [Times: user=3.44 sys=10.60, real=1.08 secs] 
2013-04-22T19:46:04.546+0200: [GC [ParNew: 3040832K->337856K(3040832K), 1.1232570 secs] 21404956K->21402560K(30070848K), 1.1233270 secs] [Times: user=3.68 sys=10.84, real=1.13 secs] 
2013-04-22T19:46:14.419+0200: [GC [ParNew: 3040832K->337856K(3040832K), 1.7639510 secs] 24105536K->23527394K(30070848K), 1.7640330 secs] [Times: user=20.47 sys=2.19, real=1.76 secs] 
2013-04-22T19:46:57.884+0200: [GC [ParNew: 3037090K->337856K(3040832K), 0.2250890 secs] 26226629K->23913565K(30070848K), 0.2253050 secs] [Times: user=2.09 sys=0.67, real=0.23 secs] 
BROKEN RECORDS: 0
BROKEN RECORDS: 0
BROKEN RECORDS: 0
BROKEN RECORDS: 0
BROKEN RECORDS: 0
BROKEN RECORDS: 0
2013-04-22T19:49:23.923+0200: [GC [ParNew: 3035676K->337856K(3040832K), 0.2485690 secs] 26611386K->24263297K(30070848K), 0.2487660 secs] [Times: user=2.28 sys=0.60, real=0.25 secs] 
BROKEN RECORDS: 0
BROKEN RECORDS: 0
BROKEN RECORDS: 0
BROKEN RECORDS: 0
BROKEN RECORDS: 0
BROKEN RECORDS: 0
BROKEN RECORDS: 0
BROKEN RECORDS: 0
BROKEN RECORDS: 0
BROKEN RECORDS: 0
BROKEN RECORDS: 0
BROKEN RECORDS: 0
BROKEN RECORDS: 0
BROKEN RECORDS: 0
BROKEN RECORDS: 0
BROKEN RECORDS: 0
BROKEN RECORDS: 0
BROKEN RECORDS: 0
