2013-04-22T19:45:48.596+0200: [GC [ParNew: 2702976K->337855K(3040832K), 0.9835010 secs] 2702976K->2484499K(30070848K), 0.9835760 secs] [Times: user=2.25 sys=10.11, real=0.99 secs] 
2013-04-22T19:45:50.426+0200: [GC [ParNew: 3040831K->337856K(3040832K), 1.1060760 secs] 5187475K->5112519K(30070848K), 1.1061290 secs] [Times: user=2.86 sys=11.43, real=1.11 secs] 
2013-04-22T19:45:52.357+0200: [GC [ParNew: 3040832K->337856K(3040832K), 1.1192990 secs] 7815495K->7803760K(30070848K), 1.1193560 secs] [Times: user=3.19 sys=11.26, real=1.12 secs] 
2013-04-22T19:45:54.241+0200: [GC [ParNew: 3040832K->337856K(3040832K), 1.0831290 secs] 10506736K->10548715K(30070848K), 1.0831690 secs] [Times: user=3.33 sys=10.68, real=1.08 secs] 
2013-04-22T19:45:56.104+0200: [GC [ParNew: 3040832K->337856K(3040832K), 1.1228260 secs] 13251691K->13280224K(30070848K), 1.1228730 secs] [Times: user=3.26 sys=11.27, real=1.13 secs] 
2013-04-22T19:45:57.981+0200: [GC [ParNew: 3040832K->337856K(3040832K), 1.5815200 secs] 15983200K->15975971K(30070848K), 1.5815850 secs] [Times: user=18.09 sys=2.37, real=1.58 secs] 
2013-04-22T19:46:00.327+0200: [GC [ParNew: 3040832K->337856K(3040832K), 1.0727280 secs] 18678947K->18722784K(30070848K), 1.0727830 secs] [Times: user=3.73 sys=9.98, real=1.07 secs] 
2013-04-22T19:46:02.157+0200: [GC [ParNew: 3040832K->337856K(3040832K), 1.1293370 secs] 21425760K->21413055K(30070848K), 1.1293910 secs] [Times: user=3.81 sys=10.79, real=1.13 secs] 
2013-04-22T19:46:14.343+0200: [GC [ParNew: 3040832K->337856K(3040832K), 1.5420430 secs] 24116031K->23531197K(30070848K), 1.5421380 secs] [Times: user=17.91 sys=2.00, real=1.54 secs] 
2013-04-22T19:46:42.818+0200: [GC [ParNew: 3040832K->337856K(3040832K), 0.3020380 secs] 26234176K->23978069K(30070848K), 0.3022920 secs] [Times: user=2.29 sys=0.68, real=0.30 secs] 
2013-04-22T19:46:43.121+0200: [GC [ParNew: 349749K->40994K(3040832K), 0.2159870 secs] 23989963K->24024443K(30070848K), 0.2161170 secs] [Times: user=1.67 sys=0.79, real=0.22 secs] 
2013-04-22T19:48:37.860+0200: [GC [ParNew: 2743970K->337856K(3040832K), 0.2872160 secs] 26793087K->24793771K(30070848K), 0.2873630 secs] [Times: user=3.14 sys=0.50, real=0.29 secs] 
BROKEN RECORDS: 0
BROKEN RECORDS: 0
BROKEN RECORDS: 0
BROKEN RECORDS: 0
BROKEN RECORDS: 0
BROKEN RECORDS: 0
BROKEN RECORDS: 0
BROKEN RECORDS: 0
BROKEN RECORDS: 0
BROKEN RECORDS: 0
BROKEN RECORDS: 0
BROKEN RECORDS: 0
BROKEN RECORDS: 0
BROKEN RECORDS: 0
BROKEN RECORDS: 0
BROKEN RECORDS: 0
BROKEN RECORDS: 0
BROKEN RECORDS: 0
BROKEN RECORDS: 0
BROKEN RECORDS: 0
BROKEN RECORDS: 0
BROKEN RECORDS: 0
BROKEN RECORDS: 0
BROKEN RECORDS: 0
