2013-04-22T19:45:48.121+0200: [GC [ParNew: 2702976K->337856K(3040832K), 1.0201980 secs] 2702976K->2493497K(30070848K), 1.0202730 secs] [Times: user=2.30 sys=10.56, real=1.02 secs] 
2013-04-22T19:45:50.009+0200: [GC [ParNew: 3040832K->337856K(3040832K), 1.1332730 secs] 5196473K->5133493K(30070848K), 1.1333610 secs] [Times: user=3.06 sys=11.40, real=1.14 secs] 
2013-04-22T19:45:51.947+0200: [GC [ParNew: 3040832K->337856K(3040832K), 1.1501970 secs] 7836469K->7824517K(30070848K), 1.1502470 secs] [Times: user=3.54 sys=11.34, real=1.15 secs] 
2013-04-22T19:45:53.893+0200: [GC [ParNew: 3040832K->337856K(3040832K), 1.1115740 secs] 10527493K->10561085K(30070848K), 1.1116350 secs] [Times: user=3.40 sys=10.88, real=1.11 secs] 
2013-04-22T19:45:55.798+0200: [GC [ParNew: 3040832K->337856K(3040832K), 1.1622420 secs] 13264061K->13278026K(30070848K), 1.1623270 secs] [Times: user=3.77 sys=11.20, real=1.17 secs] 
2013-04-22T19:45:57.695+0200: [GC [ParNew: 3040832K->337856K(3040832K), 1.4957030 secs] 15981002K->15988693K(30070848K), 1.4957530 secs] [Times: user=17.00 sys=2.32, real=1.50 secs] 
2013-04-22T19:45:59.956+0200: [GC [ParNew: 3040832K->337856K(3040832K), 1.1074110 secs] 18691669K->18694654K(30070848K), 1.1074840 secs] [Times: user=3.78 sys=10.28, real=1.11 secs] 
2013-04-22T19:46:01.838+0200: [GC [ParNew: 3040832K->337856K(3040832K), 1.1585770 secs] 21397630K->21417132K(30070848K), 1.1586590 secs] [Times: user=3.88 sys=11.10, real=1.15 secs] 
2013-04-22T19:46:14.192+0200: [GC [ParNew: 3040832K->337856K(3040832K), 1.6455760 secs] 24120108K->23516674K(30070848K), 1.6456990 secs] [Times: user=19.23 sys=2.00, real=1.65 secs] 
2013-04-22T19:46:43.690+0200: [GC [ParNew: 3011086K->337856K(3040832K), 0.2387000 secs] 26189905K->23895697K(30070848K), 0.2389730 secs] [Times: user=2.15 sys=0.80, real=0.24 secs] 
2013-04-22T19:49:13.484+0200: [GC [ParNew: 3039486K->337856K(3040832K), 0.2783590 secs] 26597328K->24358678K(30070848K), 0.2785350 secs] [Times: user=2.53 sys=0.90, real=0.28 secs] 
BROKEN RECORDS: 0
BROKEN RECORDS: 0
BROKEN RECORDS: 0
BROKEN RECORDS: 0
BROKEN RECORDS: 0
BROKEN RECORDS: 0
BROKEN RECORDS: 0
BROKEN RECORDS: 0
BROKEN RECORDS: 0
BROKEN RECORDS: 0
BROKEN RECORDS: 0
BROKEN RECORDS: 0
BROKEN RECORDS: 0
BROKEN RECORDS: 0
BROKEN RECORDS: 0
BROKEN RECORDS: 0
BROKEN RECORDS: 0
BROKEN RECORDS: 0
BROKEN RECORDS: 0
BROKEN RECORDS: 0
BROKEN RECORDS: 0
BROKEN RECORDS: 0
BROKEN RECORDS: 0
BROKEN RECORDS: 0
