2013-04-22T19:45:49.404+0200: [GC [ParNew: 2702976K->337856K(3040832K), 0.9918390 secs] 2702976K->2484004K(30070848K), 0.9930670 secs] [Times: user=2.26 sys=10.32, real=0.99 secs] 
2013-04-22T19:45:51.259+0200: [GC [ParNew: 3040832K->337856K(3040832K), 1.1067430 secs] 5186980K->5117938K(30070848K), 1.1068020 secs] [Times: user=3.00 sys=11.10, real=1.10 secs] 
2013-04-22T19:45:53.271+0200: [GC [ParNew: 3040832K->337856K(3040832K), 1.1051990 secs] 7820914K->7813950K(30070848K), 1.1052540 secs] [Times: user=3.03 sys=11.00, real=1.10 secs] 
2013-04-22T19:45:55.313+0200: [GC [ParNew: 3040832K->337856K(3040832K), 1.0892700 secs] 10516926K->10526473K(30070848K), 1.0893170 secs] [Times: user=3.11 sys=10.98, real=1.09 secs] 
2013-04-22T19:45:57.309+0200: [GC [ParNew: 3035406K->337856K(3040832K), 1.1233690 secs] 13224024K->13252059K(30070848K), 1.1234230 secs] [Times: user=3.24 sys=11.11, real=1.13 secs] 
2013-04-22T19:45:59.337+0200: [GC [ParNew: 3040832K->337856K(3040832K), 1.4617600 secs] 15955035K->15939610K(30070848K), 1.4618370 secs] [Times: user=16.63 sys=2.32, real=1.47 secs] 
2013-04-22T19:46:01.757+0200: [GC [ParNew: 3040832K->337856K(3040832K), 1.0833270 secs] 18642586K->18679379K(30070848K), 1.0833990 secs] [Times: user=3.33 sys=10.68, real=1.09 secs] 
2013-04-22T19:46:03.807+0200: [GC [ParNew: 3040832K->337856K(3040832K), 1.1283760 secs] 21382355K->21386555K(30070848K), 1.1284560 secs] [Times: user=3.78 sys=10.48, real=1.13 secs] 
2013-04-22T19:46:14.231+0200: [GC [ParNew: 3040832K->337856K(3040832K), 1.5080120 secs] 24089531K->23506874K(30070848K), 1.5081010 secs] [Times: user=17.44 sys=2.00, real=1.51 secs] 
2013-04-22T19:46:45.383+0200: [GC [ParNew: 3039780K->337856K(3040832K), 0.1835730 secs] 26216701K->23792319K(30070848K), 0.1837750 secs] [Times: user=1.97 sys=0.31, real=0.19 secs] 
BROKEN RECORDS: 0
2013-04-22T19:49:18.514+0200: [GC [ParNew: 3035814K->337856K(3040832K), 0.2455530 secs] 26490277K->24189879K(30070848K), 0.2457640 secs] [Times: user=1.97 sys=0.78, real=0.25 secs] 
BROKEN RECORDS: 0
BROKEN RECORDS: 0
BROKEN RECORDS: 0
BROKEN RECORDS: 0
BROKEN RECORDS: 0
BROKEN RECORDS: 0
BROKEN RECORDS: 0
BROKEN RECORDS: 0
BROKEN RECORDS: 0
BROKEN RECORDS: 0
BROKEN RECORDS: 0
BROKEN RECORDS: 0
BROKEN RECORDS: 0
BROKEN RECORDS: 0
BROKEN RECORDS: 0
BROKEN RECORDS: 0
BROKEN RECORDS: 0
BROKEN RECORDS: 0
BROKEN RECORDS: 0
BROKEN RECORDS: 0
BROKEN RECORDS: 0
BROKEN RECORDS: 0
BROKEN RECORDS: 0
