2013-04-22T19:45:46.989+0200: [GC [ParNew: 2702976K->337855K(3040832K), 1.0177160 secs] 2702976K->2486709K(30070848K), 1.0178160 secs] [Times: user=2.39 sys=10.09, real=1.01 secs] 
2013-04-22T19:45:48.895+0200: [GC [ParNew: 3040831K->337856K(3040832K), 1.1507290 secs] 5189685K->5120544K(30070848K), 1.1507860 secs] [Times: user=2.70 sys=12.11, real=1.15 secs] 
2013-04-22T19:45:51.136+0200: [GC [ParNew: 3040832K->337856K(3040832K), 1.1518320 secs] 7823520K->7809904K(30070848K), 1.1518820 secs] [Times: user=3.28 sys=11.62, real=1.15 secs] 
2013-04-22T19:45:53.399+0200: [GC [ParNew: 3040832K->337856K(3040832K), 1.1071580 secs] 10512880K->10531904K(30070848K), 1.1072400 secs] [Times: user=3.56 sys=10.30, real=1.11 secs] 
2013-04-22T19:45:55.629+0200: [GC [ParNew: 3040832K->337856K(3040832K), 1.1564080 secs] 13234880K->13260851K(30070848K), 1.1565490 secs] [Times: user=3.53 sys=11.41, real=1.16 secs] 
2013-04-22T19:45:57.831+0200: [GC [ParNew: 3040832K->337856K(3040832K), 1.4487940 secs] 15963827K->15922214K(30070848K), 1.4488520 secs] [Times: user=16.23 sys=2.41, real=1.44 secs] 
2013-04-22T19:46:00.371+0200: [GC [ParNew: 3040832K->337856K(3040832K), 1.1181390 secs] 18625190K->18662687K(30070848K), 1.1182240 secs] [Times: user=3.75 sys=10.69, real=1.11 secs] 
2013-04-22T19:46:02.589+0200: [GC [ParNew: 3040832K->337856K(3040832K), 1.1348270 secs] 21365663K->21333301K(30070848K), 1.1348890 secs] [Times: user=3.80 sys=10.87, real=1.14 secs] 
2013-04-22T19:46:14.193+0200: [GC [ParNew: 3040832K->337856K(3040832K), 1.4177610 secs] 24036277K->23489253K(30070848K), 1.4178590 secs] [Times: user=16.51 sys=1.83, real=1.42 secs] 
2013-04-22T19:46:47.636+0200: [GC [ParNew: 3040832K->337856K(3040832K), 0.2182610 secs] 26193678K->23819322K(30070848K), 0.2185010 secs] [Times: user=2.16 sys=0.55, real=0.22 secs] 
2013-04-22T19:49:14.016+0200: [GC [ParNew: 3040832K->337856K(3040832K), 0.2527420 secs] 26522298K->24193328K(30070848K), 0.2529330 secs] [Times: user=1.91 sys=0.43, real=0.26 secs] 
BROKEN RECORDS: 0
BROKEN RECORDS: 0
BROKEN RECORDS: 0
BROKEN RECORDS: 0
BROKEN RECORDS: 0
BROKEN RECORDS: 0
BROKEN RECORDS: 0
BROKEN RECORDS: 0
BROKEN RECORDS: 0
BROKEN RECORDS: 0
BROKEN RECORDS: 0
BROKEN RECORDS: 0
BROKEN RECORDS: 0
BROKEN RECORDS: 0
BROKEN RECORDS: 0
BROKEN RECORDS: 0
BROKEN RECORDS: 0
BROKEN RECORDS: 0
BROKEN RECORDS: 0
BROKEN RECORDS: 0
BROKEN RECORDS: 0
BROKEN RECORDS: 0
BROKEN RECORDS: 0
BROKEN RECORDS: 0
BROKEN RECORDS: 0
BROKEN RECORDS: 0
BROKEN RECORDS: 0
BROKEN RECORDS: 0
BROKEN RECORDS: 0
BROKEN RECORDS: 0
BROKEN RECORDS: 0
BROKEN RECORDS: 0
BROKEN RECORDS: 0
BROKEN RECORDS: 0
BROKEN RECORDS: 0
BROKEN RECORDS: 0
BROKEN RECORDS: 0
BROKEN RECORDS: 0
BROKEN RECORDS: 0
BROKEN RECORDS: 0
BROKEN RECORDS: 0
BROKEN RECORDS: 0
BROKEN RECORDS: 0
BROKEN RECORDS: 0
BROKEN RECORDS: 0
BROKEN RECORDS: 0
BROKEN RECORDS: 0
BROKEN RECORDS: 0
BROKEN RECORDS: 0
BROKEN RECORDS: 0
BROKEN RECORDS: 0
BROKEN RECORDS: 0
BROKEN RECORDS: 0
BROKEN RECORDS: 0
BROKEN RECORDS: 0
BROKEN RECORDS: 0
BROKEN RECORDS: 0
BROKEN RECORDS: 0
BROKEN RECORDS: 0
BROKEN RECORDS: 0
BROKEN RECORDS: 0
BROKEN RECORDS: 0
BROKEN RECORDS: 0
BROKEN RECORDS: 0
BROKEN RECORDS: 0
BROKEN RECORDS: 0
BROKEN RECORDS: 0
BROKEN RECORDS: 0
BROKEN RECORDS: 0
BROKEN RECORDS: 0
BROKEN RECORDS: 0
BROKEN RECORDS: 0
BROKEN RECORDS: 0
BROKEN RECORDS: 0
BROKEN RECORDS: 0
BROKEN RECORDS: 0
BROKEN RECORDS: 0
BROKEN RECORDS: 0
BROKEN RECORDS: 0
BROKEN RECORDS: 0
2013-04-22T19:54:50.230+0200: [GC [ParNew: 3040832K->153277K(3040832K), 0.1262050 secs] 26896304K->24280345K(30070848K), 0.1263750 secs] [Times: user=1.28 sys=0.26, real=0.12 secs] 
BROKEN RECORDS: 0
BROKEN RECORDS: 0
BROKEN RECORDS: 0
BROKEN RECORDS: 0
BROKEN RECORDS: 0
BROKEN RECORDS: 0
BROKEN RECORDS: 0
BROKEN RECORDS: 0
