2013-04-22T19:45:48.929+0200: [GC [ParNew: 2702976K->337856K(3040832K), 0.9705000 secs] 2702976K->2491553K(30070848K), 0.9714640 secs] [Times: user=2.07 sys=10.05, real=0.97 secs] 
2013-04-22T19:45:50.736+0200: [GC [ParNew: 3040832K->337856K(3040832K), 1.1142450 secs] 5194529K->5122286K(30070848K), 1.1142950 secs] [Times: user=2.58 sys=11.82, real=1.11 secs] 
2013-04-22T19:45:52.684+0200: [GC [ParNew: 3040832K->337856K(3040832K), 1.1253200 secs] 7825262K->7814199K(30070848K), 1.1253720 secs] [Times: user=3.43 sys=10.89, real=1.13 secs] 
2013-04-22T19:45:54.590+0200: [GC [ParNew: 3040832K->337856K(3040832K), 1.0904220 secs] 10517175K->10559155K(30070848K), 1.0904790 secs] [Times: user=3.21 sys=10.90, real=1.09 secs] 
2013-04-22T19:45:56.428+0200: [GC [ParNew: 3040832K->337856K(3040832K), 1.1282190 secs] 13262131K->13289799K(30070848K), 1.1282730 secs] [Times: user=3.36 sys=11.24, real=1.13 secs] 
2013-04-22T19:45:58.329+0200: [GC [ParNew: 3040832K->337856K(3040832K), 1.7301090 secs] 15992775K->16023549K(30070848K), 1.7301830 secs] [Times: user=19.53 sys=2.66, real=1.73 secs] 
2013-04-22T19:46:00.824+0200: [GC [ParNew: 3040832K->337856K(3040832K), 1.1309180 secs] 18726525K->18743693K(30070848K), 1.1309780 secs] [Times: user=3.84 sys=10.79, real=1.13 secs] 
2013-04-22T19:46:02.715+0200: [GC [ParNew: 3040832K->337856K(3040832K), 1.1326250 secs] 21446669K->21440495K(30070848K), 1.1326820 secs] [Times: user=3.68 sys=10.77, real=1.13 secs] 
2013-04-22T19:46:14.321+0200: [GC [ParNew: 3040832K->337856K(3040832K), 1.5220320 secs] 24143471K->23521179K(30070848K), 1.5221110 secs] [Times: user=17.67 sys=1.89, real=1.52 secs] 
2013-04-22T19:46:43.217+0200: [GC [ParNew: 3040832K->337856K(3040832K), 0.2450780 secs] 26224155K->23878453K(30070848K), 0.2452770 secs] [Times: user=2.10 sys=0.71, real=0.24 secs] 
2013-04-22T19:49:13.698+0200: [GC [ParNew: 3040832K->337856K(3040832K), 0.2412890 secs] 26581429K->24270996K(30070848K), 0.2414520 secs] [Times: user=2.21 sys=0.80, real=0.24 secs] 
BROKEN RECORDS: 0
BROKEN RECORDS: 0
BROKEN RECORDS: 0
BROKEN RECORDS: 0
BROKEN RECORDS: 0
BROKEN RECORDS: 0
BROKEN RECORDS: 0
BROKEN RECORDS: 0
BROKEN RECORDS: 0
BROKEN RECORDS: 0
BROKEN RECORDS: 0
BROKEN RECORDS: 0
BROKEN RECORDS: 0
BROKEN RECORDS: 0
BROKEN RECORDS: 0
BROKEN RECORDS: 0
BROKEN RECORDS: 0
BROKEN RECORDS: 0
BROKEN RECORDS: 0
BROKEN RECORDS: 0
BROKEN RECORDS: 0
BROKEN RECORDS: 0
BROKEN RECORDS: 0
BROKEN RECORDS: 0
BROKEN RECORDS: 0
BROKEN RECORDS: 0
BROKEN RECORDS: 0
BROKEN RECORDS: 0
BROKEN RECORDS: 0
BROKEN RECORDS: 0
BROKEN RECORDS: 0
BROKEN RECORDS: 0
BROKEN RECORDS: 0
BROKEN RECORDS: 0
BROKEN RECORDS: 0
BROKEN RECORDS: 0
BROKEN RECORDS: 0
BROKEN RECORDS: 0
BROKEN RECORDS: 0
BROKEN RECORDS: 0
BROKEN RECORDS: 0
BROKEN RECORDS: 0
BROKEN RECORDS: 0
BROKEN RECORDS: 0
BROKEN RECORDS: 0
BROKEN RECORDS: 0
BROKEN RECORDS: 0
BROKEN RECORDS: 0
BROKEN RECORDS: 0
BROKEN RECORDS: 0
BROKEN RECORDS: 0
BROKEN RECORDS: 0
BROKEN RECORDS: 0
BROKEN RECORDS: 0
BROKEN RECORDS: 0
BROKEN RECORDS: 0
BROKEN RECORDS: 0
BROKEN RECORDS: 0
BROKEN RECORDS: 0
BROKEN RECORDS: 0
BROKEN RECORDS: 0
BROKEN RECORDS: 0
BROKEN RECORDS: 0
BROKEN RECORDS: 0
BROKEN RECORDS: 0
BROKEN RECORDS: 0
BROKEN RECORDS: 0
BROKEN RECORDS: 0
BROKEN RECORDS: 0
BROKEN RECORDS: 0
BROKEN RECORDS: 0
BROKEN RECORDS: 0
BROKEN RECORDS: 0
BROKEN RECORDS: 0
BROKEN RECORDS: 0
BROKEN RECORDS: 0
BROKEN RECORDS: 0
BROKEN RECORDS: 0
BROKEN RECORDS: 0
BROKEN RECORDS: 0
2013-04-22T19:54:50.332+0200: [GC [ParNew: 3040832K->144268K(3040832K), 0.1451090 secs] 26973972K->24393848K(30070848K), 0.1453380 secs] [Times: user=1.38 sys=0.36, real=0.15 secs] 
BROKEN RECORDS: 0
BROKEN RECORDS: 0
BROKEN RECORDS: 0
BROKEN RECORDS: 0
BROKEN RECORDS: 0
BROKEN RECORDS: 0
BROKEN RECORDS: 0
BROKEN RECORDS: 0
