2013-04-22T19:45:47.653+0200: [GC [ParNew: 2702976K->337856K(3040832K), 0.9885390 secs] 2702976K->2488620K(30070848K), 0.9886240 secs] [Times: user=2.18 sys=10.28, real=0.99 secs] 
2013-04-22T19:45:49.488+0200: [GC [ParNew: 3040832K->337856K(3040832K), 1.1144620 secs] 5191596K->5123878K(30070848K), 1.1145330 secs] [Times: user=2.78 sys=11.41, real=1.12 secs] 
2013-04-22T19:45:51.404+0200: [GC [ParNew: 3040832K->337856K(3040832K), 1.1281660 secs] 7826854K->7814999K(30070848K), 1.1282340 secs] [Times: user=3.25 sys=11.36, real=1.12 secs] 
2013-04-22T19:45:53.283+0200: [GC [ParNew: 3040832K->337856K(3040832K), 1.0990990 secs] 10517975K->10568727K(30070848K), 1.0991670 secs] [Times: user=3.32 sys=10.91, real=1.10 secs] 
2013-04-22T19:45:55.185+0200: [GC [ParNew: 3040832K->337856K(3040832K), 1.1471840 secs] 13271703K->13298058K(30070848K), 1.1472240 secs] [Times: user=3.60 sys=11.10, real=1.14 secs] 
2013-04-22T19:45:57.117+0200: [GC [ParNew: 3040832K->337856K(3040832K), 1.6777180 secs] 16001034K->15993518K(30070848K), 1.6777900 secs] [Times: user=19.24 sys=2.52, real=1.68 secs] 
2013-04-22T19:45:59.559+0200: [GC [ParNew: 3040832K->337856K(3040832K), 1.1192760 secs] 18696494K->18724322K(30070848K), 1.1193280 secs] [Times: user=3.87 sys=9.95, real=1.12 secs] 
2013-04-22T19:46:01.462+0200: [GC [ParNew: 3040832K->337856K(3040832K), 1.1259040 secs] 21427298K->21413377K(30070848K), 1.1259480 secs] [Times: user=3.78 sys=10.78, real=1.12 secs] 
2013-04-22T19:46:14.436+0200: [GC [ParNew: 3040832K->337856K(3040832K), 1.5507450 secs] 24116353K->23533568K(30070848K), 1.5508450 secs] [Times: user=18.18 sys=1.92, real=1.55 secs] 
2013-04-22T19:46:43.376+0200: [GC [ParNew: 3035134K->337856K(3040832K), 0.3921720 secs] 26230847K->23974270K(30070848K), 0.3923800 secs] [Times: user=3.24 sys=0.47, real=0.39 secs] 
2013-04-22T19:49:13.647+0200: [GC [ParNew: 3036665K->337856K(3040832K), 0.2333930 secs] 26673080K->24421698K(30070848K), 0.2336150 secs] [Times: user=2.44 sys=0.55, real=0.23 secs] 
BROKEN RECORDS: 0
BROKEN RECORDS: 0
BROKEN RECORDS: 0
BROKEN RECORDS: 0
BROKEN RECORDS: 0
BROKEN RECORDS: 0
BROKEN RECORDS: 0
BROKEN RECORDS: 0
BROKEN RECORDS: 0
BROKEN RECORDS: 0
BROKEN RECORDS: 0
BROKEN RECORDS: 0
BROKEN RECORDS: 0
BROKEN RECORDS: 0
BROKEN RECORDS: 0
BROKEN RECORDS: 0
BROKEN RECORDS: 0
BROKEN RECORDS: 0
BROKEN RECORDS: 0
BROKEN RECORDS: 0
BROKEN RECORDS: 0
BROKEN RECORDS: 0
BROKEN RECORDS: 0
BROKEN RECORDS: 0
BROKEN RECORDS: 0
BROKEN RECORDS: 0
BROKEN RECORDS: 0
BROKEN RECORDS: 0
BROKEN RECORDS: 0
BROKEN RECORDS: 0
BROKEN RECORDS: 0
BROKEN RECORDS: 0
BROKEN RECORDS: 0
BROKEN RECORDS: 0
BROKEN RECORDS: 0
BROKEN RECORDS: 0
BROKEN RECORDS: 0
BROKEN RECORDS: 0
BROKEN RECORDS: 0
BROKEN RECORDS: 0
BROKEN RECORDS: 0
BROKEN RECORDS: 0
BROKEN RECORDS: 0
BROKEN RECORDS: 0
BROKEN RECORDS: 0
BROKEN RECORDS: 0
BROKEN RECORDS: 0
BROKEN RECORDS: 0
BROKEN RECORDS: 0
BROKEN RECORDS: 0
BROKEN RECORDS: 0
BROKEN RECORDS: 0
BROKEN RECORDS: 0
BROKEN RECORDS: 0
BROKEN RECORDS: 0
BROKEN RECORDS: 0
BROKEN RECORDS: 0
BROKEN RECORDS: 0
BROKEN RECORDS: 0
BROKEN RECORDS: 0
BROKEN RECORDS: 0
BROKEN RECORDS: 0
BROKEN RECORDS: 0
BROKEN RECORDS: 0
BROKEN RECORDS: 0
BROKEN RECORDS: 0
BROKEN RECORDS: 0
BROKEN RECORDS: 0
BROKEN RECORDS: 0
BROKEN RECORDS: 0
BROKEN RECORDS: 0
BROKEN RECORDS: 0
BROKEN RECORDS: 0
BROKEN RECORDS: 0
BROKEN RECORDS: 0
BROKEN RECORDS: 0
BROKEN RECORDS: 0
BROKEN RECORDS: 0
BROKEN RECORDS: 0
BROKEN RECORDS: 0
2013-04-22T19:54:50.124+0200: [GC [ParNew: 3040832K->3040832K(3040832K), 0.0000260 secs] 27124674K->27124674K(30070848K), 0.0001520 secs] [Times: user=0.00 sys=0.00, real=0.00 secs] 
GC locker: Trying a full collection because scavenge failed
2013-04-22T19:54:50.125+0200: [Full GC [Tenured: 24083842K->24381790K(27030016K), 2.5574830 secs] 27124674K->24381790K(30070848K), [Perm : 12821K->12821K(21248K)], 2.5575830 secs] [Times: user=2.27 sys=0.22, real=2.56 secs] 
BROKEN RECORDS: 0
BROKEN RECORDS: 0
BROKEN RECORDS: 0
BROKEN RECORDS: 0
BROKEN RECORDS: 0
BROKEN RECORDS: 0
BROKEN RECORDS: 0
BROKEN RECORDS: 0
