2013-06-07T17:47:58.466+0200: [GC [ParNew: 2702976K->337856K(3040832K), 0.9351060 secs] 2702976K->2483125K(30070848K), 0.9351800 secs] [Times: user=1.98 sys=9.88, real=0.94 secs] 
2013-06-07T17:48:00.147+0200: [GC [ParNew: 3040832K->337856K(3040832K), 1.0628550 secs] 5186101K->5113598K(30070848K), 1.0629030 secs] [Times: user=2.99 sys=10.71, real=1.06 secs] 
2013-06-07T17:48:01.951+0200: [GC [ParNew: 3040832K->337856K(3040832K), 1.0634520 secs] 7816574K->7807633K(30070848K), 1.0634980 secs] [Times: user=3.18 sys=10.60, real=1.07 secs] 
2013-06-07T17:48:03.728+0200: [GC [ParNew: 3040832K->337856K(3040832K), 1.0283600 secs] 10510609K->10555502K(30070848K), 1.0284320 secs] [Times: user=3.01 sys=10.30, real=1.03 secs] 
2013-06-07T17:48:05.483+0200: [GC [ParNew: 3040832K->337856K(3040832K), 1.0795710 secs] 13258478K->13259509K(30070848K), 1.0796440 secs] [Times: user=3.58 sys=10.40, real=1.08 secs] 
2013-06-07T17:48:07.277+0200: [GC [ParNew: 3040832K->337856K(3040832K), 1.4837970 secs] 15962485K->15979620K(30070848K), 1.4838600 secs] [Times: user=16.52 sys=2.73, real=1.49 secs] 
2013-06-07T17:48:09.486+0200: [GC [ParNew: 3040832K->337856K(3040832K), 1.1229600 secs] 18682596K->18678281K(30070848K), 1.1230370 secs] [Times: user=3.35 sys=11.19, real=1.12 secs] 
2013-06-07T17:48:11.343+0200: [GC [ParNew: 3040832K->337856K(3040832K), 1.1755420 secs] 21381257K->21396758K(30070848K), 1.1756160 secs] [Times: user=3.97 sys=11.24, real=1.17 secs] 
2013-06-07T17:48:20.410+0200: [GC [ParNew: 3040832K->337856K(3040832K), 1.5491820 secs] 24099734K->23494762K(30070848K), 1.5492690 secs] [Times: user=18.05 sys=2.04, real=1.55 secs] 
2013-06-07T17:48:36.439+0200: [GC [ParNew: 3040832K->182104K(3040832K), 0.0797170 secs] 26197738K->23339011K(30070848K), 0.0798390 secs] [Times: user=1.03 sys=0.00, real=0.08 secs] 
