2013-06-07T17:47:58.930+0200: [GC [ParNew: 2702976K->337855K(3040832K), 0.9331870 secs] 2702976K->2482465K(30070848K), 0.9332620 secs] [Times: user=2.28 sys=9.58, real=0.94 secs] 
2013-06-07T17:48:00.608+0200: [GC [ParNew: 3040831K->337856K(3040832K), 1.0406590 secs] 5185441K->5112021K(30070848K), 1.0407250 secs] [Times: user=2.72 sys=10.72, real=1.04 secs] 
2013-06-07T17:48:02.382+0200: [GC [ParNew: 3040832K->337856K(3040832K), 1.0626020 secs] 7814997K->7807296K(30070848K), 1.0626560 secs] [Times: user=3.24 sys=10.51, real=1.07 secs] 
2013-06-07T17:48:04.157+0200: [GC [ParNew: 3040832K->337856K(3040832K), 1.0069110 secs] 10510272K->10523950K(30070848K), 1.0069590 secs] [Times: user=3.02 sys=10.01, real=1.01 secs] 
2013-06-07T17:48:05.878+0200: [GC [ParNew: 3040832K->337856K(3040832K), 1.0856520 secs] 13226926K->13254689K(30070848K), 1.0856980 secs] [Times: user=3.53 sys=10.53, real=1.09 secs] 
2013-06-07T17:48:07.678+0200: [GC [ParNew: 3040832K->337856K(3040832K), 1.3915210 secs] 15957665K->15970063K(30070848K), 1.3915780 secs] [Times: user=16.02 sys=2.04, real=1.39 secs] 
2013-06-07T17:48:09.763+0200: [GC [ParNew: 3040832K->337856K(3040832K), 1.0616650 secs] 18673039K->18686268K(30070848K), 1.0617410 secs] [Times: user=3.37 sys=10.38, real=1.06 secs] 
2013-06-07T17:48:11.506+0200: [GC [ParNew: 3040832K->337856K(3040832K), 1.1466620 secs] 21389244K->21389281K(30070848K), 1.1467370 secs] [Times: user=3.77 sys=11.07, real=1.14 secs] 
2013-06-07T17:48:20.310+0200: [GC [ParNew: 3040832K->337856K(3040832K), 1.3657960 secs] 24092257K->23508283K(30070848K), 1.3659040 secs] [Times: user=15.89 sys=1.80, real=1.37 secs] 
2013-06-07T17:48:36.580+0200: [GC [ParNew: 3040832K->178483K(3040832K), 0.0805890 secs] 26211259K->23348911K(30070848K), 0.0807470 secs] [Times: user=1.01 sys=0.01, real=0.08 secs] 
