2013-06-07T17:47:56.622+0200: [GC [ParNew: 2702976K->337855K(3040832K), 0.9237890 secs] 2702976K->2484714K(30070848K), 0.9238630 secs] [Times: user=2.03 sys=9.66, real=0.93 secs] 
2013-06-07T17:47:58.320+0200: [GC [ParNew: 3040831K->337856K(3040832K), 1.0552600 secs] 5187690K->5120122K(30070848K), 1.0553060 secs] [Times: user=2.73 sys=10.90, real=1.06 secs] 
2013-06-07T17:48:00.127+0200: [GC [ParNew: 3040832K->337856K(3040832K), 1.0605350 secs] 7823098K->7814989K(30070848K), 1.0605820 secs] [Times: user=3.12 sys=10.62, real=1.06 secs] 
2013-06-07T17:48:01.931+0200: [GC [ParNew: 3040832K->337856K(3040832K), 1.0302900 secs] 10517965K->10541600K(30070848K), 1.0303470 secs] [Times: user=3.06 sys=10.26, real=1.04 secs] 
2013-06-07T17:48:03.671+0200: [GC [ParNew: 3040832K->337856K(3040832K), 1.0693300 secs] 13244576K->13249608K(30070848K), 1.0693750 secs] [Times: user=3.34 sys=10.51, real=1.07 secs] 
2013-06-07T17:48:05.454+0200: [GC [ParNew: 3040832K->337856K(3040832K), 1.4514560 secs] 15952584K->15936872K(30070848K), 1.4515730 secs] [Times: user=16.64 sys=2.04, real=1.45 secs] 
2013-06-07T17:48:07.629+0200: [GC [ParNew: 3040832K->337856K(3040832K), 1.0745200 secs] 18639848K->18665051K(30070848K), 1.0745760 secs] [Times: user=3.03 sys=10.89, real=1.08 secs] 
2013-06-07T17:48:09.427+0200: [GC [ParNew: 3040832K->337856K(3040832K), 1.1586370 secs] 21368027K->21365215K(30070848K), 1.1586840 secs] [Times: user=3.94 sys=11.06, real=1.16 secs] 
2013-06-07T17:48:20.375+0200: [GC [ParNew: 3040832K->337856K(3040832K), 1.5295370 secs] 24068191K->23474814K(30070848K), 1.5296370 secs] [Times: user=17.92 sys=1.90, real=1.53 secs] 
2013-06-07T17:48:39.423+0200: [GC [ParNew: 3040832K->189077K(3040832K), 0.0804250 secs] 26177790K->23326035K(30070848K), 0.0805690 secs] [Times: user=1.03 sys=0.00, real=0.08 secs] 
