2013-06-07T17:47:57.766+0200: [GC [ParNew: 2702976K->337856K(3040832K), 0.9356150 secs] 2702976K->2491865K(30070848K), 0.9356880 secs] [Times: user=2.12 sys=9.75, real=0.93 secs] 
2013-06-07T17:47:59.477+0200: [GC [ParNew: 3040832K->337856K(3040832K), 1.0565230 secs] 5194841K->5133371K(30070848K), 1.0565880 secs] [Times: user=2.64 sys=10.98, real=1.06 secs] 
2013-06-07T17:48:01.285+0200: [GC [ParNew: 3040832K->337856K(3040832K), 1.0607050 secs] 7836347K->7826701K(30070848K), 1.0607790 secs] [Times: user=3.20 sys=10.54, real=1.06 secs] 
2013-06-07T17:48:03.048+0200: [GC [ParNew: 3040832K->337856K(3040832K), 1.0019460 secs] 10529677K->10543066K(30070848K), 1.0020190 secs] [Times: user=3.12 sys=9.84, real=1.01 secs] 
2013-06-07T17:48:04.762+0200: [GC [ParNew: 3040832K->337856K(3040832K), 1.0769290 secs] 13246042K->13253572K(30070848K), 1.0770020 secs] [Times: user=3.17 sys=10.78, real=1.07 secs] 
2013-06-07T17:48:06.550+0200: [GC [ParNew: 3040832K->337856K(3040832K), 1.5061770 secs] 15956548K->15953578K(30070848K), 1.5062520 secs] [Times: user=17.02 sys=2.54, real=1.51 secs] 
2013-06-07T17:48:08.749+0200: [GC [ParNew: 3040832K->337856K(3040832K), 1.0555210 secs] 18656554K->18667478K(30070848K), 1.0555940 secs] [Times: user=2.88 sys=10.79, real=1.06 secs] 
2013-06-07T17:48:10.505+0200: [GC [ParNew: 3040832K->337856K(3040832K), 1.1460080 secs] 21370454K->21360887K(30070848K), 1.1460800 secs] [Times: user=3.84 sys=11.01, real=1.15 secs] 
2013-06-07T17:48:20.279+0200: [GC [ParNew: 3040832K->337856K(3040832K), 1.5711430 secs] 24063863K->23473869K(30070848K), 1.5712500 secs] [Times: user=18.40 sys=1.97, real=1.58 secs] 
2013-06-07T17:48:36.163+0200: [GC [ParNew: 3040832K->179795K(3040832K), 0.0824920 secs] 26176845K->23315809K(30070848K), 0.0826500 secs] [Times: user=1.03 sys=0.02, real=0.08 secs] 
