2013-06-07T17:47:56.794+0200: [GC [ParNew: 2702976K->337856K(3040832K), 0.9204780 secs] 2702976K->2488424K(30070848K), 0.9205510 secs] [Times: user=1.81 sys=9.76, real=0.92 secs] 
2013-06-07T17:47:58.429+0200: [GC [ParNew: 3040832K->337856K(3040832K), 1.0443860 secs] 5191400K->5129986K(30070848K), 1.0444470 secs] [Times: user=2.72 sys=10.55, real=1.04 secs] 
2013-06-07T17:48:00.239+0200: [GC [ParNew: 3040832K->337856K(3040832K), 1.0615710 secs] 7832962K->7825493K(30070848K), 1.0616390 secs] [Times: user=3.10 sys=10.65, real=1.06 secs] 
2013-06-07T17:48:02.004+0200: [GC [ParNew: 3040832K->337856K(3040832K), 1.0330710 secs] 10528469K->10550343K(30070848K), 1.0331390 secs] [Times: user=3.28 sys=10.09, real=1.04 secs] 
2013-06-07T17:48:03.732+0200: [GC [ParNew: 3040832K->337856K(3040832K), 1.0650880 secs] 13253319K->13260913K(30070848K), 1.0651540 secs] [Times: user=3.30 sys=10.29, real=1.07 secs] 
2013-06-07T17:48:05.532+0200: [GC [ParNew: 3040832K->337856K(3040832K), 1.4847950 secs] 15963889K->15942638K(30070848K), 1.4848630 secs] [Times: user=16.97 sys=2.29, real=1.49 secs] 
2013-06-07T17:48:07.669+0200: [GC [ParNew: 3040832K->337856K(3040832K), 1.0582710 secs] 18645614K->18698511K(30070848K), 1.0583390 secs] [Times: user=3.18 sys=10.52, real=1.06 secs] 
2013-06-07T17:48:09.440+0200: [GC [ParNew: 3040832K->337856K(3040832K), 1.1293140 secs] 21401487K->21406326K(30070848K), 1.1293640 secs] [Times: user=3.27 sys=11.13, real=1.13 secs] 
2013-06-07T17:48:20.350+0200: [GC [ParNew: 3040832K->337856K(3040832K), 1.4459850 secs] 24109302K->23487613K(30070848K), 1.4460910 secs] [Times: user=16.79 sys=1.83, real=1.45 secs] 
2013-06-07T17:48:37.531+0200: [GC [ParNew: 3040832K->180765K(3040832K), 0.0798820 secs] 26190589K->23330523K(30070848K), 0.0800300 secs] [Times: user=1.03 sys=0.00, real=0.08 secs] 
