2013-06-07T17:47:56.441+0200: [GC [ParNew: 2702976K->337855K(3040832K), 0.9504850 secs] 2702976K->2489820K(30070848K), 0.9505830 secs] [Times: user=2.05 sys=10.03, real=0.95 secs] 
2013-06-07T17:47:58.157+0200: [GC [ParNew: 3040831K->337856K(3040832K), 1.0542410 secs] 5192796K->5120725K(30070848K), 1.0543190 secs] [Times: user=2.86 sys=10.59, real=1.05 secs] 
2013-06-07T17:47:59.972+0200: [GC [ParNew: 3040832K->337856K(3040832K), 1.0739500 secs] 7823701K->7816936K(30070848K), 1.0740230 secs] [Times: user=3.36 sys=10.54, real=1.08 secs] 
2013-06-07T17:48:01.759+0200: [GC [ParNew: 3040832K->337856K(3040832K), 1.0195840 secs] 10519912K->10567719K(30070848K), 1.0196540 secs] [Times: user=3.28 sys=9.91, real=1.02 secs] 
2013-06-07T17:48:03.494+0200: [GC [ParNew: 3040832K->337856K(3040832K), 1.0764530 secs] 13270695K->13297370K(30070848K), 1.0765080 secs] [Times: user=3.63 sys=10.02, real=1.07 secs] 
2013-06-07T17:48:05.274+0200: [GC [ParNew: 3040832K->337856K(3040832K), 1.5337760 secs] 16000346K->15974837K(30070848K), 1.5338210 secs] [Times: user=17.37 sys=2.54, real=1.53 secs] 
2013-06-07T17:48:07.500+0200: [GC [ParNew: 3040832K->337856K(3040832K), 1.0891110 secs] 18677813K->18746910K(30070848K), 1.0891680 secs] [Times: user=2.99 sys=11.11, real=1.10 secs] 
2013-06-07T17:48:09.283+0200: [GC [ParNew: 3040832K->337856K(3040832K), 1.1483320 secs] 21449886K->21434555K(30070848K), 1.1483860 secs] [Times: user=3.72 sys=10.86, real=1.15 secs] 
2013-06-07T17:48:20.389+0200: [GC [ParNew: 3040832K->337856K(3040832K), 1.5288670 secs] 24137531K->23540339K(30070848K), 1.5289590 secs] [Times: user=17.72 sys=1.89, real=1.53 secs] 
2013-06-07T17:48:37.978+0200: [GC [ParNew: 3040832K->180870K(3040832K), 0.0768520 secs] 26243315K->23383354K(30070848K), 0.0770110 secs] [Times: user=0.99 sys=0.00, real=0.08 secs] 
