2013-06-07T17:47:58.661+0200: [GC [ParNew: 2702976K->337855K(3040832K), 0.9331410 secs] 2702976K->2482672K(30070848K), 0.9332150 secs] [Times: user=1.97 sys=9.86, real=0.93 secs] 
2013-06-07T17:48:00.378+0200: [GC [ParNew: 3040831K->337856K(3040832K), 1.0532640 secs] 5185648K->5120580K(30070848K), 1.0533110 secs] [Times: user=2.90 sys=10.71, real=1.06 secs] 
2013-06-07T17:48:02.183+0200: [GC [ParNew: 3040832K->337856K(3040832K), 1.0661840 secs] 7823556K->7816279K(30070848K), 1.0662280 secs] [Times: user=3.26 sys=10.55, real=1.07 secs] 
2013-06-07T17:48:03.953+0200: [GC [ParNew: 3040832K->337856K(3040832K), 1.0340310 secs] 10519255K->10557233K(30070848K), 1.0340860 secs] [Times: user=3.22 sys=10.17, real=1.03 secs] 
2013-06-07T17:48:05.697+0200: [GC [ParNew: 3040832K->337856K(3040832K), 1.0822600 secs] 13260209K->13264601K(30070848K), 1.0823130 secs] [Times: user=3.25 sys=10.76, real=1.09 secs] 
2013-06-07T17:48:07.472+0200: [GC [ParNew: 3040832K->337856K(3040832K), 1.4282650 secs] 15967577K->16001265K(30070848K), 1.4283070 secs] [Times: user=16.44 sys=2.09, real=1.43 secs] 
2013-06-07T17:48:09.605+0200: [GC [ParNew: 3040832K->337856K(3040832K), 1.1187620 secs] 18704241K->18693555K(30070848K), 1.1188040 secs] [Times: user=3.24 sys=11.25, real=1.12 secs] 
2013-06-07T17:48:11.414+0200: [GC [ParNew: 3040832K->337856K(3040832K), 1.1557190 secs] 21396531K->21413568K(30070848K), 1.1557600 secs] [Times: user=3.63 sys=11.34, real=1.16 secs] 
2013-06-07T17:48:20.406+0200: [GC [ParNew: 3040832K->337856K(3040832K), 1.5936520 secs] 24116544K->23533690K(30070848K), 1.5937530 secs] [Times: user=18.62 sys=2.04, real=1.60 secs] 
2013-06-07T17:48:36.740+0200: [GC [ParNew: 3040832K->147664K(3040832K), 0.0775600 secs] 26236666K->23343499K(30070848K), 0.0777070 secs] [Times: user=0.99 sys=0.00, real=0.08 secs] 
