2013-06-07T17:47:55.730+0200: [GC [ParNew: 2702976K->337855K(3040832K), 0.9217720 secs] 2702976K->2486261K(30070848K), 0.9218310 secs] [Times: user=2.23 sys=9.24, real=0.93 secs] 
2013-06-07T17:47:57.407+0200: [GC [ParNew: 3040831K->337856K(3040832K), 1.0550080 secs] 5189237K->5123347K(30070848K), 1.0550840 secs] [Times: user=2.65 sys=10.89, real=1.06 secs] 
2013-06-07T17:47:59.216+0200: [GC [ParNew: 3040832K->337856K(3040832K), 1.0584000 secs] 7826323K->7811834K(30070848K), 1.0584740 secs] [Times: user=3.21 sys=10.50, real=1.06 secs] 
2013-06-07T17:48:00.945+0200: [GC [ParNew: 3040832K->337856K(3040832K), 1.0452790 secs] 10514810K->10544912K(30070848K), 1.0453540 secs] [Times: user=3.49 sys=10.05, real=1.05 secs] 
2013-06-07T17:48:02.731+0200: [GC [ParNew: 3040832K->337856K(3040832K), 1.0694180 secs] 13247888K->13257691K(30070848K), 1.0694730 secs] [Times: user=3.39 sys=10.38, real=1.07 secs] 
2013-06-07T17:48:04.471+0200: [GC [ParNew: 3040832K->337856K(3040832K), 1.4433940 secs] 15960667K->15960674K(30070848K), 1.4434390 secs] [Times: user=16.48 sys=2.25, real=1.44 secs] 
2013-06-07T17:48:06.628+0200: [GC [ParNew: 3040832K->337856K(3040832K), 1.0223840 secs] 18663650K->18678609K(30070848K), 1.0224300 secs] [Times: user=3.29 sys=9.95, real=1.03 secs] 
2013-06-07T17:48:08.354+0200: [GC [ParNew: 3040832K->337856K(3040832K), 1.1336320 secs] 21381585K->21405570K(30070848K), 1.1337050 secs] [Times: user=3.31 sys=11.35, real=1.13 secs] 
2013-06-07T17:48:20.322+0200: [GC [ParNew: 3040832K->337856K(3040832K), 1.5346380 secs] 24108546K->23497134K(30070848K), 1.5347450 secs] [Times: user=18.03 sys=1.85, real=1.53 secs] 
2013-06-07T17:48:36.486+0200: [GC [ParNew: 3040832K->188458K(3040832K), 0.0792420 secs] 26200110K->23347737K(30070848K), 0.0794010 secs] [Times: user=1.00 sys=0.02, real=0.08 secs] 
