2013-06-07T17:47:56.620+0200: [GC [ParNew: 2702976K->337855K(3040832K), 0.9317800 secs] 2702976K->2487800K(30070848K), 0.9318550 secs] [Times: user=2.16 sys=9.32, real=0.93 secs] 
2013-06-07T17:47:58.328+0200: [GC [ParNew: 3040831K->337856K(3040832K), 1.0622930 secs] 5190776K->5123270K(30070848K), 1.0623610 secs] [Times: user=2.63 sys=11.09, real=1.06 secs] 
2013-06-07T17:48:00.143+0200: [GC [ParNew: 3040832K->337856K(3040832K), 1.0624850 secs] 7826246K->7819065K(30070848K), 1.0625590 secs] [Times: user=3.27 sys=10.49, real=1.07 secs] 
2013-06-07T17:48:01.897+0200: [GC [ParNew: 3040832K->337856K(3040832K), 1.0113220 secs] 10522041K->10570840K(30070848K), 1.0113760 secs] [Times: user=3.05 sys=9.80, real=1.01 secs] 
2013-06-07T17:48:03.636+0200: [GC [ParNew: 3040832K->337856K(3040832K), 1.0808190 secs] 13273816K->13301068K(30070848K), 1.0808740 secs] [Times: user=3.29 sys=10.71, real=1.08 secs] 
2013-06-07T17:48:05.390+0200: [GC [ParNew: 3040832K->337856K(3040832K), 1.4879900 secs] 16004044K->16020891K(30070848K), 1.4880370 secs] [Times: user=16.87 sys=2.45, real=1.49 secs] 
2013-06-07T17:48:07.599+0200: [GC [ParNew: 3040832K->337856K(3040832K), 1.0599920 secs] 18723867K->18766871K(30070848K), 1.0600650 secs] [Times: user=2.85 sys=10.59, real=1.06 secs] 
2013-06-07T17:48:09.322+0200: [GC [ParNew: 3040832K->337856K(3040832K), 1.1566650 secs] 21469847K->21476352K(30070848K), 1.1567450 secs] [Times: user=4.03 sys=10.95, real=1.16 secs] 
2013-06-07T17:48:20.421+0200: [GC [ParNew: 3040832K->337856K(3040832K), 1.5531590 secs] 24179328K->23529630K(30070848K), 1.5532450 secs] [Times: user=18.38 sys=1.78, real=1.56 secs] 
2013-06-07T17:48:35.891+0200: [GC [ParNew: 3040832K->189993K(3040832K), 0.0913810 secs] 26232606K->23381768K(30070848K), 0.0915450 secs] [Times: user=1.02 sys=0.00, real=0.09 secs] 
