2013-06-07T17:47:55.234+0200: [GC [ParNew: 2702976K->337856K(3040832K), 0.9403010 secs] 2702976K->2487685K(30070848K), 0.9403720 secs] [Times: user=2.15 sys=9.84, real=0.94 secs] 
2013-06-07T17:47:56.946+0200: [GC [ParNew: 3040832K->337856K(3040832K), 1.0508750 secs] 5190661K->5125457K(30070848K), 1.0509220 secs] [Times: user=2.53 sys=11.04, real=1.05 secs] 
2013-06-07T17:47:58.750+0200: [GC [ParNew: 3040832K->337856K(3040832K), 1.0686360 secs] 7828433K->7821380K(30070848K), 1.0686900 secs] [Times: user=3.26 sys=10.59, real=1.06 secs] 
2013-06-07T17:48:00.513+0200: [GC [ParNew: 3040832K->337856K(3040832K), 1.0100370 secs] 10524356K->10563711K(30070848K), 1.0100910 secs] [Times: user=3.00 sys=10.07, real=1.01 secs] 
2013-06-07T17:48:02.188+0200: [GC [ParNew: 3040832K->337856K(3040832K), 1.0629120 secs] 13266687K->13276874K(30070848K), 1.0629730 secs] [Times: user=3.38 sys=10.38, real=1.07 secs] 
2013-06-07T17:48:03.965+0200: [GC [ParNew: 3040832K->337856K(3040832K), 1.4937030 secs] 15979850K->15990198K(30070848K), 1.4937650 secs] [Times: user=17.21 sys=2.18, real=1.50 secs] 
2013-06-07T17:48:06.143+0200: [GC [ParNew: 3040832K->337856K(3040832K), 1.0509580 secs] 18693174K->18706148K(30070848K), 1.0510320 secs] [Times: user=2.91 sys=10.70, real=1.05 secs] 
2013-06-07T17:48:07.866+0200: [GC [ParNew: 3040832K->337856K(3040832K), 1.1072930 secs] 21409124K->21396675K(30070848K), 1.1073680 secs] [Times: user=3.40 sys=10.95, real=1.11 secs] 
2013-06-07T17:48:20.375+0200: [GC [ParNew: 3040832K->337856K(3040832K), 1.4447890 secs] 24099651K->23508057K(30070848K), 1.4448960 secs] [Times: user=16.77 sys=1.96, real=1.45 secs] 
2013-06-07T17:48:36.565+0200: [GC [ParNew: 3040832K->197091K(3040832K), 0.0908380 secs] 26211033K->23367292K(30070848K), 0.0909660 secs] [Times: user=1.15 sys=0.02, real=0.08 secs] 
