2013-06-07T17:47:54.361+0200: [GC [ParNew: 2702976K->337856K(3040832K), 0.9422030 secs] 2702976K->2487569K(30070848K), 0.9423020 secs] [Times: user=2.35 sys=9.50, real=0.94 secs] 
2013-06-07T17:47:56.079+0200: [GC [ParNew: 3040832K->337856K(3040832K), 1.0671390 secs] 5190545K->5125845K(30070848K), 1.0672140 secs] [Times: user=2.92 sys=10.85, real=1.06 secs] 
2013-06-07T17:47:57.839+0200: [GC [ParNew: 3040832K->337856K(3040832K), 1.0662530 secs] 7828821K->7815909K(30070848K), 1.0663260 secs] [Times: user=3.38 sys=10.42, real=1.06 secs] 
2013-06-07T17:47:59.639+0200: [GC [ParNew: 3040832K->337856K(3040832K), 1.0107910 secs] 10518885K->10544985K(30070848K), 1.0108670 secs] [Times: user=3.34 sys=9.51, real=1.01 secs] 
2013-06-07T17:48:01.329+0200: [GC [ParNew: 3040832K->337856K(3040832K), 1.0801260 secs] 13247961K->13271179K(30070848K), 1.0801990 secs] [Times: user=3.39 sys=10.60, real=1.08 secs] 
2013-06-07T17:48:03.124+0200: [GC [ParNew: 3040832K->337856K(3040832K), 1.6087350 secs] 15974155K->15968175K(30070848K), 1.6088660 secs] [Times: user=18.75 sys=2.13, real=1.61 secs] 
2013-06-07T17:48:05.446+0200: [GC [ParNew: 3040832K->337856K(3040832K), 1.0937090 secs] 18671151K->18720462K(30070848K), 1.0937660 secs] [Times: user=3.36 sys=10.74, real=1.10 secs] 
2013-06-07T17:48:07.253+0200: [GC [ParNew: 3040832K->337856K(3040832K), 1.1187110 secs] 21423438K->21405034K(30070848K), 1.1187580 secs] [Times: user=3.54 sys=10.95, real=1.12 secs] 
2013-06-07T17:48:20.319+0200: [GC [ParNew: 3040832K->337856K(3040832K), 1.5402250 secs] 24108010K->23519041K(30070848K), 1.5403300 secs] [Times: user=18.07 sys=1.84, real=1.54 secs] 
2013-06-07T17:48:39.212+0200: [GC [ParNew: 3040832K->179773K(3040832K), 0.0845300 secs] 26222017K->23360958K(30070848K), 0.0846740 secs] [Times: user=1.05 sys=0.03, real=0.09 secs] 
