2013-06-07T17:47:58.531+0200: [GC [ParNew: 2702976K->337856K(3040832K), 0.9191390 secs] 2702976K->2485038K(30070848K), 0.9192130 secs] [Times: user=1.94 sys=9.70, real=0.92 secs] 
2013-06-07T17:48:00.226+0200: [GC [ParNew: 3040832K->337856K(3040832K), 1.0564380 secs] 5188014K->5126363K(30070848K), 1.0565030 secs] [Times: user=2.70 sys=10.94, real=1.06 secs] 
2013-06-07T17:48:02.037+0200: [GC [ParNew: 3040832K->337856K(3040832K), 1.0647280 secs] 7829339K->7819500K(30070848K), 1.0648030 secs] [Times: user=3.22 sys=10.55, real=1.07 secs] 
2013-06-07T17:48:03.755+0200: [GC [ParNew: 3040832K->337856K(3040832K), 1.0039530 secs] 10522476K->10561671K(30070848K), 1.0040290 secs] [Times: user=3.09 sys=9.92, real=1.00 secs] 
2013-06-07T17:48:05.460+0200: [GC [ParNew: 3040832K->337856K(3040832K), 1.0770040 secs] 13264647K->13278035K(30070848K), 1.0770780 secs] [Times: user=3.28 sys=10.66, real=1.07 secs] 
2013-06-07T17:48:07.252+0200: [GC [ParNew: 3040832K->337856K(3040832K), 1.4289580 secs] 15981011K->15958896K(30070848K), 1.4290320 secs] [Times: user=16.33 sys=2.22, real=1.43 secs] 
2013-06-07T17:48:09.396+0200: [GC [ParNew: 3040832K->337856K(3040832K), 1.0414530 secs] 18661872K->18728504K(30070848K), 1.0415290 secs] [Times: user=3.52 sys=9.96, real=1.04 secs] 
2013-06-07T17:48:11.132+0200: [GC [ParNew: 3040832K->337856K(3040832K), 1.1680050 secs] 21431480K->21442178K(30070848K), 1.1680790 secs] [Times: user=4.07 sys=11.06, real=1.17 secs] 
2013-06-07T17:48:21.985+0200: [GC [ParNew: 3040832K->337856K(3040832K), 1.5016710 secs] 24145154K->23558714K(30070848K), 1.5017940 secs] [Times: user=17.42 sys=2.01, real=1.50 secs] 
2013-06-07T17:48:36.985+0200: [GC [ParNew: 3040832K->148209K(3040832K), 0.0852050 secs] 26261690K->23369067K(30070848K), 0.0852970 secs] [Times: user=1.01 sys=0.01, real=0.09 secs] 
