2013-06-07T17:47:55.382+0200: [GC [ParNew: 2702976K->337856K(3040832K), 0.9335570 secs] 2702976K->2490500K(30070848K), 0.9336290 secs] [Times: user=2.16 sys=9.52, real=0.93 secs] 
2013-06-07T17:47:57.091+0200: [GC [ParNew: 3040832K->337856K(3040832K), 1.0479490 secs] 5193476K->5131494K(30070848K), 1.0480080 secs] [Times: user=2.92 sys=10.56, real=1.05 secs] 
2013-06-07T17:47:58.826+0200: [GC [ParNew: 3040832K->337856K(3040832K), 1.0580720 secs] 7834470K->7827577K(30070848K), 1.0581270 secs] [Times: user=3.17 sys=10.53, real=1.06 secs] 
2013-06-07T17:48:00.597+0200: [GC [ParNew: 3040832K->337856K(3040832K), 0.9918660 secs] 10530553K->10535843K(30070848K), 0.9919420 secs] [Times: user=3.12 sys=9.55, real=0.99 secs] 
2013-06-07T17:48:02.301+0200: [GC [ParNew: 3040832K->337856K(3040832K), 1.0651130 secs] 13238819K->13265718K(30070848K), 1.0651850 secs] [Times: user=3.42 sys=10.37, real=1.06 secs] 
2013-06-07T17:48:04.050+0200: [GC [ParNew: 3040832K->337856K(3040832K), 1.3591080 secs] 15968694K->15954295K(30070848K), 1.3591820 secs] [Times: user=15.86 sys=1.78, real=1.35 secs] 
2013-06-07T17:48:06.123+0200: [GC [ParNew: 3040832K->337856K(3040832K), 1.0500390 secs] 18657271K->18685355K(30070848K), 1.0501130 secs] [Times: user=2.90 sys=10.50, real=1.05 secs] 
2013-06-07T17:48:07.878+0200: [GC [ParNew: 3040832K->337856K(3040832K), 1.1610110 secs] 21388331K->21398902K(30070848K), 1.1610650 secs] [Times: user=4.09 sys=10.86, real=1.17 secs] 
2013-06-07T17:48:18.617+0200: [GC [ParNew: 3040832K->337856K(3040832K), 1.4540850 secs] 24101878K->23523861K(30070848K), 1.4541900 secs] [Times: user=17.03 sys=1.80, real=1.46 secs] 
2013-06-07T17:48:36.510+0200: [GC [ParNew: 3040832K->154876K(3040832K), 0.0776290 secs] 26226837K->23340881K(30070848K), 0.0777760 secs] [Times: user=0.98 sys=0.01, real=0.08 secs] 
