2013-06-07T17:47:58.449+0200: [GC [ParNew: 2702976K->337856K(3040832K), 0.9250450 secs] 2702976K->2484165K(30070848K), 0.9251460 secs] [Times: user=2.02 sys=9.69, real=0.93 secs] 
2013-06-07T17:48:00.088+0200: [GC [ParNew: 3040832K->337856K(3040832K), 1.0556000 secs] 5187141K->5118997K(30070848K), 1.0556470 secs] [Times: user=2.84 sys=10.80, real=1.05 secs] 
2013-06-07T17:48:01.899+0200: [GC [ParNew: 3040832K->337856K(3040832K), 1.0684890 secs] 7821973K->7808966K(30070848K), 1.0685530 secs] [Times: user=3.21 sys=10.62, real=1.07 secs] 
2013-06-07T17:48:03.681+0200: [GC [ParNew: 3040832K->337856K(3040832K), 1.0568870 secs] 10511942K->10548319K(30070848K), 1.0569590 secs] [Times: user=3.28 sys=10.40, real=1.06 secs] 
2013-06-07T17:48:05.453+0200: [GC [ParNew: 3040832K->337856K(3040832K), 1.0761240 secs] 13251295K->13255367K(30070848K), 1.0761930 secs] [Times: user=3.41 sys=10.52, real=1.07 secs] 
2013-06-07T17:48:07.244+0200: [GC [ParNew: 3040832K->337856K(3040832K), 1.4587340 secs] 15958343K->15965201K(30070848K), 1.4587970 secs] [Times: user=16.43 sys=2.51, real=1.46 secs] 
2013-06-07T17:48:09.404+0200: [GC [ParNew: 3040832K->337856K(3040832K), 1.0719720 secs] 18668177K->18694373K(30070848K), 1.0721420 secs] [Times: user=2.88 sys=11.00, real=1.07 secs] 
2013-06-07T17:48:11.180+0200: [GC [ParNew: 3040832K->337856K(3040832K), 1.1544130 secs] 21397349K->21411089K(30070848K), 1.1544850 secs] [Times: user=3.97 sys=10.97, real=1.15 secs] 
2013-06-07T17:48:18.794+0200: [GC [ParNew: 3040832K->337856K(3040832K), 1.5145640 secs] 24114065K->23486132K(30070848K), 1.5146550 secs] [Times: user=17.67 sys=1.97, real=1.51 secs] 
2013-06-07T17:48:37.571+0200: [GC [ParNew: 3040832K->196982K(3040832K), 0.0834990 secs] 26189108K->23345258K(30070848K), 0.0836500 secs] [Times: user=1.06 sys=0.01, real=0.08 secs] 
