2013-06-07T17:47:54.598+0200: [GC [ParNew: 2702976K->337856K(3040832K), 0.9356010 secs] 2702976K->2489712K(30070848K), 0.9356730 secs] [Times: user=2.28 sys=9.48, real=0.93 secs] 
2013-06-07T17:47:56.297+0200: [GC [ParNew: 3040832K->337856K(3040832K), 1.0484210 secs] 5192688K->5122193K(30070848K), 1.0484900 secs] [Times: user=2.67 sys=10.85, real=1.04 secs] 
2013-06-07T17:47:58.090+0200: [GC [ParNew: 3040832K->337856K(3040832K), 1.0758140 secs] 7825169K->7811809K(30070848K), 1.0758850 secs] [Times: user=3.12 sys=10.81, real=1.07 secs] 
2013-06-07T17:47:59.898+0200: [GC [ParNew: 3040832K->337856K(3040832K), 1.0551250 secs] 10514785K->10556157K(30070848K), 1.0551970 secs] [Times: user=3.42 sys=10.24, real=1.05 secs] 
2013-06-07T17:48:01.672+0200: [GC [ParNew: 3040832K->337856K(3040832K), 1.0901660 secs] 13259133K->13264742K(30070848K), 1.0902390 secs] [Times: user=3.24 sys=10.87, real=1.09 secs] 
2013-06-07T17:48:03.476+0200: [GC [ParNew: 3040832K->337856K(3040832K), 1.4431420 secs] 15967718K->15962410K(30070848K), 1.4432160 secs] [Times: user=16.23 sys=2.50, real=1.44 secs] 
2013-06-07T17:48:05.631+0200: [GC [ParNew: 3040832K->337856K(3040832K), 1.0867270 secs] 18665386K->18699042K(30070848K), 1.0867990 secs] [Times: user=3.09 sys=10.99, real=1.09 secs] 
2013-06-07T17:48:07.389+0200: [GC [ParNew: 3040832K->337856K(3040832K), 1.1497980 secs] 21402018K->21404168K(30070848K), 1.1498790 secs] [Times: user=4.06 sys=10.83, real=1.15 secs] 
2013-06-07T17:48:20.345+0200: [GC [ParNew: 3040832K->337856K(3040832K), 1.2477710 secs] 24107144K->23538350K(30070848K), 1.2478800 secs] [Times: user=14.60 sys=1.57, real=1.24 secs] 
2013-06-07T17:48:39.687+0200: [GC [ParNew: 3040832K->155395K(3040832K), 0.0868720 secs] 26241326K->23355889K(30070848K), 0.0870230 secs] [Times: user=1.11 sys=0.01, real=0.08 secs] 
