2013-06-07T17:47:53.711+0200: [GC [ParNew: 2702976K->337856K(3040832K), 0.9399250 secs] 2702976K->2488335K(30070848K), 0.9400210 secs] [Times: user=2.33 sys=9.29, real=0.94 secs] 
2013-06-07T17:47:55.416+0200: [GC [ParNew: 3040832K->337856K(3040832K), 1.0709490 secs] 5191311K->5124667K(30070848K), 1.0710220 secs] [Times: user=2.85 sys=10.99, real=1.07 secs] 
2013-06-07T17:47:57.219+0200: [GC [ParNew: 3040832K->337856K(3040832K), 1.0735160 secs] 7827643K->7820846K(30070848K), 1.0735840 secs] [Times: user=3.13 sys=10.76, real=1.07 secs] 
2013-06-07T17:47:58.975+0200: [GC [ParNew: 3040832K->337856K(3040832K), 1.0471460 secs] 10523822K->10564073K(30070848K), 1.0472220 secs] [Times: user=3.45 sys=9.97, real=1.05 secs] 
2013-06-07T17:48:00.734+0200: [GC [ParNew: 3040832K->337856K(3040832K), 1.0855500 secs] 13267049K->13294044K(30070848K), 1.0856190 secs] [Times: user=3.57 sys=10.47, real=1.09 secs] 
2013-06-07T17:48:02.463+0200: [GC [ParNew: 3040832K->337856K(3040832K), 1.4756800 secs] 15997020K->16014412K(30070848K), 1.4757520 secs] [Times: user=17.12 sys=2.03, real=1.48 secs] 
2013-06-07T17:48:04.654+0200: [GC [ParNew: 3040832K->337856K(3040832K), 1.1092980 secs] 18717388K->18713777K(30070848K), 1.1093580 secs] [Times: user=3.71 sys=10.58, real=1.11 secs] 
2013-06-07T17:48:06.446+0200: [GC [ParNew: 3040832K->337856K(3040832K), 1.1501410 secs] 21416753K->21436512K(30070848K), 1.1501870 secs] [Times: user=3.52 sys=11.37, real=1.15 secs] 
2013-06-07T17:48:20.374+0200: [GC [ParNew: 3040832K->337856K(3040832K), 1.4966110 secs] 24139488K->23551714K(30070848K), 1.4967160 secs] [Times: user=17.33 sys=1.92, real=1.50 secs] 
2013-06-07T17:48:37.007+0200: [GC [ParNew: 3040832K->147667K(3040832K), 0.0869780 secs] 26254690K->23361526K(30070848K), 0.0871640 secs] [Times: user=1.09 sys=0.02, real=0.08 secs] 
