2013-06-07T17:47:57.570+0200: [GC [ParNew: 2702976K->337855K(3040832K), 0.9414380 secs] 2702976K->2494798K(30070848K), 0.9415360 secs] [Times: user=2.16 sys=9.71, real=0.94 secs] 
2013-06-07T17:47:59.266+0200: [GC [ParNew: 3040831K->337856K(3040832K), 1.0580100 secs] 5197774K->5123017K(30070848K), 1.0580860 secs] [Times: user=2.92 sys=10.73, real=1.06 secs] 
2013-06-07T17:48:01.065+0200: [GC [ParNew: 3040832K->337856K(3040832K), 1.0718800 secs] 7825993K->7819581K(30070848K), 1.0719490 secs] [Times: user=3.50 sys=10.39, real=1.07 secs] 
2013-06-07T17:48:02.848+0200: [GC [ParNew: 3040832K->337856K(3040832K), 1.0092950 secs] 10522557K->10535786K(30070848K), 1.0093670 secs] [Times: user=3.25 sys=9.82, real=1.01 secs] 
2013-06-07T17:48:04.553+0200: [GC [ParNew: 3040832K->337856K(3040832K), 1.0911090 secs] 13238762K->13255353K(30070848K), 1.0911840 secs] [Times: user=3.48 sys=10.66, real=1.10 secs] 
2013-06-07T17:48:06.338+0200: [GC [ParNew: 3040832K->337856K(3040832K), 1.3837010 secs] 15958329K->15978154K(30070848K), 1.3837740 secs] [Times: user=15.52 sys=2.44, real=1.38 secs] 
2013-06-07T17:48:08.415+0200: [GC [ParNew: 3040832K->337856K(3040832K), 1.0789170 secs] 18681130K->18706365K(30070848K), 1.0789900 secs] [Times: user=3.04 sys=10.93, real=1.08 secs] 
2013-06-07T17:48:10.198+0200: [GC [ParNew: 3040832K->337856K(3040832K), 1.1475190 secs] 21409341K->21421864K(30070848K), 1.1475920 secs] [Times: user=3.73 sys=11.13, real=1.15 secs] 
2013-06-07T17:48:20.734+0200: [GC [ParNew: 3040832K->337856K(3040832K), 1.5229930 secs] 24124840K->23534404K(30070848K), 1.5230540 secs] [Times: user=17.87 sys=1.89, real=1.53 secs] 
2013-06-07T17:48:37.281+0200: [GC [ParNew: 3040832K->155350K(3040832K), 0.0745880 secs] 26237380K->23351898K(30070848K), 0.0747200 secs] [Times: user=0.91 sys=0.05, real=0.08 secs] 
