2013-06-07T17:47:53.805+0200: [GC [ParNew: 2702976K->337856K(3040832K), 0.9574530 secs] 2702976K->2490544K(30070848K), 0.9575410 secs] [Times: user=2.34 sys=9.76, real=0.96 secs] 
2013-06-07T17:47:55.804+0200: [GC [ParNew: 3040832K->337856K(3040832K), 1.0616460 secs] 5193520K->5127304K(30070848K), 1.0617180 secs] [Times: user=2.90 sys=10.58, real=1.06 secs] 
2013-06-07T17:47:57.872+0200: [GC [ParNew: 3040832K->337856K(3040832K), 1.0778900 secs] 7830280K->7816528K(30070848K), 1.0779730 secs] [Times: user=3.21 sys=10.73, real=1.08 secs] 
2013-06-07T17:47:59.946+0200: [GC [ParNew: 3040832K->337856K(3040832K), 1.0510940 secs] 10519504K->10534367K(30070848K), 1.0511720 secs] [Times: user=3.46 sys=10.14, real=1.05 secs] 
2013-06-07T17:48:02.005+0200: [GC [ParNew: 3040832K->337856K(3040832K), 1.1166950 secs] 13237343K->13250732K(30070848K), 1.1167760 secs] [Times: user=3.47 sys=10.85, real=1.12 secs] 
2013-06-07T17:48:04.101+0200: [GC [ParNew: 3040832K->337856K(3040832K), 1.6699540 secs] 15953708K->15958901K(30070848K), 1.6700310 secs] [Times: user=19.00 sys=2.65, real=1.67 secs] 
2013-06-07T17:48:06.757+0200: [GC [ParNew: 3040832K->337856K(3040832K), 1.0589100 secs] 18661877K->18677604K(30070848K), 1.0589670 secs] [Times: user=3.05 sys=10.36, real=1.06 secs] 
2013-06-07T17:48:08.782+0200: [GC [ParNew: 3040832K->337856K(3040832K), 1.1376440 secs] 21380580K->21388493K(30070848K), 1.1376950 secs] [Times: user=3.36 sys=11.38, real=1.13 secs] 
2013-06-07T17:48:20.517+0200: [GC [ParNew: 3040832K->337856K(3040832K), 1.7800290 secs] 24091469K->23484128K(30070848K), 1.7801270 secs] [Times: user=20.81 sys=2.23, real=1.78 secs] 
2013-06-07T17:48:35.835+0200: [GC [ParNew: 3040832K->180606K(3040832K), 0.0861580 secs] 26187104K->23326879K(30070848K), 0.0862810 secs] [Times: user=1.07 sys=0.03, real=0.09 secs] 
