2013-06-07T17:47:57.322+0200: [GC [ParNew: 2702976K->337856K(3040832K), 0.9304120 secs] 2702976K->2492798K(30070848K), 0.9304870 secs] [Times: user=1.97 sys=9.82, real=0.93 secs] 
2013-06-07T17:47:59.007+0200: [GC [ParNew: 3040832K->337856K(3040832K), 1.0502240 secs] 5195774K->5128821K(30070848K), 1.0502730 secs] [Times: user=2.54 sys=11.03, real=1.04 secs] 
2013-06-07T17:48:00.812+0200: [GC [ParNew: 3040832K->337856K(3040832K), 1.0608250 secs] 7831797K->7820198K(30070848K), 1.0608710 secs] [Times: user=3.09 sys=10.66, real=1.06 secs] 
2013-06-07T17:48:02.595+0200: [GC [ParNew: 3040832K->337856K(3040832K), 1.0344720 secs] 10523174K->10538357K(30070848K), 1.0345280 secs] [Times: user=3.20 sys=10.20, real=1.04 secs] 
2013-06-07T17:48:04.357+0200: [GC [ParNew: 3040832K->337856K(3040832K), 1.0752450 secs] 13241333K->13243612K(30070848K), 1.0752980 secs] [Times: user=3.36 sys=10.57, real=1.08 secs] 
2013-06-07T17:48:06.147+0200: [GC [ParNew: 3040832K->337856K(3040832K), 1.4727610 secs] 15946588K->15934334K(30070848K), 1.4728060 secs] [Times: user=16.93 sys=2.19, real=1.47 secs] 
2013-06-07T17:48:08.333+0200: [GC [ParNew: 3040832K->337856K(3040832K), 1.0828460 secs] 18637310K->18684892K(30070848K), 1.0829010 secs] [Times: user=2.75 sys=11.27, real=1.08 secs] 
2013-06-07T17:48:10.117+0200: [GC [ParNew: 3040832K->337856K(3040832K), 1.1450810 secs] 21387868K->21382879K(30070848K), 1.1451270 secs] [Times: user=3.68 sys=11.15, real=1.15 secs] 
2013-06-07T17:48:20.370+0200: [GC [ParNew: 3040832K->337856K(3040832K), 1.5149320 secs] 24085855K->23464106K(30070848K), 1.5150140 secs] [Times: user=17.69 sys=1.96, real=1.51 secs] 
2013-06-07T17:48:36.896+0200: [GC [ParNew: 3040832K->189209K(3040832K), 0.0804350 secs] 26167082K->23315460K(30070848K), 0.0805780 secs] [Times: user=1.02 sys=0.01, real=0.08 secs] 
