2013-06-07T17:47:55.954+0200: [GC [ParNew: 2702976K->337856K(3040832K), 0.9287810 secs] 2702976K->2486994K(30070848K), 0.9288560 secs] [Times: user=2.13 sys=9.67, real=0.93 secs] 
2013-06-07T17:47:57.912+0200: [GC [ParNew: 3040832K->337856K(3040832K), 1.0472320 secs] 5189970K->5120522K(30070848K), 1.0472750 secs] [Times: user=2.80 sys=10.55, real=1.05 secs] 
2013-06-07T17:47:59.989+0200: [GC [ParNew: 3040832K->337856K(3040832K), 1.0664130 secs] 7823498K->7815997K(30070848K), 1.0664830 secs] [Times: user=3.13 sys=10.68, real=1.07 secs] 
2013-06-07T17:48:02.032+0200: [GC [ParNew: 3040832K->337856K(3040832K), 1.0342860 secs] 10518973K->10522374K(30070848K), 1.0343350 secs] [Times: user=3.36 sys=10.02, real=1.04 secs] 
2013-06-07T17:48:04.038+0200: [GC [ParNew: 3040832K->337856K(3040832K), 1.0732160 secs] 13225350K->13253146K(30070848K), 1.0732740 secs] [Times: user=3.33 sys=10.31, real=1.08 secs] 
2013-06-07T17:48:06.058+0200: [GC [ParNew: 3040832K->337856K(3040832K), 1.4390870 secs] 15956122K->15942554K(30070848K), 1.4391560 secs] [Times: user=16.55 sys=2.14, real=1.43 secs] 
2013-06-07T17:48:08.444+0200: [GC [ParNew: 3040832K->337856K(3040832K), 1.0446040 secs] 18645530K->18659240K(30070848K), 1.0446710 secs] [Times: user=2.99 sys=10.53, real=1.05 secs] 
2013-06-07T17:48:10.457+0200: [GC [ParNew: 3040832K->337856K(3040832K), 1.1342880 secs] 21362216K->21343364K(30070848K), 1.1343580 secs] [Times: user=3.91 sys=10.75, real=1.14 secs] 
2013-06-07T17:48:20.288+0200: [GC [ParNew: 3040832K->337856K(3040832K), 1.5626610 secs] 24046340K->23492556K(30070848K), 1.5627570 secs] [Times: user=17.98 sys=2.15, real=1.56 secs] 
2013-06-07T17:48:36.865+0200: [GC [ParNew: 3040832K->188054K(3040832K), 0.0795980 secs] 26195532K->23342755K(30070848K), 0.0797680 secs] [Times: user=1.02 sys=0.00, real=0.08 secs] 
