2013-06-07T17:47:57.161+0200: [GC [ParNew: 2702976K->337856K(3040832K), 0.9287320 secs] 2702976K->2487640K(30070848K), 0.9288050 secs] [Times: user=2.06 sys=9.66, real=0.92 secs] 
2013-06-07T17:47:58.864+0200: [GC [ParNew: 3040832K->337856K(3040832K), 1.0433590 secs] 5190616K->5128594K(30070848K), 1.0434410 secs] [Times: user=2.62 sys=10.87, real=1.04 secs] 
2013-06-07T17:48:00.619+0200: [GC [ParNew: 3040832K->337856K(3040832K), 1.0641580 secs] 7831570K->7824838K(30070848K), 1.0642110 secs] [Times: user=3.11 sys=10.41, real=1.07 secs] 
2013-06-07T17:48:02.406+0200: [GC [ParNew: 3040832K->337856K(3040832K), 1.0425790 secs] 10527814K->10581287K(30070848K), 1.0426420 secs] [Times: user=3.26 sys=10.23, real=1.05 secs] 
2013-06-07T17:48:04.168+0200: [GC [ParNew: 3040832K->337856K(3040832K), 1.0778200 secs] 13284263K->13310586K(30070848K), 1.0778920 secs] [Times: user=3.32 sys=10.64, real=1.08 secs] 
2013-06-07T17:48:05.970+0200: [GC [ParNew: 3040832K->337856K(3040832K), 1.5701050 secs] 16013562K->16035564K(30070848K), 1.5701600 secs] [Times: user=17.74 sys=2.45, real=1.56 secs] 
2013-06-07T17:48:08.263+0200: [GC [ParNew: 3040832K->337856K(3040832K), 1.0972950 secs] 18738540K->18782152K(30070848K), 1.0973530 secs] [Times: user=3.13 sys=11.09, real=1.10 secs] 
2013-06-07T17:48:10.055+0200: [GC [ParNew: 3040832K->337856K(3040832K), 1.1565670 secs] 21485128K->21472583K(30070848K), 1.1566340 secs] [Times: user=3.88 sys=11.10, real=1.16 secs] 
2013-06-07T17:48:20.338+0200: [GC [ParNew: 3040832K->337856K(3040832K), 1.5462260 secs] 24175559K->23540392K(30070848K), 1.5463210 secs] [Times: user=17.98 sys=2.01, real=1.55 secs] 
2013-06-07T17:48:37.950+0200: [GC [ParNew: 3040832K->196629K(3040832K), 0.0794710 secs] 26243368K->23399165K(30070848K), 0.0796250 secs] [Times: user=1.01 sys=0.00, real=0.08 secs] 
