2013-06-07T17:47:53.928+0200: [GC [ParNew: 2702976K->337855K(3040832K), 0.9177410 secs] 2702976K->2487073K(30070848K), 0.9178260 secs] [Times: user=2.26 sys=9.17, real=0.92 secs] 
2013-06-07T17:47:55.579+0200: [GC [ParNew: 3040831K->337856K(3040832K), 1.0709400 secs] 5190049K->5127153K(30070848K), 1.0709890 secs] [Times: user=3.04 sys=10.79, real=1.07 secs] 
2013-06-07T17:47:57.405+0200: [GC [ParNew: 3040832K->337856K(3040832K), 1.0690450 secs] 7830129K->7818778K(30070848K), 1.0690930 secs] [Times: user=3.05 sys=10.78, real=1.07 secs] 
2013-06-07T17:47:59.159+0200: [GC [ParNew: 3040832K->337856K(3040832K), 1.0215630 secs] 10521754K->10549487K(30070848K), 1.0216110 secs] [Times: user=3.20 sys=10.01, real=1.02 secs] 
2013-06-07T17:48:00.891+0200: [GC [ParNew: 3040832K->337856K(3040832K), 1.0884820 secs] 13252463K->13268637K(30070848K), 1.0885280 secs] [Times: user=3.42 sys=10.66, real=1.09 secs] 
2013-06-07T17:48:02.684+0200: [GC [ParNew: 3040832K->337856K(3040832K), 1.3586380 secs] 15971613K->15972517K(30070848K), 1.3586840 secs] [Times: user=15.58 sys=2.03, real=1.36 secs] 
2013-06-07T17:48:04.757+0200: [GC [ParNew: 3040832K->337856K(3040832K), 1.0868940 secs] 18675493K->18720130K(30070848K), 1.0869510 secs] [Times: user=3.18 sys=10.89, real=1.08 secs] 
2013-06-07T17:48:06.548+0200: [GC [ParNew: 3040832K->337856K(3040832K), 1.1220720 secs] 21423106K->21400348K(30070848K), 1.1221210 secs] [Times: user=3.57 sys=10.96, real=1.12 secs] 
2013-06-07T17:48:20.299+0200: [GC [ParNew: 3040832K->337856K(3040832K), 1.6697050 secs] 24103324K->23498923K(30070848K), 1.6698240 secs] [Times: user=19.65 sys=1.96, real=1.67 secs] 
2013-06-07T17:48:38.788+0200: [GC [ParNew: 3040832K->188528K(3040832K), 0.0833890 secs] 26201899K->23349596K(30070848K), 0.0835240 secs] [Times: user=1.04 sys=0.02, real=0.08 secs] 
