2013-06-07T17:47:57.032+0200: [GC [ParNew: 2702976K->337856K(3040832K), 0.9246600 secs] 2702976K->2495095K(30070848K), 0.9247300 secs] [Times: user=2.13 sys=9.51, real=0.93 secs] 
2013-06-07T17:47:58.732+0200: [GC [ParNew: 3040832K->337856K(3040832K), 1.0495590 secs] 5198071K->5128087K(30070848K), 1.0496170 secs] [Times: user=2.90 sys=10.64, real=1.05 secs] 
2013-06-07T17:48:00.534+0200: [GC [ParNew: 3040832K->337856K(3040832K), 1.0518250 secs] 7831063K->7816999K(30070848K), 1.0518720 secs] [Times: user=2.81 sys=10.81, real=1.05 secs] 
2013-06-07T17:48:02.321+0200: [GC [ParNew: 3040832K->337856K(3040832K), 1.0363210 secs] 10519975K->10560290K(30070848K), 1.0363780 secs] [Times: user=3.28 sys=10.15, real=1.04 secs] 
2013-06-07T17:48:04.081+0200: [GC [ParNew: 3040832K->337856K(3040832K), 1.0723090 secs] 13263266K->13271660K(30070848K), 1.0723700 secs] [Times: user=3.36 sys=10.53, real=1.08 secs] 
2013-06-07T17:48:05.868+0200: [GC [ParNew: 3040832K->337856K(3040832K), 1.2635000 secs] 15974636K->15976916K(30070848K), 1.2635460 secs] [Times: user=14.36 sys=2.03, real=1.26 secs] 
2013-06-07T17:48:07.845+0200: [GC [ParNew: 3040832K->337856K(3040832K), 1.0671210 secs] 18679892K->18706024K(30070848K), 1.0671680 secs] [Times: user=2.93 sys=10.89, real=1.07 secs] 
2013-06-07T17:48:09.606+0200: [GC [ParNew: 3040832K->337856K(3040832K), 1.1552590 secs] 21409000K->21415825K(30070848K), 1.1553150 secs] [Times: user=3.77 sys=11.20, real=1.15 secs] 
2013-06-07T17:48:20.356+0200: [GC [ParNew: 3040832K->337856K(3040832K), 1.3263390 secs] 24118801K->23503605K(30070848K), 1.3264410 secs] [Times: user=15.17 sys=2.00, real=1.32 secs] 
2013-06-07T17:48:36.930+0200: [GC [ParNew: 3040832K->180249K(3040832K), 0.0812730 secs] 26206581K->23345998K(30070848K), 0.0814250 secs] [Times: user=1.04 sys=0.00, real=0.08 secs] 
