2013-06-07T17:47:54.959+0200: [GC [ParNew: 2702976K->337856K(3040832K), 0.9560090 secs] 2702976K->2488589K(30070848K), 0.9561060 secs] [Times: user=2.18 sys=9.97, real=0.96 secs] 
2013-06-07T17:47:56.702+0200: [GC [ParNew: 3040832K->337856K(3040832K), 1.0539900 secs] 5191565K->5122759K(30070848K), 1.0540670 secs] [Times: user=2.78 sys=10.79, real=1.05 secs] 
2013-06-07T17:47:58.519+0200: [GC [ParNew: 3040832K->337856K(3040832K), 1.0672930 secs] 7825735K->7819226K(30070848K), 1.0673680 secs] [Times: user=3.22 sys=10.59, real=1.07 secs] 
2013-06-07T17:48:00.290+0200: [GC [ParNew: 3040832K->337856K(3040832K), 1.0308880 secs] 10522202K->10544621K(30070848K), 1.0309650 secs] [Times: user=3.69 sys=9.64, real=1.03 secs] 
2013-06-07T17:48:02.065+0200: [GC [ParNew: 3040832K->337856K(3040832K), 1.1079230 secs] 13247597K->13274048K(30070848K), 1.1079690 secs] [Times: user=3.58 sys=10.73, real=1.10 secs] 
2013-06-07T17:48:03.889+0200: [GC [ParNew: 3040832K->337856K(3040832K), 1.4459580 secs] 15977024K->16005685K(30070848K), 1.4460340 secs] [Times: user=16.82 sys=1.92, real=1.45 secs] 
2013-06-07T17:48:06.030+0200: [GC [ParNew: 3040832K->337856K(3040832K), 1.1008460 secs] 18708661K->18716672K(30070848K), 1.1009220 secs] [Times: user=3.50 sys=10.67, real=1.10 secs] 
2013-06-07T17:48:07.866+0200: [GC [ParNew: 3040832K->337856K(3040832K), 1.1635630 secs] 21419648K->21419717K(30070848K), 1.1636410 secs] [Times: user=4.01 sys=11.01, real=1.17 secs] 
2013-06-07T17:48:20.317+0200: [GC [ParNew: 3040832K->337856K(3040832K), 1.6975130 secs] 24122693K->23499884K(30070848K), 1.6976130 secs] [Times: user=19.89 sys=2.08, real=1.70 secs] 
2013-06-07T17:48:36.189+0200: [GC [ParNew: 3040832K->188659K(3040832K), 0.0821020 secs] 26202860K->23350687K(30070848K), 0.0822470 secs] [Times: user=1.04 sys=0.00, real=0.09 secs] 
