2013-06-07T17:47:55.354+0200: [GC [ParNew: 2702976K->337855K(3040832K), 0.9263090 secs] 2702976K->2484405K(30070848K), 0.9263860 secs] [Times: user=1.79 sys=9.94, real=0.93 secs] 
2013-06-07T17:47:57.043+0200: [GC [ParNew: 3040831K->337856K(3040832K), 1.0350500 secs] 5187381K->5116622K(30070848K), 1.0350970 secs] [Times: user=2.47 sys=10.71, real=1.03 secs] 
2013-06-07T17:47:58.833+0200: [GC [ParNew: 3040832K->337856K(3040832K), 1.0658080 secs] 7819598K->7809792K(30070848K), 1.0658800 secs] [Times: user=3.19 sys=10.62, real=1.06 secs] 
2013-06-07T17:48:00.621+0200: [GC [ParNew: 3040832K->337856K(3040832K), 1.0241880 secs] 10512768K->10554876K(30070848K), 1.0242600 secs] [Times: user=3.12 sys=10.14, real=1.02 secs] 
2013-06-07T17:48:02.368+0200: [GC [ParNew: 3040832K->337856K(3040832K), 1.0658960 secs] 13257852K->13268871K(30070848K), 1.0659650 secs] [Times: user=3.04 sys=10.55, real=1.06 secs] 
2013-06-07T17:48:04.158+0200: [GC [ParNew: 3040832K->337856K(3040832K), 1.2798550 secs] 15971847K->15957319K(30070848K), 1.2799270 secs] [Times: user=14.77 sys=1.85, real=1.28 secs] 
2013-06-07T17:48:06.151+0200: [GC [ParNew: 3040832K->337856K(3040832K), 1.0486430 secs] 18660295K->18676695K(30070848K), 1.0487140 secs] [Times: user=2.90 sys=10.67, real=1.04 secs] 
2013-06-07T17:48:07.903+0200: [GC [ParNew: 3040832K->337856K(3040832K), 1.1425350 secs] 21379671K->21352494K(30070848K), 1.1425910 secs] [Times: user=3.83 sys=10.70, real=1.14 secs] 
2013-06-07T17:48:20.545+0200: [GC [ParNew: 3040832K->337856K(3040832K), 1.5292670 secs] 24055470K->23489814K(30070848K), 1.5293790 secs] [Times: user=17.78 sys=1.97, real=1.53 secs] 
2013-06-07T17:48:37.926+0200: [GC [ParNew: 3040832K->188822K(3040832K), 0.0769280 secs] 26192790K->23340781K(30070848K), 0.0770880 secs] [Times: user=0.96 sys=0.02, real=0.08 secs] 
