2013-04-23T01:18:34.193+0200: [GC [ParNew: 2702976K->337855K(3040832K), 1.0070760 secs] 2702976K->2484485K(30070848K), 1.0071490 secs] [Times: user=2.89 sys=9.76, real=1.00 secs] 
2013-04-23T01:18:36.309+0200: [GC [ParNew: 3040831K->337856K(3040832K), 1.1658510 secs] 5187461K->5114387K(30070848K), 1.1659090 secs] [Times: user=3.56 sys=11.47, real=1.17 secs] 
2013-04-23T01:18:38.497+0200: [GC [ParNew: 3040832K->337856K(3040832K), 1.1690620 secs] 7817363K->7810054K(30070848K), 1.1691350 secs] [Times: user=4.32 sys=10.85, real=1.17 secs] 
2013-04-23T01:18:40.693+0200: [GC [ParNew: 3040832K->337856K(3040832K), 1.1765650 secs] 10513030K->10553153K(30070848K), 1.1766230 secs] [Times: user=4.63 sys=10.58, real=1.17 secs] 
2013-04-23T01:18:42.905+0200: [GC [ParNew: 3040832K->337856K(3040832K), 1.1888980 secs] 13256129K->13274512K(30070848K), 1.1889530 secs] [Times: user=4.51 sys=10.90, real=1.19 secs] 
2013-04-23T01:18:45.112+0200: [GC [ParNew: 3040832K->337856K(3040832K), 1.5816760 secs] 15977488K->15960879K(30070848K), 1.5817420 secs] [Times: user=17.78 sys=2.64, real=1.59 secs] 
2013-04-23T01:18:47.699+0200: [GC [ParNew: 3040832K->337856K(3040832K), 1.2481850 secs] 18663855K->18696838K(30070848K), 1.2482420 secs] [Times: user=3.28 sys=12.28, real=1.25 secs] 
2013-04-23T01:18:49.995+0200: [GC [ParNew: 3040832K->337856K(3040832K), 1.4759770 secs] 21399814K->21371101K(30070848K), 1.4760330 secs] [Times: user=3.68 sys=14.22, real=1.48 secs] 
2013-04-23T01:19:02.975+0200: [GC [ParNew: 3040832K->337856K(3040832K), 1.7769720 secs] 24074077K->23514376K(30070848K), 1.7771950 secs] [Times: user=20.24 sys=2.66, real=1.78 secs] 
2013-04-23T01:20:02.959+0200: [GC [ParNew: 3040832K->337856K(3040832K), 0.2419340 secs] 26217352K->23797578K(30070848K), 0.2422040 secs] [Times: user=2.49 sys=0.47, real=0.24 secs] 
BROKEN RECORDS: 0
BROKEN RECORDS: 0
BROKEN RECORDS: 0
BROKEN RECORDS: 0
BROKEN RECORDS: 0
BROKEN RECORDS: 0
BROKEN RECORDS: 0
BROKEN RECORDS: 0
BROKEN RECORDS: 0
BROKEN RECORDS: 0
BROKEN RECORDS: 0
BROKEN RECORDS: 0
BROKEN RECORDS: 0
BROKEN RECORDS: 0
BROKEN RECORDS: 0
BROKEN RECORDS: 0
BROKEN RECORDS: 0
BROKEN RECORDS: 0
BROKEN RECORDS: 0
BROKEN RECORDS: 0
BROKEN RECORDS: 0
BROKEN RECORDS: 0
BROKEN RECORDS: 0
BROKEN RECORDS: 0
BROKEN RECORDS: 0
BROKEN RECORDS: 0
BROKEN RECORDS: 0
BROKEN RECORDS: 0
BROKEN RECORDS: 0
BROKEN RECORDS: 0
BROKEN RECORDS: 0
BROKEN RECORDS: 0
BROKEN RECORDS: 0
BROKEN RECORDS: 0
BROKEN RECORDS: 0
BROKEN RECORDS: 0
BROKEN RECORDS: 0
BROKEN RECORDS: 0
BROKEN RECORDS: 0
BROKEN RECORDS: 0
BROKEN RECORDS: 0
BROKEN RECORDS: 0
BROKEN RECORDS: 0
BROKEN RECORDS: 0
BROKEN RECORDS: 0
BROKEN RECORDS: 0
BROKEN RECORDS: 0
BROKEN RECORDS: 0
BROKEN RECORDS: 0
BROKEN RECORDS: 0
BROKEN RECORDS: 0
BROKEN RECORDS: 0
BROKEN RECORDS: 0
BROKEN RECORDS: 0
BROKEN RECORDS: 0
BROKEN RECORDS: 0
BROKEN RECORDS: 0
BROKEN RECORDS: 0
BROKEN RECORDS: 0
BROKEN RECORDS: 0
BROKEN RECORDS: 0
BROKEN RECORDS: 0
BROKEN RECORDS: 0
BROKEN RECORDS: 0
BROKEN RECORDS: 0
BROKEN RECORDS: 0
BROKEN RECORDS: 0
BROKEN RECORDS: 0
BROKEN RECORDS: 0
BROKEN RECORDS: 0
BROKEN RECORDS: 0
BROKEN RECORDS: 0
BROKEN RECORDS: 0
BROKEN RECORDS: 0
BROKEN RECORDS: 0
BROKEN RECORDS: 0
BROKEN RECORDS: 0
BROKEN RECORDS: 0
BROKEN RECORDS: 0
BROKEN RECORDS: 0
2013-04-23T01:23:43.813+0200: [GC [ParNew: 3040832K->199475K(3040832K), 0.1497960 secs] 26500554K->23942130K(30070848K), 0.1500080 secs] [Times: user=1.48 sys=0.40, real=0.15 secs] 
BROKEN RECORDS: 0
BROKEN RECORDS: 0
BROKEN RECORDS: 0
BROKEN RECORDS: 0
BROKEN RECORDS: 0
BROKEN RECORDS: 0
BROKEN RECORDS: 0
BROKEN RECORDS: 0
