2013-04-23T01:18:35.802+0200: [GC [ParNew: 2702976K->337855K(3040832K), 1.0102120 secs] 2702976K->2484109K(30070848K), 1.0102820 secs] [Times: user=2.83 sys=10.10, real=1.01 secs] 
2013-04-23T01:18:37.867+0200: [GC [ParNew: 3040831K->337856K(3040832K), 1.1805690 secs] 5187085K->5114498K(30070848K), 1.1806240 secs] [Times: user=3.64 sys=11.63, real=1.18 secs] 
2013-04-23T01:18:40.176+0200: [GC [ParNew: 3040832K->337856K(3040832K), 1.1871780 secs] 7817474K->7802577K(30070848K), 1.1872450 secs] [Times: user=4.59 sys=10.81, real=1.19 secs] 
2013-04-23T01:18:42.402+0200: [GC [ParNew: 3040832K->337856K(3040832K), 1.1538860 secs] 10505553K->10553231K(30070848K), 1.1539600 secs] [Times: user=3.69 sys=11.27, real=1.16 secs] 
2013-04-23T01:18:44.519+0200: [GC [ParNew: 3040832K->337856K(3040832K), 1.1529550 secs] 13256207K->13284771K(30070848K), 1.1530930 secs] [Times: user=3.86 sys=11.07, real=1.16 secs] 
2013-04-23T01:18:46.650+0200: [GC [ParNew: 3040832K->337856K(3040832K), 1.7048180 secs] 15987747K->15982568K(30070848K), 1.7048850 secs] [Times: user=19.54 sys=2.59, real=1.71 secs] 
2013-04-23T01:18:49.424+0200: [GC [ParNew: 3040832K->337856K(3040832K), 1.1443120 secs] 18685544K->18714782K(30070848K), 1.1443800 secs] [Times: user=4.16 sys=10.67, real=1.14 secs] 
2013-04-23T01:18:51.648+0200: [GC [ParNew: 3040832K->337856K(3040832K), 1.3594520 secs] 21417758K->21409759K(30070848K), 1.3595030 secs] [Times: user=4.26 sys=12.97, real=1.36 secs] 
2013-04-23T01:19:02.864+0200: [GC [ParNew: 3040832K->337856K(3040832K), 1.5470910 secs] 24112735K->23520057K(30070848K), 1.5471890 secs] [Times: user=18.06 sys=1.99, real=1.55 secs] 
2013-04-23T01:19:53.671+0200: [GC [ParNew: 3040832K->337856K(3040832K), 0.2935090 secs] 26223033K->23819896K(30070848K), 0.2937660 secs] [Times: user=2.88 sys=0.78, real=0.29 secs] 
BROKEN RECORDS: 0
BROKEN RECORDS: 0
BROKEN RECORDS: 0
BROKEN RECORDS: 0
BROKEN RECORDS: 0
BROKEN RECORDS: 0
BROKEN RECORDS: 0
BROKEN RECORDS: 0
BROKEN RECORDS: 0
BROKEN RECORDS: 0
BROKEN RECORDS: 0
BROKEN RECORDS: 0
BROKEN RECORDS: 0
BROKEN RECORDS: 0
BROKEN RECORDS: 0
BROKEN RECORDS: 0
BROKEN RECORDS: 0
BROKEN RECORDS: 0
BROKEN RECORDS: 0
BROKEN RECORDS: 0
BROKEN RECORDS: 0
BROKEN RECORDS: 0
BROKEN RECORDS: 0
BROKEN RECORDS: 0
BROKEN RECORDS: 0
BROKEN RECORDS: 0
BROKEN RECORDS: 0
BROKEN RECORDS: 0
BROKEN RECORDS: 0
BROKEN RECORDS: 0
BROKEN RECORDS: 0
BROKEN RECORDS: 0
BROKEN RECORDS: 0
BROKEN RECORDS: 0
BROKEN RECORDS: 0
BROKEN RECORDS: 0
BROKEN RECORDS: 0
BROKEN RECORDS: 0
BROKEN RECORDS: 0
BROKEN RECORDS: 0
BROKEN RECORDS: 0
BROKEN RECORDS: 0
BROKEN RECORDS: 0
BROKEN RECORDS: 0
BROKEN RECORDS: 0
BROKEN RECORDS: 0
BROKEN RECORDS: 0
BROKEN RECORDS: 0
BROKEN RECORDS: 0
BROKEN RECORDS: 0
BROKEN RECORDS: 0
BROKEN RECORDS: 0
BROKEN RECORDS: 0
BROKEN RECORDS: 0
BROKEN RECORDS: 0
BROKEN RECORDS: 0
BROKEN RECORDS: 0
BROKEN RECORDS: 0
BROKEN RECORDS: 0
BROKEN RECORDS: 0
BROKEN RECORDS: 0
BROKEN RECORDS: 0
BROKEN RECORDS: 0
BROKEN RECORDS: 0
BROKEN RECORDS: 0
BROKEN RECORDS: 0
BROKEN RECORDS: 0
BROKEN RECORDS: 0
BROKEN RECORDS: 0
BROKEN RECORDS: 0
BROKEN RECORDS: 0
BROKEN RECORDS: 0
BROKEN RECORDS: 0
BROKEN RECORDS: 0
BROKEN RECORDS: 0
BROKEN RECORDS: 0
BROKEN RECORDS: 0
BROKEN RECORDS: 0
BROKEN RECORDS: 0
BROKEN RECORDS: 0
2013-04-23T01:23:43.783+0200: [GC [ParNew: 3040832K->165252K(3040832K), 0.1859300 secs] 26522872K->23951346K(30070848K), 0.1861060 secs] [Times: user=1.82 sys=0.44, real=0.18 secs] 
BROKEN RECORDS: 0
BROKEN RECORDS: 0
BROKEN RECORDS: 0
BROKEN RECORDS: 0
BROKEN RECORDS: 0
BROKEN RECORDS: 0
BROKEN RECORDS: 0
BROKEN RECORDS: 0
