2013-04-23T01:18:31.942+0200: [GC [ParNew: 2702976K->337855K(3040832K), 1.0296390 secs] 2702976K->2484243K(30070848K), 1.0297250 secs] [Times: user=3.27 sys=9.84, real=1.02 secs] 
2013-04-23T01:18:34.099+0200: [GC [ParNew: 3040831K->337856K(3040832K), 1.1943090 secs] 5187219K->5121643K(30070848K), 1.1943590 secs] [Times: user=3.99 sys=11.43, real=1.20 secs] 
2013-04-23T01:18:36.416+0200: [GC [ParNew: 3040832K->337856K(3040832K), 1.2103290 secs] 7824619K->7817534K(30070848K), 1.2103950 secs] [Times: user=4.83 sys=10.63, real=1.21 secs] 
2013-04-23T01:18:38.706+0200: [GC [ParNew: 3040832K->337856K(3040832K), 1.2036040 secs] 10520510K->10542512K(30070848K), 1.2036850 secs] [Times: user=5.15 sys=10.43, real=1.20 secs] 
2013-04-23T01:18:40.897+0200: [GC [ParNew: 3040832K->337856K(3040832K), 1.1926090 secs] 13245488K->13259389K(30070848K), 1.1927060 secs] [Times: user=4.67 sys=10.77, real=1.19 secs] 
2013-04-23T01:18:43.098+0200: [GC [ParNew: 3040832K->337856K(3040832K), 1.8777900 secs] 15962365K->15976619K(30070848K), 1.8778700 secs] [Times: user=21.61 sys=2.63, real=1.88 secs] 
2013-04-23T01:18:45.995+0200: [GC [ParNew: 3040832K->337856K(3040832K), 1.5096920 secs] 18679595K->18672175K(30070848K), 1.5097460 secs] [Times: user=4.20 sys=14.81, real=1.51 secs] 
2013-04-23T01:18:48.586+0200: [GC [ParNew: 3040832K->337856K(3040832K), 1.5110710 secs] 21375151K->21359020K(30070848K), 1.5111210 secs] [Times: user=4.30 sys=14.51, real=1.51 secs] 
2013-04-23T01:19:02.911+0200: [GC [ParNew: 3040832K->337856K(3040832K), 1.6334850 secs] 24061996K->23535687K(30070848K), 1.6336300 secs] [Times: user=18.70 sys=2.26, real=1.63 secs] 
2013-04-23T01:20:02.656+0200: [GC [ParNew: 3040832K->337856K(3040832K), 0.2564820 secs] 26238666K->23800315K(30070848K), 0.2566690 secs] [Times: user=2.72 sys=0.51, real=0.26 secs] 
BROKEN RECORDS: 0
BROKEN RECORDS: 0
BROKEN RECORDS: 0
BROKEN RECORDS: 0
BROKEN RECORDS: 0
BROKEN RECORDS: 0
BROKEN RECORDS: 0
BROKEN RECORDS: 0
BROKEN RECORDS: 0
BROKEN RECORDS: 0
BROKEN RECORDS: 0
BROKEN RECORDS: 0
BROKEN RECORDS: 0
BROKEN RECORDS: 0
BROKEN RECORDS: 0
BROKEN RECORDS: 0
BROKEN RECORDS: 0
BROKEN RECORDS: 0
BROKEN RECORDS: 0
BROKEN RECORDS: 0
BROKEN RECORDS: 0
BROKEN RECORDS: 0
BROKEN RECORDS: 0
BROKEN RECORDS: 0
BROKEN RECORDS: 0
BROKEN RECORDS: 0
BROKEN RECORDS: 0
BROKEN RECORDS: 0
BROKEN RECORDS: 0
BROKEN RECORDS: 0
BROKEN RECORDS: 0
BROKEN RECORDS: 0
BROKEN RECORDS: 0
BROKEN RECORDS: 0
BROKEN RECORDS: 0
BROKEN RECORDS: 0
BROKEN RECORDS: 0
BROKEN RECORDS: 0
BROKEN RECORDS: 0
BROKEN RECORDS: 0
BROKEN RECORDS: 0
BROKEN RECORDS: 0
BROKEN RECORDS: 0
BROKEN RECORDS: 0
BROKEN RECORDS: 0
BROKEN RECORDS: 0
BROKEN RECORDS: 0
BROKEN RECORDS: 0
BROKEN RECORDS: 0
BROKEN RECORDS: 0
BROKEN RECORDS: 0
BROKEN RECORDS: 0
BROKEN RECORDS: 0
BROKEN RECORDS: 0
BROKEN RECORDS: 0
BROKEN RECORDS: 0
BROKEN RECORDS: 0
BROKEN RECORDS: 0
BROKEN RECORDS: 0
BROKEN RECORDS: 0
BROKEN RECORDS: 0
BROKEN RECORDS: 0
BROKEN RECORDS: 0
BROKEN RECORDS: 0
BROKEN RECORDS: 0
BROKEN RECORDS: 0
BROKEN RECORDS: 0
BROKEN RECORDS: 0
BROKEN RECORDS: 0
BROKEN RECORDS: 0
BROKEN RECORDS: 0
BROKEN RECORDS: 0
BROKEN RECORDS: 0
BROKEN RECORDS: 0
BROKEN RECORDS: 0
BROKEN RECORDS: 0
BROKEN RECORDS: 0
BROKEN RECORDS: 0
BROKEN RECORDS: 0
BROKEN RECORDS: 0
2013-04-23T01:23:43.800+0200: [GC [ParNew: 3040832K->159851K(3040832K), 0.1798570 secs] 26503291K->23918853K(30070848K), 0.1801030 secs] [Times: user=1.85 sys=0.41, real=0.18 secs] 
BROKEN RECORDS: 0
BROKEN RECORDS: 0
BROKEN RECORDS: 0
BROKEN RECORDS: 0
BROKEN RECORDS: 0
BROKEN RECORDS: 0
BROKEN RECORDS: 0
BROKEN RECORDS: 0
