2013-04-23T01:18:34.922+0200: [GC [ParNew: 2702976K->337856K(3040832K), 1.0005140 secs] 2702976K->2482717K(30070848K), 1.0005850 secs] [Times: user=3.07 sys=9.42, real=1.00 secs] 
2013-04-23T01:18:37.008+0200: [GC [ParNew: 3040832K->337856K(3040832K), 1.1689530 secs] 5185693K->5112578K(30070848K), 1.1690170 secs] [Times: user=3.60 sys=11.51, real=1.17 secs] 
2013-04-23T01:18:39.179+0200: [GC [ParNew: 3040832K->337856K(3040832K), 1.1933930 secs] 7815554K->7802058K(30070848K), 1.1934510 secs] [Times: user=4.53 sys=10.68, real=1.19 secs] 
2013-04-23T01:18:41.410+0200: [GC [ParNew: 3040832K->337856K(3040832K), 1.2008760 secs] 10505034K->10547142K(30070848K), 1.2009330 secs] [Times: user=4.64 sys=10.93, real=1.20 secs] 
2013-04-23T01:18:43.698+0200: [GC [ParNew: 3040832K->337856K(3040832K), 1.1732520 secs] 13250118K->13253678K(30070848K), 1.1733000 secs] [Times: user=3.99 sys=11.23, real=1.17 secs] 
2013-04-23T01:18:45.939+0200: [GC [ParNew: 3040832K->337856K(3040832K), 1.6661600 secs] 15956654K->15963160K(30070848K), 1.6662390 secs] [Times: user=18.92 sys=2.67, real=1.67 secs] 
2013-04-23T01:18:48.572+0200: [GC [ParNew: 3040832K->337856K(3040832K), 1.4388820 secs] 18666136K->18699600K(30070848K), 1.4389390 secs] [Times: user=3.44 sys=14.42, real=1.44 secs] 
2013-04-23T01:18:50.999+0200: [GC [ParNew: 2999950K->337856K(3040832K), 1.4862050 secs] 21361694K->21380426K(30070848K), 1.4862600 secs] [Times: user=4.01 sys=13.90, real=1.49 secs] 
2013-04-23T01:19:02.875+0200: [GC [ParNew: 3040832K->337856K(3040832K), 1.7126730 secs] 24083402K->23509902K(30070848K), 1.7127910 secs] [Times: user=19.24 sys=2.79, real=1.71 secs] 
2013-04-23T01:20:03.003+0200: [GC [ParNew: 3040832K->337856K(3040832K), 0.2688480 secs] 26212878K->23800034K(30070848K), 0.2690050 secs] [Times: user=2.66 sys=0.66, real=0.27 secs] 
BROKEN RECORDS: 0
BROKEN RECORDS: 0
BROKEN RECORDS: 0
BROKEN RECORDS: 0
BROKEN RECORDS: 0
BROKEN RECORDS: 0
BROKEN RECORDS: 0
BROKEN RECORDS: 0
BROKEN RECORDS: 0
BROKEN RECORDS: 0
BROKEN RECORDS: 0
BROKEN RECORDS: 0
BROKEN RECORDS: 0
BROKEN RECORDS: 0
BROKEN RECORDS: 0
BROKEN RECORDS: 0
BROKEN RECORDS: 0
BROKEN RECORDS: 0
BROKEN RECORDS: 0
BROKEN RECORDS: 0
BROKEN RECORDS: 0
BROKEN RECORDS: 0
BROKEN RECORDS: 0
BROKEN RECORDS: 0
BROKEN RECORDS: 0
BROKEN RECORDS: 0
BROKEN RECORDS: 0
BROKEN RECORDS: 0
BROKEN RECORDS: 0
BROKEN RECORDS: 0
BROKEN RECORDS: 0
BROKEN RECORDS: 0
BROKEN RECORDS: 0
BROKEN RECORDS: 0
BROKEN RECORDS: 0
BROKEN RECORDS: 0
BROKEN RECORDS: 0
BROKEN RECORDS: 0
BROKEN RECORDS: 0
BROKEN RECORDS: 0
BROKEN RECORDS: 0
BROKEN RECORDS: 0
BROKEN RECORDS: 0
BROKEN RECORDS: 0
BROKEN RECORDS: 0
BROKEN RECORDS: 0
BROKEN RECORDS: 0
BROKEN RECORDS: 0
BROKEN RECORDS: 0
BROKEN RECORDS: 0
BROKEN RECORDS: 0
BROKEN RECORDS: 0
BROKEN RECORDS: 0
BROKEN RECORDS: 0
BROKEN RECORDS: 0
BROKEN RECORDS: 0
BROKEN RECORDS: 0
BROKEN RECORDS: 0
BROKEN RECORDS: 0
BROKEN RECORDS: 0
BROKEN RECORDS: 0
BROKEN RECORDS: 0
BROKEN RECORDS: 0
BROKEN RECORDS: 0
BROKEN RECORDS: 0
BROKEN RECORDS: 0
BROKEN RECORDS: 0
BROKEN RECORDS: 0
BROKEN RECORDS: 0
BROKEN RECORDS: 0
BROKEN RECORDS: 0
BROKEN RECORDS: 0
BROKEN RECORDS: 0
BROKEN RECORDS: 0
BROKEN RECORDS: 0
BROKEN RECORDS: 0
BROKEN RECORDS: 0
BROKEN RECORDS: 0
BROKEN RECORDS: 0
BROKEN RECORDS: 0
2013-04-23T01:23:43.769+0200: [GC [ParNew: 3040832K->201414K(3040832K), 0.1939900 secs] 26503010K->23933967K(30070848K), 0.1941650 secs] [Times: user=1.56 sys=0.66, real=0.19 secs] 
BROKEN RECORDS: 0
BROKEN RECORDS: 0
BROKEN RECORDS: 0
BROKEN RECORDS: 0
BROKEN RECORDS: 0
BROKEN RECORDS: 0
BROKEN RECORDS: 0
BROKEN RECORDS: 0
