2013-04-23T01:18:35.534+0200: [GC [ParNew: 2702976K->337855K(3040832K), 1.0224640 secs] 2702976K->2487490K(30070848K), 1.0225360 secs] [Times: user=2.86 sys=10.04, real=1.03 secs] 
2013-04-23T01:18:37.684+0200: [GC [ParNew: 3040831K->337856K(3040832K), 1.1752540 secs] 5190466K->5120822K(30070848K), 1.1752990 secs] [Times: user=3.90 sys=11.30, real=1.17 secs] 
2013-04-23T01:18:39.978+0200: [GC [ParNew: 3040832K->337856K(3040832K), 1.1886780 secs] 7823798K->7813288K(30070848K), 1.1887410 secs] [Times: user=4.66 sys=10.76, real=1.19 secs] 
2013-04-23T01:18:42.159+0200: [GC [ParNew: 3040832K->337856K(3040832K), 1.1938680 secs] 10516264K->10561989K(30070848K), 1.1939420 secs] [Times: user=4.63 sys=10.86, real=1.19 secs] 
2013-04-23T01:18:44.349+0200: [GC [ParNew: 3040832K->337856K(3040832K), 1.1665670 secs] 13264965K->13267757K(30070848K), 1.1666420 secs] [Times: user=3.96 sys=11.16, real=1.17 secs] 
2013-04-23T01:18:46.585+0200: [GC [ParNew: 3040832K->337856K(3040832K), 1.6322380 secs] 15970733K->15978391K(30070848K), 1.6322910 secs] [Times: user=18.60 sys=2.59, real=1.63 secs] 
2013-04-23T01:18:49.307+0200: [GC [ParNew: 3040832K->337856K(3040832K), 1.5165740 secs] 18681367K->18706411K(30070848K), 1.5166230 secs] [Times: user=3.65 sys=15.05, real=1.52 secs] 
2013-04-23T01:18:51.913+0200: [GC [ParNew: 3040832K->337856K(3040832K), 1.5630820 secs] 21409387K->21407855K(30070848K), 1.5631520 secs] [Times: user=4.11 sys=14.74, real=1.57 secs] 
2013-04-23T01:19:02.858+0200: [GC [ParNew: 3040832K->337856K(3040832K), 1.7193300 secs] 24110831K->23504515K(30070848K), 1.7193910 secs] [Times: user=19.09 sys=2.47, real=1.72 secs] 
2013-04-23T01:20:04.136+0200: [GC [ParNew: 3040832K->337856K(3040832K), 0.2531180 secs] 26207491K->23745647K(30070848K), 0.2533150 secs] [Times: user=2.14 sys=0.44, real=0.25 secs] 
BROKEN RECORDS: 0
BROKEN RECORDS: 0
BROKEN RECORDS: 0
BROKEN RECORDS: 0
BROKEN RECORDS: 0
BROKEN RECORDS: 0
BROKEN RECORDS: 0
BROKEN RECORDS: 0
BROKEN RECORDS: 0
BROKEN RECORDS: 0
BROKEN RECORDS: 0
BROKEN RECORDS: 0
BROKEN RECORDS: 0
BROKEN RECORDS: 0
BROKEN RECORDS: 0
BROKEN RECORDS: 0
BROKEN RECORDS: 0
BROKEN RECORDS: 0
BROKEN RECORDS: 0
BROKEN RECORDS: 0
BROKEN RECORDS: 0
BROKEN RECORDS: 0
BROKEN RECORDS: 0
BROKEN RECORDS: 0
BROKEN RECORDS: 0
BROKEN RECORDS: 0
BROKEN RECORDS: 0
BROKEN RECORDS: 0
BROKEN RECORDS: 0
BROKEN RECORDS: 0
BROKEN RECORDS: 0
BROKEN RECORDS: 0
BROKEN RECORDS: 0
BROKEN RECORDS: 0
BROKEN RECORDS: 0
BROKEN RECORDS: 0
BROKEN RECORDS: 0
BROKEN RECORDS: 0
BROKEN RECORDS: 0
BROKEN RECORDS: 0
BROKEN RECORDS: 0
BROKEN RECORDS: 0
BROKEN RECORDS: 0
BROKEN RECORDS: 0
BROKEN RECORDS: 0
BROKEN RECORDS: 0
BROKEN RECORDS: 0
BROKEN RECORDS: 0
BROKEN RECORDS: 0
BROKEN RECORDS: 0
BROKEN RECORDS: 0
BROKEN RECORDS: 0
BROKEN RECORDS: 0
BROKEN RECORDS: 0
BROKEN RECORDS: 0
BROKEN RECORDS: 0
BROKEN RECORDS: 0
BROKEN RECORDS: 0
BROKEN RECORDS: 0
BROKEN RECORDS: 0
BROKEN RECORDS: 0
BROKEN RECORDS: 0
BROKEN RECORDS: 0
BROKEN RECORDS: 0
BROKEN RECORDS: 0
BROKEN RECORDS: 0
BROKEN RECORDS: 0
BROKEN RECORDS: 0
BROKEN RECORDS: 0
BROKEN RECORDS: 0
BROKEN RECORDS: 0
BROKEN RECORDS: 0
BROKEN RECORDS: 0
BROKEN RECORDS: 0
BROKEN RECORDS: 0
BROKEN RECORDS: 0
BROKEN RECORDS: 0
BROKEN RECORDS: 0
BROKEN RECORDS: 0
BROKEN RECORDS: 0
2013-04-23T01:23:43.861+0200: [GC [ParNew: 3040832K->182841K(3040832K), 0.1902380 secs] 26448623K->23886191K(30070848K), 0.1905040 secs] [Times: user=1.64 sys=0.58, real=0.19 secs] 
BROKEN RECORDS: 0
BROKEN RECORDS: 0
BROKEN RECORDS: 0
BROKEN RECORDS: 0
BROKEN RECORDS: 0
BROKEN RECORDS: 0
BROKEN RECORDS: 0
BROKEN RECORDS: 0
