2013-04-23T01:18:36.748+0200: [GC [ParNew: 2702976K->337855K(3040832K), 1.0109920 secs] 2702976K->2487408K(30070848K), 1.0110670 secs] [Times: user=2.99 sys=9.89, real=1.00 secs] 
2013-04-23T01:18:38.847+0200: [GC [ParNew: 3040831K->337856K(3040832K), 1.1729990 secs] 5190384K->5122123K(30070848K), 1.1730520 secs] [Times: user=3.67 sys=11.50, real=1.17 secs] 
2013-04-23T01:18:41.026+0200: [GC [ParNew: 3040832K->337856K(3040832K), 1.1462240 secs] 7825099K->7813020K(30070848K), 1.1462810 secs] [Times: user=3.60 sys=11.26, real=1.15 secs] 
2013-04-23T01:18:43.201+0200: [GC [ParNew: 3040832K->337856K(3040832K), 1.0602880 secs] 10515996K->10564283K(30070848K), 1.0603380 secs] [Times: user=3.14 sys=10.59, real=1.06 secs] 
2013-04-23T01:18:45.359+0200: [GC [ParNew: 3040832K->337856K(3040832K), 1.1891460 secs] 13267259K->13279303K(30070848K), 1.1891950 secs] [Times: user=4.42 sys=11.00, real=1.20 secs] 
2013-04-23T01:18:47.596+0200: [GC [ParNew: 3040832K->337856K(3040832K), 1.5260190 secs] 15982279K->15949246K(30070848K), 1.5260780 secs] [Times: user=17.27 sys=2.54, real=1.52 secs] 
2013-04-23T01:18:50.078+0200: [GC [ParNew: 3040832K->337856K(3040832K), 1.1425990 secs] 18652222K->18701117K(30070848K), 1.1426490 secs] [Times: user=4.28 sys=10.53, real=1.14 secs] 
2013-04-23T01:18:52.178+0200: [GC [ParNew: 3040832K->337856K(3040832K), 1.3241120 secs] 21404093K->21414311K(30070848K), 1.3241810 secs] [Times: user=4.34 sys=12.50, real=1.32 secs] 
2013-04-23T01:19:02.981+0200: [GC [ParNew: 3040832K->337856K(3040832K), 1.3698670 secs] 24117287K->23550190K(30070848K), 1.3699480 secs] [Times: user=16.01 sys=1.74, real=1.37 secs] 
2013-04-23T01:19:43.335+0200: [GC [ParNew: 3040832K->337856K(3040832K), 0.2743750 secs] 26253166K->23885662K(30070848K), 0.2745880 secs] [Times: user=2.48 sys=0.93, real=0.28 secs] 
BROKEN RECORDS: 0
BROKEN RECORDS: 0
BROKEN RECORDS: 0
BROKEN RECORDS: 0
BROKEN RECORDS: 0
BROKEN RECORDS: 0
BROKEN RECORDS: 0
BROKEN RECORDS: 0
BROKEN RECORDS: 0
BROKEN RECORDS: 0
BROKEN RECORDS: 0
BROKEN RECORDS: 0
BROKEN RECORDS: 0
BROKEN RECORDS: 0
BROKEN RECORDS: 0
BROKEN RECORDS: 0
BROKEN RECORDS: 0
BROKEN RECORDS: 0
BROKEN RECORDS: 0
BROKEN RECORDS: 0
BROKEN RECORDS: 0
BROKEN RECORDS: 0
BROKEN RECORDS: 0
BROKEN RECORDS: 0
BROKEN RECORDS: 0
BROKEN RECORDS: 0
BROKEN RECORDS: 0
BROKEN RECORDS: 0
BROKEN RECORDS: 0
BROKEN RECORDS: 0
BROKEN RECORDS: 0
BROKEN RECORDS: 0
BROKEN RECORDS: 0
BROKEN RECORDS: 0
BROKEN RECORDS: 0
BROKEN RECORDS: 0
BROKEN RECORDS: 0
BROKEN RECORDS: 0
BROKEN RECORDS: 0
BROKEN RECORDS: 0
BROKEN RECORDS: 0
BROKEN RECORDS: 0
BROKEN RECORDS: 0
BROKEN RECORDS: 0
BROKEN RECORDS: 0
BROKEN RECORDS: 0
BROKEN RECORDS: 0
BROKEN RECORDS: 0
BROKEN RECORDS: 0
BROKEN RECORDS: 0
BROKEN RECORDS: 0
BROKEN RECORDS: 0
BROKEN RECORDS: 0
BROKEN RECORDS: 0
BROKEN RECORDS: 0
BROKEN RECORDS: 0
BROKEN RECORDS: 0
BROKEN RECORDS: 0
BROKEN RECORDS: 0
BROKEN RECORDS: 0
BROKEN RECORDS: 0
BROKEN RECORDS: 0
BROKEN RECORDS: 0
BROKEN RECORDS: 0
BROKEN RECORDS: 0
BROKEN RECORDS: 0
BROKEN RECORDS: 0
BROKEN RECORDS: 0
BROKEN RECORDS: 0
BROKEN RECORDS: 0
BROKEN RECORDS: 0
BROKEN RECORDS: 0
BROKEN RECORDS: 0
BROKEN RECORDS: 0
BROKEN RECORDS: 0
BROKEN RECORDS: 0
BROKEN RECORDS: 0
BROKEN RECORDS: 0
BROKEN RECORDS: 0
BROKEN RECORDS: 0
2013-04-23T01:23:43.574+0200: [GC [ParNew: 3040832K->153384K(3040832K), 0.1935100 secs] 26588638K->23991148K(30070848K), 0.1937180 secs] [Times: user=2.03 sys=0.32, real=0.20 secs] 
BROKEN RECORDS: 0
BROKEN RECORDS: 0
BROKEN RECORDS: 0
BROKEN RECORDS: 0
BROKEN RECORDS: 0
BROKEN RECORDS: 0
BROKEN RECORDS: 0
BROKEN RECORDS: 0
