2013-04-23T01:18:33.706+0200: [GC [ParNew: 2702976K->337856K(3040832K), 1.0240020 secs] 2702976K->2485712K(30070848K), 1.0240690 secs] [Times: user=3.07 sys=9.81, real=1.03 secs] 
2013-04-23T01:18:35.870+0200: [GC [ParNew: 3040832K->337856K(3040832K), 1.1808870 secs] 5188688K->5116519K(30070848K), 1.1809590 secs] [Times: user=3.70 sys=11.54, real=1.18 secs] 
2013-04-23T01:18:38.059+0200: [GC [ParNew: 3040832K->337856K(3040832K), 1.1971700 secs] 7819495K->7808408K(30070848K), 1.1972400 secs] [Times: user=4.69 sys=10.84, real=1.19 secs] 
2013-04-23T01:18:40.222+0200: [GC [ParNew: 3040832K->337856K(3040832K), 1.2110160 secs] 10511384K->10554420K(30070848K), 1.2110890 secs] [Times: user=5.14 sys=10.40, real=1.21 secs] 
2013-04-23T01:18:42.495+0200: [GC [ParNew: 3040832K->337856K(3040832K), 1.1444320 secs] 13257396K->13276644K(30070848K), 1.1444990 secs] [Times: user=3.68 sys=11.15, real=1.15 secs] 
2013-04-23T01:18:44.724+0200: [GC [ParNew: 3040832K->337856K(3040832K), 1.8427950 secs] 15979620K->15985518K(30070848K), 1.8429180 secs] [Times: user=20.61 sys=3.15, real=1.84 secs] 
2013-04-23T01:18:47.328+0200: [GC [ParNew: 3040832K->337856K(3040832K), 1.3586430 secs] 18688494K->18692311K(30070848K), 1.3587140 secs] [Times: user=3.78 sys=13.15, real=1.36 secs] 
2013-04-23T01:18:49.410+0200: [GC [ParNew: 3040832K->337856K(3040832K), 1.8955350 secs] 21395287K->21391450K(30070848K), 1.8955890 secs] [Times: user=4.05 sys=14.94, real=1.89 secs] 
2013-04-23T01:19:03.101+0200: [GC [ParNew: 3040832K->337856K(3040832K), 1.9674120 secs] 24094426K->23518282K(30070848K), 1.9675040 secs] [Times: user=19.51 sys=2.47, real=1.97 secs] 
2013-04-23T01:19:51.639+0200: [GC [ParNew: 3040832K->337856K(3040832K), 0.2876210 secs] 26243129K->23810313K(30070848K), 0.2878850 secs] [Times: user=2.35 sys=0.62, real=0.29 secs] 
BROKEN RECORDS: 0
BROKEN RECORDS: 0
BROKEN RECORDS: 0
BROKEN RECORDS: 0
BROKEN RECORDS: 0
BROKEN RECORDS: 0
BROKEN RECORDS: 0
BROKEN RECORDS: 0
BROKEN RECORDS: 0
BROKEN RECORDS: 0
BROKEN RECORDS: 0
BROKEN RECORDS: 0
BROKEN RECORDS: 0
BROKEN RECORDS: 0
BROKEN RECORDS: 0
BROKEN RECORDS: 0
BROKEN RECORDS: 0
BROKEN RECORDS: 0
BROKEN RECORDS: 0
BROKEN RECORDS: 0
BROKEN RECORDS: 0
BROKEN RECORDS: 0
BROKEN RECORDS: 0
BROKEN RECORDS: 0
BROKEN RECORDS: 0
BROKEN RECORDS: 0
BROKEN RECORDS: 0
BROKEN RECORDS: 0
BROKEN RECORDS: 0
BROKEN RECORDS: 0
BROKEN RECORDS: 0
BROKEN RECORDS: 0
BROKEN RECORDS: 0
BROKEN RECORDS: 0
BROKEN RECORDS: 0
BROKEN RECORDS: 0
BROKEN RECORDS: 0
BROKEN RECORDS: 0
BROKEN RECORDS: 0
BROKEN RECORDS: 0
BROKEN RECORDS: 0
BROKEN RECORDS: 0
BROKEN RECORDS: 0
BROKEN RECORDS: 0
BROKEN RECORDS: 0
BROKEN RECORDS: 0
BROKEN RECORDS: 0
BROKEN RECORDS: 0
BROKEN RECORDS: 0
BROKEN RECORDS: 0
BROKEN RECORDS: 0
BROKEN RECORDS: 0
BROKEN RECORDS: 0
BROKEN RECORDS: 0
BROKEN RECORDS: 0
BROKEN RECORDS: 0
BROKEN RECORDS: 0
BROKEN RECORDS: 0
BROKEN RECORDS: 0
BROKEN RECORDS: 0
BROKEN RECORDS: 0
BROKEN RECORDS: 0
BROKEN RECORDS: 0
BROKEN RECORDS: 0
BROKEN RECORDS: 0
BROKEN RECORDS: 0
BROKEN RECORDS: 0
BROKEN RECORDS: 0
BROKEN RECORDS: 0
BROKEN RECORDS: 0
BROKEN RECORDS: 0
BROKEN RECORDS: 0
BROKEN RECORDS: 0
BROKEN RECORDS: 0
BROKEN RECORDS: 0
BROKEN RECORDS: 0
BROKEN RECORDS: 0
BROKEN RECORDS: 0
BROKEN RECORDS: 0
BROKEN RECORDS: 0
2013-04-23T01:23:43.685+0200: [GC [ParNew: 3040832K->177104K(3040832K), 0.1727970 secs] 26513289K->23963567K(30070848K), 0.1730750 secs] [Times: user=1.52 sys=0.39, real=0.17 secs] 
BROKEN RECORDS: 0
BROKEN RECORDS: 0
BROKEN RECORDS: 0
BROKEN RECORDS: 0
BROKEN RECORDS: 0
BROKEN RECORDS: 0
BROKEN RECORDS: 0
BROKEN RECORDS: 0
