2013-04-23T01:18:34.163+0200: [GC [ParNew: 2702976K->337855K(3040832K), 0.9887300 secs] 2702976K->2482701K(30070848K), 0.9888270 secs] [Times: user=3.09 sys=9.01, real=0.99 secs] 
2013-04-23T01:18:36.219+0200: [GC [ParNew: 3040831K->337856K(3040832K), 1.1892920 secs] 5185677K->5120853K(30070848K), 1.1893420 secs] [Times: user=3.78 sys=11.39, real=1.19 secs] 
2013-04-23T01:18:38.516+0200: [GC [ParNew: 3040832K->337856K(3040832K), 1.2008980 secs] 7823829K->7816993K(30070848K), 1.2009710 secs] [Times: user=4.93 sys=10.64, real=1.20 secs] 
2013-04-23T01:18:40.689+0200: [GC [ParNew: 3040832K->337856K(3040832K), 1.1622020 secs] 10519969K->10552632K(30070848K), 1.1622740 secs] [Times: user=4.24 sys=10.82, real=1.16 secs] 
2013-04-23T01:18:42.913+0200: [GC [ParNew: 3040832K->337856K(3040832K), 1.1271580 secs] 13255608K->13285677K(30070848K), 1.1272170 secs] [Times: user=3.56 sys=10.92, real=1.13 secs] 
2013-04-23T01:18:44.823+0200: [GC [ParNew: 3040832K->337856K(3040832K), 1.9490910 secs] 15988653K->15976014K(30070848K), 1.9491490 secs] [Times: user=22.21 sys=3.09, real=1.95 secs] 
2013-04-23T01:18:47.484+0200: [GC [ParNew: 3040832K->337856K(3040832K), 1.4357580 secs] 18678990K->18699103K(30070848K), 1.4358250 secs] [Times: user=4.35 sys=13.64, real=1.43 secs] 
2013-04-23T01:18:49.603+0200: [GC [ParNew: 3040832K->337856K(3040832K), 1.6513300 secs] 21402079K->21405029K(30070848K), 1.6514050 secs] [Times: user=3.95 sys=14.43, real=1.66 secs] 
2013-04-23T01:19:03.142+0200: [GC [ParNew: 3040832K->337856K(3040832K), 2.1338190 secs] 24108005K->23508092K(30070848K), 2.1339050 secs] [Times: user=21.11 sys=2.55, real=2.14 secs] 
2013-04-23T01:19:54.568+0200: [GC [ParNew: 3039020K->337856K(3040832K), 0.3098910 secs] 26209256K->23834466K(30070848K), 0.3101540 secs] [Times: user=2.15 sys=0.81, real=0.30 secs] 
BROKEN RECORDS: 0
BROKEN RECORDS: 0
BROKEN RECORDS: 0
BROKEN RECORDS: 0
BROKEN RECORDS: 0
BROKEN RECORDS: 0
BROKEN RECORDS: 0
BROKEN RECORDS: 0
BROKEN RECORDS: 0
BROKEN RECORDS: 0
BROKEN RECORDS: 0
BROKEN RECORDS: 0
BROKEN RECORDS: 0
BROKEN RECORDS: 0
BROKEN RECORDS: 0
BROKEN RECORDS: 0
BROKEN RECORDS: 0
BROKEN RECORDS: 0
BROKEN RECORDS: 0
BROKEN RECORDS: 0
BROKEN RECORDS: 0
BROKEN RECORDS: 0
BROKEN RECORDS: 0
BROKEN RECORDS: 0
BROKEN RECORDS: 0
BROKEN RECORDS: 0
BROKEN RECORDS: 0
BROKEN RECORDS: 0
BROKEN RECORDS: 0
BROKEN RECORDS: 0
BROKEN RECORDS: 0
BROKEN RECORDS: 0
BROKEN RECORDS: 0
BROKEN RECORDS: 0
BROKEN RECORDS: 0
BROKEN RECORDS: 0
BROKEN RECORDS: 0
BROKEN RECORDS: 0
BROKEN RECORDS: 0
BROKEN RECORDS: 0
BROKEN RECORDS: 0
BROKEN RECORDS: 0
BROKEN RECORDS: 0
BROKEN RECORDS: 0
BROKEN RECORDS: 0
BROKEN RECORDS: 0
BROKEN RECORDS: 0
BROKEN RECORDS: 0
BROKEN RECORDS: 0
BROKEN RECORDS: 0
BROKEN RECORDS: 0
BROKEN RECORDS: 0
BROKEN RECORDS: 0
BROKEN RECORDS: 0
BROKEN RECORDS: 0
BROKEN RECORDS: 0
BROKEN RECORDS: 0
BROKEN RECORDS: 0
BROKEN RECORDS: 0
BROKEN RECORDS: 0
BROKEN RECORDS: 0
BROKEN RECORDS: 0
BROKEN RECORDS: 0
BROKEN RECORDS: 0
BROKEN RECORDS: 0
BROKEN RECORDS: 0
BROKEN RECORDS: 0
BROKEN RECORDS: 0
BROKEN RECORDS: 0
BROKEN RECORDS: 0
BROKEN RECORDS: 0
BROKEN RECORDS: 0
BROKEN RECORDS: 0
BROKEN RECORDS: 0
BROKEN RECORDS: 0
BROKEN RECORDS: 0
BROKEN RECORDS: 0
BROKEN RECORDS: 0
BROKEN RECORDS: 0
BROKEN RECORDS: 0
2013-04-23T01:23:43.484+0200: [GC [ParNew: 3040832K->224233K(3040832K), 0.2244170 secs] 26537442K->24003455K(30070848K), 0.2246880 secs] [Times: user=1.61 sys=0.43, real=0.22 secs] 
BROKEN RECORDS: 0
BROKEN RECORDS: 0
BROKEN RECORDS: 0
BROKEN RECORDS: 0
BROKEN RECORDS: 0
BROKEN RECORDS: 0
BROKEN RECORDS: 0
BROKEN RECORDS: 0
