2013-04-23T01:18:35.193+0200: [GC [ParNew: 2702976K->337856K(3040832K), 1.0133620 secs] 2702976K->2484473K(30070848K), 1.0134340 secs] [Times: user=2.99 sys=9.92, real=1.02 secs] 
2013-04-23T01:18:37.333+0200: [GC [ParNew: 3040832K->337856K(3040832K), 1.1823100 secs] 5187449K->5121648K(30070848K), 1.1823570 secs] [Times: user=3.62 sys=11.69, real=1.19 secs] 
2013-04-23T01:18:39.562+0200: [GC [ParNew: 3040832K->337856K(3040832K), 1.1933930 secs] 7824624K->7814874K(30070848K), 1.1934460 secs] [Times: user=4.61 sys=10.88, real=1.20 secs] 
2013-04-23T01:18:41.813+0200: [GC [ParNew: 3040832K->337856K(3040832K), 1.1954020 secs] 10517850K->10547632K(30070848K), 1.1954490 secs] [Times: user=4.90 sys=10.61, real=1.20 secs] 
2013-04-23T01:18:44.079+0200: [GC [ParNew: 3040832K->337856K(3040832K), 1.1263940 secs] 13250608K->13263068K(30070848K), 1.1264400 secs] [Times: user=3.31 sys=11.29, real=1.12 secs] 
2013-04-23T01:18:46.285+0200: [GC [ParNew: 3040832K->337856K(3040832K), 1.8626620 secs] 15966044K->15974311K(30070848K), 1.8627210 secs] [Times: user=21.43 sys=2.75, real=1.87 secs] 
2013-04-23T01:18:49.134+0200: [GC [ParNew: 3040832K->337856K(3040832K), 1.3295320 secs] 18677287K->18683473K(30070848K), 1.3295840 secs] [Times: user=3.71 sys=13.13, real=1.33 secs] 
2013-04-23T01:18:51.421+0200: [GC [ParNew: 3040832K->337856K(3040832K), 1.6395280 secs] 21386449K->21366029K(30070848K), 1.6395940 secs] [Times: user=4.27 sys=14.17, real=1.64 secs] 
2013-04-23T01:19:02.963+0200: [GC [ParNew: 3040832K->337856K(3040832K), 2.5565070 secs] 24069005K->23480521K(30070848K), 2.5566100 secs] [Times: user=25.96 sys=2.86, real=2.56 secs] 
2013-04-23T01:20:06.068+0200: [GC [ParNew: 3040832K->337856K(3040832K), 0.2564460 secs] 26183497K->23742685K(30070848K), 0.2566190 secs] [Times: user=2.03 sys=0.54, real=0.26 secs] 
BROKEN RECORDS: 0
BROKEN RECORDS: 0
BROKEN RECORDS: 0
BROKEN RECORDS: 0
BROKEN RECORDS: 0
BROKEN RECORDS: 0
BROKEN RECORDS: 0
BROKEN RECORDS: 0
BROKEN RECORDS: 0
BROKEN RECORDS: 0
BROKEN RECORDS: 0
BROKEN RECORDS: 0
BROKEN RECORDS: 0
BROKEN RECORDS: 0
BROKEN RECORDS: 0
BROKEN RECORDS: 0
BROKEN RECORDS: 0
BROKEN RECORDS: 0
BROKEN RECORDS: 0
BROKEN RECORDS: 0
BROKEN RECORDS: 0
BROKEN RECORDS: 0
BROKEN RECORDS: 0
BROKEN RECORDS: 0
BROKEN RECORDS: 0
BROKEN RECORDS: 0
BROKEN RECORDS: 0
BROKEN RECORDS: 0
BROKEN RECORDS: 0
BROKEN RECORDS: 0
BROKEN RECORDS: 0
BROKEN RECORDS: 0
BROKEN RECORDS: 0
BROKEN RECORDS: 0
BROKEN RECORDS: 0
BROKEN RECORDS: 0
BROKEN RECORDS: 0
BROKEN RECORDS: 0
BROKEN RECORDS: 0
BROKEN RECORDS: 0
BROKEN RECORDS: 0
BROKEN RECORDS: 0
BROKEN RECORDS: 0
BROKEN RECORDS: 0
BROKEN RECORDS: 0
BROKEN RECORDS: 0
BROKEN RECORDS: 0
BROKEN RECORDS: 0
BROKEN RECORDS: 0
BROKEN RECORDS: 0
BROKEN RECORDS: 0
BROKEN RECORDS: 0
BROKEN RECORDS: 0
BROKEN RECORDS: 0
BROKEN RECORDS: 0
BROKEN RECORDS: 0
BROKEN RECORDS: 0
BROKEN RECORDS: 0
BROKEN RECORDS: 0
BROKEN RECORDS: 0
BROKEN RECORDS: 0
BROKEN RECORDS: 0
BROKEN RECORDS: 0
BROKEN RECORDS: 0
BROKEN RECORDS: 0
BROKEN RECORDS: 0
BROKEN RECORDS: 0
BROKEN RECORDS: 0
BROKEN RECORDS: 0
BROKEN RECORDS: 0
BROKEN RECORDS: 0
BROKEN RECORDS: 0
BROKEN RECORDS: 0
BROKEN RECORDS: 0
BROKEN RECORDS: 0
BROKEN RECORDS: 0
BROKEN RECORDS: 0
BROKEN RECORDS: 0
BROKEN RECORDS: 0
BROKEN RECORDS: 0
2013-04-23T01:23:43.853+0200: [GC [ParNew: 3040832K->198837K(3040832K), 0.1447930 secs] 26445661K->23911009K(30070848K), 0.1449400 secs] [Times: user=1.40 sys=0.39, real=0.14 secs] 
BROKEN RECORDS: 0
BROKEN RECORDS: 0
BROKEN RECORDS: 0
BROKEN RECORDS: 0
BROKEN RECORDS: 0
BROKEN RECORDS: 0
BROKEN RECORDS: 0
BROKEN RECORDS: 0
