2013-04-23T01:18:32.188+0200: [GC [ParNew: 2702976K->337856K(3040832K), 1.0137780 secs] 2702976K->2493921K(30070848K), 1.0138500 secs] [Times: user=3.26 sys=9.27, real=1.02 secs] 
2013-04-23T01:18:34.320+0200: [GC [ParNew: 3040832K->337856K(3040832K), 1.1854850 secs] 5196897K->5128605K(30070848K), 1.1855400 secs] [Times: user=3.93 sys=11.42, real=1.18 secs] 
2013-04-23T01:18:36.543+0200: [GC [ParNew: 3040832K->337856K(3040832K), 1.2060580 secs] 7831581K->7824016K(30070848K), 1.2061290 secs] [Times: user=4.86 sys=10.73, real=1.21 secs] 
2013-04-23T01:18:38.794+0200: [GC [ParNew: 3040832K->337856K(3040832K), 1.1823720 secs] 10526992K->10573070K(30070848K), 1.1824610 secs] [Times: user=4.59 sys=10.70, real=1.19 secs] 
2013-04-23T01:18:41.063+0200: [GC [ParNew: 3040832K->337856K(3040832K), 1.1330690 secs] 13276046K->13303265K(30070848K), 1.1331530 secs] [Times: user=3.66 sys=10.89, real=1.13 secs] 
2013-04-23T01:18:43.264+0200: [GC [ParNew: 3040832K->337856K(3040832K), 1.7292030 secs] 16006241K->15995459K(30070848K), 1.7292590 secs] [Times: user=19.63 sys=2.69, real=1.73 secs] 
2013-04-23T01:18:45.959+0200: [GC [ParNew: 3040832K->337856K(3040832K), 1.2470670 secs] 18698435K->18701068K(30070848K), 1.2471250 secs] [Times: user=3.90 sys=11.71, real=1.24 secs] 
2013-04-23T01:18:48.264+0200: [GC [ParNew: 3040832K->337856K(3040832K), 1.5449930 secs] 21404044K->21379077K(30070848K), 1.5450540 secs] [Times: user=4.21 sys=13.74, real=1.55 secs] 
2013-04-23T01:19:02.938+0200: [GC [ParNew: 3040832K->337856K(3040832K), 1.5323590 secs] 24082053K->23505607K(30070848K), 1.5324840 secs] [Times: user=17.06 sys=2.15, real=1.53 secs] 
2013-04-23T01:19:43.881+0200: [GC [ParNew: 3040832K->337856K(3040832K), 0.3610320 secs] 26208583K->23893525K(30070848K), 0.3612430 secs] [Times: user=2.69 sys=0.76, real=0.36 secs] 
BROKEN RECORDS: 0
BROKEN RECORDS: 0
BROKEN RECORDS: 0
BROKEN RECORDS: 0
BROKEN RECORDS: 0
BROKEN RECORDS: 0
BROKEN RECORDS: 0
BROKEN RECORDS: 0
BROKEN RECORDS: 0
BROKEN RECORDS: 0
BROKEN RECORDS: 0
BROKEN RECORDS: 0
BROKEN RECORDS: 0
BROKEN RECORDS: 0
BROKEN RECORDS: 0
BROKEN RECORDS: 0
BROKEN RECORDS: 0
BROKEN RECORDS: 0
BROKEN RECORDS: 0
BROKEN RECORDS: 0
BROKEN RECORDS: 0
BROKEN RECORDS: 0
BROKEN RECORDS: 0
BROKEN RECORDS: 0
BROKEN RECORDS: 0
BROKEN RECORDS: 0
BROKEN RECORDS: 0
BROKEN RECORDS: 0
BROKEN RECORDS: 0
BROKEN RECORDS: 0
BROKEN RECORDS: 0
BROKEN RECORDS: 0
BROKEN RECORDS: 0
BROKEN RECORDS: 0
BROKEN RECORDS: 0
BROKEN RECORDS: 0
BROKEN RECORDS: 0
BROKEN RECORDS: 0
BROKEN RECORDS: 0
BROKEN RECORDS: 0
BROKEN RECORDS: 0
BROKEN RECORDS: 0
BROKEN RECORDS: 0
BROKEN RECORDS: 0
BROKEN RECORDS: 0
BROKEN RECORDS: 0
BROKEN RECORDS: 0
BROKEN RECORDS: 0
BROKEN RECORDS: 0
BROKEN RECORDS: 0
BROKEN RECORDS: 0
BROKEN RECORDS: 0
BROKEN RECORDS: 0
BROKEN RECORDS: 0
BROKEN RECORDS: 0
BROKEN RECORDS: 0
BROKEN RECORDS: 0
BROKEN RECORDS: 0
BROKEN RECORDS: 0
BROKEN RECORDS: 0
BROKEN RECORDS: 0
BROKEN RECORDS: 0
BROKEN RECORDS: 0
BROKEN RECORDS: 0
BROKEN RECORDS: 0
BROKEN RECORDS: 0
BROKEN RECORDS: 0
BROKEN RECORDS: 0
BROKEN RECORDS: 0
BROKEN RECORDS: 0
BROKEN RECORDS: 0
BROKEN RECORDS: 0
BROKEN RECORDS: 0
BROKEN RECORDS: 0
BROKEN RECORDS: 0
BROKEN RECORDS: 0
BROKEN RECORDS: 0
BROKEN RECORDS: 0
BROKEN RECORDS: 0
BROKEN RECORDS: 0
2013-04-23T01:23:43.463+0200: [GC [ParNew: 3040832K->206467K(3040832K), 0.2023220 secs] 26596501K->24047806K(30070848K), 0.2025030 secs] [Times: user=1.90 sys=0.35, real=0.20 secs] 
BROKEN RECORDS: 0
BROKEN RECORDS: 0
BROKEN RECORDS: 0
BROKEN RECORDS: 0
BROKEN RECORDS: 0
BROKEN RECORDS: 0
BROKEN RECORDS: 0
BROKEN RECORDS: 0
