2013-04-23T01:18:34.669+0200: [GC [ParNew: 2702976K->337855K(3040832K), 1.0180180 secs] 2702976K->2491546K(30070848K), 1.0180810 secs] [Times: user=3.07 sys=9.78, real=1.02 secs] 
2013-04-23T01:18:36.791+0200: [GC [ParNew: 3040831K->337856K(3040832K), 1.1842540 secs] 5194522K->5121381K(30070848K), 1.1843200 secs] [Times: user=3.86 sys=11.42, real=1.19 secs] 
2013-04-23T01:18:38.990+0200: [GC [ParNew: 3040832K->337856K(3040832K), 1.1904190 secs] 7824357K->7817144K(30070848K), 1.1904790 secs] [Times: user=4.78 sys=10.60, real=1.20 secs] 
2013-04-23T01:18:41.146+0200: [GC [ParNew: 3040832K->337856K(3040832K), 1.1909530 secs] 10520120K->10542762K(30070848K), 1.1910000 secs] [Times: user=4.87 sys=10.53, real=1.19 secs] 
2013-04-23T01:18:43.405+0200: [GC [ParNew: 3040832K->337856K(3040832K), 1.1226470 secs] 13245738K->13263353K(30070848K), 1.1227100 secs] [Times: user=3.34 sys=11.20, real=1.12 secs] 
2013-04-23T01:18:45.603+0200: [GC [ParNew: 3040832K->337856K(3040832K), 1.8787590 secs] 15966329K->15969442K(30070848K), 1.8788380 secs] [Times: user=21.35 sys=2.88, real=1.88 secs] 
2013-04-23T01:18:48.560+0200: [GC [ParNew: 3040832K->337856K(3040832K), 1.4138390 secs] 18672418K->18679724K(30070848K), 1.4138950 secs] [Times: user=3.76 sys=14.13, real=1.41 secs] 
2013-04-23T01:18:50.962+0200: [GC [ParNew: 3040832K->337856K(3040832K), 1.4770160 secs] 21382700K->21368075K(30070848K), 1.4770750 secs] [Times: user=4.09 sys=13.70, real=1.47 secs] 
2013-04-23T01:19:03.046+0200: [GC [ParNew: 3040832K->337856K(3040832K), 1.8597630 secs] 24071051K->23501712K(30070848K), 1.8598680 secs] [Times: user=19.53 sys=2.42, real=1.86 secs] 
2013-04-23T01:19:48.159+0200: [GC [ParNew: 3021402K->337856K(3040832K), 0.3532760 secs] 26208738K->23864313K(30070848K), 0.3535780 secs] [Times: user=2.58 sys=0.93, real=0.35 secs] 
BROKEN RECORDS: 0
BROKEN RECORDS: 0
BROKEN RECORDS: 0
BROKEN RECORDS: 0
BROKEN RECORDS: 0
BROKEN RECORDS: 0
BROKEN RECORDS: 0
BROKEN RECORDS: 0
BROKEN RECORDS: 0
BROKEN RECORDS: 0
BROKEN RECORDS: 0
BROKEN RECORDS: 0
BROKEN RECORDS: 0
BROKEN RECORDS: 0
BROKEN RECORDS: 0
BROKEN RECORDS: 0
BROKEN RECORDS: 0
BROKEN RECORDS: 0
BROKEN RECORDS: 0
BROKEN RECORDS: 0
BROKEN RECORDS: 0
BROKEN RECORDS: 0
BROKEN RECORDS: 0
BROKEN RECORDS: 0
BROKEN RECORDS: 0
BROKEN RECORDS: 0
BROKEN RECORDS: 0
BROKEN RECORDS: 0
BROKEN RECORDS: 0
BROKEN RECORDS: 0
BROKEN RECORDS: 0
BROKEN RECORDS: 0
BROKEN RECORDS: 0
BROKEN RECORDS: 0
BROKEN RECORDS: 0
BROKEN RECORDS: 0
BROKEN RECORDS: 0
BROKEN RECORDS: 0
BROKEN RECORDS: 0
BROKEN RECORDS: 0
BROKEN RECORDS: 0
BROKEN RECORDS: 0
BROKEN RECORDS: 0
BROKEN RECORDS: 0
BROKEN RECORDS: 0
BROKEN RECORDS: 0
BROKEN RECORDS: 0
BROKEN RECORDS: 0
BROKEN RECORDS: 0
BROKEN RECORDS: 0
BROKEN RECORDS: 0
BROKEN RECORDS: 0
BROKEN RECORDS: 0
BROKEN RECORDS: 0
BROKEN RECORDS: 0
BROKEN RECORDS: 0
BROKEN RECORDS: 0
BROKEN RECORDS: 0
BROKEN RECORDS: 0
BROKEN RECORDS: 0
BROKEN RECORDS: 0
BROKEN RECORDS: 0
BROKEN RECORDS: 0
BROKEN RECORDS: 0
BROKEN RECORDS: 0
BROKEN RECORDS: 0
BROKEN RECORDS: 0
BROKEN RECORDS: 0
BROKEN RECORDS: 0
BROKEN RECORDS: 0
BROKEN RECORDS: 0
BROKEN RECORDS: 0
BROKEN RECORDS: 0
BROKEN RECORDS: 0
BROKEN RECORDS: 0
BROKEN RECORDS: 0
BROKEN RECORDS: 0
BROKEN RECORDS: 0
BROKEN RECORDS: 0
BROKEN RECORDS: 0
2013-04-23T01:23:43.522+0200: [GC [ParNew: 3040832K->296291K(3040832K), 0.1722120 secs] 26567290K->24090172K(30070848K), 0.1723790 secs] [Times: user=1.58 sys=0.42, real=0.17 secs] 
BROKEN RECORDS: 0
BROKEN RECORDS: 0
BROKEN RECORDS: 0
BROKEN RECORDS: 0
BROKEN RECORDS: 0
BROKEN RECORDS: 0
BROKEN RECORDS: 0
BROKEN RECORDS: 0
