2013-04-23T01:18:35.907+0200: [GC [ParNew: 2702976K->337856K(3040832K), 0.9856940 secs] 2702976K->2491623K(30070848K), 0.9857670 secs] [Times: user=2.48 sys=9.98, real=0.99 secs] 
2013-04-23T01:18:37.830+0200: [GC [ParNew: 3040832K->337856K(3040832K), 1.1241600 secs] 5194599K->5128227K(30070848K), 1.1242280 secs] [Times: user=3.12 sys=11.40, real=1.13 secs] 
2013-04-23T01:18:39.939+0200: [GC [ParNew: 3040832K->337856K(3040832K), 1.1355840 secs] 7831203K->7821140K(30070848K), 1.1356620 secs] [Times: user=3.34 sys=11.37, real=1.14 secs] 
2013-04-23T01:18:41.980+0200: [GC [ParNew: 3040832K->337856K(3040832K), 1.1076090 secs] 10524116K->10560910K(30070848K), 1.1076850 secs] [Times: user=3.45 sys=10.90, real=1.11 secs] 
2013-04-23T01:18:43.962+0200: [GC [ParNew: 3040832K->337856K(3040832K), 1.1706880 secs] 13263886K->13288800K(30070848K), 1.1707380 secs] [Times: user=3.99 sys=11.17, real=1.18 secs] 
2013-04-23T01:18:46.028+0200: [GC [ParNew: 3040832K->337856K(3040832K), 1.6574690 secs] 15991776K->15979585K(30070848K), 1.6575270 secs] [Times: user=18.75 sys=2.76, real=1.66 secs] 
2013-04-23T01:18:48.633+0200: [GC [ParNew: 3040832K->337856K(3040832K), 1.1058100 secs] 18682561K->18712599K(30070848K), 1.1058630 secs] [Times: user=3.71 sys=10.61, real=1.10 secs] 
2013-04-23T01:18:50.593+0200: [GC [ParNew: 3040832K->337856K(3040832K), 1.1540270 secs] 21415575K->21392529K(30070848K), 1.1540720 secs] [Times: user=4.19 sys=10.75, real=1.15 secs] 
2013-04-23T01:19:02.990+0200: [GC [ParNew: 3040832K->337856K(3040832K), 1.5165370 secs] 24095505K->23502988K(30070848K), 1.5166180 secs] [Times: user=17.92 sys=1.76, real=1.52 secs] 
2013-04-23T01:19:42.109+0200: [GC [ParNew: 3040832K->337856K(3040832K), 0.2648470 secs] 26205964K->23880845K(30070848K), 0.2650410 secs] [Times: user=2.62 sys=0.68, real=0.26 secs] 
BROKEN RECORDS: 0
BROKEN RECORDS: 0
BROKEN RECORDS: 0
BROKEN RECORDS: 0
BROKEN RECORDS: 0
BROKEN RECORDS: 0
BROKEN RECORDS: 0
BROKEN RECORDS: 0
BROKEN RECORDS: 0
BROKEN RECORDS: 0
BROKEN RECORDS: 0
BROKEN RECORDS: 0
BROKEN RECORDS: 0
BROKEN RECORDS: 0
BROKEN RECORDS: 0
BROKEN RECORDS: 0
BROKEN RECORDS: 0
BROKEN RECORDS: 0
BROKEN RECORDS: 0
BROKEN RECORDS: 0
BROKEN RECORDS: 0
BROKEN RECORDS: 0
BROKEN RECORDS: 0
BROKEN RECORDS: 0
BROKEN RECORDS: 0
BROKEN RECORDS: 0
BROKEN RECORDS: 0
BROKEN RECORDS: 0
BROKEN RECORDS: 0
BROKEN RECORDS: 0
BROKEN RECORDS: 0
BROKEN RECORDS: 0
BROKEN RECORDS: 0
BROKEN RECORDS: 0
BROKEN RECORDS: 0
BROKEN RECORDS: 0
BROKEN RECORDS: 0
BROKEN RECORDS: 0
BROKEN RECORDS: 0
BROKEN RECORDS: 0
BROKEN RECORDS: 0
BROKEN RECORDS: 0
BROKEN RECORDS: 0
BROKEN RECORDS: 0
BROKEN RECORDS: 0
BROKEN RECORDS: 0
BROKEN RECORDS: 0
BROKEN RECORDS: 0
BROKEN RECORDS: 0
BROKEN RECORDS: 0
BROKEN RECORDS: 0
BROKEN RECORDS: 0
BROKEN RECORDS: 0
BROKEN RECORDS: 0
BROKEN RECORDS: 0
BROKEN RECORDS: 0
BROKEN RECORDS: 0
BROKEN RECORDS: 0
BROKEN RECORDS: 0
BROKEN RECORDS: 0
BROKEN RECORDS: 0
BROKEN RECORDS: 0
BROKEN RECORDS: 0
BROKEN RECORDS: 0
BROKEN RECORDS: 0
BROKEN RECORDS: 0
BROKEN RECORDS: 0
BROKEN RECORDS: 0
BROKEN RECORDS: 0
BROKEN RECORDS: 0
BROKEN RECORDS: 0
BROKEN RECORDS: 0
BROKEN RECORDS: 0
BROKEN RECORDS: 0
BROKEN RECORDS: 0
BROKEN RECORDS: 0
BROKEN RECORDS: 0
BROKEN RECORDS: 0
BROKEN RECORDS: 0
BROKEN RECORDS: 0
2013-04-23T01:23:43.485+0200: [GC [ParNew: 3040832K->189814K(3040832K), 0.1804960 secs] 26583821K->24024389K(30070848K), 0.1806880 secs] [Times: user=1.84 sys=0.41, real=0.18 secs] 
BROKEN RECORDS: 0
BROKEN RECORDS: 0
BROKEN RECORDS: 0
BROKEN RECORDS: 0
BROKEN RECORDS: 0
BROKEN RECORDS: 0
BROKEN RECORDS: 0
BROKEN RECORDS: 0
