2013-04-23T01:18:32.447+0200: [GC [ParNew: 2702976K->337856K(3040832K), 1.0114030 secs] 2702976K->2489389K(30070848K), 1.0114760 secs] [Times: user=3.20 sys=9.53, real=1.01 secs] 
2013-04-23T01:18:34.587+0200: [GC [ParNew: 3040832K->337856K(3040832K), 1.1848560 secs] 5192365K->5118409K(30070848K), 1.1849110 secs] [Times: user=3.89 sys=11.42, real=1.19 secs] 
2013-04-23T01:18:36.845+0200: [GC [ParNew: 3040832K->337856K(3040832K), 1.1858690 secs] 7821385K->7813724K(30070848K), 1.1859400 secs] [Times: user=4.50 sys=10.55, real=1.19 secs] 
2013-04-23T01:18:38.987+0200: [GC [ParNew: 3040832K->337856K(3040832K), 1.0461860 secs] 10516700K->10547570K(30070848K), 1.0462430 secs] [Times: user=3.43 sys=10.08, real=1.05 secs] 
2013-04-23T01:18:40.987+0200: [GC [ParNew: 3040832K->337856K(3040832K), 1.2003830 secs] 13250546K->13276453K(30070848K), 1.2005290 secs] [Times: user=4.52 sys=11.02, real=1.20 secs] 
2013-04-23T01:18:43.174+0200: [GC [ParNew: 3040832K->337856K(3040832K), 1.8016460 secs] 15979429K->16000631K(30070848K), 1.8017200 secs] [Times: user=20.51 sys=2.67, real=1.80 secs] 
2013-04-23T01:18:46.056+0200: [GC [ParNew: 3040832K->337856K(3040832K), 1.1713390 secs] 18703607K->18693785K(30070848K), 1.1713940 secs] [Times: user=4.67 sys=10.49, real=1.17 secs] 
2013-04-23T01:18:48.305+0200: [GC [ParNew: 3040832K->337856K(3040832K), 1.5916960 secs] 21396761K->21392092K(30070848K), 1.5917810 secs] [Times: user=4.21 sys=15.36, real=1.59 secs] 
2013-04-23T01:19:02.908+0200: [GC [ParNew: 3040832K->337856K(3040832K), 1.6951210 secs] 24095068K->23517854K(30070848K), 1.6952350 secs] [Times: user=19.91 sys=1.92, real=1.70 secs] 
2013-04-23T01:19:47.595+0200: [GC [ParNew: 3040832K->337856K(3040832K), 0.6715570 secs] 26220830K->23833706K(30070848K), 0.6717400 secs] [Times: user=3.45 sys=0.55, real=0.68 secs] 
BROKEN RECORDS: 0
BROKEN RECORDS: 0
BROKEN RECORDS: 0
BROKEN RECORDS: 0
BROKEN RECORDS: 0
BROKEN RECORDS: 0
BROKEN RECORDS: 0
BROKEN RECORDS: 0
BROKEN RECORDS: 0
BROKEN RECORDS: 0
BROKEN RECORDS: 0
BROKEN RECORDS: 0
BROKEN RECORDS: 0
BROKEN RECORDS: 0
BROKEN RECORDS: 0
BROKEN RECORDS: 0
BROKEN RECORDS: 0
BROKEN RECORDS: 0
BROKEN RECORDS: 0
BROKEN RECORDS: 0
BROKEN RECORDS: 0
BROKEN RECORDS: 0
BROKEN RECORDS: 0
BROKEN RECORDS: 0
BROKEN RECORDS: 0
BROKEN RECORDS: 0
BROKEN RECORDS: 0
BROKEN RECORDS: 0
BROKEN RECORDS: 0
BROKEN RECORDS: 0
BROKEN RECORDS: 0
BROKEN RECORDS: 0
BROKEN RECORDS: 0
BROKEN RECORDS: 0
BROKEN RECORDS: 0
BROKEN RECORDS: 0
BROKEN RECORDS: 0
BROKEN RECORDS: 0
BROKEN RECORDS: 0
BROKEN RECORDS: 0
BROKEN RECORDS: 0
BROKEN RECORDS: 0
BROKEN RECORDS: 0
BROKEN RECORDS: 0
BROKEN RECORDS: 0
BROKEN RECORDS: 0
BROKEN RECORDS: 0
BROKEN RECORDS: 0
BROKEN RECORDS: 0
BROKEN RECORDS: 0
BROKEN RECORDS: 0
BROKEN RECORDS: 0
BROKEN RECORDS: 0
BROKEN RECORDS: 0
BROKEN RECORDS: 0
BROKEN RECORDS: 0
BROKEN RECORDS: 0
BROKEN RECORDS: 0
BROKEN RECORDS: 0
BROKEN RECORDS: 0
BROKEN RECORDS: 0
BROKEN RECORDS: 0
BROKEN RECORDS: 0
BROKEN RECORDS: 0
BROKEN RECORDS: 0
BROKEN RECORDS: 0
BROKEN RECORDS: 0
BROKEN RECORDS: 0
BROKEN RECORDS: 0
BROKEN RECORDS: 0
BROKEN RECORDS: 0
BROKEN RECORDS: 0
BROKEN RECORDS: 0
BROKEN RECORDS: 0
BROKEN RECORDS: 0
BROKEN RECORDS: 0
BROKEN RECORDS: 0
BROKEN RECORDS: 0
BROKEN RECORDS: 0
BROKEN RECORDS: 0
2013-04-23T01:23:43.560+0200: [GC [ParNew: 3040832K->174402K(3040832K), 0.2154280 secs] 26536682K->23966152K(30070848K), 0.2156550 secs] [Times: user=1.88 sys=0.38, real=0.22 secs] 
BROKEN RECORDS: 0
BROKEN RECORDS: 0
BROKEN RECORDS: 0
BROKEN RECORDS: 0
BROKEN RECORDS: 0
BROKEN RECORDS: 0
BROKEN RECORDS: 0
BROKEN RECORDS: 0
