2013-04-23T01:18:36.911+0200: [GC [ParNew: 2702976K->337856K(3040832K), 1.0113930 secs] 2702976K->2491286K(30070848K), 1.0114640 secs] [Times: user=2.88 sys=10.02, real=1.02 secs] 
2013-04-23T01:18:39.031+0200: [GC [ParNew: 3040832K->337856K(3040832K), 1.1715060 secs] 5194262K->5123915K(30070848K), 1.1715530 secs] [Times: user=3.66 sys=11.49, real=1.18 secs] 
2013-04-23T01:18:41.315+0200: [GC [ParNew: 3040832K->337856K(3040832K), 1.1396530 secs] 7826891K->7817565K(30070848K), 1.1396980 secs] [Times: user=3.58 sys=11.20, real=1.14 secs] 
2013-04-23T01:18:43.543+0200: [GC [ParNew: 3040832K->337856K(3040832K), 1.0560050 secs] 10520541K->10563705K(30070848K), 1.0560610 secs] [Times: user=3.16 sys=10.52, real=1.05 secs] 
2013-04-23T01:18:45.599+0200: [GC [ParNew: 3040832K->337856K(3040832K), 1.1961690 secs] 13266681K->13274243K(30070848K), 1.1962130 secs] [Times: user=4.36 sys=11.14, real=1.20 secs] 
2013-04-23T01:18:47.751+0200: [GC [ParNew: 3040832K->337856K(3040832K), 1.5943270 secs] 15977219K->15953150K(30070848K), 1.5943710 secs] [Times: user=18.20 sys=2.50, real=1.60 secs] 
2013-04-23T01:18:50.381+0200: [GC [ParNew: 3040832K->337856K(3040832K), 1.1361870 secs] 18656126K->18700251K(30070848K), 1.1362290 secs] [Times: user=3.94 sys=10.77, real=1.14 secs] 
2013-04-23T01:18:52.596+0200: [GC [ParNew: 3040832K->337856K(3040832K), 1.1544460 secs] 21403227K->21388953K(30070848K), 1.1545220 secs] [Times: user=4.44 sys=10.51, real=1.15 secs] 
2013-04-23T01:19:02.979+0200: [GC [ParNew: 3040832K->337856K(3040832K), 1.4313240 secs] 24091929K->23512314K(30070848K), 1.4315020 secs] [Times: user=16.61 sys=1.92, real=1.43 secs] 
2013-04-23T01:20:05.207+0200: [GC [ParNew: 3040832K->337856K(3040832K), 0.2199850 secs] 26215290K->23715377K(30070848K), 0.2201500 secs] [Times: user=2.37 sys=0.40, real=0.22 secs] 
BROKEN RECORDS: 0
BROKEN RECORDS: 0
BROKEN RECORDS: 0
BROKEN RECORDS: 0
BROKEN RECORDS: 0
BROKEN RECORDS: 0
BROKEN RECORDS: 0
BROKEN RECORDS: 0
BROKEN RECORDS: 0
BROKEN RECORDS: 0
BROKEN RECORDS: 0
BROKEN RECORDS: 0
BROKEN RECORDS: 0
BROKEN RECORDS: 0
BROKEN RECORDS: 0
BROKEN RECORDS: 0
BROKEN RECORDS: 0
BROKEN RECORDS: 0
BROKEN RECORDS: 0
BROKEN RECORDS: 0
BROKEN RECORDS: 0
BROKEN RECORDS: 0
BROKEN RECORDS: 0
BROKEN RECORDS: 0
BROKEN RECORDS: 0
BROKEN RECORDS: 0
BROKEN RECORDS: 0
BROKEN RECORDS: 0
BROKEN RECORDS: 0
BROKEN RECORDS: 0
BROKEN RECORDS: 0
BROKEN RECORDS: 0
BROKEN RECORDS: 0
BROKEN RECORDS: 0
BROKEN RECORDS: 0
BROKEN RECORDS: 0
BROKEN RECORDS: 0
BROKEN RECORDS: 0
BROKEN RECORDS: 0
BROKEN RECORDS: 0
BROKEN RECORDS: 0
BROKEN RECORDS: 0
BROKEN RECORDS: 0
BROKEN RECORDS: 0
BROKEN RECORDS: 0
BROKEN RECORDS: 0
BROKEN RECORDS: 0
BROKEN RECORDS: 0
BROKEN RECORDS: 0
BROKEN RECORDS: 0
BROKEN RECORDS: 0
BROKEN RECORDS: 0
BROKEN RECORDS: 0
BROKEN RECORDS: 0
BROKEN RECORDS: 0
BROKEN RECORDS: 0
BROKEN RECORDS: 0
BROKEN RECORDS: 0
BROKEN RECORDS: 0
BROKEN RECORDS: 0
BROKEN RECORDS: 0
BROKEN RECORDS: 0
BROKEN RECORDS: 0
BROKEN RECORDS: 0
BROKEN RECORDS: 0
BROKEN RECORDS: 0
BROKEN RECORDS: 0
BROKEN RECORDS: 0
BROKEN RECORDS: 0
BROKEN RECORDS: 0
BROKEN RECORDS: 0
BROKEN RECORDS: 0
BROKEN RECORDS: 0
BROKEN RECORDS: 0
BROKEN RECORDS: 0
BROKEN RECORDS: 0
BROKEN RECORDS: 0
BROKEN RECORDS: 0
BROKEN RECORDS: 0
BROKEN RECORDS: 0
2013-04-23T01:23:43.911+0200: [GC [ParNew: 3040832K->213084K(3040832K), 0.1758780 secs] 26418417K->23830487K(30070848K), 0.1760420 secs] [Times: user=1.38 sys=0.68, real=0.18 secs] 
BROKEN RECORDS: 0
BROKEN RECORDS: 0
BROKEN RECORDS: 0
BROKEN RECORDS: 0
BROKEN RECORDS: 0
BROKEN RECORDS: 0
BROKEN RECORDS: 0
BROKEN RECORDS: 0
