2013-04-23T01:18:32.822+0200: [GC [ParNew: 2702976K->337856K(3040832K), 0.9968650 secs] 2702976K->2487176K(30070848K), 0.9969270 secs] [Times: user=3.04 sys=9.55, real=0.99 secs] 
2013-04-23T01:18:34.854+0200: [GC [ParNew: 3040832K->337856K(3040832K), 1.1786210 secs] 5190152K->5123180K(30070848K), 1.1786670 secs] [Times: user=3.92 sys=11.22, real=1.18 secs] 
2013-04-23T01:18:37.058+0200: [GC [ParNew: 3040832K->337856K(3040832K), 1.1817400 secs] 7826156K->7816630K(30070848K), 1.1818080 secs] [Times: user=4.73 sys=10.61, real=1.19 secs] 
2013-04-23T01:18:39.315+0200: [GC [ParNew: 3040832K->337856K(3040832K), 1.1876410 secs] 10519606K->10541671K(30070848K), 1.1876860 secs] [Times: user=4.92 sys=10.30, real=1.19 secs] 
2013-04-23T01:18:41.593+0200: [GC [ParNew: 3040832K->337856K(3040832K), 1.1720020 secs] 13244647K->13271899K(30070848K), 1.1720650 secs] [Times: user=4.19 sys=10.99, real=1.17 secs] 
2013-04-23T01:18:43.768+0200: [GC [ParNew: 3040832K->337856K(3040832K), 1.6378930 secs] 15974875K->15947029K(30070848K), 1.6379510 secs] [Times: user=18.62 sys=2.63, real=1.63 secs] 
2013-04-23T01:18:46.435+0200: [GC [ParNew: 3040832K->337856K(3040832K), 1.3736680 secs] 18650005K->18694289K(30070848K), 1.3737280 secs] [Times: user=3.24 sys=13.75, real=1.38 secs] 
2013-04-23T01:18:48.888+0200: [GC [ParNew: 3040832K->337856K(3040832K), 1.5133340 secs] 21397265K->21389235K(30070848K), 1.5133840 secs] [Times: user=4.34 sys=13.71, real=1.51 secs] 
2013-04-23T01:19:02.931+0200: [GC [ParNew: 3040832K->337856K(3040832K), 1.8931570 secs] 24092211K->23484262K(30070848K), 1.8932550 secs] [Times: user=21.27 sys=2.61, real=1.89 secs] 
2013-04-23T01:20:04.680+0200: [GC [ParNew: 3040832K->337856K(3040832K), 0.3377070 secs] 26187238K->23857048K(30070848K), 0.3379260 secs] [Times: user=2.76 sys=1.52, real=0.34 secs] 
BROKEN RECORDS: 0
BROKEN RECORDS: 0
BROKEN RECORDS: 0
BROKEN RECORDS: 0
BROKEN RECORDS: 0
BROKEN RECORDS: 0
BROKEN RECORDS: 0
BROKEN RECORDS: 0
BROKEN RECORDS: 0
BROKEN RECORDS: 0
BROKEN RECORDS: 0
BROKEN RECORDS: 0
BROKEN RECORDS: 0
BROKEN RECORDS: 0
BROKEN RECORDS: 0
BROKEN RECORDS: 0
BROKEN RECORDS: 0
BROKEN RECORDS: 0
BROKEN RECORDS: 0
BROKEN RECORDS: 0
BROKEN RECORDS: 0
BROKEN RECORDS: 0
BROKEN RECORDS: 0
BROKEN RECORDS: 0
BROKEN RECORDS: 0
BROKEN RECORDS: 0
BROKEN RECORDS: 0
BROKEN RECORDS: 0
BROKEN RECORDS: 0
BROKEN RECORDS: 0
BROKEN RECORDS: 0
BROKEN RECORDS: 0
BROKEN RECORDS: 0
BROKEN RECORDS: 0
BROKEN RECORDS: 0
BROKEN RECORDS: 0
BROKEN RECORDS: 0
BROKEN RECORDS: 0
BROKEN RECORDS: 0
BROKEN RECORDS: 0
BROKEN RECORDS: 0
BROKEN RECORDS: 0
BROKEN RECORDS: 0
BROKEN RECORDS: 0
BROKEN RECORDS: 0
BROKEN RECORDS: 0
BROKEN RECORDS: 0
BROKEN RECORDS: 0
BROKEN RECORDS: 0
BROKEN RECORDS: 0
BROKEN RECORDS: 0
BROKEN RECORDS: 0
BROKEN RECORDS: 0
BROKEN RECORDS: 0
BROKEN RECORDS: 0
BROKEN RECORDS: 0
BROKEN RECORDS: 0
BROKEN RECORDS: 0
BROKEN RECORDS: 0
BROKEN RECORDS: 0
BROKEN RECORDS: 0
BROKEN RECORDS: 0
BROKEN RECORDS: 0
BROKEN RECORDS: 0
BROKEN RECORDS: 0
BROKEN RECORDS: 0
BROKEN RECORDS: 0
BROKEN RECORDS: 0
BROKEN RECORDS: 0
BROKEN RECORDS: 0
BROKEN RECORDS: 0
BROKEN RECORDS: 0
BROKEN RECORDS: 0
BROKEN RECORDS: 0
BROKEN RECORDS: 0
BROKEN RECORDS: 0
BROKEN RECORDS: 0
BROKEN RECORDS: 0
BROKEN RECORDS: 0
BROKEN RECORDS: 0
2013-04-23T01:23:43.730+0200: [GC [ParNew: 3040832K->169565K(3040832K), 0.1545920 secs] 26560024K->23966530K(30070848K), 0.1548280 secs] [Times: user=1.37 sys=0.53, real=0.16 secs] 
BROKEN RECORDS: 0
BROKEN RECORDS: 0
BROKEN RECORDS: 0
BROKEN RECORDS: 0
BROKEN RECORDS: 0
BROKEN RECORDS: 0
BROKEN RECORDS: 0
BROKEN RECORDS: 0
