2013-04-23T01:18:33.865+0200: [GC [ParNew: 2702976K->337855K(3040832K), 1.0021220 secs] 2702976K->2492306K(30070848K), 1.0021940 secs] [Times: user=3.15 sys=9.43, real=1.01 secs] 
2013-04-23T01:18:35.995+0200: [GC [ParNew: 3040831K->337855K(3040832K), 1.1733730 secs] 5195282K->5123038K(30070848K), 1.1734510 secs] [Times: user=3.87 sys=11.29, real=1.17 secs] 
2013-04-23T01:18:38.196+0200: [GC [ParNew: 3040831K->337856K(3040832K), 1.1875750 secs] 7826014K->7818162K(30070848K), 1.1876480 secs] [Times: user=4.65 sys=10.74, real=1.18 secs] 
2013-04-23T01:18:40.349+0200: [GC [ParNew: 3040832K->337856K(3040832K), 1.1940140 secs] 10521138K->10544196K(30070848K), 1.1940910 secs] [Times: user=5.03 sys=10.44, real=1.20 secs] 
2013-04-23T01:18:42.606+0200: [GC [ParNew: 3040832K->337856K(3040832K), 1.1569440 secs] 13247172K->13268084K(30070848K), 1.1570020 secs] [Times: user=3.71 sys=11.25, real=1.16 secs] 
2013-04-23T01:18:44.841+0200: [GC [ParNew: 3040832K->337856K(3040832K), 1.9088650 secs] 15971060K->15958325K(30070848K), 1.9090100 secs] [Times: user=21.49 sys=3.10, real=1.91 secs] 
2013-04-23T01:18:47.789+0200: [GC [ParNew: 3040832K->337856K(3040832K), 1.4091950 secs] 18661301K->18671137K(30070848K), 1.4092530 secs] [Times: user=3.81 sys=13.83, real=1.41 secs] 
2013-04-23T01:18:50.164+0200: [GC [ParNew: 3040832K->337856K(3040832K), 1.9190530 secs] 21374113K->21385484K(30070848K), 1.9191440 secs] [Times: user=4.83 sys=13.91, real=1.92 secs] 
2013-04-23T01:19:03.180+0200: [GC [ParNew: 3040832K->337856K(3040832K), 1.8659030 secs] 24088460K->23531000K(30070848K), 1.8660010 secs] [Times: user=18.75 sys=2.10, real=1.87 secs] 
2013-04-23T01:19:57.093+0200: [GC [ParNew: 3040832K->337856K(3040832K), 0.3864390 secs] 26233976K->23871685K(30070848K), 0.3866980 secs] [Times: user=3.12 sys=0.67, real=0.39 secs] 
BROKEN RECORDS: 0
BROKEN RECORDS: 0
BROKEN RECORDS: 0
BROKEN RECORDS: 0
BROKEN RECORDS: 0
BROKEN RECORDS: 0
BROKEN RECORDS: 0
BROKEN RECORDS: 0
BROKEN RECORDS: 0
BROKEN RECORDS: 0
BROKEN RECORDS: 0
BROKEN RECORDS: 0
BROKEN RECORDS: 0
BROKEN RECORDS: 0
BROKEN RECORDS: 0
BROKEN RECORDS: 0
BROKEN RECORDS: 0
BROKEN RECORDS: 0
BROKEN RECORDS: 0
BROKEN RECORDS: 0
BROKEN RECORDS: 0
BROKEN RECORDS: 0
BROKEN RECORDS: 0
BROKEN RECORDS: 0
BROKEN RECORDS: 0
BROKEN RECORDS: 0
BROKEN RECORDS: 0
BROKEN RECORDS: 0
BROKEN RECORDS: 0
BROKEN RECORDS: 0
BROKEN RECORDS: 0
BROKEN RECORDS: 0
BROKEN RECORDS: 0
BROKEN RECORDS: 0
BROKEN RECORDS: 0
BROKEN RECORDS: 0
BROKEN RECORDS: 0
BROKEN RECORDS: 0
BROKEN RECORDS: 0
BROKEN RECORDS: 0
BROKEN RECORDS: 0
BROKEN RECORDS: 0
BROKEN RECORDS: 0
BROKEN RECORDS: 0
BROKEN RECORDS: 0
BROKEN RECORDS: 0
BROKEN RECORDS: 0
BROKEN RECORDS: 0
BROKEN RECORDS: 0
BROKEN RECORDS: 0
BROKEN RECORDS: 0
BROKEN RECORDS: 0
BROKEN RECORDS: 0
BROKEN RECORDS: 0
BROKEN RECORDS: 0
BROKEN RECORDS: 0
BROKEN RECORDS: 0
BROKEN RECORDS: 0
BROKEN RECORDS: 0
BROKEN RECORDS: 0
BROKEN RECORDS: 0
BROKEN RECORDS: 0
BROKEN RECORDS: 0
BROKEN RECORDS: 0
BROKEN RECORDS: 0
BROKEN RECORDS: 0
BROKEN RECORDS: 0
BROKEN RECORDS: 0
BROKEN RECORDS: 0
BROKEN RECORDS: 0
BROKEN RECORDS: 0
BROKEN RECORDS: 0
BROKEN RECORDS: 0
BROKEN RECORDS: 0
BROKEN RECORDS: 0
BROKEN RECORDS: 0
BROKEN RECORDS: 0
BROKEN RECORDS: 0
BROKEN RECORDS: 0
BROKEN RECORDS: 0
2013-04-23T01:23:43.658+0200: [GC [ParNew: 3040832K->142837K(3040832K), 0.1783900 secs] 26574661K->23976716K(30070848K), 0.1785890 secs] [Times: user=1.74 sys=0.43, real=0.18 secs] 
BROKEN RECORDS: 0
BROKEN RECORDS: 0
BROKEN RECORDS: 0
BROKEN RECORDS: 0
BROKEN RECORDS: 0
BROKEN RECORDS: 0
BROKEN RECORDS: 0
BROKEN RECORDS: 0
