2013-04-23T01:18:36.330+0200: [GC [ParNew: 2702976K->337856K(3040832K), 1.0016260 secs] 2702976K->2491324K(30070848K), 1.0016980 secs] [Times: user=2.85 sys=9.89, real=1.01 secs] 
2013-04-23T01:18:38.378+0200: [GC [ParNew: 3040832K->337856K(3040832K), 1.1697370 secs] 5194300K->5126674K(30070848K), 1.1697940 secs] [Times: user=3.62 sys=11.51, real=1.17 secs] 
2013-04-23T01:18:40.646+0200: [GC [ParNew: 3040832K->337856K(3040832K), 1.1475440 secs] 7829650K->7822021K(30070848K), 1.1476010 secs] [Times: user=3.68 sys=11.20, real=1.15 secs] 
2013-04-23T01:18:42.820+0200: [GC [ParNew: 3040832K->337856K(3040832K), 1.0613030 secs] 10524997K->10567777K(30070848K), 1.0613510 secs] [Times: user=3.34 sys=10.40, real=1.06 secs] 
2013-04-23T01:18:44.947+0200: [GC [ParNew: 3040832K->337856K(3040832K), 1.1817020 secs] 13270753K->13269382K(30070848K), 1.1817500 secs] [Times: user=4.67 sys=10.64, real=1.19 secs] 
2013-04-23T01:18:47.091+0200: [GC [ParNew: 3040832K->337856K(3040832K), 1.7555130 secs] 15972358K->15985300K(30070848K), 1.7556400 secs] [Times: user=19.96 sys=2.82, real=1.75 secs] 
2013-04-23T01:18:49.820+0200: [GC [ParNew: 3040832K->337856K(3040832K), 1.1472830 secs] 18688276K->18697760K(30070848K), 1.1473400 secs] [Times: user=4.37 sys=10.50, real=1.15 secs] 
2013-04-23T01:18:51.976+0200: [GC [ParNew: 3040832K->337856K(3040832K), 1.1803880 secs] 21400736K->21394658K(30070848K), 1.1804460 secs] [Times: user=4.35 sys=10.94, real=1.18 secs] 
2013-04-23T01:19:02.932+0200: [GC [ParNew: 3040832K->337856K(3040832K), 1.5695800 secs] 24097634K->23516674K(30070848K), 1.5696670 secs] [Times: user=18.39 sys=1.93, real=1.57 secs] 
2013-04-23T01:19:44.416+0200: [GC [ParNew: 3040832K->337856K(3040832K), 1.5921390 secs] 26219650K->23788786K(30070848K), 1.8688230 secs] [Times: user=3.10 sys=0.46, real=1.86 secs] 
BROKEN RECORDS: 0
BROKEN RECORDS: 0
BROKEN RECORDS: 0
BROKEN RECORDS: 0
BROKEN RECORDS: 0
BROKEN RECORDS: 0
BROKEN RECORDS: 0
BROKEN RECORDS: 0
BROKEN RECORDS: 0
BROKEN RECORDS: 0
BROKEN RECORDS: 0
BROKEN RECORDS: 0
BROKEN RECORDS: 0
BROKEN RECORDS: 0
BROKEN RECORDS: 0
BROKEN RECORDS: 0
BROKEN RECORDS: 0
BROKEN RECORDS: 0
BROKEN RECORDS: 0
BROKEN RECORDS: 0
BROKEN RECORDS: 0
BROKEN RECORDS: 0
BROKEN RECORDS: 0
BROKEN RECORDS: 0
BROKEN RECORDS: 0
BROKEN RECORDS: 0
BROKEN RECORDS: 0
BROKEN RECORDS: 0
BROKEN RECORDS: 0
BROKEN RECORDS: 0
BROKEN RECORDS: 0
BROKEN RECORDS: 0
BROKEN RECORDS: 0
BROKEN RECORDS: 0
BROKEN RECORDS: 0
BROKEN RECORDS: 0
BROKEN RECORDS: 0
BROKEN RECORDS: 0
BROKEN RECORDS: 0
BROKEN RECORDS: 0
BROKEN RECORDS: 0
BROKEN RECORDS: 0
BROKEN RECORDS: 0
BROKEN RECORDS: 0
BROKEN RECORDS: 0
BROKEN RECORDS: 0
BROKEN RECORDS: 0
BROKEN RECORDS: 0
BROKEN RECORDS: 0
BROKEN RECORDS: 0
BROKEN RECORDS: 0
BROKEN RECORDS: 0
BROKEN RECORDS: 0
BROKEN RECORDS: 0
BROKEN RECORDS: 0
BROKEN RECORDS: 0
BROKEN RECORDS: 0
BROKEN RECORDS: 0
BROKEN RECORDS: 0
BROKEN RECORDS: 0
BROKEN RECORDS: 0
BROKEN RECORDS: 0
BROKEN RECORDS: 0
BROKEN RECORDS: 0
BROKEN RECORDS: 0
BROKEN RECORDS: 0
BROKEN RECORDS: 0
BROKEN RECORDS: 0
BROKEN RECORDS: 0
BROKEN RECORDS: 0
BROKEN RECORDS: 0
BROKEN RECORDS: 0
BROKEN RECORDS: 0
BROKEN RECORDS: 0
BROKEN RECORDS: 0
BROKEN RECORDS: 0
BROKEN RECORDS: 0
BROKEN RECORDS: 0
BROKEN RECORDS: 0
BROKEN RECORDS: 0
2013-04-23T01:23:43.499+0200: [GC [ParNew: 3040832K->193058K(3040832K), 0.1785560 secs] 26491762K->23956691K(30070848K), 0.1787850 secs] [Times: user=1.74 sys=0.43, real=0.17 secs] 
BROKEN RECORDS: 0
BROKEN RECORDS: 0
BROKEN RECORDS: 0
BROKEN RECORDS: 0
BROKEN RECORDS: 0
BROKEN RECORDS: 0
BROKEN RECORDS: 0
BROKEN RECORDS: 0
