2013-04-23T01:18:36.650+0200: [GC [ParNew: 2702976K->337856K(3040832K), 1.0088940 secs] 2702976K->2485528K(30070848K), 1.0089660 secs] [Times: user=2.91 sys=9.83, real=1.01 secs] 
2013-04-23T01:18:38.769+0200: [GC [ParNew: 3040832K->337856K(3040832K), 1.1768960 secs] 5188504K->5114710K(30070848K), 1.1769420 secs] [Times: user=3.79 sys=11.43, real=1.18 secs] 
2013-04-23T01:18:40.963+0200: [GC [ParNew: 3040832K->337856K(3040832K), 1.1394030 secs] 7817686K->7811241K(30070848K), 1.1394500 secs] [Times: user=3.55 sys=11.22, real=1.14 secs] 
2013-04-23T01:18:43.172+0200: [GC [ParNew: 3040832K->337856K(3040832K), 1.0513010 secs] 10514217K->10545120K(30070848K), 1.0513830 secs] [Times: user=3.22 sys=10.39, real=1.06 secs] 
2013-04-23T01:18:45.302+0200: [GC [ParNew: 3040832K->337856K(3040832K), 1.2150360 secs] 13248096K->13261292K(30070848K), 1.2151160 secs] [Times: user=4.55 sys=11.19, real=1.21 secs] 
2013-04-23T01:18:47.605+0200: [GC [ParNew: 3040832K->337856K(3040832K), 1.7909400 secs] 15964268K->15965876K(30070848K), 1.7910150 secs] [Times: user=20.57 sys=2.68, real=1.79 secs] 
2013-04-23T01:18:50.398+0200: [GC [ParNew: 3040832K->337856K(3040832K), 1.0862180 secs] 18668852K->18679456K(30070848K), 1.0862730 secs] [Times: user=3.98 sys=10.08, real=1.09 secs] 
2013-04-23T01:18:52.439+0200: [GC [ParNew: 3040832K->337856K(3040832K), 1.5146390 secs] 21382432K->21366878K(30070848K), 1.5147170 secs] [Times: user=4.18 sys=14.82, real=1.52 secs] 
2013-04-23T01:19:03.103+0200: [GC [ParNew: 3040832K->337856K(3040832K), 1.5117840 secs] 24069854K->23525264K(30070848K), 1.5118960 secs] [Times: user=17.49 sys=2.11, real=1.51 secs] 
2013-04-23T01:20:07.466+0200: [GC [ParNew: 3040832K->337856K(3040832K), 0.2059410 secs] 26228240K->23638616K(30070848K), 0.2061390 secs] [Times: user=2.42 sys=0.15, real=0.21 secs] 
BROKEN RECORDS: 0
BROKEN RECORDS: 0
BROKEN RECORDS: 0
BROKEN RECORDS: 0
BROKEN RECORDS: 0
BROKEN RECORDS: 0
BROKEN RECORDS: 0
BROKEN RECORDS: 0
BROKEN RECORDS: 0
BROKEN RECORDS: 0
BROKEN RECORDS: 0
BROKEN RECORDS: 0
BROKEN RECORDS: 0
BROKEN RECORDS: 0
BROKEN RECORDS: 0
BROKEN RECORDS: 0
BROKEN RECORDS: 0
BROKEN RECORDS: 0
BROKEN RECORDS: 0
BROKEN RECORDS: 0
BROKEN RECORDS: 0
BROKEN RECORDS: 0
BROKEN RECORDS: 0
BROKEN RECORDS: 0
BROKEN RECORDS: 0
BROKEN RECORDS: 0
BROKEN RECORDS: 0
BROKEN RECORDS: 0
BROKEN RECORDS: 0
BROKEN RECORDS: 0
BROKEN RECORDS: 0
BROKEN RECORDS: 0
BROKEN RECORDS: 0
BROKEN RECORDS: 0
BROKEN RECORDS: 0
BROKEN RECORDS: 0
BROKEN RECORDS: 0
BROKEN RECORDS: 0
BROKEN RECORDS: 0
BROKEN RECORDS: 0
BROKEN RECORDS: 0
BROKEN RECORDS: 0
BROKEN RECORDS: 0
BROKEN RECORDS: 0
BROKEN RECORDS: 0
BROKEN RECORDS: 0
BROKEN RECORDS: 0
BROKEN RECORDS: 0
BROKEN RECORDS: 0
BROKEN RECORDS: 0
BROKEN RECORDS: 0
BROKEN RECORDS: 0
BROKEN RECORDS: 0
BROKEN RECORDS: 0
BROKEN RECORDS: 0
BROKEN RECORDS: 0
BROKEN RECORDS: 0
BROKEN RECORDS: 0
BROKEN RECORDS: 0
BROKEN RECORDS: 0
BROKEN RECORDS: 0
BROKEN RECORDS: 0
BROKEN RECORDS: 0
BROKEN RECORDS: 0
BROKEN RECORDS: 0
BROKEN RECORDS: 0
BROKEN RECORDS: 0
BROKEN RECORDS: 0
BROKEN RECORDS: 0
BROKEN RECORDS: 0
BROKEN RECORDS: 0
BROKEN RECORDS: 0
BROKEN RECORDS: 0
BROKEN RECORDS: 0
BROKEN RECORDS: 0
BROKEN RECORDS: 0
BROKEN RECORDS: 0
BROKEN RECORDS: 0
BROKEN RECORDS: 0
BROKEN RECORDS: 0
2013-04-23T01:23:43.994+0200: [GC [ParNew: 3040832K->203059K(3040832K), 0.2077930 secs] 26341592K->23825036K(30070848K), 0.2080220 secs] [Times: user=1.77 sys=0.68, real=0.20 secs] 
BROKEN RECORDS: 0
BROKEN RECORDS: 0
BROKEN RECORDS: 0
BROKEN RECORDS: 0
BROKEN RECORDS: 0
BROKEN RECORDS: 0
BROKEN RECORDS: 0
BROKEN RECORDS: 0
