2013-04-23T01:18:31.672+0200: [GC [ParNew: 2702976K->337856K(3040832K), 1.0147480 secs] 2702976K->2483430K(30070848K), 1.0148100 secs] [Times: user=3.20 sys=9.72, real=1.02 secs] 
2013-04-23T01:18:33.714+0200: [GC [ParNew: 3040832K->337856K(3040832K), 1.1724090 secs] 5186406K->5117467K(30070848K), 1.1724500 secs] [Times: user=4.10 sys=11.08, real=1.17 secs] 
2013-04-23T01:18:35.888+0200: [GC [ParNew: 3040832K->337856K(3040832K), 1.2069880 secs] 7820443K->7809252K(30070848K), 1.2070530 secs] [Times: user=4.98 sys=10.52, real=1.21 secs] 
2013-04-23T01:18:38.109+0200: [GC [ParNew: 3040832K->337856K(3040832K), 1.2011330 secs] 10512228K->10561539K(30070848K), 1.2011990 secs] [Times: user=4.70 sys=10.87, real=1.20 secs] 
2013-04-23T01:18:40.395+0200: [GC [ParNew: 3040832K->337856K(3040832K), 1.1240670 secs] 13264515K->13268684K(30070848K), 1.1241170 secs] [Times: user=3.48 sys=10.90, real=1.12 secs] 
2013-04-23T01:18:42.929+0200: [GC [ParNew: 3040832K->337856K(3040832K), 1.6681320 secs] 15971660K->15956908K(30070848K), 1.6682790 secs] [Times: user=18.85 sys=2.79, real=1.67 secs] 
2013-04-23T01:18:45.997+0200: [GC [ParNew: 3040832K->337856K(3040832K), 1.2356220 secs] 18659884K->18671801K(30070848K), 1.2356760 secs] [Times: user=3.77 sys=11.48, real=1.23 secs] 
2013-04-23T01:18:48.623+0200: [GC [ParNew: 3040832K->337856K(3040832K), 1.5351160 secs] 21374777K->21361303K(30070848K), 1.5351790 secs] [Times: user=4.30 sys=14.58, real=1.54 secs] 
2013-04-23T01:19:03.072+0200: [GC [ParNew: 3040832K->337856K(3040832K), 1.5098560 secs] 24064279K->23526701K(30070848K), 1.5099680 secs] [Times: user=16.94 sys=1.86, real=1.52 secs] 
2013-04-23T01:20:17.149+0200: [GC [ParNew: 3040832K->337856K(3040832K), 0.2370240 secs] 26229677K->23655368K(30070848K), 0.2372020 secs] [Times: user=1.75 sys=0.29, real=0.24 secs] 
BROKEN RECORDS: 0
BROKEN RECORDS: 0
BROKEN RECORDS: 0
BROKEN RECORDS: 0
BROKEN RECORDS: 0
BROKEN RECORDS: 0
BROKEN RECORDS: 0
BROKEN RECORDS: 0
BROKEN RECORDS: 0
BROKEN RECORDS: 0
BROKEN RECORDS: 0
BROKEN RECORDS: 0
BROKEN RECORDS: 0
BROKEN RECORDS: 0
BROKEN RECORDS: 0
BROKEN RECORDS: 0
BROKEN RECORDS: 0
BROKEN RECORDS: 0
BROKEN RECORDS: 0
BROKEN RECORDS: 0
BROKEN RECORDS: 0
BROKEN RECORDS: 0
BROKEN RECORDS: 0
BROKEN RECORDS: 0
BROKEN RECORDS: 0
BROKEN RECORDS: 0
BROKEN RECORDS: 0
BROKEN RECORDS: 0
BROKEN RECORDS: 0
BROKEN RECORDS: 0
BROKEN RECORDS: 0
BROKEN RECORDS: 0
BROKEN RECORDS: 0
BROKEN RECORDS: 0
BROKEN RECORDS: 0
BROKEN RECORDS: 0
BROKEN RECORDS: 0
BROKEN RECORDS: 0
BROKEN RECORDS: 0
BROKEN RECORDS: 0
BROKEN RECORDS: 0
BROKEN RECORDS: 0
BROKEN RECORDS: 0
BROKEN RECORDS: 0
BROKEN RECORDS: 0
BROKEN RECORDS: 0
BROKEN RECORDS: 0
BROKEN RECORDS: 0
BROKEN RECORDS: 0
BROKEN RECORDS: 0
BROKEN RECORDS: 0
BROKEN RECORDS: 0
BROKEN RECORDS: 0
BROKEN RECORDS: 0
BROKEN RECORDS: 0
BROKEN RECORDS: 0
BROKEN RECORDS: 0
BROKEN RECORDS: 0
BROKEN RECORDS: 0
BROKEN RECORDS: 0
BROKEN RECORDS: 0
BROKEN RECORDS: 0
BROKEN RECORDS: 0
BROKEN RECORDS: 0
BROKEN RECORDS: 0
BROKEN RECORDS: 0
BROKEN RECORDS: 0
BROKEN RECORDS: 0
BROKEN RECORDS: 0
BROKEN RECORDS: 0
BROKEN RECORDS: 0
BROKEN RECORDS: 0
BROKEN RECORDS: 0
BROKEN RECORDS: 0
BROKEN RECORDS: 0
BROKEN RECORDS: 0
BROKEN RECORDS: 0
BROKEN RECORDS: 0
BROKEN RECORDS: 0
BROKEN RECORDS: 0
2013-04-23T01:23:43.925+0200: [GC [ParNew: 3040832K->186506K(3040832K), 0.1634990 secs] 26358344K->23810634K(30070848K), 0.1637410 secs] [Times: user=1.52 sys=0.39, real=0.17 secs] 
BROKEN RECORDS: 0
BROKEN RECORDS: 0
BROKEN RECORDS: 0
BROKEN RECORDS: 0
BROKEN RECORDS: 0
BROKEN RECORDS: 0
BROKEN RECORDS: 0
BROKEN RECORDS: 0
