2013-04-23T01:18:33.068+0200: [GC [ParNew: 2702976K->337856K(3040832K), 0.9935650 secs] 2702976K->2482227K(30070848K), 0.9936370 secs] [Times: user=2.99 sys=9.49, real=0.99 secs] 
2013-04-23T01:18:35.079+0200: [GC [ParNew: 3040832K->337856K(3040832K), 1.1820360 secs] 5185203K->5113527K(30070848K), 1.1821110 secs] [Times: user=3.89 sys=11.37, real=1.18 secs] 
2013-04-23T01:18:37.296+0200: [GC [ParNew: 3040832K->337856K(3040832K), 1.1898910 secs] 7816503K->7802719K(30070848K), 1.1899650 secs] [Times: user=4.77 sys=10.66, real=1.19 secs] 
2013-04-23T01:18:39.581+0200: [GC [ParNew: 3040832K->337856K(3040832K), 1.1761030 secs] 10505695K->10549628K(30070848K), 1.1761600 secs] [Times: user=4.23 sys=10.83, real=1.18 secs] 
2013-04-23T01:18:41.841+0200: [GC [ParNew: 3040832K->337856K(3040832K), 1.1156550 secs] 13252604K->13255651K(30070848K), 1.1157110 secs] [Times: user=3.50 sys=10.95, real=1.12 secs] 
2013-04-23T01:18:43.929+0200: [GC [ParNew: 3040832K->337856K(3040832K), 1.7879760 secs] 15958627K->15945124K(30070848K), 1.7880400 secs] [Times: user=20.31 sys=2.82, real=1.79 secs] 
2013-04-23T01:18:46.683+0200: [GC [ParNew: 3040832K->337856K(3040832K), 1.1616560 secs] 18648100K->18677786K(30070848K), 1.1617300 secs] [Times: user=4.07 sys=10.97, real=1.16 secs] 
2013-04-23T01:18:48.842+0200: [GC [ParNew: 3040832K->337856K(3040832K), 1.4367480 secs] 21380762K->21373980K(30070848K), 1.4368190 secs] [Times: user=4.23 sys=13.24, real=1.44 secs] 
2013-04-23T01:19:03.113+0200: [GC [ParNew: 3040832K->337856K(3040832K), 2.2187200 secs] 24076956K->23491578K(30070848K), 2.2188080 secs] [Times: user=22.40 sys=2.60, real=2.22 secs] 
2013-04-23T01:19:43.483+0200: [GC [ParNew: 3040832K->337856K(3040832K), 0.2769880 secs] 26194554K->23848158K(30070848K), 0.2771900 secs] [Times: user=2.06 sys=0.64, real=0.28 secs] 
BROKEN RECORDS: 0
BROKEN RECORDS: 0
BROKEN RECORDS: 0
BROKEN RECORDS: 0
BROKEN RECORDS: 0
BROKEN RECORDS: 0
BROKEN RECORDS: 0
BROKEN RECORDS: 0
BROKEN RECORDS: 0
BROKEN RECORDS: 0
BROKEN RECORDS: 0
BROKEN RECORDS: 0
BROKEN RECORDS: 0
BROKEN RECORDS: 0
BROKEN RECORDS: 0
BROKEN RECORDS: 0
BROKEN RECORDS: 0
BROKEN RECORDS: 0
BROKEN RECORDS: 0
BROKEN RECORDS: 0
BROKEN RECORDS: 0
BROKEN RECORDS: 0
BROKEN RECORDS: 0
BROKEN RECORDS: 0
BROKEN RECORDS: 0
BROKEN RECORDS: 0
BROKEN RECORDS: 0
BROKEN RECORDS: 0
BROKEN RECORDS: 0
BROKEN RECORDS: 0
BROKEN RECORDS: 0
BROKEN RECORDS: 0
BROKEN RECORDS: 0
BROKEN RECORDS: 0
BROKEN RECORDS: 0
BROKEN RECORDS: 0
BROKEN RECORDS: 0
BROKEN RECORDS: 0
BROKEN RECORDS: 0
BROKEN RECORDS: 0
BROKEN RECORDS: 0
BROKEN RECORDS: 0
BROKEN RECORDS: 0
BROKEN RECORDS: 0
BROKEN RECORDS: 0
BROKEN RECORDS: 0
BROKEN RECORDS: 0
BROKEN RECORDS: 0
BROKEN RECORDS: 0
BROKEN RECORDS: 0
BROKEN RECORDS: 0
BROKEN RECORDS: 0
BROKEN RECORDS: 0
BROKEN RECORDS: 0
BROKEN RECORDS: 0
BROKEN RECORDS: 0
BROKEN RECORDS: 0
BROKEN RECORDS: 0
BROKEN RECORDS: 0
BROKEN RECORDS: 0
BROKEN RECORDS: 0
BROKEN RECORDS: 0
BROKEN RECORDS: 0
BROKEN RECORDS: 0
BROKEN RECORDS: 0
BROKEN RECORDS: 0
BROKEN RECORDS: 0
BROKEN RECORDS: 0
BROKEN RECORDS: 0
BROKEN RECORDS: 0
BROKEN RECORDS: 0
BROKEN RECORDS: 0
BROKEN RECORDS: 0
BROKEN RECORDS: 0
BROKEN RECORDS: 0
BROKEN RECORDS: 0
BROKEN RECORDS: 0
BROKEN RECORDS: 0
BROKEN RECORDS: 0
BROKEN RECORDS: 0
2013-04-23T01:23:43.525+0200: [GC [ParNew: 3040832K->222133K(3040832K), 0.2011660 secs] 26551134K->24021507K(30070848K), 0.2014170 secs] [Times: user=1.96 sys=0.39, real=0.20 secs] 
BROKEN RECORDS: 0
BROKEN RECORDS: 0
BROKEN RECORDS: 0
BROKEN RECORDS: 0
BROKEN RECORDS: 0
BROKEN RECORDS: 0
BROKEN RECORDS: 0
BROKEN RECORDS: 0
