2013-04-23T01:18:33.357+0200: [GC [ParNew: 2702976K->337856K(3040832K), 1.0210580 secs] 2702976K->2492771K(30070848K), 1.0211310 secs] [Times: user=2.63 sys=10.35, real=1.03 secs] 
2013-04-23T01:18:35.505+0200: [GC [ParNew: 3040832K->337856K(3040832K), 1.1784780 secs] 5195747K->5125300K(30070848K), 1.1785270 secs] [Times: user=3.73 sys=11.54, real=1.18 secs] 
2013-04-23T01:18:37.709+0200: [GC [ParNew: 3040832K->337856K(3040832K), 1.1877660 secs] 7828276K->7818150K(30070848K), 1.1878240 secs] [Times: user=4.69 sys=10.56, real=1.19 secs] 
2013-04-23T01:18:39.894+0200: [GC [ParNew: 3040832K->337856K(3040832K), 1.1922440 secs] 10521126K->10564834K(30070848K), 1.1922930 secs] [Times: user=4.58 sys=10.89, real=1.19 secs] 
2013-04-23T01:18:42.164+0200: [GC [ParNew: 3040832K->337856K(3040832K), 1.1757490 secs] 13267810K->13268105K(30070848K), 1.1757960 secs] [Times: user=4.31 sys=10.74, real=1.18 secs] 
2013-04-23T01:18:44.367+0200: [GC [ParNew: 3040832K->337856K(3040832K), 1.6234960 secs] 15971081K->15971472K(30070848K), 1.6235730 secs] [Times: user=18.52 sys=2.50, real=1.62 secs] 
2013-04-23T01:18:47.070+0200: [GC [ParNew: 3040832K->337856K(3040832K), 1.4949490 secs] 18674448K->18690399K(30070848K), 1.4950250 secs] [Times: user=3.06 sys=15.22, real=1.49 secs] 
2013-04-23T01:18:49.542+0200: [GC [ParNew: 3040832K->337856K(3040832K), 1.5853170 secs] 21393375K->21399015K(30070848K), 1.5854170 secs] [Times: user=4.29 sys=14.43, real=1.59 secs] 
2013-04-23T01:19:02.943+0200: [GC [ParNew: 3040832K->337856K(3040832K), 1.6330910 secs] 24101991K->23506656K(30070848K), 1.6331950 secs] [Times: user=18.48 sys=2.56, real=1.63 secs] 
2013-04-23T01:20:16.323+0200: [GC [ParNew: 3040832K->337856K(3040832K), 0.2107700 secs] 26209632K->23644122K(30070848K), 0.2109210 secs] [Times: user=2.46 sys=0.17, real=0.21 secs] 
BROKEN RECORDS: 0
BROKEN RECORDS: 0
BROKEN RECORDS: 0
BROKEN RECORDS: 0
BROKEN RECORDS: 0
BROKEN RECORDS: 0
BROKEN RECORDS: 0
BROKEN RECORDS: 0
BROKEN RECORDS: 0
BROKEN RECORDS: 0
BROKEN RECORDS: 0
BROKEN RECORDS: 0
BROKEN RECORDS: 0
BROKEN RECORDS: 0
BROKEN RECORDS: 0
BROKEN RECORDS: 0
BROKEN RECORDS: 0
BROKEN RECORDS: 0
BROKEN RECORDS: 0
BROKEN RECORDS: 0
BROKEN RECORDS: 0
BROKEN RECORDS: 0
BROKEN RECORDS: 0
BROKEN RECORDS: 0
BROKEN RECORDS: 0
BROKEN RECORDS: 0
BROKEN RECORDS: 0
BROKEN RECORDS: 0
BROKEN RECORDS: 0
BROKEN RECORDS: 0
BROKEN RECORDS: 0
BROKEN RECORDS: 0
BROKEN RECORDS: 0
BROKEN RECORDS: 0
BROKEN RECORDS: 0
BROKEN RECORDS: 0
BROKEN RECORDS: 0
BROKEN RECORDS: 0
BROKEN RECORDS: 0
BROKEN RECORDS: 0
BROKEN RECORDS: 0
BROKEN RECORDS: 0
BROKEN RECORDS: 0
BROKEN RECORDS: 0
BROKEN RECORDS: 0
BROKEN RECORDS: 0
BROKEN RECORDS: 0
BROKEN RECORDS: 0
BROKEN RECORDS: 0
BROKEN RECORDS: 0
BROKEN RECORDS: 0
BROKEN RECORDS: 0
BROKEN RECORDS: 0
BROKEN RECORDS: 0
BROKEN RECORDS: 0
BROKEN RECORDS: 0
BROKEN RECORDS: 0
BROKEN RECORDS: 0
BROKEN RECORDS: 0
BROKEN RECORDS: 0
BROKEN RECORDS: 0
BROKEN RECORDS: 0
BROKEN RECORDS: 0
BROKEN RECORDS: 0
BROKEN RECORDS: 0
BROKEN RECORDS: 0
BROKEN RECORDS: 0
BROKEN RECORDS: 0
BROKEN RECORDS: 0
BROKEN RECORDS: 0
BROKEN RECORDS: 0
BROKEN RECORDS: 0
BROKEN RECORDS: 0
BROKEN RECORDS: 0
BROKEN RECORDS: 0
BROKEN RECORDS: 0
BROKEN RECORDS: 0
BROKEN RECORDS: 0
BROKEN RECORDS: 0
BROKEN RECORDS: 0
BROKEN RECORDS: 0
BROKEN RECORDS: 0
BROKEN RECORDS: 0
BROKEN RECORDS: 0
BROKEN RECORDS: 0
BROKEN RECORDS: 0
BROKEN RECORDS: 0
BROKEN RECORDS: 0
2013-04-23T01:23:44.863+0200: [GC [ParNew: 3040832K->188611K(3040832K), 0.1402770 secs] 26347098K->23808981K(30070848K), 0.1403840 secs] [Times: user=1.44 sys=0.37, real=0.14 secs] 
