2013-04-23T01:18:35.284+0200: [GC [ParNew: 2702976K->337856K(3040832K), 0.9406350 secs] 2702976K->2488758K(30070848K), 0.9407090 secs] [Times: user=3.51 sys=6.99, real=0.94 secs] 
2013-04-23T01:18:37.333+0200: [GC [ParNew: 3040832K->337856K(3040832K), 1.1785080 secs] 5191734K->5126967K(30070848K), 1.1785560 secs] [Times: user=3.75 sys=11.46, real=1.18 secs] 
2013-04-23T01:18:39.629+0200: [GC [ParNew: 3040832K->337856K(3040832K), 1.1893090 secs] 7829943K->7815430K(30070848K), 1.1893550 secs] [Times: user=4.55 sys=10.88, real=1.19 secs] 
2013-04-23T01:18:41.780+0200: [GC [ParNew: 3040832K->337856K(3040832K), 1.1817030 secs] 10518406K->10543161K(30070848K), 1.1817580 secs] [Times: user=4.70 sys=10.63, real=1.18 secs] 
2013-04-23T01:18:44.057+0200: [GC [ParNew: 3040832K->337856K(3040832K), 1.1765330 secs] 13246137K->13264617K(30070848K), 1.1766170 secs] [Times: user=4.27 sys=10.99, real=1.18 secs] 
2013-04-23T01:18:46.229+0200: [GC [ParNew: 3040832K->337856K(3040832K), 1.4811030 secs] 15967593K->15963022K(30070848K), 1.4811760 secs] [Times: user=16.81 sys=2.41, real=1.48 secs] 
2013-04-23T01:18:48.667+0200: [GC [ParNew: 3040832K->337856K(3040832K), 1.4285120 secs] 18665998K->18685374K(30070848K), 1.4285690 secs] [Times: user=3.10 sys=14.74, real=1.42 secs] 
2013-04-23T01:18:51.165+0200: [GC [ParNew: 3040832K->337856K(3040832K), 1.4946930 secs] 21388350K->21385666K(30070848K), 1.4948300 secs] [Times: user=4.12 sys=14.29, real=1.50 secs] 
2013-04-23T01:19:02.859+0200: [GC [ParNew: 3040832K->337856K(3040832K), 1.8256660 secs] 24088642K->23532238K(30070848K), 1.8257530 secs] [Times: user=21.07 sys=2.59, real=1.82 secs] 
2013-04-23T01:20:12.141+0200: [GC [ParNew: 3040832K->337856K(3040832K), 0.2383600 secs] 26235214K->23660081K(30070848K), 0.2385350 secs] [Times: user=2.89 sys=0.12, real=0.24 secs] 
BROKEN RECORDS: 0
BROKEN RECORDS: 0
BROKEN RECORDS: 0
BROKEN RECORDS: 0
BROKEN RECORDS: 0
BROKEN RECORDS: 0
BROKEN RECORDS: 0
BROKEN RECORDS: 0
BROKEN RECORDS: 0
BROKEN RECORDS: 0
BROKEN RECORDS: 0
BROKEN RECORDS: 0
BROKEN RECORDS: 0
BROKEN RECORDS: 0
BROKEN RECORDS: 0
BROKEN RECORDS: 0
BROKEN RECORDS: 0
BROKEN RECORDS: 0
BROKEN RECORDS: 0
BROKEN RECORDS: 0
BROKEN RECORDS: 0
BROKEN RECORDS: 0
BROKEN RECORDS: 0
BROKEN RECORDS: 0
BROKEN RECORDS: 0
BROKEN RECORDS: 0
BROKEN RECORDS: 0
BROKEN RECORDS: 0
BROKEN RECORDS: 0
BROKEN RECORDS: 0
BROKEN RECORDS: 0
BROKEN RECORDS: 0
BROKEN RECORDS: 0
BROKEN RECORDS: 0
BROKEN RECORDS: 0
BROKEN RECORDS: 0
BROKEN RECORDS: 0
BROKEN RECORDS: 0
BROKEN RECORDS: 0
BROKEN RECORDS: 0
BROKEN RECORDS: 0
BROKEN RECORDS: 0
BROKEN RECORDS: 0
BROKEN RECORDS: 0
BROKEN RECORDS: 0
BROKEN RECORDS: 0
BROKEN RECORDS: 0
BROKEN RECORDS: 0
BROKEN RECORDS: 0
BROKEN RECORDS: 0
BROKEN RECORDS: 0
BROKEN RECORDS: 0
BROKEN RECORDS: 0
BROKEN RECORDS: 0
BROKEN RECORDS: 0
BROKEN RECORDS: 0
BROKEN RECORDS: 0
BROKEN RECORDS: 0
BROKEN RECORDS: 0
BROKEN RECORDS: 0
BROKEN RECORDS: 0
BROKEN RECORDS: 0
BROKEN RECORDS: 0
BROKEN RECORDS: 0
BROKEN RECORDS: 0
BROKEN RECORDS: 0
BROKEN RECORDS: 0
BROKEN RECORDS: 0
BROKEN RECORDS: 0
BROKEN RECORDS: 0
BROKEN RECORDS: 0
BROKEN RECORDS: 0
BROKEN RECORDS: 0
BROKEN RECORDS: 0
BROKEN RECORDS: 0
BROKEN RECORDS: 0
BROKEN RECORDS: 0
BROKEN RECORDS: 0
BROKEN RECORDS: 0
BROKEN RECORDS: 0
2013-04-23T01:23:43.926+0200: [GC [ParNew: 3040832K->194506K(3040832K), 0.1791540 secs] 26363121K->23838601K(30070848K), 0.1793790 secs] [Times: user=1.72 sys=0.49, real=0.17 secs] 
BROKEN RECORDS: 0
BROKEN RECORDS: 0
BROKEN RECORDS: 0
BROKEN RECORDS: 0
BROKEN RECORDS: 0
BROKEN RECORDS: 0
BROKEN RECORDS: 0
BROKEN RECORDS: 0
