2013-04-23T01:18:31.376+0200: [GC [ParNew: 2702976K->337856K(3040832K), 1.0417280 secs] 2702976K->2482982K(30070848K), 1.0418100 secs] [Times: user=3.51 sys=9.70, real=1.04 secs] 
2013-04-23T01:18:33.570+0200: [GC [ParNew: 3040832K->337856K(3040832K), 1.1972590 secs] 5185958K->5111771K(30070848K), 1.1973390 secs] [Times: user=4.21 sys=11.24, real=1.20 secs] 
2013-04-23T01:18:35.867+0200: [GC [ParNew: 3040832K->337856K(3040832K), 1.2050840 secs] 7814747K->7803660K(30070848K), 1.2051650 secs] [Times: user=4.89 sys=10.71, real=1.20 secs] 
2013-04-23T01:18:38.070+0200: [GC [ParNew: 3040832K->337856K(3040832K), 1.1760490 secs] 10506636K->10529822K(30070848K), 1.1761310 secs] [Times: user=4.03 sys=11.08, real=1.18 secs] 
2013-04-23T01:18:40.332+0200: [GC [ParNew: 3040832K->337856K(3040832K), 1.1549580 secs] 13232798K->13240360K(30070848K), 1.1550170 secs] [Times: user=3.73 sys=11.18, real=1.16 secs] 
2013-04-23T01:18:42.536+0200: [GC [ParNew: 3040832K->337856K(3040832K), 1.8034660 secs] 15943336K->15910495K(30070848K), 1.8035060 secs] [Times: user=20.19 sys=2.87, real=1.80 secs] 
2013-04-23T01:18:45.419+0200: [GC [ParNew: 3040832K->337856K(3040832K), 1.2172380 secs] 18613471K->18660029K(30070848K), 1.2173040 secs] [Times: user=4.45 sys=11.08, real=1.22 secs] 
2013-04-23T01:18:47.687+0200: [GC [ParNew: 3040832K->337856K(3040832K), 1.5277770 secs] 21363005K->21371975K(30070848K), 1.5278240 secs] [Times: user=3.91 sys=14.65, real=1.53 secs] 
2013-04-23T01:19:02.940+0200: [GC [ParNew: 3040832K->337856K(3040832K), 1.5568010 secs] 24074951K->23525270K(30070848K), 1.5568720 secs] [Times: user=18.15 sys=1.99, real=1.56 secs] 
2013-04-23T01:19:41.348+0200: [GC [ParNew: 3031669K->337856K(3040832K), 0.3464110 secs] 26284752K->23964850K(30070848K), 0.3465540 secs] [Times: user=2.98 sys=1.23, real=0.35 secs] 
BROKEN RECORDS: 0
BROKEN RECORDS: 0
BROKEN RECORDS: 0
BROKEN RECORDS: 0
BROKEN RECORDS: 0
BROKEN RECORDS: 0
BROKEN RECORDS: 0
BROKEN RECORDS: 0
BROKEN RECORDS: 0
BROKEN RECORDS: 0
BROKEN RECORDS: 0
BROKEN RECORDS: 0
BROKEN RECORDS: 0
BROKEN RECORDS: 0
BROKEN RECORDS: 0
BROKEN RECORDS: 0
BROKEN RECORDS: 0
BROKEN RECORDS: 0
BROKEN RECORDS: 0
BROKEN RECORDS: 0
BROKEN RECORDS: 0
BROKEN RECORDS: 0
BROKEN RECORDS: 0
BROKEN RECORDS: 0
BROKEN RECORDS: 0
BROKEN RECORDS: 0
BROKEN RECORDS: 0
BROKEN RECORDS: 0
BROKEN RECORDS: 0
BROKEN RECORDS: 0
BROKEN RECORDS: 0
BROKEN RECORDS: 0
BROKEN RECORDS: 0
BROKEN RECORDS: 0
BROKEN RECORDS: 0
BROKEN RECORDS: 0
BROKEN RECORDS: 0
BROKEN RECORDS: 0
BROKEN RECORDS: 0
BROKEN RECORDS: 0
BROKEN RECORDS: 0
BROKEN RECORDS: 0
BROKEN RECORDS: 0
BROKEN RECORDS: 0
BROKEN RECORDS: 0
BROKEN RECORDS: 0
BROKEN RECORDS: 0
BROKEN RECORDS: 0
BROKEN RECORDS: 0
BROKEN RECORDS: 0
BROKEN RECORDS: 0
BROKEN RECORDS: 0
BROKEN RECORDS: 0
BROKEN RECORDS: 0
BROKEN RECORDS: 0
BROKEN RECORDS: 0
BROKEN RECORDS: 0
BROKEN RECORDS: 0
BROKEN RECORDS: 0
BROKEN RECORDS: 0
BROKEN RECORDS: 0
BROKEN RECORDS: 0
BROKEN RECORDS: 0
BROKEN RECORDS: 0
BROKEN RECORDS: 0
BROKEN RECORDS: 0
BROKEN RECORDS: 0
BROKEN RECORDS: 0
BROKEN RECORDS: 0
BROKEN RECORDS: 0
BROKEN RECORDS: 0
BROKEN RECORDS: 0
BROKEN RECORDS: 0
BROKEN RECORDS: 0
BROKEN RECORDS: 0
BROKEN RECORDS: 0
BROKEN RECORDS: 0
BROKEN RECORDS: 0
BROKEN RECORDS: 0
BROKEN RECORDS: 0
2013-04-23T01:23:43.364+0200: [GC [ParNew: 3040832K->226406K(3040832K), 0.1660420 secs] 26667832K->24112586K(30070848K), 0.1662110 secs] [Times: user=1.62 sys=0.37, real=0.17 secs] 
BROKEN RECORDS: 0
BROKEN RECORDS: 0
BROKEN RECORDS: 0
BROKEN RECORDS: 0
BROKEN RECORDS: 0
BROKEN RECORDS: 0
BROKEN RECORDS: 0
BROKEN RECORDS: 0
