2013-04-23T01:18:32.528+0200: [GC [ParNew: 2702976K->337856K(3040832K), 1.0059420 secs] 2702976K->2485325K(30070848K), 1.0060050 secs] [Times: user=2.76 sys=9.90, real=1.01 secs] 
2013-04-23T01:18:34.552+0200: [GC [ParNew: 3040832K->337856K(3040832K), 1.1822810 secs] 5188301K->5124293K(30070848K), 1.1823240 secs] [Times: user=3.79 sys=11.49, real=1.18 secs] 
2013-04-23T01:18:36.841+0200: [GC [ParNew: 3040832K->337856K(3040832K), 1.1953320 secs] 7827269K->7820312K(30070848K), 1.1953970 secs] [Times: user=4.56 sys=10.94, real=1.19 secs] 
2013-04-23T01:18:39.104+0200: [GC [ParNew: 3040832K->337856K(3040832K), 1.1960330 secs] 10523288K->10557232K(30070848K), 1.1961020 secs] [Times: user=4.94 sys=10.56, real=1.20 secs] 
2013-04-23T01:18:41.263+0200: [GC [ParNew: 3040832K->337856K(3040832K), 1.1817370 secs] 13260208K->13271003K(30070848K), 1.1818030 secs] [Times: user=4.35 sys=10.96, real=1.18 secs] 
2013-04-23T01:18:43.463+0200: [GC [ParNew: 3040832K->337856K(3040832K), 1.5362090 secs] 15973979K->15990602K(30070848K), 1.5362770 secs] [Times: user=17.41 sys=2.44, real=1.54 secs] 
2013-04-23T01:18:46.078+0200: [GC [ParNew: 3040832K->337856K(3040832K), 1.4565780 secs] 18693578K->18704823K(30070848K), 1.4566300 secs] [Times: user=3.35 sys=14.94, real=1.46 secs] 
2013-04-23T01:18:48.614+0200: [GC [ParNew: 3040832K->337856K(3040832K), 1.4897140 secs] 21407799K->21382192K(30070848K), 1.4897800 secs] [Times: user=4.11 sys=14.24, real=1.49 secs] 
2013-04-23T01:19:02.882+0200: [GC [ParNew: 3040832K->337856K(3040832K), 1.6992130 secs] 24085168K->23484707K(30070848K), 1.6993290 secs] [Times: user=19.68 sys=2.35, real=1.70 secs] 
2013-04-23T01:19:56.655+0200: [GC [ParNew: 3040832K->337856K(3040832K), 0.2630790 secs] 26187683K->23710808K(30070848K), 0.2632700 secs] [Times: user=2.95 sys=0.26, real=0.26 secs] 
BROKEN RECORDS: 0
BROKEN RECORDS: 0
BROKEN RECORDS: 0
BROKEN RECORDS: 0
BROKEN RECORDS: 0
BROKEN RECORDS: 0
BROKEN RECORDS: 0
BROKEN RECORDS: 0
BROKEN RECORDS: 0
BROKEN RECORDS: 0
BROKEN RECORDS: 0
BROKEN RECORDS: 0
BROKEN RECORDS: 0
BROKEN RECORDS: 0
BROKEN RECORDS: 0
BROKEN RECORDS: 0
BROKEN RECORDS: 0
BROKEN RECORDS: 0
BROKEN RECORDS: 0
BROKEN RECORDS: 0
BROKEN RECORDS: 0
BROKEN RECORDS: 0
BROKEN RECORDS: 0
BROKEN RECORDS: 0
BROKEN RECORDS: 0
BROKEN RECORDS: 0
BROKEN RECORDS: 0
BROKEN RECORDS: 0
BROKEN RECORDS: 0
BROKEN RECORDS: 0
BROKEN RECORDS: 0
BROKEN RECORDS: 0
BROKEN RECORDS: 0
BROKEN RECORDS: 0
BROKEN RECORDS: 0
BROKEN RECORDS: 0
BROKEN RECORDS: 0
BROKEN RECORDS: 0
BROKEN RECORDS: 0
BROKEN RECORDS: 0
BROKEN RECORDS: 0
BROKEN RECORDS: 0
BROKEN RECORDS: 0
BROKEN RECORDS: 0
BROKEN RECORDS: 0
BROKEN RECORDS: 0
BROKEN RECORDS: 0
BROKEN RECORDS: 0
BROKEN RECORDS: 0
BROKEN RECORDS: 0
BROKEN RECORDS: 0
BROKEN RECORDS: 0
BROKEN RECORDS: 0
BROKEN RECORDS: 0
BROKEN RECORDS: 0
BROKEN RECORDS: 0
BROKEN RECORDS: 0
BROKEN RECORDS: 0
BROKEN RECORDS: 0
BROKEN RECORDS: 0
BROKEN RECORDS: 0
BROKEN RECORDS: 0
BROKEN RECORDS: 0
BROKEN RECORDS: 0
BROKEN RECORDS: 0
BROKEN RECORDS: 0
BROKEN RECORDS: 0
BROKEN RECORDS: 0
BROKEN RECORDS: 0
BROKEN RECORDS: 0
BROKEN RECORDS: 0
BROKEN RECORDS: 0
BROKEN RECORDS: 0
BROKEN RECORDS: 0
BROKEN RECORDS: 0
BROKEN RECORDS: 0
BROKEN RECORDS: 0
BROKEN RECORDS: 0
BROKEN RECORDS: 0
BROKEN RECORDS: 0
2013-04-23T01:23:43.768+0200: [GC [ParNew: 3040832K->187234K(3040832K), 0.1831280 secs] 26413784K->23841212K(30070848K), 0.1833020 secs] [Times: user=1.61 sys=0.51, real=0.19 secs] 
BROKEN RECORDS: 0
BROKEN RECORDS: 0
BROKEN RECORDS: 0
BROKEN RECORDS: 0
BROKEN RECORDS: 0
BROKEN RECORDS: 0
BROKEN RECORDS: 0
BROKEN RECORDS: 0
