2013-04-23T01:18:31.747+0200: [GC [ParNew: 2702976K->337856K(3040832K), 1.0197700 secs] 2702976K->2482813K(30070848K), 1.0198410 secs] [Times: user=3.10 sys=9.87, real=1.02 secs] 
2013-04-23T01:18:33.873+0200: [GC [ParNew: 3040832K->337856K(3040832K), 1.1937300 secs] 5185789K->5113175K(30070848K), 1.1937860 secs] [Times: user=4.08 sys=11.27, real=1.19 secs] 
2013-04-23T01:18:36.185+0200: [GC [ParNew: 3040832K->337856K(3040832K), 1.1997540 secs] 7816151K->7802887K(30070848K), 1.1998110 secs] [Times: user=4.67 sys=10.89, real=1.20 secs] 
2013-04-23T01:18:38.411+0200: [GC [ParNew: 3040832K->337856K(3040832K), 1.2030500 secs] 10505863K->10538078K(30070848K), 1.2031050 secs] [Times: user=5.22 sys=10.36, real=1.20 secs] 
2013-04-23T01:18:40.610+0200: [GC [ParNew: 3040832K->337856K(3040832K), 1.1485880 secs] 13241054K->13262863K(30070848K), 1.1486410 secs] [Times: user=3.68 sys=10.95, real=1.16 secs] 
2013-04-23T01:18:42.785+0200: [GC [ParNew: 3040832K->337856K(3040832K), 1.9840370 secs] 15965839K->15955697K(30070848K), 1.9840990 secs] [Times: user=22.95 sys=2.81, real=1.98 secs] 
2013-04-23T01:18:45.761+0200: [GC [ParNew: 3040832K->337856K(3040832K), 1.3459580 secs] 18658673K->18663002K(30070848K), 1.3460150 secs] [Times: user=4.38 sys=11.86, real=1.34 secs] 
2013-04-23T01:18:48.110+0200: [GC [ParNew: 3040832K->337856K(3040832K), 1.6517100 secs] 21365978K->21338834K(30070848K), 1.6518060 secs] [Times: user=4.10 sys=15.31, real=1.66 secs] 
2013-04-23T01:19:03.135+0200: [GC [ParNew: 3040832K->337856K(3040832K), 2.2302330 secs] 24041810K->23497957K(30070848K), 2.2303070 secs] [Times: user=22.62 sys=3.17, real=2.23 secs] 
2013-04-23T01:19:55.818+0200: [GC [ParNew: 3039383K->337856K(3040832K), 0.3864610 secs] 26211556K->23754610K(30070848K), 0.3867320 secs] [Times: user=2.61 sys=0.78, real=0.38 secs] 
BROKEN RECORDS: 0
BROKEN RECORDS: 0
BROKEN RECORDS: 0
BROKEN RECORDS: 0
BROKEN RECORDS: 0
BROKEN RECORDS: 0
BROKEN RECORDS: 0
BROKEN RECORDS: 0
BROKEN RECORDS: 0
BROKEN RECORDS: 0
BROKEN RECORDS: 0
BROKEN RECORDS: 0
BROKEN RECORDS: 0
BROKEN RECORDS: 0
BROKEN RECORDS: 0
BROKEN RECORDS: 0
BROKEN RECORDS: 0
BROKEN RECORDS: 0
BROKEN RECORDS: 0
BROKEN RECORDS: 0
BROKEN RECORDS: 0
BROKEN RECORDS: 0
BROKEN RECORDS: 0
BROKEN RECORDS: 0
BROKEN RECORDS: 0
BROKEN RECORDS: 0
BROKEN RECORDS: 0
BROKEN RECORDS: 0
BROKEN RECORDS: 0
BROKEN RECORDS: 0
BROKEN RECORDS: 0
BROKEN RECORDS: 0
BROKEN RECORDS: 0
BROKEN RECORDS: 0
BROKEN RECORDS: 0
BROKEN RECORDS: 0
BROKEN RECORDS: 0
BROKEN RECORDS: 0
BROKEN RECORDS: 0
BROKEN RECORDS: 0
BROKEN RECORDS: 0
BROKEN RECORDS: 0
BROKEN RECORDS: 0
BROKEN RECORDS: 0
BROKEN RECORDS: 0
BROKEN RECORDS: 0
BROKEN RECORDS: 0
BROKEN RECORDS: 0
BROKEN RECORDS: 0
BROKEN RECORDS: 0
BROKEN RECORDS: 0
BROKEN RECORDS: 0
BROKEN RECORDS: 0
BROKEN RECORDS: 0
BROKEN RECORDS: 0
BROKEN RECORDS: 0
BROKEN RECORDS: 0
BROKEN RECORDS: 0
BROKEN RECORDS: 0
BROKEN RECORDS: 0
BROKEN RECORDS: 0
BROKEN RECORDS: 0
BROKEN RECORDS: 0
BROKEN RECORDS: 0
BROKEN RECORDS: 0
BROKEN RECORDS: 0
BROKEN RECORDS: 0
BROKEN RECORDS: 0
BROKEN RECORDS: 0
BROKEN RECORDS: 0
BROKEN RECORDS: 0
BROKEN RECORDS: 0
BROKEN RECORDS: 0
BROKEN RECORDS: 0
BROKEN RECORDS: 0
BROKEN RECORDS: 0
BROKEN RECORDS: 0
BROKEN RECORDS: 0
BROKEN RECORDS: 0
BROKEN RECORDS: 0
2013-04-23T01:23:43.644+0200: [GC [ParNew: 3040832K->218845K(3040832K), 0.1734210 secs] 26457586K->23882637K(30070848K), 0.1735770 secs] [Times: user=1.62 sys=0.31, real=0.17 secs] 
2013-04-23T01:23:43.819+0200: [GC [ParNew: 224517K->111628K(3040832K), 0.0698810 secs] 23888309K->23775419K(30070848K), 0.0699770 secs] [Times: user=0.87 sys=0.00, real=0.07 secs] 
BROKEN RECORDS: 0
BROKEN RECORDS: 0
BROKEN RECORDS: 0
BROKEN RECORDS: 0
BROKEN RECORDS: 0
BROKEN RECORDS: 0
BROKEN RECORDS: 0
BROKEN RECORDS: 0
