2013-04-22T19:58:49.975+0200: [GC [ParNew: 2702976K->337856K(3040832K), 0.9284790 secs] 2702976K->2491421K(30070848K), 0.9285590 secs] [Times: user=2.19 sys=9.57, real=0.93 secs] 
2013-04-22T19:58:51.680+0200: [GC [ParNew: 3040832K->337856K(3040832K), 1.0408350 secs] 5194397K->5132635K(30070848K), 1.0408860 secs] [Times: user=2.70 sys=10.75, real=1.04 secs] 
2013-04-22T19:58:54.164+0200: [GC [ParNew: 3040832K->337856K(3040832K), 1.0678290 secs] 7835611K->7827310K(30070848K), 1.0678790 secs] [Times: user=3.42 sys=10.41, real=1.07 secs] 
2013-04-22T19:58:56.622+0200: [GC [ParNew: 3040832K->337856K(3040832K), 1.0169470 secs] 10530286K->10568488K(30070848K), 1.0170140 secs] [Times: user=3.09 sys=10.08, real=1.02 secs] 
2013-04-22T19:58:59.045+0200: [GC [ParNew: 3040832K->337856K(3040832K), 1.1114580 secs] 13271464K->13293497K(30070848K), 1.1115240 secs] [Times: user=3.26 sys=10.96, real=1.11 secs] 
2013-04-22T19:59:01.549+0200: [GC [ParNew: 3040832K->337856K(3040832K), 1.2787990 secs] 15996473K->15987548K(30070848K), 1.2788660 secs] [Times: user=14.72 sys=1.87, real=1.28 secs] 
2013-04-22T19:59:04.219+0200: [GC [ParNew: 3040832K->337856K(3040832K), 1.0405060 secs] 18690524K->18718000K(30070848K), 1.0405730 secs] [Times: user=3.38 sys=9.63, real=1.04 secs] 
2013-04-22T19:59:06.642+0200: [GC [ParNew: 3040832K->337856K(3040832K), 1.1412420 secs] 21420976K->21420053K(30070848K), 1.1413100 secs] [Times: user=3.61 sys=11.17, real=1.14 secs] 
2013-04-22T19:59:16.713+0200: [GC [ParNew: 3040832K->337856K(3040832K), 1.3156060 secs] 24123029K->23555164K(30070848K), 1.3156770 secs] [Times: user=15.22 sys=1.84, real=1.32 secs] 
2013-04-22T19:59:56.458+0200: [GC [ParNew: 3039151K->337856K(3040832K), 0.3758310 secs] 26256459K->23855868K(30070848K), 0.3760530 secs] [Times: user=2.46 sys=1.22, real=0.38 secs] 
BROKEN RECORDS: 0
BROKEN RECORDS: 0
BROKEN RECORDS: 0
BROKEN RECORDS: 0
BROKEN RECORDS: 0
BROKEN RECORDS: 0
BROKEN RECORDS: 0
BROKEN RECORDS: 0
BROKEN RECORDS: 0
2013-04-22T20:04:37.561+0200: [GC [ParNew: 3037159K->337856K(3040832K), 0.1952750 secs] 26555171K->24120476K(30070848K), 0.1955620 secs] [Times: user=2.08 sys=0.42, real=0.20 secs] 
BROKEN RECORDS: 0
BROKEN RECORDS: 0
BROKEN RECORDS: 0
BROKEN RECORDS: 0
BROKEN RECORDS: 0
BROKEN RECORDS: 0
BROKEN RECORDS: 0
BROKEN RECORDS: 0
BROKEN RECORDS: 0
BROKEN RECORDS: 0
BROKEN RECORDS: 0
BROKEN RECORDS: 0
BROKEN RECORDS: 0
BROKEN RECORDS: 0
BROKEN RECORDS: 0
