2013-04-22T19:58:51.178+0200: [GC [ParNew: 2702976K->337855K(3040832K), 0.9364050 secs] 2702976K->2482831K(30070848K), 0.9364780 secs] [Times: user=1.88 sys=9.86, real=0.94 secs] 
2013-04-22T19:58:52.900+0200: [GC [ParNew: 3040831K->337856K(3040832K), 1.0597440 secs] 5185807K->5118793K(30070848K), 1.0598030 secs] [Times: user=2.56 sys=11.13, real=1.06 secs] 
2013-04-22T19:58:54.732+0200: [GC [ParNew: 3040832K->337856K(3040832K), 1.0750820 secs] 7821769K->7815293K(30070848K), 1.0751380 secs] [Times: user=3.44 sys=10.47, real=1.08 secs] 
2013-04-22T19:58:56.531+0200: [GC [ParNew: 3040832K->337856K(3040832K), 1.0061880 secs] 10518269K->10530730K(30070848K), 1.0062300 secs] [Times: user=3.09 sys=9.90, real=1.00 secs] 
2013-04-22T19:58:58.502+0200: [GC [ParNew: 3040832K->337856K(3040832K), 1.0879230 secs] 13233706K->13260541K(30070848K), 1.0879920 secs] [Times: user=3.50 sys=10.59, real=1.09 secs] 
2013-04-22T19:59:00.556+0200: [GC [ParNew: 3040832K->337856K(3040832K), 1.5293620 secs] 15963517K->15951198K(30070848K), 1.5294320 secs] [Times: user=17.46 sys=2.39, real=1.53 secs] 
2013-04-22T19:59:03.048+0200: [GC [ParNew: 3040832K->337856K(3040832K), 1.0962460 secs] 18654174K->18682355K(30070848K), 1.0962980 secs] [Times: user=2.98 sys=11.11, real=1.09 secs] 
2013-04-22T19:59:05.101+0200: [GC [ParNew: 3040832K->337856K(3040832K), 1.1199460 secs] 21385331K->21388154K(30070848K), 1.1199910 secs] [Times: user=3.23 sys=11.12, real=1.12 secs] 
2013-04-22T19:59:16.746+0200: [GC [ParNew: 3040832K->337856K(3040832K), 1.2867760 secs] 24091130K->23516605K(30070848K), 1.2869360 secs] [Times: user=14.96 sys=1.72, real=1.29 secs] 
2013-04-22T19:59:46.413+0200: [GC [ParNew: 3040832K->337856K(3040832K), 0.3910060 secs] 26219581K->23894516K(30070848K), 0.3912680 secs] [Times: user=2.83 sys=1.14, real=0.39 secs] 
2013-04-22T20:02:16.617+0200: [GC [ParNew: 3040832K->335861K(3040832K), 0.1844030 secs] 26597492K->24203774K(30070848K), 0.1845520 secs] [Times: user=1.86 sys=0.51, real=0.18 secs] 
BROKEN RECORDS: 0
BROKEN RECORDS: 0
BROKEN RECORDS: 0
BROKEN RECORDS: 0
BROKEN RECORDS: 0
BROKEN RECORDS: 0
BROKEN RECORDS: 0
BROKEN RECORDS: 0
BROKEN RECORDS: 0
BROKEN RECORDS: 0
BROKEN RECORDS: 0
BROKEN RECORDS: 0
BROKEN RECORDS: 0
BROKEN RECORDS: 0
BROKEN RECORDS: 0
BROKEN RECORDS: 0
BROKEN RECORDS: 0
BROKEN RECORDS: 0
BROKEN RECORDS: 0
BROKEN RECORDS: 0
BROKEN RECORDS: 0
BROKEN RECORDS: 0
BROKEN RECORDS: 0
BROKEN RECORDS: 0
