2013-04-22T19:58:49.077+0200: [GC [ParNew: 2702976K->337856K(3040832K), 0.9498330 secs] 2702976K->2482699K(30070848K), 0.9499210 secs] [Times: user=2.15 sys=9.91, real=0.95 secs] 
2013-04-22T19:58:50.783+0200: [GC [ParNew: 3040832K->337856K(3040832K), 1.0708090 secs] 5185675K->5116677K(30070848K), 1.0708670 secs] [Times: user=2.91 sys=10.90, real=1.07 secs] 
2013-04-22T19:58:52.589+0200: [GC [ParNew: 3040832K->337856K(3040832K), 1.0734320 secs] 7819653K->7807542K(30070848K), 1.0735810 secs] [Times: user=3.58 sys=10.11, real=1.08 secs] 
2013-04-22T19:58:54.378+0200: [GC [ParNew: 3040832K->337856K(3040832K), 1.0494070 secs] 10510518K->10532968K(30070848K), 1.0494640 secs] [Times: user=3.34 sys=10.22, real=1.05 secs] 
2013-04-22T19:58:56.136+0200: [GC [ParNew: 3040832K->337856K(3040832K), 1.0939800 secs] 13235944K->13245651K(30070848K), 1.0940330 secs] [Times: user=3.71 sys=10.44, real=1.10 secs] 
2013-04-22T19:58:57.934+0200: [GC [ParNew: 3040832K->337856K(3040832K), 1.3516730 secs] 15948627K->15941494K(30070848K), 1.3517500 secs] [Times: user=15.40 sys=2.03, real=1.35 secs] 
2013-04-22T19:59:00.021+0200: [GC [ParNew: 3040832K->337856K(3040832K), 1.0702970 secs] 18644470K->18687667K(30070848K), 1.0703570 secs] [Times: user=3.30 sys=10.54, real=1.08 secs] 
2013-04-22T19:59:01.805+0200: [GC [ParNew: 3040832K->337856K(3040832K), 1.1462500 secs] 21390643K->21369101K(30070848K), 1.1463080 secs] [Times: user=3.68 sys=11.14, real=1.15 secs] 
2013-04-22T19:59:16.779+0200: [GC [ParNew: 3040832K->337856K(3040832K), 1.4255590 secs] 24072077K->23502291K(30070848K), 1.4256610 secs] [Times: user=16.67 sys=1.78, real=1.43 secs] 
2013-04-22T19:59:47.117+0200: [GC [ParNew: 3040832K->337856K(3040832K), 0.4335840 secs] 26227473K->23926734K(30070848K), 0.4338120 secs] [Times: user=2.43 sys=2.02, real=0.44 secs] 
2013-04-22T20:02:17.775+0200: [GC [ParNew: 3040832K->337856K(3040832K), 0.2446070 secs] 26629710K->24406126K(30070848K), 0.2448400 secs] [Times: user=2.39 sys=0.73, real=0.25 secs] 
BROKEN RECORDS: 0
BROKEN RECORDS: 0
BROKEN RECORDS: 0
BROKEN RECORDS: 0
BROKEN RECORDS: 0
BROKEN RECORDS: 0
BROKEN RECORDS: 0
BROKEN RECORDS: 0
BROKEN RECORDS: 0
BROKEN RECORDS: 0
BROKEN RECORDS: 0
BROKEN RECORDS: 0
BROKEN RECORDS: 0
BROKEN RECORDS: 0
BROKEN RECORDS: 0
BROKEN RECORDS: 0
BROKEN RECORDS: 0
BROKEN RECORDS: 0
BROKEN RECORDS: 0
BROKEN RECORDS: 0
BROKEN RECORDS: 0
BROKEN RECORDS: 0
BROKEN RECORDS: 0
BROKEN RECORDS: 0
