2013-04-22T19:58:51.486+0200: [GC [ParNew: 2702976K->337856K(3040832K), 0.9140160 secs] 2702976K->2489684K(30070848K), 0.9140750 secs] [Times: user=2.31 sys=9.00, real=0.92 secs] 
2013-04-22T19:58:53.176+0200: [GC [ParNew: 3040832K->337856K(3040832K), 1.0529340 secs] 5192660K->5125989K(30070848K), 1.0529820 secs] [Times: user=2.72 sys=10.90, real=1.06 secs] 
2013-04-22T19:58:54.962+0200: [GC [ParNew: 3040832K->337856K(3040832K), 1.0532780 secs] 7828965K->7814389K(30070848K), 1.0533330 secs] [Times: user=3.12 sys=10.52, real=1.05 secs] 
2013-04-22T19:58:56.709+0200: [GC [ParNew: 3040832K->337856K(3040832K), 0.9945370 secs] 10517365K->10547178K(30070848K), 0.9945860 secs] [Times: user=3.19 sys=9.51, real=0.99 secs] 
2013-04-22T19:58:58.601+0200: [GC [ParNew: 3040832K->337856K(3040832K), 1.0741920 secs] 13250154K->13266489K(30070848K), 1.0742470 secs] [Times: user=3.20 sys=10.72, real=1.07 secs] 
2013-04-22T19:59:00.633+0200: [GC [ParNew: 3040832K->337856K(3040832K), 1.5152280 secs] 15969465K->15950551K(30070848K), 1.5152910 secs] [Times: user=17.61 sys=2.06, real=1.52 secs] 
2013-04-22T19:59:03.150+0200: [GC [ParNew: 3040832K->337856K(3040832K), 1.0805080 secs] 18653527K->18677577K(30070848K), 1.0805790 secs] [Times: user=3.03 sys=10.95, real=1.08 secs] 
2013-04-22T19:59:05.218+0200: [GC [ParNew: 3040832K->337856K(3040832K), 1.1377800 secs] 21380553K->21373387K(30070848K), 1.1378520 secs] [Times: user=3.26 sys=11.48, real=1.14 secs] 
2013-04-22T19:59:16.822+0200: [GC [ParNew: 3040832K->337856K(3040832K), 1.5725250 secs] 24076363K->23505392K(30070848K), 1.5726320 secs] [Times: user=18.43 sys=1.95, real=1.57 secs] 
2013-04-22T19:59:49.006+0200: [GC [ParNew: 3038862K->337856K(3040832K), 0.3902160 secs] 26206399K->23942334K(30070848K), 0.3904050 secs] [Times: user=2.19 sys=1.70, real=0.39 secs] 
2013-04-22T20:02:30.275+0200: [GC [ParNew: 3034966K->337856K(3040832K), 0.2442690 secs] 26639445K->24428101K(30070848K), 0.2444600 secs] [Times: user=2.37 sys=0.77, real=0.25 secs] 
BROKEN RECORDS: 0
BROKEN RECORDS: 0
BROKEN RECORDS: 0
BROKEN RECORDS: 0
BROKEN RECORDS: 0
BROKEN RECORDS: 0
BROKEN RECORDS: 0
BROKEN RECORDS: 0
BROKEN RECORDS: 0
BROKEN RECORDS: 0
BROKEN RECORDS: 0
BROKEN RECORDS: 0
BROKEN RECORDS: 0
BROKEN RECORDS: 0
BROKEN RECORDS: 0
BROKEN RECORDS: 0
BROKEN RECORDS: 0
BROKEN RECORDS: 0
BROKEN RECORDS: 0
BROKEN RECORDS: 0
BROKEN RECORDS: 0
BROKEN RECORDS: 0
BROKEN RECORDS: 0
BROKEN RECORDS: 0
