2013-04-22T19:58:51.827+0200: [GC [ParNew: 2702976K->337855K(3040832K), 0.9296060 secs] 2702976K->2489892K(30070848K), 0.9296790 secs] [Times: user=2.03 sys=9.60, real=0.92 secs] 
2013-04-22T19:58:53.522+0200: [GC [ParNew: 3040831K->337856K(3040832K), 1.0437140 secs] 5192868K->5122518K(30070848K), 1.0437930 secs] [Times: user=2.62 sys=10.69, real=1.05 secs] 
2013-04-22T19:58:55.593+0200: [GC [ParNew: 3040832K->337856K(3040832K), 1.0654430 secs] 7825494K->7819113K(30070848K), 1.0654870 secs] [Times: user=3.22 sys=10.59, real=1.07 secs] 
2013-04-22T19:58:57.657+0200: [GC [ParNew: 3040832K->337856K(3040832K), 1.0133770 secs] 10522089K->10561187K(30070848K), 1.0134420 secs] [Times: user=3.12 sys=9.90, real=1.02 secs] 
2013-04-22T19:58:59.669+0200: [GC [ParNew: 3040832K->337856K(3040832K), 1.0690560 secs] 13264163K->13277456K(30070848K), 1.0691270 secs] [Times: user=3.38 sys=10.45, real=1.06 secs] 
2013-04-22T19:59:01.727+0200: [GC [ParNew: 3040832K->337856K(3040832K), 1.4417560 secs] 15980432K->15954859K(30070848K), 1.4418280 secs] [Times: user=16.46 sys=2.25, real=1.44 secs] 
2013-04-22T19:59:04.157+0200: [GC [ParNew: 3040832K->337856K(3040832K), 1.0466850 secs] 18657835K->18716303K(30070848K), 1.0467600 secs] [Times: user=3.42 sys=9.95, real=1.05 secs] 
2013-04-22T19:59:06.182+0200: [GC [ParNew: 3040832K->337856K(3040832K), 1.1263940 secs] 21419279K->21409231K(30070848K), 1.1264790 secs] [Times: user=3.42 sys=11.18, real=1.13 secs] 
2013-04-22T19:59:16.815+0200: [GC [ParNew: 3040832K->337856K(3040832K), 1.5306030 secs] 24112207K->23522187K(30070848K), 1.5307010 secs] [Times: user=17.92 sys=1.91, real=1.52 secs] 
2013-04-22T19:59:50.707+0200: [GC [ParNew: 3040832K->337856K(3040832K), 0.4187390 secs] 26225163K->23880284K(30070848K), 0.4189030 secs] [Times: user=2.66 sys=1.42, real=0.42 secs] 
BROKEN RECORDS: 0
BROKEN RECORDS: 0
BROKEN RECORDS: 0
BROKEN RECORDS: 0
BROKEN RECORDS: 0
BROKEN RECORDS: 0
2013-04-22T20:02:30.417+0200: [GC [ParNew: 3040832K->337856K(3040832K), 0.1820580 secs] 26583260K->24134958K(30070848K), 0.1822770 secs] [Times: user=2.01 sys=0.32, real=0.18 secs] 
BROKEN RECORDS: 0
BROKEN RECORDS: 0
BROKEN RECORDS: 0
BROKEN RECORDS: 0
BROKEN RECORDS: 0
BROKEN RECORDS: 0
BROKEN RECORDS: 0
BROKEN RECORDS: 0
BROKEN RECORDS: 0
BROKEN RECORDS: 0
BROKEN RECORDS: 0
BROKEN RECORDS: 0
BROKEN RECORDS: 0
BROKEN RECORDS: 0
BROKEN RECORDS: 0
BROKEN RECORDS: 0
BROKEN RECORDS: 0
BROKEN RECORDS: 0
