2013-04-22T19:58:50.170+0200: [GC [ParNew: 2702976K->337856K(3040832K), 0.9459480 secs] 2702976K->2490964K(30070848K), 0.9460210 secs] [Times: user=2.22 sys=9.68, real=0.94 secs] 
2013-04-22T19:58:51.892+0200: [GC [ParNew: 3040832K->337856K(3040832K), 1.0583640 secs] 5193940K->5128832K(30070848K), 1.0584190 secs] [Times: user=2.92 sys=10.41, real=1.06 secs] 
2013-04-22T19:58:53.696+0200: [GC [ParNew: 3040832K->337856K(3040832K), 1.0741600 secs] 7831808K->7820081K(30070848K), 1.0742060 secs] [Times: user=3.32 sys=10.58, real=1.08 secs] 
2013-04-22T19:58:55.495+0200: [GC [ParNew: 3040832K->337856K(3040832K), 1.0420460 secs] 10523057K->10556456K(30070848K), 1.0420930 secs] [Times: user=3.21 sys=10.28, real=1.04 secs] 
2013-04-22T19:58:57.268+0200: [GC [ParNew: 3040832K->337856K(3040832K), 1.0833630 secs] 13259432K->13285403K(30070848K), 1.0834250 secs] [Times: user=3.63 sys=10.14, real=1.09 secs] 
2013-04-22T19:58:59.055+0200: [GC [ParNew: 3040832K->337856K(3040832K), 1.3416800 secs] 15988379K->15996486K(30070848K), 1.3417530 secs] [Times: user=15.58 sys=1.84, real=1.34 secs] 
2013-04-22T19:59:01.101+0200: [GC [ParNew: 3040832K->337856K(3040832K), 1.0513860 secs] 18699462K->18712147K(30070848K), 1.0514590 secs] [Times: user=3.19 sys=10.41, real=1.05 secs] 
2013-04-22T19:59:02.845+0200: [GC [ParNew: 3040832K->337856K(3040832K), 1.1381140 secs] 21415123K->21411703K(30070848K), 1.1381890 secs] [Times: user=3.23 sys=11.26, real=1.14 secs] 
2013-04-22T19:59:16.755+0200: [GC [ParNew: 3040832K->337856K(3040832K), 1.3000810 secs] 24114679K->23503112K(30070848K), 1.3001510 secs] [Times: user=14.94 sys=1.92, real=1.30 secs] 
2013-04-22T19:59:50.135+0200: [GC [ParNew: 3040832K->337856K(3040832K), 0.3497120 secs] 26206088K->23845410K(30070848K), 0.3498920 secs] [Times: user=2.44 sys=1.23, real=0.35 secs] 
BROKEN RECORDS: 0
BROKEN RECORDS: 0
BROKEN RECORDS: 0
BROKEN RECORDS: 0
BROKEN RECORDS: 0
BROKEN RECORDS: 0
BROKEN RECORDS: 0
BROKEN RECORDS: 0
2013-04-22T20:03:05.353+0200: [GC [ParNew: 3040832K->337856K(3040832K), 0.2092310 secs] 26548386K->24098782K(30070848K), 0.2094010 secs] [Times: user=2.24 sys=0.41, real=0.20 secs] 
BROKEN RECORDS: 0
BROKEN RECORDS: 0
BROKEN RECORDS: 0
BROKEN RECORDS: 0
BROKEN RECORDS: 0
BROKEN RECORDS: 0
BROKEN RECORDS: 0
BROKEN RECORDS: 0
BROKEN RECORDS: 0
BROKEN RECORDS: 0
BROKEN RECORDS: 0
BROKEN RECORDS: 0
BROKEN RECORDS: 0
BROKEN RECORDS: 0
BROKEN RECORDS: 0
BROKEN RECORDS: 0
