2013-04-22T19:58:49.273+0200: [GC [ParNew: 2702976K->337856K(3040832K), 0.9588980 secs] 2702976K->2490400K(30070848K), 0.9589730 secs] [Times: user=2.32 sys=9.81, real=0.96 secs] 
2013-04-22T19:58:50.987+0200: [GC [ParNew: 3040832K->337856K(3040832K), 1.0761000 secs] 5193376K->5130581K(30070848K), 1.0761720 secs] [Times: user=2.75 sys=11.15, real=1.08 secs] 
2013-04-22T19:58:52.808+0200: [GC [ParNew: 3040832K->337856K(3040832K), 1.0778150 secs] 7833557K->7823750K(30070848K), 1.0778860 secs] [Times: user=3.26 sys=10.68, real=1.08 secs] 
2013-04-22T19:58:54.610+0200: [GC [ParNew: 3040832K->337856K(3040832K), 1.0295530 secs] 10526726K->10556924K(30070848K), 1.0296110 secs] [Times: user=3.26 sys=10.03, real=1.04 secs] 
2013-04-22T19:58:56.339+0200: [GC [ParNew: 3040832K->337856K(3040832K), 1.0861950 secs] 13259900K->13269927K(30070848K), 1.0862470 secs] [Times: user=3.67 sys=10.39, real=1.08 secs] 
2013-04-22T19:58:58.130+0200: [GC [ParNew: 3040832K->337856K(3040832K), 1.5703750 secs] 15972903K->15996602K(30070848K), 1.5704230 secs] [Times: user=17.79 sys=2.51, real=1.58 secs] 
2013-04-22T19:59:00.394+0200: [GC [ParNew: 3040832K->337856K(3040832K), 1.0770570 secs] 18699578K->18719499K(30070848K), 1.0771060 secs] [Times: user=3.31 sys=10.61, real=1.08 secs] 
2013-04-22T19:59:02.172+0200: [GC [ParNew: 3040832K->337856K(3040832K), 1.1298240 secs] 21422475K->21430516K(30070848K), 1.1298630 secs] [Times: user=3.54 sys=11.10, real=1.13 secs] 
2013-04-22T19:59:16.809+0200: [GC [ParNew: 3040832K->337856K(3040832K), 1.9971660 secs] 24133492K->23491319K(30070848K), 1.9972640 secs] [Times: user=23.52 sys=2.35, real=1.99 secs] 
2013-04-22T19:59:55.273+0200: [GC [ParNew: 3040832K->337856K(3040832K), 0.3560890 secs] 26194295K->23905695K(30070848K), 0.3563130 secs] [Times: user=2.50 sys=1.46, real=0.36 secs] 
2013-04-22T20:02:16.528+0200: [GC [ParNew: 3040832K->337856K(3040832K), 0.2305990 secs] 26608671K->24333707K(30070848K), 0.2307540 secs] [Times: user=2.14 sys=0.74, real=0.23 secs] 
BROKEN RECORDS: 0
BROKEN RECORDS: 0
BROKEN RECORDS: 0
BROKEN RECORDS: 0
BROKEN RECORDS: 0
BROKEN RECORDS: 0
BROKEN RECORDS: 0
BROKEN RECORDS: 0
BROKEN RECORDS: 0
BROKEN RECORDS: 0
BROKEN RECORDS: 0
BROKEN RECORDS: 0
BROKEN RECORDS: 0
BROKEN RECORDS: 0
BROKEN RECORDS: 0
BROKEN RECORDS: 0
BROKEN RECORDS: 0
BROKEN RECORDS: 0
BROKEN RECORDS: 0
BROKEN RECORDS: 0
BROKEN RECORDS: 0
BROKEN RECORDS: 0
BROKEN RECORDS: 0
BROKEN RECORDS: 0
