2013-04-22T19:58:49.439+0200: [GC [ParNew: 2702976K->337855K(3040832K), 0.9429440 secs] 2702976K->2493913K(30070848K), 0.9430420 secs] [Times: user=2.24 sys=9.38, real=0.94 secs] 
2013-04-22T19:58:51.324+0200: [GC [ParNew: 3040831K->337856K(3040832K), 1.0716470 secs] 5196889K->5126139K(30070848K), 1.0717250 secs] [Times: user=2.88 sys=10.93, real=1.08 secs] 
2013-04-22T19:58:53.503+0200: [GC [ParNew: 3040832K->337856K(3040832K), 1.0747250 secs] 7829115K->7815435K(30070848K), 1.0748050 secs] [Times: user=3.23 sys=10.68, real=1.08 secs] 
2013-04-22T19:58:55.552+0200: [GC [ParNew: 3040832K->337856K(3040832K), 1.0159640 secs] 10518411K->10540765K(30070848K), 1.0160400 secs] [Times: user=3.45 sys=9.29, real=1.02 secs] 
2013-04-22T19:58:57.634+0200: [GC [ParNew: 3040832K->337856K(3040832K), 1.0832890 secs] 13243741K->13255241K(30070848K), 1.0833630 secs] [Times: user=3.47 sys=10.54, real=1.08 secs] 
2013-04-22T19:58:59.670+0200: [GC [ParNew: 3040832K->337856K(3040832K), 1.3976890 secs] 15958217K->15957872K(30070848K), 1.3977630 secs] [Times: user=15.79 sys=2.35, real=1.40 secs] 
2013-04-22T19:59:02.084+0200: [GC [ParNew: 3040832K->337856K(3040832K), 1.0695960 secs] 18660848K->18699050K(30070848K), 1.0696720 secs] [Times: user=3.21 sys=10.60, real=1.06 secs] 
2013-04-22T19:59:04.155+0200: [GC [ParNew: 3040832K->337856K(3040832K), 1.1138400 secs] 21402026K->21405264K(30070848K), 1.1139140 secs] [Times: user=3.57 sys=10.84, real=1.11 secs] 
2013-04-22T19:59:16.795+0200: [GC [ParNew: 3040832K->337856K(3040832K), 1.6049580 secs] 24108240K->23524367K(30070848K), 1.6050460 secs] [Times: user=18.51 sys=1.97, real=1.60 secs] 
2013-04-22T19:59:50.142+0200: [GC [ParNew: 3040676K->337856K(3040832K), 0.3658050 secs] 26227188K->23888159K(30070848K), 0.3660400 secs] [Times: user=2.64 sys=1.22, real=0.36 secs] 
2013-04-22T20:02:20.970+0200: [GC [ParNew: 3039995K->337856K(3040832K), 0.1943270 secs] 26590298K->24239749K(30070848K), 0.1945540 secs] [Times: user=2.01 sys=0.48, real=0.19 secs] 
BROKEN RECORDS: 0
BROKEN RECORDS: 0
BROKEN RECORDS: 0
BROKEN RECORDS: 0
BROKEN RECORDS: 0
BROKEN RECORDS: 0
BROKEN RECORDS: 0
BROKEN RECORDS: 0
BROKEN RECORDS: 0
BROKEN RECORDS: 0
BROKEN RECORDS: 0
BROKEN RECORDS: 0
BROKEN RECORDS: 0
BROKEN RECORDS: 0
BROKEN RECORDS: 0
BROKEN RECORDS: 0
BROKEN RECORDS: 0
BROKEN RECORDS: 0
BROKEN RECORDS: 0
BROKEN RECORDS: 0
BROKEN RECORDS: 0
BROKEN RECORDS: 0
BROKEN RECORDS: 0
BROKEN RECORDS: 0
