2013-04-22T19:58:49.769+0200: [GC [ParNew: 2702976K->337856K(3040832K), 0.9340190 secs] 2702976K->2485061K(30070848K), 0.9341020 secs] [Times: user=2.13 sys=9.42, real=0.93 secs] 
2013-04-22T19:58:51.467+0200: [GC [ParNew: 3040832K->337856K(3040832K), 1.0816700 secs] 5188037K->5126400K(30070848K), 1.0817480 secs] [Times: user=2.93 sys=11.04, real=1.08 secs] 
2013-04-22T19:58:53.270+0200: [GC [ParNew: 3040832K->337856K(3040832K), 1.0785280 secs] 7829376K->7822067K(30070848K), 1.0786040 secs] [Times: user=3.23 sys=10.63, real=1.07 secs] 
2013-04-22T19:58:55.040+0200: [GC [ParNew: 3040832K->337856K(3040832K), 1.0216830 secs] 10525043K->10543939K(30070848K), 1.0217430 secs] [Times: user=3.57 sys=9.46, real=1.03 secs] 
2013-04-22T19:58:56.786+0200: [GC [ParNew: 3040832K->337856K(3040832K), 1.0898560 secs] 13246915K->13251852K(30070848K), 1.0899130 secs] [Times: user=3.44 sys=10.65, real=1.09 secs] 
2013-04-22T19:58:58.579+0200: [GC [ParNew: 3040832K->337856K(3040832K), 1.4913260 secs] 15954828K->15922019K(30070848K), 1.4913740 secs] [Times: user=17.31 sys=1.96, real=1.50 secs] 
2013-04-22T19:59:00.773+0200: [GC [ParNew: 3040832K->337856K(3040832K), 1.1005070 secs] 18624995K->18700015K(30070848K), 1.1005860 secs] [Times: user=3.12 sys=10.90, real=1.10 secs] 
2013-04-22T19:59:02.575+0200: [GC [ParNew: 3040832K->337856K(3040832K), 1.1588750 secs] 21402991K->21428896K(30070848K), 1.1589530 secs] [Times: user=3.38 sys=11.61, real=1.16 secs] 
2013-04-22T19:59:16.773+0200: [GC [ParNew: 3040832K->337856K(3040832K), 1.4723350 secs] 24131872K->23507019K(30070848K), 1.4724330 secs] [Times: user=17.21 sys=1.79, real=1.47 secs] 
2013-04-22T19:59:49.027+0200: [GC [ParNew: 3040832K->337856K(3040832K), 0.3752660 secs] 26292509K->24050106K(30070848K), 0.3755290 secs] [Times: user=2.70 sys=1.43, real=0.37 secs] 
2013-04-22T20:02:17.382+0200: [GC [ParNew: 3040832K->337856K(3040832K), 0.2600550 secs] 26753082K->24535843K(30070848K), 0.2602750 secs] [Times: user=2.42 sys=0.91, real=0.26 secs] 
BROKEN RECORDS: 0
BROKEN RECORDS: 0
BROKEN RECORDS: 0
BROKEN RECORDS: 0
BROKEN RECORDS: 0
BROKEN RECORDS: 0
BROKEN RECORDS: 0
BROKEN RECORDS: 0
BROKEN RECORDS: 0
BROKEN RECORDS: 0
BROKEN RECORDS: 0
BROKEN RECORDS: 0
BROKEN RECORDS: 0
BROKEN RECORDS: 0
BROKEN RECORDS: 0
BROKEN RECORDS: 0
BROKEN RECORDS: 0
BROKEN RECORDS: 0
BROKEN RECORDS: 0
BROKEN RECORDS: 0
BROKEN RECORDS: 0
BROKEN RECORDS: 0
BROKEN RECORDS: 0
BROKEN RECORDS: 0
