2013-04-22T19:58:50.821+0200: [GC [ParNew: 2702976K->337856K(3040832K), 0.9341550 secs] 2702976K->2491889K(30070848K), 0.9342520 secs] [Times: user=2.17 sys=9.58, real=0.94 secs] 
2013-04-22T19:58:52.530+0200: [GC [ParNew: 3040832K->337856K(3040832K), 1.0541860 secs] 5194865K->5131692K(30070848K), 1.0542680 secs] [Times: user=2.81 sys=10.70, real=1.06 secs] 
2013-04-22T19:58:54.318+0200: [GC [ParNew: 3040832K->337856K(3040832K), 1.0619120 secs] 7834668K->7827424K(30070848K), 1.0619840 secs] [Times: user=3.22 sys=10.53, real=1.06 secs] 
2013-04-22T19:58:56.081+0200: [GC [ParNew: 3040832K->337856K(3040832K), 1.0395120 secs] 10530400K->10569818K(30070848K), 1.0395830 secs] [Times: user=3.21 sys=10.25, real=1.04 secs] 
2013-04-22T19:58:57.837+0200: [GC [ParNew: 3040832K->337856K(3040832K), 1.0812550 secs] 13272794K->13289000K(30070848K), 1.0813280 secs] [Times: user=3.37 sys=10.58, real=1.08 secs] 
2013-04-22T19:58:59.630+0200: [GC [ParNew: 3040832K->337856K(3040832K), 1.4775720 secs] 15991976K->15961632K(30070848K), 1.4776430 secs] [Times: user=16.97 sys=2.20, real=1.48 secs] 
2013-04-22T19:59:01.820+0200: [GC [ParNew: 3040832K->337856K(3040832K), 1.0867350 secs] 18664608K->18703066K(30070848K), 1.0868130 secs] [Times: user=2.94 sys=11.12, real=1.09 secs] 
2013-04-22T19:59:03.631+0200: [GC [ParNew: 3040832K->337856K(3040832K), 1.1378720 secs] 21406042K->21399260K(30070848K), 1.1379490 secs] [Times: user=3.49 sys=11.20, real=1.13 secs] 
2013-04-22T19:59:16.746+0200: [GC [ParNew: 3040832K->337856K(3040832K), 1.5029850 secs] 24102236K->23509879K(30070848K), 1.5030880 secs] [Times: user=17.38 sys=2.09, real=1.50 secs] 
2013-04-22T19:59:46.942+0200: [GC [ParNew: 3040832K->337856K(3040832K), 0.4124490 secs] 26212855K->23950021K(30070848K), 0.4126760 secs] [Times: user=2.53 sys=1.57, real=0.41 secs] 
2013-04-22T20:02:22.760+0200: [GC [ParNew: 3035945K->337856K(3040832K), 0.1955580 secs] 26648110K->24365836K(30070848K), 0.1957850 secs] [Times: user=1.71 sys=0.75, real=0.19 secs] 
BROKEN RECORDS: 0
BROKEN RECORDS: 0
BROKEN RECORDS: 0
BROKEN RECORDS: 0
BROKEN RECORDS: 0
BROKEN RECORDS: 0
BROKEN RECORDS: 0
BROKEN RECORDS: 0
BROKEN RECORDS: 0
BROKEN RECORDS: 0
BROKEN RECORDS: 0
BROKEN RECORDS: 0
BROKEN RECORDS: 0
BROKEN RECORDS: 0
BROKEN RECORDS: 0
BROKEN RECORDS: 0
BROKEN RECORDS: 0
BROKEN RECORDS: 0
BROKEN RECORDS: 0
BROKEN RECORDS: 0
BROKEN RECORDS: 0
BROKEN RECORDS: 0
BROKEN RECORDS: 0
BROKEN RECORDS: 0
