2013-06-07T16:52:42.789+0200: [GC [ParNew: 2702976K->337855K(3040832K), 0.9349030 secs] 2702976K->2491091K(30070848K), 0.9349830 secs] [Times: user=2.27 sys=9.62, real=0.94 secs] 
2013-06-07T16:52:44.529+0200: [GC [ParNew: 3040831K->337856K(3040832K), 1.0553390 secs] 5194067K->5123665K(30070848K), 1.0553900 secs] [Times: user=2.74 sys=10.88, real=1.06 secs] 
2013-06-07T16:52:46.368+0200: [GC [ParNew: 3040832K->337856K(3040832K), 1.0787910 secs] 7826641K->7820164K(30070848K), 1.0788480 secs] [Times: user=3.26 sys=10.71, real=1.08 secs] 
2013-06-07T16:52:48.202+0200: [GC [ParNew: 3040832K->337856K(3040832K), 1.0219680 secs] 10523140K->10574756K(30070848K), 1.0220200 secs] [Times: user=3.31 sys=9.91, real=1.02 secs] 
2013-06-07T16:52:49.987+0200: [GC [ParNew: 3040832K->337856K(3040832K), 1.0848790 secs] 13277732K->13293202K(30070848K), 1.0849270 secs] [Times: user=3.72 sys=10.33, real=1.08 secs] 
2013-06-07T16:52:51.837+0200: [GC [ParNew: 3040832K->337856K(3040832K), 1.3317570 secs] 15996178K->15973614K(30070848K), 1.3318080 secs] [Times: user=15.47 sys=1.78, real=1.33 secs] 
2013-06-07T16:52:53.952+0200: [GC [ParNew: 3040832K->337856K(3040832K), 1.0984110 secs] 18676590K->18751258K(30070848K), 1.0985560 secs] [Times: user=3.97 sys=10.25, real=1.10 secs] 
2013-06-07T16:52:55.824+0200: [GC [ParNew: 3040832K->337856K(3040832K), 1.1469210 secs] 21454234K->21453887K(30070848K), 1.1470000 secs] [Times: user=4.06 sys=10.78, real=1.14 secs] 
2013-06-07T16:53:09.986+0200: [GC [ParNew: 3040832K->337856K(3040832K), 1.5112750 secs] 24156863K->23530249K(30070848K), 1.5113900 secs] [Times: user=17.94 sys=1.62, real=1.51 secs] 
2013-06-07T16:53:26.196+0200: [GC [ParNew: 3040832K->179556K(3040832K), 0.0769310 secs] 26233225K->23371949K(30070848K), 0.0770900 secs] [Times: user=0.95 sys=0.03, real=0.08 secs] 
