2013-06-07T16:52:42.571+0200: [GC [ParNew: 2702976K->337855K(3040832K), 0.9394630 secs] 2702976K->2491243K(30070848K), 0.9395350 secs] [Times: user=2.07 sys=9.88, real=0.94 secs] 
2013-06-07T16:52:44.272+0200: [GC [ParNew: 3040831K->337856K(3040832K), 1.0620300 secs] 5194219K->5128572K(30070848K), 1.0621020 secs] [Times: user=2.99 sys=10.44, real=1.06 secs] 
2013-06-07T16:52:46.019+0200: [GC [ParNew: 3040832K->337856K(3040832K), 1.0691590 secs] 7831548K->7816427K(30070848K), 1.0692300 secs] [Times: user=3.35 sys=10.50, real=1.07 secs] 
2013-06-07T16:52:47.772+0200: [GC [ParNew: 3040832K->337856K(3040832K), 1.0235810 secs] 10519403K->10523220K(30070848K), 1.0236530 secs] [Times: user=3.32 sys=9.91, real=1.02 secs] 
2013-06-07T16:52:49.511+0200: [GC [ParNew: 3040832K->337856K(3040832K), 1.0781920 secs] 13226196K->13250214K(30070848K), 1.0782630 secs] [Times: user=3.63 sys=10.05, real=1.08 secs] 
2013-06-07T16:52:51.394+0200: [GC [ParNew: 3040832K->337856K(3040832K), 1.2595810 secs] 15953190K->15941384K(30070848K), 1.2596540 secs] [Times: user=14.23 sys=2.11, real=1.26 secs] 
2013-06-07T16:52:53.641+0200: [GC [ParNew: 3040832K->337856K(3040832K), 1.0666990 secs] 18644360K->18660663K(30070848K), 1.0667540 secs] [Times: user=3.11 sys=10.70, real=1.07 secs] 
2013-06-07T16:52:55.707+0200: [GC [ParNew: 3040832K->337856K(3040832K), 1.1249950 secs] 21363639K->21355800K(30070848K), 1.1250600 secs] [Times: user=3.42 sys=10.83, real=1.12 secs] 
2013-06-07T16:53:09.849+0200: [GC [ParNew: 3040832K->337856K(3040832K), 1.3193110 secs] 24058776K->23526541K(30070848K), 1.3194150 secs] [Times: user=15.26 sys=1.81, real=1.32 secs] 
2013-06-07T16:53:26.135+0200: [GC [ParNew: 3040832K->145951K(3040832K), 0.0728620 secs] 26229517K->23334636K(30070848K), 0.0730180 secs] [Times: user=0.92 sys=0.00, real=0.07 secs] 
