2013-06-07T16:52:43.435+0200: [GC [ParNew: 2702976K->337856K(3040832K), 0.9482670 secs] 2702976K->2487885K(30070848K), 0.9483380 secs] [Times: user=2.39 sys=9.72, real=0.95 secs] 
2013-06-07T16:52:45.138+0200: [GC [ParNew: 3040832K->337856K(3040832K), 1.0614020 secs] 5190861K->5116290K(30070848K), 1.0614490 secs] [Times: user=2.79 sys=10.91, real=1.06 secs] 
2013-06-07T16:52:46.903+0200: [GC [ParNew: 3040832K->337856K(3040832K), 1.0727740 secs] 7819266K->7805418K(30070848K), 1.0728210 secs] [Times: user=3.37 sys=10.52, real=1.07 secs] 
2013-06-07T16:52:48.700+0200: [GC [ParNew: 3040832K->337856K(3040832K), 1.0235750 secs] 10508394K->10529979K(30070848K), 1.0236210 secs] [Times: user=3.36 sys=9.89, real=1.03 secs] 
2013-06-07T16:52:50.445+0200: [GC [ParNew: 3040832K->337856K(3040832K), 1.1009190 secs] 13232955K->13264561K(30070848K), 1.1009640 secs] [Times: user=3.73 sys=10.52, real=1.10 secs] 
2013-06-07T16:52:52.188+0200: [GC [ParNew: 3040832K->337856K(3040832K), 1.8086200 secs] 15967537K->15965111K(30070848K), 1.8086760 secs] [Times: user=21.30 sys=2.20, real=1.81 secs] 
2013-06-07T16:52:54.709+0200: [GC [ParNew: 3040832K->337856K(3040832K), 1.0921760 secs] 18668087K->18707473K(30070848K), 1.0922310 secs] [Times: user=3.60 sys=10.55, real=1.09 secs] 
2013-06-07T16:52:56.526+0200: [GC [ParNew: 3040832K->337856K(3040832K), 1.1393930 secs] 21410449K->21426718K(30070848K), 1.1394390 secs] [Times: user=3.41 sys=11.35, real=1.14 secs] 
2013-06-07T16:53:09.963+0200: [GC [ParNew: 3040832K->337856K(3040832K), 1.5410250 secs] 24129694K->23514638K(30070848K), 1.5411290 secs] [Times: user=17.90 sys=2.07, real=1.54 secs] 
2013-06-07T16:53:26.256+0200: [GC [ParNew: 3040832K->168065K(3040832K), 0.0877480 secs] 26217614K->23344847K(30070848K), 0.0878700 secs] [Times: user=1.14 sys=0.00, real=0.09 secs] 
