2013-06-07T16:52:42.424+0200: [GC [ParNew: 2702976K->337855K(3040832K), 0.9460160 secs] 2702976K->2494569K(30070848K), 0.9461030 secs] [Times: user=2.31 sys=9.70, real=0.95 secs] 
2013-06-07T16:52:44.109+0200: [GC [ParNew: 3040831K->337856K(3040832K), 1.0533450 secs] 5197545K->5136070K(30070848K), 1.0534150 secs] [Times: user=2.85 sys=10.53, real=1.06 secs] 
2013-06-07T16:52:45.915+0200: [GC [ParNew: 3040832K->337856K(3040832K), 1.0784900 secs] 7839046K->7829528K(30070848K), 1.0785690 secs] [Times: user=3.51 sys=10.44, real=1.08 secs] 
2013-06-07T16:52:47.718+0200: [GC [ParNew: 3040832K->337856K(3040832K), 1.0005830 secs] 10532504K->10564815K(30070848K), 1.0006660 secs] [Times: user=2.98 sys=9.98, real=1.01 secs] 
2013-06-07T16:52:49.406+0200: [GC [ParNew: 3040832K->337856K(3040832K), 1.0839600 secs] 13267791K->13278106K(30070848K), 1.0840140 secs] [Times: user=3.65 sys=10.30, real=1.09 secs] 
2013-06-07T16:52:51.213+0200: [GC [ParNew: 3040832K->337856K(3040832K), 1.5142750 secs] 15981082K->15957430K(30070848K), 1.5143570 secs] [Times: user=17.43 sys=2.06, real=1.51 secs] 
2013-06-07T16:52:53.448+0200: [GC [ParNew: 3040832K->337856K(3040832K), 1.1658130 secs] 18660406K->18714359K(30070848K), 1.1658930 secs] [Times: user=4.48 sys=10.62, real=1.17 secs] 
2013-06-07T16:52:55.338+0200: [GC [ParNew: 3040832K->337856K(3040832K), 1.1221600 secs] 21417335K->21395826K(30070848K), 1.1222380 secs] [Times: user=3.42 sys=10.85, real=1.12 secs] 
2013-06-07T16:53:09.963+0200: [GC [ParNew: 3040832K->337856K(3040832K), 2.4241730 secs] 24098802K->23497576K(30070848K), 2.4243570 secs] [Times: user=26.57 sys=3.77, real=2.42 secs] 
2013-06-07T16:53:25.481+0200: [GC [ParNew: 3040832K->188034K(3040832K), 0.0806040 secs] 26200552K->23347754K(30070848K), 0.0807520 secs] [Times: user=1.02 sys=0.01, real=0.08 secs] 
