2013-06-07T16:52:44.007+0200: [GC [ParNew: 2702976K->337856K(3040832K), 0.9374690 secs] 2702976K->2483854K(30070848K), 0.9375500 secs] [Times: user=2.20 sys=9.61, real=0.94 secs] 
2013-06-07T16:52:45.720+0200: [GC [ParNew: 3040832K->337856K(3040832K), 1.0653440 secs] 5186830K->5113354K(30070848K), 1.0654230 secs] [Times: user=2.76 sys=10.98, real=1.06 secs] 
2013-06-07T16:52:47.548+0200: [GC [ParNew: 3040832K->337856K(3040832K), 1.0882470 secs] 7816330K->7809598K(30070848K), 1.0883200 secs] [Times: user=3.27 sys=10.82, real=1.09 secs] 
2013-06-07T16:52:49.348+0200: [GC [ParNew: 3040832K->337856K(3040832K), 1.0597250 secs] 10512574K->10566943K(30070848K), 1.0598020 secs] [Times: user=3.31 sys=10.40, real=1.06 secs] 
2013-06-07T16:52:51.145+0200: [GC [ParNew: 3040832K->337856K(3040832K), 1.0941320 secs] 13269919K->13274472K(30070848K), 1.0941910 secs] [Times: user=3.61 sys=10.46, real=1.10 secs] 
2013-06-07T16:52:52.923+0200: [GC [ParNew: 3040832K->337856K(3040832K), 1.4250220 secs] 15977448K->15971756K(30070848K), 1.4250700 secs] [Times: user=16.12 sys=2.38, real=1.43 secs] 
2013-06-07T16:52:55.063+0200: [GC [ParNew: 3040832K->337856K(3040832K), 1.2025790 secs] 18674732K->18694525K(30070848K), 1.2026270 secs] [Times: user=4.75 sys=10.74, real=1.20 secs] 
2013-06-07T16:52:57.001+0200: [GC [ParNew: 3040832K->337856K(3040832K), 1.9094160 secs] 21397501K->21413994K(30070848K), 1.9094720 secs] [Times: user=4.49 sys=12.91, real=1.91 secs] 
2013-06-07T16:53:11.582+0200: [GC [ParNew: 3040832K->337856K(3040832K), 1.6456090 secs] 24116970K->23504571K(30070848K), 1.6456620 secs] [Times: user=18.53 sys=2.60, real=1.65 secs] 
2013-06-07T16:53:23.481+0200: [GC [ParNew: 3040832K->179983K(3040832K), 0.0773600 secs] 26207547K->23346698K(30070848K), 0.0775030 secs] [Times: user=0.98 sys=0.01, real=0.08 secs] 
