2013-06-07T16:52:44.433+0200: [GC [ParNew: 2702976K->337856K(3040832K), 0.9440250 secs] 2702976K->2482151K(30070848K), 0.9440970 secs] [Times: user=2.11 sys=9.90, real=0.95 secs] 
2013-06-07T16:52:46.133+0200: [GC [ParNew: 3040832K->337856K(3040832K), 1.0716260 secs] 5185127K->5123019K(30070848K), 1.0717070 secs] [Times: user=2.71 sys=10.80, real=1.07 secs] 
2013-06-07T16:52:47.928+0200: [GC [ParNew: 3040832K->337856K(3040832K), 1.0813840 secs] 7825995K->7819519K(30070848K), 1.0814360 secs] [Times: user=3.46 sys=10.55, real=1.08 secs] 
2013-06-07T16:52:49.711+0200: [GC [ParNew: 3040832K->337856K(3040832K), 1.0285340 secs] 10522495K->10562970K(30070848K), 1.0285800 secs] [Times: user=3.27 sys=10.04, real=1.03 secs] 
2013-06-07T16:52:51.446+0200: [GC [ParNew: 3040832K->337856K(3040832K), 1.1151060 secs] 13265946K->13292749K(30070848K), 1.1151680 secs] [Times: user=3.11 sys=11.01, real=1.11 secs] 
2013-06-07T16:52:53.234+0200: [GC [ParNew: 3040832K->337856K(3040832K), 1.6039230 secs] 15995725K->15981645K(30070848K), 1.6039960 secs] [Times: user=18.16 sys=2.65, real=1.60 secs] 
2013-06-07T16:52:55.511+0200: [GC [ParNew: 3040832K->337856K(3040832K), 1.7829180 secs] 18684621K->18683988K(30070848K), 1.7829940 secs] [Times: user=4.73 sys=11.66, real=1.79 secs] 
2013-06-07T16:52:58.019+0200: [GC [ParNew: 3040832K->337856K(3040832K), 1.4992230 secs] 21386964K->21394589K(30070848K), 1.4993920 secs] [Times: user=4.24 sys=12.03, real=1.50 secs] 
2013-06-07T16:53:09.697+0200: [GC [ParNew: 3040832K->337856K(3040832K), 1.5370000 secs] 24097565K->23498103K(30070848K), 1.5370910 secs] [Times: user=18.03 sys=1.87, real=1.54 secs] 
2013-06-07T16:53:23.073+0200: [GC [ParNew: 3040832K->187900K(3040832K), 0.0782610 secs] 26201079K->23348147K(30070848K), 0.0783860 secs] [Times: user=1.02 sys=0.00, real=0.08 secs] 
