2013-06-07T16:52:43.229+0200: [GC [ParNew: 2702976K->337856K(3040832K), 0.9510690 secs] 2702976K->2487313K(30070848K), 0.9511600 secs] [Times: user=2.20 sys=9.91, real=0.95 secs] 
2013-06-07T16:52:44.945+0200: [GC [ParNew: 3040832K->337856K(3040832K), 1.0334480 secs] 5190289K->5120423K(30070848K), 1.0334980 secs] [Times: user=2.87 sys=10.16, real=1.03 secs] 
2013-06-07T16:52:46.733+0200: [GC [ParNew: 3040832K->337856K(3040832K), 1.0623760 secs] 7823399K->7816410K(30070848K), 1.0624410 secs] [Times: user=3.29 sys=10.47, real=1.06 secs] 
2013-06-07T16:52:48.520+0200: [GC [ParNew: 3040832K->337856K(3040832K), 1.0431550 secs] 10519386K->10566168K(30070848K), 1.0432220 secs] [Times: user=3.49 sys=10.01, real=1.04 secs] 
2013-06-07T16:52:50.272+0200: [GC [ParNew: 3040832K->337856K(3040832K), 1.0672410 secs] 13269144K->13273184K(30070848K), 1.0673070 secs] [Times: user=3.63 sys=9.86, real=1.07 secs] 
2013-06-07T16:52:52.052+0200: [GC [ParNew: 3040832K->337856K(3040832K), 1.2602130 secs] 15976160K->15951547K(30070848K), 1.2603440 secs] [Times: user=14.48 sys=1.87, real=1.27 secs] 
2013-06-07T16:52:54.025+0200: [GC [ParNew: 3040832K->337856K(3040832K), 1.0859060 secs] 18654523K->18701081K(30070848K), 1.0859740 secs] [Times: user=3.06 sys=11.00, real=1.08 secs] 
2013-06-07T16:52:55.815+0200: [GC [ParNew: 3040832K->337856K(3040832K), 1.1824870 secs] 21404057K->21422567K(30070848K), 1.1825530 secs] [Times: user=4.80 sys=10.17, real=1.18 secs] 
2013-06-07T16:53:09.870+0200: [GC [ParNew: 3040832K->337856K(3040832K), 2.0208410 secs] 24125543K->23508630K(30070848K), 2.0209400 secs] [Times: user=23.52 sys=2.58, real=2.02 secs] 
2013-06-07T16:53:26.566+0200: [GC [ParNew: 3040832K->188068K(3040832K), 0.0780000 secs] 26211606K->23358842K(30070848K), 0.0781550 secs] [Times: user=0.97 sys=0.02, real=0.08 secs] 
