2013-06-07T16:52:44.110+0200: [GC [ParNew: 2702976K->337856K(3040832K), 0.9409490 secs] 2702976K->2491145K(30070848K), 0.9410430 secs] [Times: user=2.05 sys=9.97, real=0.94 secs] 
2013-06-07T16:52:45.754+0200: [GC [ParNew: 3040832K->337855K(3040832K), 1.0476830 secs] 5194121K->5130497K(30070848K), 1.0477610 secs] [Times: user=2.89 sys=10.63, real=1.05 secs] 
2013-06-07T16:52:47.535+0200: [GC [ParNew: 3040831K->337856K(3040832K), 1.0653550 secs] 7833473K->7826742K(30070848K), 1.0654240 secs] [Times: user=3.28 sys=10.51, real=1.07 secs] 
2013-06-07T16:52:49.316+0200: [GC [ParNew: 3040832K->337856K(3040832K), 1.0398530 secs] 10529718K->10570769K(30070848K), 1.0399240 secs] [Times: user=3.28 sys=10.18, real=1.04 secs] 
2013-06-07T16:52:51.069+0200: [GC [ParNew: 3040832K->337856K(3040832K), 1.0779080 secs] 13273745K->13278233K(30070848K), 1.0779760 secs] [Times: user=3.58 sys=10.38, real=1.08 secs] 
2013-06-07T16:52:52.790+0200: [GC [ParNew: 3040832K->337856K(3040832K), 1.3345030 secs] 15981209K->15994215K(30070848K), 1.3345540 secs] [Times: user=14.90 sys=2.42, real=1.34 secs] 
2013-06-07T16:52:54.809+0200: [GC [ParNew: 3040832K->337856K(3040832K), 1.0636310 secs] 18697191K->18701008K(30070848K), 1.0636980 secs] [Times: user=2.84 sys=10.94, real=1.06 secs] 
2013-06-07T16:52:56.587+0200: [GC [ParNew: 3040832K->337856K(3040832K), 1.1154780 secs] 21403984K->21417500K(30070848K), 1.1155280 secs] [Times: user=3.48 sys=10.97, real=1.11 secs] 
2013-06-07T16:53:09.885+0200: [GC [ParNew: 3040832K->337856K(3040832K), 1.4458890 secs] 24120476K->23497611K(30070848K), 1.4459670 secs] [Times: user=17.00 sys=1.76, real=1.44 secs] 
2013-06-07T16:53:23.469+0200: [GC [ParNew: 3040832K->196063K(3040832K), 0.0774030 secs] 26200587K->23355819K(30070848K), 0.0775520 secs] [Times: user=0.98 sys=0.01, real=0.08 secs] 
