2013-06-07T16:52:43.117+0200: [GC [ParNew: 2702976K->337855K(3040832K), 0.9248320 secs] 2702976K->2485190K(30070848K), 0.9249370 secs] [Times: user=2.12 sys=9.55, real=0.92 secs] 
2013-06-07T16:52:44.807+0200: [GC [ParNew: 3040831K->337856K(3040832K), 1.0509000 secs] 5188166K->5113562K(30070848K), 1.0509880 secs] [Times: user=2.95 sys=10.61, real=1.06 secs] 
2013-06-07T16:52:46.632+0200: [GC [ParNew: 3040832K->337856K(3040832K), 1.0653390 secs] 7816538K->7806348K(30070848K), 1.0654020 secs] [Times: user=3.22 sys=10.51, real=1.06 secs] 
2013-06-07T16:52:48.410+0200: [GC [ParNew: 3040832K->337856K(3040832K), 1.0164230 secs] 10509324K->10546341K(30070848K), 1.0164760 secs] [Times: user=3.17 sys=9.97, real=1.01 secs] 
2013-06-07T16:52:50.150+0200: [GC [ParNew: 3040832K->337856K(3040832K), 1.0875890 secs] 13249317K->13269045K(30070848K), 1.0876670 secs] [Times: user=3.56 sys=10.50, real=1.09 secs] 
2013-06-07T16:52:51.952+0200: [GC [ParNew: 3040832K->337856K(3040832K), 1.3348260 secs] 15972021K->15959990K(30070848K), 1.3348800 secs] [Times: user=15.23 sys=1.78, real=1.33 secs] 
2013-06-07T16:52:53.979+0200: [GC [ParNew: 3040832K->337856K(3040832K), 1.0427050 secs] 18662966K->18696334K(30070848K), 1.0428520 secs] [Times: user=3.14 sys=10.35, real=1.04 secs] 
2013-06-07T16:52:55.735+0200: [GC [ParNew: 3040832K->337856K(3040832K), 1.2018780 secs] 21399310K->21402420K(30070848K), 1.2019370 secs] [Times: user=5.02 sys=10.50, real=1.20 secs] 
2013-06-07T16:53:09.881+0200: [GC [ParNew: 3040832K->337856K(3040832K), 2.2564090 secs] 24105396K->23506828K(30070848K), 2.2565420 secs] [Times: user=25.96 sys=3.10, real=2.26 secs] 
2013-06-07T16:53:24.141+0200: [GC [ParNew: 3040832K->187940K(3040832K), 0.1824990 secs] 26209804K->23356912K(30070848K), 0.1826640 secs] [Times: user=1.07 sys=0.05, real=0.18 secs] 
