2013-06-07T16:52:43.964+0200: [GC [ParNew: 2702976K->337855K(3040832K), 0.9312550 secs] 2702976K->2484447K(30070848K), 0.9320810 secs] [Times: user=2.05 sys=9.79, real=0.94 secs] 
2013-06-07T16:52:45.620+0200: [GC [ParNew: 3040831K->337856K(3040832K), 1.0561220 secs] 5187423K->5121631K(30070848K), 1.0561960 secs] [Times: user=2.72 sys=10.91, real=1.06 secs] 
2013-06-07T16:52:47.428+0200: [GC [ParNew: 3040832K->337856K(3040832K), 1.0566640 secs] 7824607K->7817482K(30070848K), 1.0567170 secs] [Times: user=3.18 sys=10.41, real=1.05 secs] 
2013-06-07T16:52:49.177+0200: [GC [ParNew: 3040832K->337856K(3040832K), 0.9816150 secs] 10520458K->10530934K(30070848K), 0.9816830 secs] [Times: user=3.16 sys=9.47, real=0.98 secs] 
2013-06-07T16:52:50.870+0200: [GC [ParNew: 3040832K->337856K(3040832K), 1.1678730 secs] 13233910K->13244290K(30070848K), 1.1679460 secs] [Times: user=4.34 sys=10.77, real=1.17 secs] 
2013-06-07T16:52:52.740+0200: [GC [ParNew: 3040832K->337856K(3040832K), 1.6470950 secs] 15947266K->15950666K(30070848K), 1.6471710 secs] [Times: user=18.75 sys=2.55, real=1.65 secs] 
2013-06-07T16:52:55.078+0200: [GC [ParNew: 3040832K->337856K(3040832K), 1.4818560 secs] 18653642K->18656979K(30070848K), 1.4819340 secs] [Times: user=4.44 sys=10.81, real=1.48 secs] 
2013-06-07T16:52:57.275+0200: [GC [ParNew: 3040832K->337856K(3040832K), 1.5150180 secs] 21359955K->21330954K(30070848K), 1.5151730 secs] [Times: user=4.06 sys=11.82, real=1.51 secs] 
2013-06-07T16:53:09.712+0200: [GC [ParNew: 3040832K->337856K(3040832K), 1.6020560 secs] 24033930K->23474733K(30070848K), 1.6021360 secs] [Times: user=18.04 sys=2.44, real=1.60 secs] 
2013-06-07T16:53:23.401+0200: [GC [ParNew: 3040832K->168892K(3040832K), 0.0789280 secs] 26177709K->23305769K(30070848K), 0.0790880 secs] [Times: user=1.00 sys=0.01, real=0.08 secs] 
